[ +204 ms] Artifact Instance of 'MaterialFonts' is not required, skipping update.
[   +4 ms] Artifact Instance of 'GradleWrapper' is not required, skipping update.
[        ] Artifact Instance of 'AndroidGenSnapshotArtifacts' is not required, skipping update.
[        ] Artifact Instance of 'AndroidInternalBuildArtifacts' is not required, skipping update.
[        ] Artifact Instance of 'IOSEngineArtifacts' is not required, skipping update.
[        ] Artifact Instance of 'FlutterWebSdk' is not required, skipping update.
[   +2 ms] Artifact Instance of 'LegacyCanvasKitRemover' is not required, skipping update.
[        ] Artifact Instance of 'FlutterSdk' is not required, skipping update.
[        ] Artifact Instance of 'WindowsEngineArtifacts' is not required, skipping update.
[        ] Artifact Instance of 'MacOSEngineArtifacts' is not required, skipping update.
[        ] Artifact Instance of 'LinuxEngineArtifacts' is not required, skipping update.
[        ] Artifact Instance of 'LinuxFuchsiaSDKArtifacts' is not required, skipping update.
[        ] Artifact Instance of 'MacOSFuchsiaSDKArtifacts' is not required, skipping update.
[        ] Artifact Instance of 'FlutterRunnerSDKArtifacts' is not required, skipping update.
[        ] Artifact Instance of 'FlutterRunnerDebugSymbols' is not required, skipping update.
[        ] Artifact Instance of 'IosUsbArtifacts' is not required, skipping update.
[        ] Artifact Instance of 'IosUsbArtifacts' is not required, skipping update.
[        ] Artifact Instance of 'IosUsbArtifacts' is not required, skipping update.
[        ] Artifact Instance of 'IosUsbArtifacts' is not required, skipping update.
[        ] Artifact Instance of 'IosUsbArtifacts' is not required, skipping update.
[        ] Artifact Instance of 'IosUsbArtifacts' is not required, skipping update.
[        ] Artifact Instance of 'FontSubsetArtifacts' is not required, skipping update.
[        ] Artifact Instance of 'PubDependencies' is not required, skipping update.
[   +1 ms] executing: [C:\flutter/] git -c log.showSignature=false log HEAD -n 1 --pretty=format:%ad --date=iso
[ +138 ms] Exit code 0 from: git -c log.showSignature=false log HEAD -n 1 --pretty=format:%ad --date=iso
[        ] 2026-01-28 13:43:12 -0800
[  +31 ms] Artifact Instance of 'AndroidGenSnapshotArtifacts' is not required, skipping update.
[        ] Artifact Instance of 'AndroidInternalBuildArtifacts' is not required, skipping update.
[        ] Artifact Instance of 'IOSEngineArtifacts' is not required, skipping update.
[        ] Artifact Instance of 'FlutterWebSdk' is not required, skipping update.
[        ] Artifact Instance of 'FlutterEngineStamp' is not required, skipping update.
[        ] Artifact Instance of 'LegacyCanvasKitRemover' is not required, skipping update.
[   +2 ms] Artifact Instance of 'WindowsEngineArtifacts' is not required, skipping update.
[        ] Artifact Instance of 'MacOSEngineArtifacts' is not required, skipping update.
[        ] Artifact Instance of 'LinuxEngineArtifacts' is not required, skipping update.
[        ] Artifact Instance of 'LinuxFuchsiaSDKArtifacts' is not required, skipping update.
[        ] Artifact Instance of 'MacOSFuchsiaSDKArtifacts' is not required, skipping update.
[        ] Artifact Instance of 'FlutterRunnerSDKArtifacts' is not required, skipping update.
[        ] Artifact Instance of 'FlutterRunnerDebugSymbols' is not required, skipping update.
[  +60 ms] executing: C:\Users\Dobgima Joshua\AppData\Local\Android\Sdk\platform-tools\adb.exe devices -l
[  +94 ms] List of devices attached
           1B171FDF6002ZU         device product:oriole model:Pixel_6 device:oriole transport_id:3
[   +5 ms] C:\Users\Dobgima Joshua\AppData\Local\Android\Sdk\platform-tools\adb.exe -s 1B171FDF6002ZU shell getprop
[  +95 ms] Artifact Instance of 'AndroidInternalBuildArtifacts' is not required, skipping update.
[        ] Artifact Instance of 'IOSEngineArtifacts' is not required, skipping update.
[   +1 ms] Artifact Instance of 'FlutterEngineStamp' is not required, skipping update.
[   +6 ms] Artifact Instance of 'MacOSEngineArtifacts' is not required, skipping update.
[        ] Artifact Instance of 'LinuxEngineArtifacts' is not required, skipping update.
[        ] Artifact Instance of 'LinuxFuchsiaSDKArtifacts' is not required, skipping update.
[        ] Artifact Instance of 'MacOSFuchsiaSDKArtifacts' is not required, skipping update.
[        ] Artifact Instance of 'FlutterRunnerSDKArtifacts' is not required, skipping update.
[        ] Artifact Instance of 'FlutterRunnerDebugSymbols' is not required, skipping update.
[ +133 ms] Skipping pub get: version match.
[ +115 ms] Found plugin video_player at C:\Users\Dobgima Joshua\AppData\Local\Pub\Cache\hosted\pub.dev\video_player-2.11.0\
[   +8 ms] Found plugin video_player_web at C:\Users\Dobgima Joshua\AppData\Local\Pub\Cache\hosted\pub.dev\video_player_web-2.4.0\
[  +15 ms] Found plugin video_player_avfoundation at C:\Users\Dobgima Joshua\AppData\Local\Pub\Cache\hosted\pub.dev\video_player_avfoundation-2.9.4\
[   +4 ms] Found plugin video_player_android at C:\Users\Dobgima Joshua\AppData\Local\Pub\Cache\hosted\pub.dev\video_player_android-2.9.4\
[   +9 ms] Found plugin url_launcher at C:\Users\Dobgima Joshua\AppData\Local\Pub\Cache\hosted\pub.dev\url_launcher-6.3.2\
[   +4 ms] Found plugin url_launcher_windows at C:\Users\Dobgima Joshua\AppData\Local\Pub\Cache\hosted\pub.dev\url_launcher_windows-3.1.5\
[  +10 ms] Found plugin url_launcher_web at C:\Users\Dobgima Joshua\AppData\Local\Pub\Cache\hosted\pub.dev\url_launcher_web-2.4.2\
[   +3 ms] Found plugin url_launcher_macos at C:\Users\Dobgima Joshua\AppData\Local\Pub\Cache\hosted\pub.dev\url_launcher_macos-3.2.5\
[   +3 ms] Found plugin url_launcher_linux at C:\Users\Dobgima Joshua\AppData\Local\Pub\Cache\hosted\pub.dev\url_launcher_linux-3.2.2\
[   +4 ms] Found plugin url_launcher_ios at C:\Users\Dobgima Joshua\AppData\Local\Pub\Cache\hosted\pub.dev\url_launcher_ios-6.4.0\
[   +3 ms] Found plugin url_launcher_android at C:\Users\Dobgima Joshua\AppData\Local\Pub\Cache\hosted\pub.dev\url_launcher_android-6.3.28\
[  +54 ms] Found plugin shared_preferences at C:\Users\Dobgima Joshua\AppData\Local\Pub\Cache\hosted\pub.dev\shared_preferences-2.5.4\
[   +2 ms] Found plugin shared_preferences_windows at C:\Users\Dobgima Joshua\AppData\Local\Pub\Cache\hosted\pub.dev\shared_preferences_windows-2.4.1\
[   +4 ms] Found plugin path_provider_windows at C:\Users\Dobgima Joshua\AppData\Local\Pub\Cache\hosted\pub.dev\path_provider_windows-2.3.0\
[  +11 ms] Found plugin shared_preferences_web at C:\Users\Dobgima Joshua\AppData\Local\Pub\Cache\hosted\pub.dev\shared_preferences_web-2.4.3\
[   +2 ms] Found plugin shared_preferences_linux at C:\Users\Dobgima Joshua\AppData\Local\Pub\Cache\hosted\pub.dev\shared_preferences_linux-2.4.1\
[   +3 ms] Found plugin path_provider_linux at C:\Users\Dobgima Joshua\AppData\Local\Pub\Cache\hosted\pub.dev\path_provider_linux-2.2.1\
[   +5 ms] Found plugin shared_preferences_foundation at C:\Users\Dobgima Joshua\AppData\Local\Pub\Cache\hosted\pub.dev\shared_preferences_foundation-2.5.6\
[   +3 ms] Found plugin shared_preferences_android at C:\Users\Dobgima Joshua\AppData\Local\Pub\Cache\hosted\pub.dev\shared_preferences_android-2.4.20\
[   +1 ms] Found plugin path_provider at C:\Users\Dobgima Joshua\AppData\Local\Pub\Cache\hosted\pub.dev\path_provider-2.1.5\
[   +1 ms] Found plugin path_provider_foundation at C:\Users\Dobgima Joshua\AppData\Local\Pub\Cache\hosted\pub.dev\path_provider_foundation-2.6.0\
[  +13 ms] Found plugin path_provider_android at C:\Users\Dobgima Joshua\AppData\Local\Pub\Cache\hosted\pub.dev\path_provider_android-2.2.22\
[   +2 ms] Found plugin app_links at C:\Users\Dobgima Joshua\AppData\Local\Pub\Cache\hosted\pub.dev\app_links-6.4.1\
[   +2 ms] Found plugin app_links_web at C:\Users\Dobgima Joshua\AppData\Local\Pub\Cache\hosted\pub.dev\app_links_web-1.0.4\
[   +3 ms] Found plugin app_links_linux at C:\Users\Dobgima Joshua\AppData\Local\Pub\Cache\hosted\pub.dev\app_links_linux-1.0.3\
[   +1 ms] Found plugin gtk at C:\Users\Dobgima Joshua\AppData\Local\Pub\Cache\hosted\pub.dev\gtk-2.1.0\
[   +4 ms] Found plugin permission_handler at C:\Users\Dobgima Joshua\AppData\Local\Pub\Cache\hosted\pub.dev\permission_handler-11.4.0\
[   +2 ms] Found plugin permission_handler_windows at C:\Users\Dobgima Joshua\AppData\Local\Pub\Cache\hosted\pub.dev\permission_handler_windows-0.2.1\
[   +3 ms] Found plugin permission_handler_html at C:\Users\Dobgima Joshua\AppData\Local\Pub\Cache\hosted\pub.dev\permission_handler_html-0.1.3+5\
[   +1 ms] Found plugin permission_handler_apple at C:\Users\Dobgima Joshua\AppData\Local\Pub\Cache\hosted\pub.dev\permission_handler_apple-9.4.7\
[   +1 ms] Found plugin permission_handler_android at C:\Users\Dobgima Joshua\AppData\Local\Pub\Cache\hosted\pub.dev\permission_handler_android-12.1.0\
[   +7 ms] Found plugin image_picker at C:\Users\Dobgima Joshua\AppData\Local\Pub\Cache\hosted\pub.dev\image_picker-1.2.1\
[   +1 ms] Found plugin image_picker_windows at C:\Users\Dobgima Joshua\AppData\Local\Pub\Cache\hosted\pub.dev\image_picker_windows-0.2.2\
[   +5 ms] Found plugin file_selector_windows at C:\Users\Dobgima Joshua\AppData\Local\Pub\Cache\hosted\pub.dev\file_selector_windows-0.9.3+5\
[   +3 ms] Found plugin image_picker_macos at C:\Users\Dobgima Joshua\AppData\Local\Pub\Cache\hosted\pub.dev\image_picker_macos-0.2.2+1\
[   +1 ms] Found plugin file_selector_macos at C:\Users\Dobgima Joshua\AppData\Local\Pub\Cache\hosted\pub.dev\file_selector_macos-0.9.5\
[   +1 ms] Found plugin image_picker_linux at C:\Users\Dobgima Joshua\AppData\Local\Pub\Cache\hosted\pub.dev\image_picker_linux-0.2.2\
[   +1 ms] Found plugin file_selector_linux at C:\Users\Dobgima Joshua\AppData\Local\Pub\Cache\hosted\pub.dev\file_selector_linux-0.9.4\
[   +2 ms] Found plugin image_picker_ios at C:\Users\Dobgima Joshua\AppData\Local\Pub\Cache\hosted\pub.dev\image_picker_ios-0.8.13+6\
[   +2 ms] Found plugin image_picker_for_web at C:\Users\Dobgima Joshua\AppData\Local\Pub\Cache\hosted\pub.dev\image_picker_for_web-3.1.1\
[   +1 ms] Found plugin image_picker_android at C:\Users\Dobgima Joshua\AppData\Local\Pub\Cache\hosted\pub.dev\image_picker_android-0.8.13+13\
[   +2 ms] Found plugin flutter_plugin_android_lifecycle at C:\Users\Dobgima Joshua\AppData\Local\Pub\Cache\hosted\pub.dev\flutter_plugin_android_lifecycle-2.0.33\
[   +1 ms] Found plugin google_sign_in at C:\Users\Dobgima Joshua\AppData\Local\Pub\Cache\hosted\pub.dev\google_sign_in-6.3.0\
[   +1 ms] Found plugin google_sign_in_web at C:\Users\Dobgima Joshua\AppData\Local\Pub\Cache\hosted\pub.dev\google_sign_in_web-0.12.4+4\
[   +5 ms] Found plugin google_sign_in_ios at C:\Users\Dobgima Joshua\AppData\Local\Pub\Cache\hosted\pub.dev\google_sign_in_ios-5.9.0\
[   +1 ms] Found plugin google_sign_in_android at C:\Users\Dobgima Joshua\AppData\Local\Pub\Cache\hosted\pub.dev\google_sign_in_android-6.2.1\
[   +2 ms] Found plugin geolocator at C:\Users\Dobgima Joshua\AppData\Local\Pub\Cache\hosted\pub.dev\geolocator-13.0.4\
[   +2 ms] Found plugin geolocator_windows at C:\Users\Dobgima Joshua\AppData\Local\Pub\Cache\hosted\pub.dev\geolocator_windows-0.2.5\
[   +3 ms] Found plugin geolocator_web at C:\Users\Dobgima Joshua\AppData\Local\Pub\Cache\hosted\pub.dev\geolocator_web-4.1.3\
[   +2 ms] Found plugin geolocator_apple at C:\Users\Dobgima Joshua\AppData\Local\Pub\Cache\hosted\pub.dev\geolocator_apple-2.3.13\
[   +2 ms] Found plugin geolocator_android at C:\Users\Dobgima Joshua\AppData\Local\Pub\Cache\hosted\pub.dev\geolocator_android-4.6.2\
[   +4 ms] Found plugin geocoding at C:\Users\Dobgima Joshua\AppData\Local\Pub\Cache\hosted\pub.dev\geocoding-3.0.0\
[   +4 ms] Found plugin geocoding_ios at C:\Users\Dobgima Joshua\AppData\Local\Pub\Cache\hosted\pub.dev\geocoding_ios-3.1.0\
[   +2 ms] Found plugin geocoding_android at C:\Users\Dobgima Joshua\AppData\Local\Pub\Cache\hosted\pub.dev\geocoding_android-3.3.1\
[  +16 ms] Found plugin firebase_core at C:\Users\Dobgima Joshua\AppData\Local\Pub\Cache\hosted\pub.dev\firebase_core-4.4.0\
[   +1 ms] Found plugin firebase_core_web at C:\Users\Dobgima Joshua\AppData\Local\Pub\Cache\hosted\pub.dev\firebase_core_web-3.4.0\
[   +3 ms] Found plugin firebase_auth at C:\Users\Dobgima Joshua\AppData\Local\Pub\Cache\hosted\pub.dev\firebase_auth-6.1.4\
[   +1 ms] Found plugin firebase_auth_web at C:\Users\Dobgima Joshua\AppData\Local\Pub\Cache\hosted\pub.dev\firebase_auth_web-6.1.2\
[   +3 ms] Found plugin device_info_plus at C:\Users\Dobgima Joshua\AppData\Local\Pub\Cache\hosted\pub.dev\device_info_plus-10.1.2\
[  +10 ms] Found plugin cloud_functions at C:\Users\Dobgima Joshua\AppData\Local\Pub\Cache\hosted\pub.dev\cloud_functions-6.0.6\
[   +2 ms] Found plugin cloud_functions_web at C:\Users\Dobgima Joshua\AppData\Local\Pub\Cache\hosted\pub.dev\cloud_functions_web-5.1.2\
[   +3 ms] Found plugin cloud_firestore at C:\Users\Dobgima Joshua\AppData\Local\Pub\Cache\hosted\pub.dev\cloud_firestore-6.1.2\
[   +2 ms] Found plugin cloud_firestore_web at C:\Users\Dobgima Joshua\AppData\Local\Pub\Cache\hosted\pub.dev\cloud_firestore_web-5.1.2\
[   +5 ms] Found plugin wakelock_plus at C:\Users\Dobgima Joshua\AppData\Local\Pub\Cache\hosted\pub.dev\wakelock_plus-1.4.0\
[   +4 ms] Found plugin package_info_plus at C:\Users\Dobgima Joshua\AppData\Local\Pub\Cache\hosted\pub.dev\package_info_plus-9.0.0\
[  +14 ms] Found plugin sqflite at C:\Users\Dobgima Joshua\AppData\Local\Pub\Cache\hosted\pub.dev\sqflite-2.4.2\
[   +7 ms] Found plugin sqflite_darwin at C:\Users\Dobgima Joshua\AppData\Local\Pub\Cache\hosted\pub.dev\sqflite_darwin-2.4.2\
[   +2 ms] Found plugin sqflite_android at C:\Users\Dobgima Joshua\AppData\Local\Pub\Cache\hosted\pub.dev\sqflite_android-2.4.2+2\
[  +76 ms] Found plugin video_player at C:\Users\Dobgima Joshua\AppData\Local\Pub\Cache\hosted\pub.dev\video_player-2.11.0\
[   +1 ms] Found plugin video_player_web at C:\Users\Dobgima Joshua\AppData\Local\Pub\Cache\hosted\pub.dev\video_player_web-2.4.0\
[   +6 ms] Found plugin video_player_avfoundation at C:\Users\Dobgima Joshua\AppData\Local\Pub\Cache\hosted\pub.dev\video_player_avfoundation-2.9.4\
[   +1 ms] Found plugin video_player_android at C:\Users\Dobgima Joshua\AppData\Local\Pub\Cache\hosted\pub.dev\video_player_android-2.9.4\
[   +4 ms] Found plugin url_launcher at C:\Users\Dobgima Joshua\AppData\Local\Pub\Cache\hosted\pub.dev\url_launcher-6.3.2\
[   +2 ms] Found plugin url_launcher_windows at C:\Users\Dobgima Joshua\AppData\Local\Pub\Cache\hosted\pub.dev\url_launcher_windows-3.1.5\
[   +3 ms] Found plugin url_launcher_web at C:\Users\Dobgima Joshua\AppData\Local\Pub\Cache\hosted\pub.dev\url_launcher_web-2.4.2\
[   +2 ms] Found plugin url_launcher_macos at C:\Users\Dobgima Joshua\AppData\Local\Pub\Cache\hosted\pub.dev\url_launcher_macos-3.2.5\
[   +2 ms] Found plugin url_launcher_linux at C:\Users\Dobgima Joshua\AppData\Local\Pub\Cache\hosted\pub.dev\url_launcher_linux-3.2.2\
[   +2 ms] Found plugin url_launcher_ios at C:\Users\Dobgima Joshua\AppData\Local\Pub\Cache\hosted\pub.dev\url_launcher_ios-6.4.0\
[   +2 ms] Found plugin url_launcher_android at C:\Users\Dobgima Joshua\AppData\Local\Pub\Cache\hosted\pub.dev\url_launcher_android-6.3.28\
[  +39 ms] Found plugin shared_preferences at C:\Users\Dobgima Joshua\AppData\Local\Pub\Cache\hosted\pub.dev\shared_preferences-2.5.4\
[   +1 ms] Found plugin shared_preferences_windows at C:\Users\Dobgima Joshua\AppData\Local\Pub\Cache\hosted\pub.dev\shared_preferences_windows-2.4.1\
[   +3 ms] Found plugin path_provider_windows at C:\Users\Dobgima Joshua\AppData\Local\Pub\Cache\hosted\pub.dev\path_provider_windows-2.3.0\
[   +8 ms] Found plugin shared_preferences_web at C:\Users\Dobgima Joshua\AppData\Local\Pub\Cache\hosted\pub.dev\shared_preferences_web-2.4.3\
[   +1 ms] Found plugin shared_preferences_linux at C:\Users\Dobgima Joshua\AppData\Local\Pub\Cache\hosted\pub.dev\shared_preferences_linux-2.4.1\
[   +2 ms] Found plugin path_provider_linux at C:\Users\Dobgima Joshua\AppData\Local\Pub\Cache\hosted\pub.dev\path_provider_linux-2.2.1\
[   +4 ms] Found plugin shared_preferences_foundation at C:\Users\Dobgima Joshua\AppData\Local\Pub\Cache\hosted\pub.dev\shared_preferences_foundation-2.5.6\
[   +2 ms] Found plugin shared_preferences_android at C:\Users\Dobgima Joshua\AppData\Local\Pub\Cache\hosted\pub.dev\shared_preferences_android-2.4.20\
[   +1 ms] Found plugin path_provider at C:\Users\Dobgima Joshua\AppData\Local\Pub\Cache\hosted\pub.dev\path_provider-2.1.5\
[   +1 ms] Found plugin path_provider_foundation at C:\Users\Dobgima Joshua\AppData\Local\Pub\Cache\hosted\pub.dev\path_provider_foundation-2.6.0\
[  +11 ms] Found plugin path_provider_android at C:\Users\Dobgima Joshua\AppData\Local\Pub\Cache\hosted\pub.dev\path_provider_android-2.2.22\
[   +1 ms] Found plugin app_links at C:\Users\Dobgima Joshua\AppData\Local\Pub\Cache\hosted\pub.dev\app_links-6.4.1\
[   +2 ms] Found plugin app_links_web at C:\Users\Dobgima Joshua\AppData\Local\Pub\Cache\hosted\pub.dev\app_links_web-1.0.4\
[   +2 ms] Found plugin app_links_linux at C:\Users\Dobgima Joshua\AppData\Local\Pub\Cache\hosted\pub.dev\app_links_linux-1.0.3\
[   +1 ms] Found plugin gtk at C:\Users\Dobgima Joshua\AppData\Local\Pub\Cache\hosted\pub.dev\gtk-2.1.0\
[   +3 ms] Found plugin permission_handler at C:\Users\Dobgima Joshua\AppData\Local\Pub\Cache\hosted\pub.dev\permission_handler-11.4.0\
[   +1 ms] Found plugin permission_handler_windows at C:\Users\Dobgima Joshua\AppData\Local\Pub\Cache\hosted\pub.dev\permission_handler_windows-0.2.1\
[   +2 ms] Found plugin permission_handler_html at C:\Users\Dobgima Joshua\AppData\Local\Pub\Cache\hosted\pub.dev\permission_handler_html-0.1.3+5\
[   +2 ms] Found plugin permission_handler_apple at C:\Users\Dobgima Joshua\AppData\Local\Pub\Cache\hosted\pub.dev\permission_handler_apple-9.4.7\
[   +1 ms] Found plugin permission_handler_android at C:\Users\Dobgima Joshua\AppData\Local\Pub\Cache\hosted\pub.dev\permission_handler_android-12.1.0\
[   +6 ms] Found plugin image_picker at C:\Users\Dobgima Joshua\AppData\Local\Pub\Cache\hosted\pub.dev\image_picker-1.2.1\
[   +1 ms] Found plugin image_picker_windows at C:\Users\Dobgima Joshua\AppData\Local\Pub\Cache\hosted\pub.dev\image_picker_windows-0.2.2\
[   +4 ms] Found plugin file_selector_windows at C:\Users\Dobgima Joshua\AppData\Local\Pub\Cache\hosted\pub.dev\file_selector_windows-0.9.3+5\
[   +3 ms] Found plugin image_picker_macos at C:\Users\Dobgima Joshua\AppData\Local\Pub\Cache\hosted\pub.dev\image_picker_macos-0.2.2+1\
[   +1 ms] Found plugin file_selector_macos at C:\Users\Dobgima Joshua\AppData\Local\Pub\Cache\hosted\pub.dev\file_selector_macos-0.9.5\
[   +1 ms] Found plugin image_picker_linux at C:\Users\Dobgima Joshua\AppData\Local\Pub\Cache\hosted\pub.dev\image_picker_linux-0.2.2\
[   +1 ms] Found plugin file_selector_linux at C:\Users\Dobgima Joshua\AppData\Local\Pub\Cache\hosted\pub.dev\file_selector_linux-0.9.4\
[   +1 ms] Found plugin image_picker_ios at C:\Users\Dobgima Joshua\AppData\Local\Pub\Cache\hosted\pub.dev\image_picker_ios-0.8.13+6\
[   +1 ms] Found plugin image_picker_for_web at C:\Users\Dobgima Joshua\AppData\Local\Pub\Cache\hosted\pub.dev\image_picker_for_web-3.1.1\
[   +1 ms] Found plugin image_picker_android at C:\Users\Dobgima Joshua\AppData\Local\Pub\Cache\hosted\pub.dev\image_picker_android-0.8.13+13\
[   +1 ms] Found plugin flutter_plugin_android_lifecycle at C:\Users\Dobgima Joshua\AppData\Local\Pub\Cache\hosted\pub.dev\flutter_plugin_android_lifecycle-2.0.33\
[   +1 ms] Found plugin google_sign_in at C:\Users\Dobgima Joshua\AppData\Local\Pub\Cache\hosted\pub.dev\google_sign_in-6.3.0\
[   +1 ms] Found plugin google_sign_in_web at C:\Users\Dobgima Joshua\AppData\Local\Pub\Cache\hosted\pub.dev\google_sign_in_web-0.12.4+4\
[   +4 ms] Found plugin google_sign_in_ios at C:\Users\Dobgima Joshua\AppData\Local\Pub\Cache\hosted\pub.dev\google_sign_in_ios-5.9.0\
[   +1 ms] Found plugin google_sign_in_android at C:\Users\Dobgima Joshua\AppData\Local\Pub\Cache\hosted\pub.dev\google_sign_in_android-6.2.1\
[   +1 ms] Found plugin geolocator at C:\Users\Dobgima Joshua\AppData\Local\Pub\Cache\hosted\pub.dev\geolocator-13.0.4\
[   +1 ms] Found plugin geolocator_windows at C:\Users\Dobgima Joshua\AppData\Local\Pub\Cache\hosted\pub.dev\geolocator_windows-0.2.5\
[   +2 ms] Found plugin geolocator_web at C:\Users\Dobgima Joshua\AppData\Local\Pub\Cache\hosted\pub.dev\geolocator_web-4.1.3\
[   +1 ms] Found plugin geolocator_apple at C:\Users\Dobgima Joshua\AppData\Local\Pub\Cache\hosted\pub.dev\geolocator_apple-2.3.13\
[   +2 ms] Found plugin geolocator_android at C:\Users\Dobgima Joshua\AppData\Local\Pub\Cache\hosted\pub.dev\geolocator_android-4.6.2\
[   +2 ms] Found plugin geocoding at C:\Users\Dobgima Joshua\AppData\Local\Pub\Cache\hosted\pub.dev\geocoding-3.0.0\
[   +3 ms] Found plugin geocoding_ios at C:\Users\Dobgima Joshua\AppData\Local\Pub\Cache\hosted\pub.dev\geocoding_ios-3.1.0\
[   +1 ms] Found plugin geocoding_android at C:\Users\Dobgima Joshua\AppData\Local\Pub\Cache\hosted\pub.dev\geocoding_android-3.3.1\
[  +14 ms] Found plugin firebase_core at C:\Users\Dobgima Joshua\AppData\Local\Pub\Cache\hosted\pub.dev\firebase_core-4.4.0\
[   +1 ms] Found plugin firebase_core_web at C:\Users\Dobgima Joshua\AppData\Local\Pub\Cache\hosted\pub.dev\firebase_core_web-3.4.0\
[   +2 ms] Found plugin firebase_auth at C:\Users\Dobgima Joshua\AppData\Local\Pub\Cache\hosted\pub.dev\firebase_auth-6.1.4\
[   +1 ms] Found plugin firebase_auth_web at C:\Users\Dobgima Joshua\AppData\Local\Pub\Cache\hosted\pub.dev\firebase_auth_web-6.1.2\
[   +3 ms] Found plugin device_info_plus at C:\Users\Dobgima Joshua\AppData\Local\Pub\Cache\hosted\pub.dev\device_info_plus-10.1.2\
[   +6 ms] Found plugin cloud_functions at C:\Users\Dobgima Joshua\AppData\Local\Pub\Cache\hosted\pub.dev\cloud_functions-6.0.6\
[   +1 ms] Found plugin cloud_functions_web at C:\Users\Dobgima Joshua\AppData\Local\Pub\Cache\hosted\pub.dev\cloud_functions_web-5.1.2\
[   +2 ms] Found plugin cloud_firestore at C:\Users\Dobgima Joshua\AppData\Local\Pub\Cache\hosted\pub.dev\cloud_firestore-6.1.2\
[   +1 ms] Found plugin cloud_firestore_web at C:\Users\Dobgima Joshua\AppData\Local\Pub\Cache\hosted\pub.dev\cloud_firestore_web-5.1.2\
[   +4 ms] Found plugin wakelock_plus at C:\Users\Dobgima Joshua\AppData\Local\Pub\Cache\hosted\pub.dev\wakelock_plus-1.4.0\
[   +2 ms] Found plugin package_info_plus at C:\Users\Dobgima Joshua\AppData\Local\Pub\Cache\hosted\pub.dev\package_info_plus-9.0.0\
[  +11 ms] Found plugin sqflite at C:\Users\Dobgima Joshua\AppData\Local\Pub\Cache\hosted\pub.dev\sqflite-2.4.2\
[   +5 ms] Found plugin sqflite_darwin at C:\Users\Dobgima Joshua\AppData\Local\Pub\Cache\hosted\pub.dev\sqflite_darwin-2.4.2\
[   +1 ms] Found plugin sqflite_android at C:\Users\Dobgima Joshua\AppData\Local\Pub\Cache\hosted\pub.dev\sqflite_android-2.4.2+2\
[  +20 ms] Skipping generating web_plugin_registrant.dart because it is up-to-date.
[  +63 ms] Found plugin video_player at C:\Users\Dobgima Joshua\AppData\Local\Pub\Cache\hosted\pub.dev\video_player-2.11.0\
[   +2 ms] Found plugin video_player_web at C:\Users\Dobgima Joshua\AppData\Local\Pub\Cache\hosted\pub.dev\video_player_web-2.4.0\
[   +8 ms] Found plugin video_player_avfoundation at C:\Users\Dobgima Joshua\AppData\Local\Pub\Cache\hosted\pub.dev\video_player_avfoundation-2.9.4\
[   +2 ms] Found plugin video_player_android at C:\Users\Dobgima Joshua\AppData\Local\Pub\Cache\hosted\pub.dev\video_player_android-2.9.4\
[   +4 ms] Found plugin url_launcher at C:\Users\Dobgima Joshua\AppData\Local\Pub\Cache\hosted\pub.dev\url_launcher-6.3.2\
[   +2 ms] Found plugin url_launcher_windows at C:\Users\Dobgima Joshua\AppData\Local\Pub\Cache\hosted\pub.dev\url_launcher_windows-3.1.5\
[   +3 ms] Found plugin url_launcher_web at C:\Users\Dobgima Joshua\AppData\Local\Pub\Cache\hosted\pub.dev\url_launcher_web-2.4.2\
[   +2 ms] Found plugin url_launcher_macos at C:\Users\Dobgima Joshua\AppData\Local\Pub\Cache\hosted\pub.dev\url_launcher_macos-3.2.5\
[   +2 ms] Found plugin url_launcher_linux at C:\Users\Dobgima Joshua\AppData\Local\Pub\Cache\hosted\pub.dev\url_launcher_linux-3.2.2\
[   +2 ms] Found plugin url_launcher_ios at C:\Users\Dobgima Joshua\AppData\Local\Pub\Cache\hosted\pub.dev\url_launcher_ios-6.4.0\
[   +3 ms] Found plugin url_launcher_android at C:\Users\Dobgima Joshua\AppData\Local\Pub\Cache\hosted\pub.dev\url_launcher_android-6.3.28\
[  +28 ms] Found plugin shared_preferences at C:\Users\Dobgima Joshua\AppData\Local\Pub\Cache\hosted\pub.dev\shared_preferences-2.5.4\
[   +2 ms] Found plugin shared_preferences_windows at C:\Users\Dobgima Joshua\AppData\Local\Pub\Cache\hosted\pub.dev\shared_preferences_windows-2.4.1\
[   +2 ms] Found plugin path_provider_windows at C:\Users\Dobgima Joshua\AppData\Local\Pub\Cache\hosted\pub.dev\path_provider_windows-2.3.0\
[   +5 ms] Found plugin shared_preferences_web at C:\Users\Dobgima Joshua\AppData\Local\Pub\Cache\hosted\pub.dev\shared_preferences_web-2.4.3\
[   +1 ms] Found plugin shared_preferences_linux at C:\Users\Dobgima Joshua\AppData\Local\Pub\Cache\hosted\pub.dev\shared_preferences_linux-2.4.1\
[   +1 ms] Found plugin path_provider_linux at C:\Users\Dobgima Joshua\AppData\Local\Pub\Cache\hosted\pub.dev\path_provider_linux-2.2.1\
[   +2 ms] Found plugin shared_preferences_foundation at C:\Users\Dobgima Joshua\AppData\Local\Pub\Cache\hosted\pub.dev\shared_preferences_foundation-2.5.6\
[   +1 ms] Found plugin shared_preferences_android at C:\Users\Dobgima Joshua\AppData\Local\Pub\Cache\hosted\pub.dev\shared_preferences_android-2.4.20\
[   +1 ms] Found plugin path_provider at C:\Users\Dobgima Joshua\AppData\Local\Pub\Cache\hosted\pub.dev\path_provider-2.1.5\
[   +1 ms] Found plugin path_provider_foundation at C:\Users\Dobgima Joshua\AppData\Local\Pub\Cache\hosted\pub.dev\path_provider_foundation-2.6.0\
[   +9 ms] Found plugin path_provider_android at C:\Users\Dobgima Joshua\AppData\Local\Pub\Cache\hosted\pub.dev\path_provider_android-2.2.22\
[   +1 ms] Found plugin app_links at C:\Users\Dobgima Joshua\AppData\Local\Pub\Cache\hosted\pub.dev\app_links-6.4.1\
[   +1 ms] Found plugin app_links_web at C:\Users\Dobgima Joshua\AppData\Local\Pub\Cache\hosted\pub.dev\app_links_web-1.0.4\
[   +3 ms] Found plugin app_links_linux at C:\Users\Dobgima Joshua\AppData\Local\Pub\Cache\hosted\pub.dev\app_links_linux-1.0.3\
[   +1 ms] Found plugin gtk at C:\Users\Dobgima Joshua\AppData\Local\Pub\Cache\hosted\pub.dev\gtk-2.1.0\
[   +5 ms] Found plugin permission_handler at C:\Users\Dobgima Joshua\AppData\Local\Pub\Cache\hosted\pub.dev\permission_handler-11.4.0\
[   +1 ms] Found plugin permission_handler_windows at C:\Users\Dobgima Joshua\AppData\Local\Pub\Cache\hosted\pub.dev\permission_handler_windows-0.2.1\
[   +3 ms] Found plugin permission_handler_html at C:\Users\Dobgima Joshua\AppData\Local\Pub\Cache\hosted\pub.dev\permission_handler_html-0.1.3+5\
[   +1 ms] Found plugin permission_handler_apple at C:\Users\Dobgima Joshua\AppData\Local\Pub\Cache\hosted\pub.dev\permission_handler_apple-9.4.7\
[   +1 ms] Found plugin permission_handler_android at C:\Users\Dobgima Joshua\AppData\Local\Pub\Cache\hosted\pub.dev\permission_handler_android-12.1.0\
[   +8 ms] Found plugin image_picker at C:\Users\Dobgima Joshua\AppData\Local\Pub\Cache\hosted\pub.dev\image_picker-1.2.1\
[   +1 ms] Found plugin image_picker_windows at C:\Users\Dobgima Joshua\AppData\Local\Pub\Cache\hosted\pub.dev\image_picker_windows-0.2.2\
[   +3 ms] Found plugin file_selector_windows at C:\Users\Dobgima Joshua\AppData\Local\Pub\Cache\hosted\pub.dev\file_selector_windows-0.9.3+5\
[   +2 ms] Found plugin image_picker_macos at C:\Users\Dobgima Joshua\AppData\Local\Pub\Cache\hosted\pub.dev\image_picker_macos-0.2.2+1\
[   +1 ms] Found plugin file_selector_macos at C:\Users\Dobgima Joshua\AppData\Local\Pub\Cache\hosted\pub.dev\file_selector_macos-0.9.5\
[   +1 ms] Found plugin image_picker_linux at C:\Users\Dobgima Joshua\AppData\Local\Pub\Cache\hosted\pub.dev\image_picker_linux-0.2.2\
[   +1 ms] Found plugin file_selector_linux at C:\Users\Dobgima Joshua\AppData\Local\Pub\Cache\hosted\pub.dev\file_selector_linux-0.9.4\
[   +1 ms] Found plugin image_picker_ios at C:\Users\Dobgima Joshua\AppData\Local\Pub\Cache\hosted\pub.dev\image_picker_ios-0.8.13+6\
[   +1 ms] Found plugin image_picker_for_web at C:\Users\Dobgima Joshua\AppData\Local\Pub\Cache\hosted\pub.dev\image_picker_for_web-3.1.1\
[   +1 ms] Found plugin image_picker_android at C:\Users\Dobgima Joshua\AppData\Local\Pub\Cache\hosted\pub.dev\image_picker_android-0.8.13+13\
[   +2 ms] Found plugin flutter_plugin_android_lifecycle at C:\Users\Dobgima Joshua\AppData\Local\Pub\Cache\hosted\pub.dev\flutter_plugin_android_lifecycle-2.0.33\
[   +1 ms] Found plugin google_sign_in at C:\Users\Dobgima Joshua\AppData\Local\Pub\Cache\hosted\pub.dev\google_sign_in-6.3.0\
[   +1 ms] Found plugin google_sign_in_web at C:\Users\Dobgima Joshua\AppData\Local\Pub\Cache\hosted\pub.dev\google_sign_in_web-0.12.4+4\
[   +4 ms] Found plugin google_sign_in_ios at C:\Users\Dobgima Joshua\AppData\Local\Pub\Cache\hosted\pub.dev\google_sign_in_ios-5.9.0\
[   +1 ms] Found plugin google_sign_in_android at C:\Users\Dobgima Joshua\AppData\Local\Pub\Cache\hosted\pub.dev\google_sign_in_android-6.2.1\
[   +2 ms] Found plugin geolocator at C:\Users\Dobgima Joshua\AppData\Local\Pub\Cache\hosted\pub.dev\geolocator-13.0.4\
[   +1 ms] Found plugin geolocator_windows at C:\Users\Dobgima Joshua\AppData\Local\Pub\Cache\hosted\pub.dev\geolocator_windows-0.2.5\
[   +2 ms] Found plugin geolocator_web at C:\Users\Dobgima Joshua\AppData\Local\Pub\Cache\hosted\pub.dev\geolocator_web-4.1.3\
[   +1 ms] Found plugin geolocator_apple at C:\Users\Dobgima Joshua\AppData\Local\Pub\Cache\hosted\pub.dev\geolocator_apple-2.3.13\
[   +1 ms] Found plugin geolocator_android at C:\Users\Dobgima Joshua\AppData\Local\Pub\Cache\hosted\pub.dev\geolocator_android-4.6.2\
[   +2 ms] Found plugin geocoding at C:\Users\Dobgima Joshua\AppData\Local\Pub\Cache\hosted\pub.dev\geocoding-3.0.0\
[   +2 ms] Found plugin geocoding_ios at C:\Users\Dobgima Joshua\AppData\Local\Pub\Cache\hosted\pub.dev\geocoding_ios-3.1.0\
[   +1 ms] Found plugin geocoding_android at C:\Users\Dobgima Joshua\AppData\Local\Pub\Cache\hosted\pub.dev\geocoding_android-3.3.1\
[  +17 ms] Found plugin firebase_core at C:\Users\Dobgima Joshua\AppData\Local\Pub\Cache\hosted\pub.dev\firebase_core-4.4.0\
[   +1 ms] Found plugin firebase_core_web at C:\Users\Dobgima Joshua\AppData\Local\Pub\Cache\hosted\pub.dev\firebase_core_web-3.4.0\
[   +3 ms] Found plugin firebase_auth at C:\Users\Dobgima Joshua\AppData\Local\Pub\Cache\hosted\pub.dev\firebase_auth-6.1.4\
[   +2 ms] Found plugin firebase_auth_web at C:\Users\Dobgima Joshua\AppData\Local\Pub\Cache\hosted\pub.dev\firebase_auth_web-6.1.2\
[   +5 ms] Found plugin device_info_plus at C:\Users\Dobgima Joshua\AppData\Local\Pub\Cache\hosted\pub.dev\device_info_plus-10.1.2\
[   +8 ms] Found plugin cloud_functions at C:\Users\Dobgima Joshua\AppData\Local\Pub\Cache\hosted\pub.dev\cloud_functions-6.0.6\
[   +1 ms] Found plugin cloud_functions_web at C:\Users\Dobgima Joshua\AppData\Local\Pub\Cache\hosted\pub.dev\cloud_functions_web-5.1.2\
[   +4 ms] Found plugin cloud_firestore at C:\Users\Dobgima Joshua\AppData\Local\Pub\Cache\hosted\pub.dev\cloud_firestore-6.1.2\
[   +2 ms] Found plugin cloud_firestore_web at C:\Users\Dobgima Joshua\AppData\Local\Pub\Cache\hosted\pub.dev\cloud_firestore_web-5.1.2\
[   +4 ms] Found plugin wakelock_plus at C:\Users\Dobgima Joshua\AppData\Local\Pub\Cache\hosted\pub.dev\wakelock_plus-1.4.0\
[   +2 ms] Found plugin package_info_plus at C:\Users\Dobgima Joshua\AppData\Local\Pub\Cache\hosted\pub.dev\package_info_plus-9.0.0\
[  +10 ms] Found plugin sqflite at C:\Users\Dobgima Joshua\AppData\Local\Pub\Cache\hosted\pub.dev\sqflite-2.4.2\
[   +8 ms] Found plugin sqflite_darwin at C:\Users\Dobgima Joshua\AppData\Local\Pub\Cache\hosted\pub.dev\sqflite_darwin-2.4.2\
[   +1 ms] Found plugin sqflite_android at C:\Users\Dobgima Joshua\AppData\Local\Pub\Cache\hosted\pub.dev\sqflite_android-2.4.2+2\
[  +27 ms] Generating C:\Users\Dobgima Joshua\Desktop\Home237\android\app\src\main\java\io\flutter\plugins\GeneratedPluginRegistrant.java
[   +3 ms] Skipping generating GeneratedPluginRegistrant.java because it is up-to-date.
[  +10 ms] Skipping generating generated_plugin_registrant.h because it is up-to-date.
[   +3 ms] Skipping generating generated_plugin_registrant.cc because it is up-to-date.
[   +2 ms] Skipping generating generated_plugins.cmake because it is up-to-date.
[   +4 ms] Skipping generating generated_plugin_registrant.h because it is up-to-date.
[   +2 ms] Skipping generating generated_plugin_registrant.cc because it is up-to-date.
[   +2 ms] Skipping generating generated_plugins.cmake because it is up-to-date.
[   +4 ms] Skipping generating GeneratedPluginRegistrant.h because it is up-to-date.
[   +2 ms] Skipping generating GeneratedPluginRegistrant.m because it is up-to-date.
[   +2 ms] Skipping generating GeneratedPluginRegistrant.swift because it is up-to-date.
[ +100 ms] ro.hardware = oriole
[        ] ro.build.characteristics = nosdcard
[ +102 ms] Initializing file store
[  +10 ms] Skipping target: gen_localizations
[   +2 ms] gen_dart_plugin_registrant: Starting due to {InvalidatedReasonKind.inputChanged: The following inputs have updated contents: C:\Users\Dobgima Joshua\Desktop\Home237\.dart_tool\package_config.json,C:\Users\Dobgima Joshua\Desktop\Home237\.dart_tool\flutter_build\dart_plugin_registrant.dart}
[  +52 ms] Found plugin video_player at C:\Users\Dobgima Joshua\AppData\Local\Pub\Cache\hosted\pub.dev\video_player-2.11.0\
[   +1 ms] Found plugin video_player_web at C:\Users\Dobgima Joshua\AppData\Local\Pub\Cache\hosted\pub.dev\video_player_web-2.4.0\
[   +5 ms] Found plugin video_player_avfoundation at C:\Users\Dobgima Joshua\AppData\Local\Pub\Cache\hosted\pub.dev\video_player_avfoundation-2.9.4\
[   +1 ms] Found plugin video_player_android at C:\Users\Dobgima Joshua\AppData\Local\Pub\Cache\hosted\pub.dev\video_player_android-2.9.4\
[   +3 ms] Found plugin url_launcher at C:\Users\Dobgima Joshua\AppData\Local\Pub\Cache\hosted\pub.dev\url_launcher-6.3.2\
[   +1 ms] Found plugin url_launcher_windows at C:\Users\Dobgima Joshua\AppData\Local\Pub\Cache\hosted\pub.dev\url_launcher_windows-3.1.5\
[   +2 ms] Found plugin url_launcher_web at C:\Users\Dobgima Joshua\AppData\Local\Pub\Cache\hosted\pub.dev\url_launcher_web-2.4.2\
[   +1 ms] Found plugin url_launcher_macos at C:\Users\Dobgima Joshua\AppData\Local\Pub\Cache\hosted\pub.dev\url_launcher_macos-3.2.5\
[   +1 ms] Found plugin url_launcher_linux at C:\Users\Dobgima Joshua\AppData\Local\Pub\Cache\hosted\pub.dev\url_launcher_linux-3.2.2\
[   +1 ms] Found plugin url_launcher_ios at C:\Users\Dobgima Joshua\AppData\Local\Pub\Cache\hosted\pub.dev\url_launcher_ios-6.4.0\
[   +1 ms] Found plugin url_launcher_android at C:\Users\Dobgima Joshua\AppData\Local\Pub\Cache\hosted\pub.dev\url_launcher_android-6.3.28\
[  +24 ms] Found plugin shared_preferences at C:\Users\Dobgima Joshua\AppData\Local\Pub\Cache\hosted\pub.dev\shared_preferences-2.5.4\
[   +1 ms] Found plugin shared_preferences_windows at C:\Users\Dobgima Joshua\AppData\Local\Pub\Cache\hosted\pub.dev\shared_preferences_windows-2.4.1\
[   +2 ms] Found plugin path_provider_windows at C:\Users\Dobgima Joshua\AppData\Local\Pub\Cache\hosted\pub.dev\path_provider_windows-2.3.0\
[   +4 ms] Found plugin shared_preferences_web at C:\Users\Dobgima Joshua\AppData\Local\Pub\Cache\hosted\pub.dev\shared_preferences_web-2.4.3\
[   +1 ms] Found plugin shared_preferences_linux at C:\Users\Dobgima Joshua\AppData\Local\Pub\Cache\hosted\pub.dev\shared_preferences_linux-2.4.1\
[   +1 ms] Found plugin path_provider_linux at C:\Users\Dobgima Joshua\AppData\Local\Pub\Cache\hosted\pub.dev\path_provider_linux-2.2.1\
[   +2 ms] Found plugin shared_preferences_foundation at C:\Users\Dobgima Joshua\AppData\Local\Pub\Cache\hosted\pub.dev\shared_preferences_foundation-2.5.6\
[   +1 ms] Found plugin shared_preferences_android at C:\Users\Dobgima Joshua\AppData\Local\Pub\Cache\hosted\pub.dev\shared_preferences_android-2.4.20\
[   +1 ms] Found plugin path_provider at C:\Users\Dobgima Joshua\AppData\Local\Pub\Cache\hosted\pub.dev\path_provider-2.1.5\
[   +1 ms] Found plugin path_provider_foundation at C:\Users\Dobgima Joshua\AppData\Local\Pub\Cache\hosted\pub.dev\path_provider_foundation-2.6.0\
[   +9 ms] Found plugin path_provider_android at C:\Users\Dobgima Joshua\AppData\Local\Pub\Cache\hosted\pub.dev\path_provider_android-2.2.22\
[   +1 ms] Found plugin app_links at C:\Users\Dobgima Joshua\AppData\Local\Pub\Cache\hosted\pub.dev\app_links-6.4.1\
[   +1 ms] Found plugin app_links_web at C:\Users\Dobgima Joshua\AppData\Local\Pub\Cache\hosted\pub.dev\app_links_web-1.0.4\
[   +2 ms] Found plugin app_links_linux at C:\Users\Dobgima Joshua\AppData\Local\Pub\Cache\hosted\pub.dev\app_links_linux-1.0.3\
[   +1 ms] Found plugin gtk at C:\Users\Dobgima Joshua\AppData\Local\Pub\Cache\hosted\pub.dev\gtk-2.1.0\
[   +3 ms] Found plugin permission_handler at C:\Users\Dobgima Joshua\AppData\Local\Pub\Cache\hosted\pub.dev\permission_handler-11.4.0\
[   +1 ms] Found plugin permission_handler_windows at C:\Users\Dobgima Joshua\AppData\Local\Pub\Cache\hosted\pub.dev\permission_handler_windows-0.2.1\
[   +2 ms] Found plugin permission_handler_html at C:\Users\Dobgima Joshua\AppData\Local\Pub\Cache\hosted\pub.dev\permission_handler_html-0.1.3+5\
[   +1 ms] Found plugin permission_handler_apple at C:\Users\Dobgima Joshua\AppData\Local\Pub\Cache\hosted\pub.dev\permission_handler_apple-9.4.7\
[   +1 ms] Found plugin permission_handler_android at C:\Users\Dobgima Joshua\AppData\Local\Pub\Cache\hosted\pub.dev\permission_handler_android-12.1.0\
[   +8 ms] Found plugin image_picker at C:\Users\Dobgima Joshua\AppData\Local\Pub\Cache\hosted\pub.dev\image_picker-1.2.1\
[   +1 ms] Found plugin image_picker_windows at C:\Users\Dobgima Joshua\AppData\Local\Pub\Cache\hosted\pub.dev\image_picker_windows-0.2.2\
[   +3 ms] Found plugin file_selector_windows at C:\Users\Dobgima Joshua\AppData\Local\Pub\Cache\hosted\pub.dev\file_selector_windows-0.9.3+5\
[   +2 ms] Found plugin image_picker_macos at C:\Users\Dobgima Joshua\AppData\Local\Pub\Cache\hosted\pub.dev\image_picker_macos-0.2.2+1\
[   +1 ms] Found plugin file_selector_macos at C:\Users\Dobgima Joshua\AppData\Local\Pub\Cache\hosted\pub.dev\file_selector_macos-0.9.5\
[   +1 ms] Found plugin image_picker_linux at C:\Users\Dobgima Joshua\AppData\Local\Pub\Cache\hosted\pub.dev\image_picker_linux-0.2.2\
[   +1 ms] Found plugin file_selector_linux at C:\Users\Dobgima Joshua\AppData\Local\Pub\Cache\hosted\pub.dev\file_selector_linux-0.9.4\
[   +1 ms] Found plugin image_picker_ios at C:\Users\Dobgima Joshua\AppData\Local\Pub\Cache\hosted\pub.dev\image_picker_ios-0.8.13+6\
[   +1 ms] Found plugin image_picker_for_web at C:\Users\Dobgima Joshua\AppData\Local\Pub\Cache\hosted\pub.dev\image_picker_for_web-3.1.1\
[   +1 ms] Found plugin image_picker_android at C:\Users\Dobgima Joshua\AppData\Local\Pub\Cache\hosted\pub.dev\image_picker_android-0.8.13+13\
[   +1 ms] Found plugin flutter_plugin_android_lifecycle at C:\Users\Dobgima Joshua\AppData\Local\Pub\Cache\hosted\pub.dev\flutter_plugin_android_lifecycle-2.0.33\
[   +1 ms] Found plugin google_sign_in at C:\Users\Dobgima Joshua\AppData\Local\Pub\Cache\hosted\pub.dev\google_sign_in-6.3.0\
[   +1 ms] Found plugin google_sign_in_web at C:\Users\Dobgima Joshua\AppData\Local\Pub\Cache\hosted\pub.dev\google_sign_in_web-0.12.4+4\
[   +3 ms] Found plugin google_sign_in_ios at C:\Users\Dobgima Joshua\AppData\Local\Pub\Cache\hosted\pub.dev\google_sign_in_ios-5.9.0\
[   +1 ms] Found plugin google_sign_in_android at C:\Users\Dobgima Joshua\AppData\Local\Pub\Cache\hosted\pub.dev\google_sign_in_android-6.2.1\
[   +1 ms] Found plugin geolocator at C:\Users\Dobgima Joshua\AppData\Local\Pub\Cache\hosted\pub.dev\geolocator-13.0.4\
[   +1 ms] Found plugin geolocator_windows at C:\Users\Dobgima Joshua\AppData\Local\Pub\Cache\hosted\pub.dev\geolocator_windows-0.2.5\
[   +2 ms] Found plugin geolocator_web at C:\Users\Dobgima Joshua\AppData\Local\Pub\Cache\hosted\pub.dev\geolocator_web-4.1.3\
[   +1 ms] Found plugin geolocator_apple at C:\Users\Dobgima Joshua\AppData\Local\Pub\Cache\hosted\pub.dev\geolocator_apple-2.3.13\
[   +1 ms] Found plugin geolocator_android at C:\Users\Dobgima Joshua\AppData\Local\Pub\Cache\hosted\pub.dev\geolocator_android-4.6.2\
[   +2 ms] Found plugin geocoding at C:\Users\Dobgima Joshua\AppData\Local\Pub\Cache\hosted\pub.dev\geocoding-3.0.0\
[   +2 ms] Found plugin geocoding_ios at C:\Users\Dobgima Joshua\AppData\Local\Pub\Cache\hosted\pub.dev\geocoding_ios-3.1.0\
[   +1 ms] Found plugin geocoding_android at C:\Users\Dobgima Joshua\AppData\Local\Pub\Cache\hosted\pub.dev\geocoding_android-3.3.1\
[  +10 ms] Found plugin firebase_core at C:\Users\Dobgima Joshua\AppData\Local\Pub\Cache\hosted\pub.dev\firebase_core-4.4.0\
[   +1 ms] Found plugin firebase_core_web at C:\Users\Dobgima Joshua\AppData\Local\Pub\Cache\hosted\pub.dev\firebase_core_web-3.4.0\
[   +2 ms] Found plugin firebase_auth at C:\Users\Dobgima Joshua\AppData\Local\Pub\Cache\hosted\pub.dev\firebase_auth-6.1.4\
[   +1 ms] Found plugin firebase_auth_web at C:\Users\Dobgima Joshua\AppData\Local\Pub\Cache\hosted\pub.dev\firebase_auth_web-6.1.2\
[   +3 ms] Found plugin device_info_plus at C:\Users\Dobgima Joshua\AppData\Local\Pub\Cache\hosted\pub.dev\device_info_plus-10.1.2\
[   +8 ms] Found plugin cloud_functions at C:\Users\Dobgima Joshua\AppData\Local\Pub\Cache\hosted\pub.dev\cloud_functions-6.0.6\
[   +1 ms] Found plugin cloud_functions_web at C:\Users\Dobgima Joshua\AppData\Local\Pub\Cache\hosted\pub.dev\cloud_functions_web-5.1.2\
[   +2 ms] Found plugin cloud_firestore at C:\Users\Dobgima Joshua\AppData\Local\Pub\Cache\hosted\pub.dev\cloud_firestore-6.1.2\
[   +1 ms] Found plugin cloud_firestore_web at C:\Users\Dobgima Joshua\AppData\Local\Pub\Cache\hosted\pub.dev\cloud_firestore_web-5.1.2\
[   +4 ms] Found plugin wakelock_plus at C:\Users\Dobgima Joshua\AppData\Local\Pub\Cache\hosted\pub.dev\wakelock_plus-1.4.0\
[   +3 ms] Found plugin package_info_plus at C:\Users\Dobgima Joshua\AppData\Local\Pub\Cache\hosted\pub.dev\package_info_plus-9.0.0\
[  +15 ms] Found plugin sqflite at C:\Users\Dobgima Joshua\AppData\Local\Pub\Cache\hosted\pub.dev\sqflite-2.4.2\
[   +6 ms] Found plugin sqflite_darwin at C:\Users\Dobgima Joshua\AppData\Local\Pub\Cache\hosted\pub.dev\sqflite_darwin-2.4.2\
[   +2 ms] Found plugin sqflite_android at C:\Users\Dobgima Joshua\AppData\Local\Pub\Cache\hosted\pub.dev\sqflite_android-2.4.2+2\
[  +13 ms] Skipping generating dart_plugin_registrant.dart because it is up-to-date.
[        ] gen_dart_plugin_registrant: Complete
[   +3 ms] Skipping target: _composite
[   +1 ms] complete
[   +4 ms] Launching lib\main.dart on Pixel 6 in debug mode...
[   +3 ms] C:\flutter\bin\cache\dart-sdk\bin\dartaotruntime.exe C:\flutter\bin\cache\dart-sdk\bin\snapshots\frontend_server_aot.dart.snapshot --sdk-root C:\flutter\bin\cache\artifacts\engine\common\flutter_patched_sdk/ --incremental --target=flutter --experimental-emit-debug-metadata -DFLUTTER_VERSION=3.38.9 -DFLUTTER_CHANNEL=stable -DFLUTTER_GIT_URL=https://github.com/flutter/flutter.git -DFLUTTER_FRAMEWORK_REVISION=67323de285 -DFLUTTER_ENGINE_REVISION=587c18f873 -DFLUTTER_DART_VERSION=3.10.8 --output-dill C:\Users\DOBGIM~1\AppData\Local\Temp\flutter_tools.f05c64e7\flutter_tool.c21496ab\app.dill --packages C:\Users\Dobgima Joshua\Desktop\Home237\.dart_tool\package_config.json -Ddart.vm.profile=false -Ddart.vm.product=false --enable-asserts --track-widget-creation --filesystem-scheme org-dartlang-root --initialize-from-dill build\f537d389bd7fe17e116f8b847863fcdd.cache.dill.track.dill --source file:///C:/Users/Dobgima%20Joshua/Desktop/Home237/.dart_tool/flutter_build/dart_plugin_registrant.dart --source package:flutter/src/dart_plugin_registrant.dart -Dflutter.dart_plugin_registrant=file:///C:/Users/Dobgima%20Joshua/Desktop/Home237/.dart_tool/flutter_build/dart_plugin_registrant.dart --verbosity=error --enable-experiment=alternative-invalidation-strategy
[  +12 ms] executing: C:\Users\Dobgima Joshua\AppData\Local\Android\Sdk\platform-tools\adb.exe -s 1B171FDF6002ZU shell -x logcat -v time -t 1
[  +15 ms] <- compile package:home237/main.dart
[ +114 ms] --------- beginning of main
           03-11 19:39:19.302 W/ttmn    ( 5455): <PID-33><7052d8f250,video_outlet_refactor.cpp,notifyReadyForDisplay,636>send ready for display message
[  +12 ms] executing: C:\Users\Dobgima Joshua\AppData\Local\Android\Sdk\platform-tools\adb.exe version
[  +59 ms] Android Debug Bridge version 1.0.41
           Version 36.0.2-14143358
           Installed as C:\Users\Dobgima Joshua\AppData\Local\Android\Sdk\platform-tools\adb.exe
           Running on Windows 10.0.26200
[   +1 ms] executing: C:\Users\Dobgima Joshua\AppData\Local\Android\Sdk\platform-tools\adb.exe start-server
[  +48 ms] Building APK
[  +11 ms] executing: C:\Program Files\Android\Android Studio\jbr\bin\java -version
[ +175 ms] Exit code 0 from: C:\Program Files\Android\Android Studio\jbr\bin\java -version
[        ] openjdk version "21.0.8" 2025-07-15
           OpenJDK Runtime Environment (build 21.0.8+-14196175-b1038.72)
           OpenJDK 64-Bit Server VM (build 21.0.8+-14196175-b1038.72, mixed mode)
[  +13 ms] Top-level Gradle build file not found, skipping migration of task "clean".
[   +2 ms] executing: C:\Program Files\Android\Android Studio\jbr\bin\java --version
[ +169 ms] Exit code 0 from: C:\Program Files\Android\Android Studio\jbr\bin\java --version
[        ] openjdk 21.0.8 2025-07-15
           OpenJDK Runtime Environment (build 21.0.8+-14196175-b1038.72)
           OpenJDK 64-Bit Server VM (build 21.0.8+-14196175-b1038.72, mixed mode)
[   +2 ms] Version of Java is different than impacted version, no migration attempted.
[  +20 ms] CMake project not found, skipping support Android 15 16k page size migration.
[   +6 ms] Using gradle from C:\Users\Dobgima Joshua\Desktop\Home237\android\gradlew.bat.
[  +13 ms] LocalFile: 'C:\Users\Dobgima Joshua\Desktop\Home237\android\build.gradle.kts' doesn't provide an AGP version. Checking settings.
[   +1 ms] LocalFile: 'C:\Users\Dobgima Joshua\Desktop\Home237\android\settings.gradle.kts' provides AGP version: 8.11.1
[  +39 ms] Running Gradle task 'assembleDebug'...
[   +1 ms] executing: [C:\Users\Dobgima Joshua\Desktop\Home237\android/] C:\Users\Dobgima Joshua\Desktop\Home237\android\gradlew.bat --full-stacktrace --info -Pverbose=true -Ptarget-platform=android-arm64 -Ptarget=C:\Users\Dobgima Joshua\Desktop\Home237\lib\main.dart -Pbase-application-name=android.app.Application -Pdart-defines=RkxVVFRFUl9WRVJTSU9OPTMuMzguOQ==,RkxVVFRFUl9DSEFOTkVMPXN0YWJsZQ==,RkxVVFRFUl9HSVRfVVJMPWh0dHBzOi8vZ2l0aHViLmNvbS9mbHV0dGVyL2ZsdXR0ZXIuZ2l0,RkxVVFRFUl9GUkFNRVdPUktfUkVWSVNJT049NjczMjNkZTI4NQ==,RkxVVFRFUl9FTkdJTkVfUkVWSVNJT049NTg3YzE4Zjg3Mw==,RkxVVFRFUl9EQVJUX1ZFUlNJT049My4xMC44 -Pdart-obfuscation=false -Ptrack-widget-creation=true -Ptree-shake-icons=false -Pfilesystem-scheme=org-dartlang-root assembleDebug
[+1244 ms] Initialized native services in: C:\Users\Dobgima Joshua\.gradle\native
[   +1 ms] Initialized jansi services in: C:\Users\Dobgima Joshua\.gradle\native
[ +443 ms] Found daemon DaemonInfo{pid=6860, address=[16e33812-994d-49ac-a775-6c82c5fbfa9a port:55401, addresses:[/127.0.0.1]], state=Idle, lastBusy=1770893722788, context=DefaultDaemonContext[uid=a8d9f28e-25cd-47c7-ab1a-a06ccd413936,javaHome=C:\Program Files\Java\jdk-17,javaVersion=17,javaVendor=Oracle Corporation,daemonRegistryDir=C:\Users\Dobgima Joshua\.gradle\daemon,pid=6860,idleTimeout=10800000,priority=NORMAL,applyInstrumentationAgent=true,nativeServicesMode=ENABLED,daemonOpts=-XX:MaxMetaspaceSize=4G,-XX:ReservedCodeCacheSize=512m,-XX:+HeapDumpOnOutOfMemoryError,-Xmx8G,-Dfile.encoding=UTF-8,-Duser.country=US,-Duser.language=en,-Duser.variant]} however its context does not match the desired criteria.
[        ] JVM is incompatible.
[   +3 ms] Wanted: DaemonRequestContext{jvmCriteria=C:\Program Files\Android\Android Studio\jbr (no JDK specified, using current Java home), daemonOpts=[-XX:MaxMetaspaceSize=4G, -XX:ReservedCodeCacheSize=512m, -XX:+HeapDumpOnOutOfMemoryError, -Xmx8G, -Dfile.encoding=UTF-8, -Duser.country=US, -Duser.language=en, -Duser.variant], applyInstrumentationAgent=true, nativeServicesMode=ENABLED, priority=NORMAL}
[        ] Actual: DefaultDaemonContext[uid=a8d9f28e-25cd-47c7-ab1a-a06ccd413936,javaHome=C:\Program Files\Java\jdk-17,javaVersion=17,javaVendor=Oracle Corporation,daemonRegistryDir=C:\Users\Dobgima Joshua\.gradle\daemon,pid=6860,idleTimeout=10800000,priority=NORMAL,applyInstrumentationAgent=true,nativeServicesMode=ENABLED,daemonOpts=-XX:MaxMetaspaceSize=4G,-XX:ReservedCodeCacheSize=512m,-XX:+HeapDumpOnOutOfMemoryError,-Xmx8G,-Dfile.encoding=UTF-8,-Duser.country=US,-Duser.language=en,-Duser.variant]
[        ]   Looking for a different daemon...
[        ] Found daemon DaemonInfo{pid=4828, address=[705d7827-1b10-4902-a997-a33d1d4a3433 port:61742, addresses:[/127.0.0.1]], state=Idle, lastBusy=1773252403353, context=DefaultDaemonContext[uid=850b12aa-1df4-40f7-83bf-303e33b5879a,javaHome=C:\Program Files\Java\jdk-17,javaVersion=17,javaVendor=Oracle Corporation,daemonRegistryDir=C:\Users\Dobgima Joshua\.gradle\daemon,pid=4828,idleTimeout=10800000,priority=NORMAL,applyInstrumentationAgent=true,nativeServicesMode=ENABLED,daemonOpts=-XX:MaxMetaspaceSize=4G,-XX:ReservedCodeCacheSize=512m,-XX:+HeapDumpOnOutOfMemoryError,-Xmx8G,-Dfile.encoding=windows-1252,-Duser.country=US,-Duser.language=en,-Duser.variant]} however its context does not match the desired criteria.
[        ] JVM is incompatible.
[        ] Wanted: DaemonRequestContext{jvmCriteria=C:\Program Files\Android\Android Studio\jbr (no JDK specified, using current Java home), daemonOpts=[-XX:MaxMetaspaceSize=4G, -XX:ReservedCodeCacheSize=512m, -XX:+HeapDumpOnOutOfMemoryError, -Xmx8G, -Dfile.encoding=UTF-8, -Duser.country=US, -Duser.language=en, -Duser.variant], applyInstrumentationAgent=true, nativeServicesMode=ENABLED, priority=NORMAL}
[        ] Actual: DefaultDaemonContext[uid=850b12aa-1df4-40f7-83bf-303e33b5879a,javaHome=C:\Program Files\Java\jdk-17,javaVersion=17,javaVendor=Oracle Corporation,daemonRegistryDir=C:\Users\Dobgima Joshua\.gradle\daemon,pid=4828,idleTimeout=10800000,priority=NORMAL,applyInstrumentationAgent=true,nativeServicesMode=ENABLED,daemonOpts=-XX:MaxMetaspaceSize=4G,-XX:ReservedCodeCacheSize=512m,-XX:+HeapDumpOnOutOfMemoryError,-Xmx8G,-Dfile.encoding=windows-1252,-Duser.country=US,-Duser.language=en,-Duser.variant]
[        ]   Looking for a different daemon...
[  +80 ms] The client will now receive all logging from the daemon (pid: 10256). The daemon log file: C:\Users\Dobgima Joshua\.gradle\daemon\8.14\daemon-10256.out.log
[        ] Starting 10th build in daemon [uptime: 1 hrs 59 mins 40.505 secs, performance: 99%, GC rate: 0.00/s, heap usage: 0% of 8 GiB, non-heap usage: 6% of 4 GiB]
[        ] Using 8 worker leases.
[        ] Now considering [C:\Users\Dobgima Joshua\Desktop\Home237\android, C:\flutter\packages\flutter_tools\gradle] as hierarchies to watch
[        ] Watching the file system is configured to be enabled if available
[        ] File system watching is active
[        ] Starting Build
[        ] Now considering [C:\flutter\packages\flutter_tools\gradle, C:\Users\Dobgima Joshua\Desktop\Home237\android] as hierarchies to watch
[ +296 ms] > Configure project :gradle
[        ] Evaluating project ':gradle' using build file 'C:\flutter\packages\flutter_tools\gradle\build.gradle.kts'.
[        ] Resolved plugin [id: 'org.gradle.java-gradle-plugin']
[        ] Resolved plugin [id: 'org.gradle.groovy']
[        ] Resolved plugin [id: 'org.gradle.kotlin.kotlin-dsl', version: '5.2.0']
[   +1 ms] Resolved plugin [id: 'org.jetbrains.kotlin.jvm', version: '1.9.20']
[        ] Using Kotlin Gradle Plugin gradle85 variant
[        ] kotlin scripting plugin: created the scripting discovery configuration: kotlinScriptDef
[        ] kotlin scripting plugin: created the scripting discovery configuration: testKotlinScriptDef
[        ] file or directory 'C:\flutter\packages\flutter_tools\gradle\src\main\java', not found
[        ] Resolved plugin [id: 'dev.flutter.flutter-plugin-loader', version: '1.0.0']
[        ] Resolved plugin [id: 'com.android.application', version: '8.11.1', apply: false]
[        ] Resolved plugin [id: 'com.google.gms.google-services', version: '4.3.15', apply: false]
[        ] Resolved plugin [id: 'org.jetbrains.kotlin.android', version: '2.2.20', apply: false]
[        ] Resolve mutations for :gradle:checkKotlinGradlePluginConfigurationErrors (Thread[#1259,Execution worker,5,main]) started.
[        ] :gradle:checkKotlinGradlePluginConfigurationErrors (Thread[#1259,Execution worker,5,main]) started.
[        ] > Task :gradle:checkKotlinGradlePluginConfigurationErrors SKIPPED
[        ] Skipping task ':gradle:checkKotlinGradlePluginConfigurationErrors' as task onlyIf 'errorDiagnostics are present' is false.
[        ] Resolve mutations for :gradle:compileKotlin (Thread[#1259,Execution worker,5,main]) started.
[        ] :gradle:compileKotlin (Thread[#1259,Execution worker,5,main]) started.
[  +97 ms] > Task :gradle:compileKotlin UP-TO-DATE
[        ] Caching disabled for task ':gradle:compileKotlin' because:
[        ]   Build cache is disabled
[        ] Skipping task ':gradle:compileKotlin' as it is up-to-date.
[        ] Resolve mutations for :gradle:compileJava (Thread[#1259,Execution worker,5,main]) started.
[        ] :gradle:compileJava (Thread[#1259,Execution worker,5,main]) started.
[        ] > Task :gradle:compileJava NO-SOURCE
[        ] Skipping task ':gradle:compileJava' as it has no source files and no previous output files.
[        ] Resolve mutations for :gradle:compileGroovy (Thread[#1258,included builds,5,main]) started.
[        ] :gradle:compileGroovy (Thread[#1258,included builds,5,main]) started.
[        ] > Task :gradle:compileGroovy NO-SOURCE
[        ] Skipping task ':gradle:compileGroovy' as it has no source files and no previous output files.
[        ] Resolve mutations for :gradle:pluginDescriptors (Thread[#1258,included builds,5,main]) started.
[        ] :gradle:pluginDescriptors (Thread[#1258,included builds,5,main]) started.
[        ] > Task :gradle:pluginDescriptors UP-TO-DATE
[        ] Caching disabled for task ':gradle:pluginDescriptors' because:
[        ]   Build cache is disabled
[        ]   Not worth caching
[        ] Skipping task ':gradle:pluginDescriptors' as it is up-to-date.
[        ] Resolve mutations for :gradle:processResources (Thread[#1258,included builds,5,main]) started.
[        ] :gradle:processResources (Thread[#1258,included builds,5,main]) started.
[        ] > Task :gradle:processResources UP-TO-DATE
[        ] Caching disabled for task ':gradle:processResources' because:
[        ]   Build cache is disabled
[        ]   Not worth caching
[        ] Skipping task ':gradle:processResources' as it is up-to-date.
[        ] Resolve mutations for :gradle:classes (Thread[#1258,included builds,5,main]) started.
[        ] :gradle:classes (Thread[#1258,included builds,5,main]) started.
[        ] > Task :gradle:classes UP-TO-DATE
[        ] Skipping task ':gradle:classes' as it has no actions.
[        ] Resolve mutations for :gradle:jar (Thread[#1258,included builds,5,main]) started.
[        ] :gradle:jar (Thread[#1258,included builds,5,main]) started.
[        ] > Task :gradle:jar UP-TO-DATE
[        ] Caching disabled for task ':gradle:jar' because:
[        ]   Build cache is disabled
[        ]   Not worth caching
[        ] Skipping task ':gradle:jar' as it is up-to-date.
[ +187 ms] Settings evaluated using settings file 'C:\Users\Dobgima Joshua\Desktop\Home237\android\settings.gradle.kts'.
[  +94 ms] Projects loaded. Root project using build file 'C:\Users\Dobgima Joshua\Desktop\Home237\android\build.gradle.kts'.
[        ] Included projects: [root project 'android', project ':app', project ':app_links', project ':cloud_firestore', project ':cloud_functions', project ':device_info_plus', project ':firebase_auth', project ':firebase_core', project ':flutter_plugin_android_lifecycle', project ':geocoding_android', project ':geolocator_android', project ':google_sign_in_android', project ':image_picker_android', project ':package_info_plus', project ':path_provider_android', project ':permission_handler_android', project ':shared_preferences_android', project ':sqflite_android', project ':url_launcher_android', project ':video_player_android', project ':wakelock_plus']
[ +403 ms] > Configure project :app
[        ] Evaluating project ':app' using build file 'C:\Users\Dobgima Joshua\Desktop\Home237\android\app\build.gradle.kts'.
[        ] Resolved plugin [id: 'com.android.application']
[        ] Resolved plugin [id: 'com.google.gms.google-services']
[        ] Resolved plugin [id: 'kotlin-android']
[        ] Resolved plugin [id: 'dev.flutter.flutter-gradle-plugin']
[        ] Using default execution profile
[        ] Build fcbc1e35-cfab-4b25-afb4-93c29fb1a115 is started
[        ] Using Kotlin Gradle Plugin gradle813 variant
[        ] C/C++: android.ndkVersion from module build.gradle is [28.2.13676358]
[        ] C/C++: android.ndkPath from module build.gradle is not set
[        ] C/C++: ndk.dir in local.properties is not set
[        ] C/C++: Not considering ANDROID_NDK_HOME because support was removed after deprecation period.
[        ] C/C++: sdkFolder is C:\Users\Dobgima Joshua\AppData\Local\Android\Sdk
[        ] C/C++: android.ndkVersion from module build.gradle is [28.2.13676358]
[        ] C/C++: android.ndkPath from module build.gradle is not set
[        ] C/C++: ndk.dir in local.properties is not set
[        ] C/C++: Not considering ANDROID_NDK_HOME because support was removed after deprecation period.
[        ] C/C++: sdkFolder is C:\Users\Dobgima Joshua\AppData\Local\Android\Sdk
[        ] C/C++: android.ndkVersion from module build.gradle is [28.2.13676358]
[        ] C/C++: android.ndkPath from module build.gradle is not set
[        ] C/C++: ndk.dir in local.properties is not set
[        ] C/C++: Not considering ANDROID_NDK_HOME because support was removed after deprecation period.
[        ] C/C++: sdkFolder is C:\Users\Dobgima Joshua\AppData\Local\Android\Sdk
[        ] C/C++: android.ndkVersion from module build.gradle is [28.2.13676358]
[        ] C/C++: android.ndkPath from module build.gradle is not set
[        ] C/C++: ndk.dir in local.properties is not set
[        ] C/C++: Not considering ANDROID_NDK_HOME because support was removed after deprecation period.
[        ] C/C++: sdkFolder is C:\Users\Dobgima Joshua\AppData\Local\Android\Sdk
[        ] C/C++: android.ndkVersion from module build.gradle is [28.2.13676358]
[        ] C/C++: android.ndkPath from module build.gradle is not set
[        ] C/C++: ndk.dir in local.properties is not set
[        ] C/C++: Not considering ANDROID_NDK_HOME because support was removed after deprecation period.
[        ] C/C++: sdkFolder is C:\Users\Dobgima Joshua\AppData\Local\Android\Sdk
[        ] C/C++: android.ndkVersion from module build.gradle is [28.2.13676358]
[        ] C/C++: android.ndkPath from module build.gradle is not set
[        ] C/C++: ndk.dir in local.properties is not set
[        ] C/C++: Not considering ANDROID_NDK_HOME because support was removed after deprecation period.
[        ] C/C++: sdkFolder is C:\Users\Dobgima Joshua\AppData\Local\Android\Sdk
[        ] C/C++: android.ndkVersion from module build.gradle is [28.2.13676358]
[        ] C/C++: android.ndkPath from module build.gradle is not set
[        ] C/C++: ndk.dir in local.properties is not set
[        ] C/C++: Not considering ANDROID_NDK_HOME because support was removed after deprecation period.
[        ] C/C++: sdkFolder is C:\Users\Dobgima Joshua\AppData\Local\Android\Sdk
[        ] C/C++: android.ndkVersion from module build.gradle is [28.2.13676358]
[        ] C/C++: android.ndkPath from module build.gradle is not set
[        ] C/C++: ndk.dir in local.properties is not set
[        ] C/C++: Not considering ANDROID_NDK_HOME because support was removed after deprecation period.
[        ] C/C++: sdkFolder is C:\Users\Dobgima Joshua\AppData\Local\Android\Sdk
[        ] C/C++: android.ndkVersion from module build.gradle is [28.2.13676358]
[        ] C/C++: android.ndkPath from module build.gradle is not set
[        ] C/C++: ndk.dir in local.properties is not set
[        ] C/C++: Not considering ANDROID_NDK_HOME because support was removed after deprecation period.
[        ] C/C++: sdkFolder is C:\Users\Dobgima Joshua\AppData\Local\Android\Sdk
[        ] C/C++: android.ndkVersion from module build.gradle is [28.2.13676358]
[        ] C/C++: android.ndkPath from module build.gradle is not set
[        ] C/C++: ndk.dir in local.properties is not set
[        ] C/C++: Not considering ANDROID_NDK_HOME because support was removed after deprecation period.
[        ] C/C++: sdkFolder is C:\Users\Dobgima Joshua\AppData\Local\Android\Sdk
[        ] C/C++: android.ndkVersion from module build.gradle is [28.2.13676358]
[        ] C/C++: android.ndkPath from module build.gradle is not set
[        ] C/C++: ndk.dir in local.properties is not set
[        ] C/C++: Not considering ANDROID_NDK_HOME because support was removed after deprecation period.
[        ] C/C++: sdkFolder is C:\Users\Dobgima Joshua\AppData\Local\Android\Sdk
[        ] C/C++: android.ndkVersion from module build.gradle is [28.2.13676358]
[        ] C/C++: android.ndkPath from module build.gradle is not set
[        ] C/C++: ndk.dir in local.properties is not set
[        ] C/C++: Not considering ANDROID_NDK_HOME because support was removed after deprecation period.
[        ] C/C++: sdkFolder is C:\Users\Dobgima Joshua\AppData\Local\Android\Sdk
[        ] C/C++: android.ndkVersion from module build.gradle is [28.2.13676358]
[        ] C/C++: android.ndkPath from module build.gradle is not set
[        ] C/C++: ndk.dir in local.properties is not set
[        ] C/C++: Not considering ANDROID_NDK_HOME because support was removed after deprecation period.
[        ] C/C++: sdkFolder is C:\Users\Dobgima Joshua\AppData\Local\Android\Sdk
[        ] C/C++: android.ndkVersion from module build.gradle is [28.2.13676358]
[        ] C/C++: android.ndkPath from module build.gradle is not set
[        ] C/C++: ndk.dir in local.properties is not set
[        ] C/C++: Not considering ANDROID_NDK_HOME because support was removed after deprecation period.
[        ] C/C++: sdkFolder is C:\Users\Dobgima Joshua\AppData\Local\Android\Sdk
[        ] C/C++: android.ndkVersion from module build.gradle is [28.2.13676358]
[        ] C/C++: android.ndkPath from module build.gradle is not set
[        ] C/C++: ndk.dir in local.properties is not set
[        ] C/C++: Not considering ANDROID_NDK_HOME because support was removed after deprecation period.
[        ] C/C++: sdkFolder is C:\Users\Dobgima Joshua\AppData\Local\Android\Sdk
[        ] C/C++: android.ndkVersion from module build.gradle is [28.2.13676358]
[        ] C/C++: android.ndkPath from module build.gradle is not set
[        ] C/C++: ndk.dir in local.properties is not set
[        ] C/C++: Not considering ANDROID_NDK_HOME because support was removed after deprecation period.
[        ] C/C++: sdkFolder is C:\Users\Dobgima Joshua\AppData\Local\Android\Sdk
[        ] C/C++: android.ndkVersion from module build.gradle is [28.2.13676358]
[        ] C/C++: android.ndkPath from module build.gradle is not set
[        ] C/C++: ndk.dir in local.properties is not set
[        ] C/C++: Not considering ANDROID_NDK_HOME because support was removed after deprecation period.
[        ] C/C++: sdkFolder is C:\Users\Dobgima Joshua\AppData\Local\Android\Sdk
[        ] C/C++: android.ndkVersion from module build.gradle is [28.2.13676358]
[        ] C/C++: android.ndkPath from module build.gradle is not set
[        ] C/C++: ndk.dir in local.properties is not set
[        ] C/C++: Not considering ANDROID_NDK_HOME because support was removed after deprecation period.
[        ] C/C++: sdkFolder is C:\Users\Dobgima Joshua\AppData\Local\Android\Sdk
[        ] C/C++: android.ndkVersion from module build.gradle is [28.2.13676358]
[        ] C/C++: android.ndkPath from module build.gradle is not set
[        ] C/C++: ndk.dir in local.properties is not set
[        ] C/C++: Not considering ANDROID_NDK_HOME because support was removed after deprecation period.
[        ] C/C++: sdkFolder is C:\Users\Dobgima Joshua\AppData\Local\Android\Sdk
[        ] > Configure project :
[        ] Evaluating root project 'android' using build file 'C:\Users\Dobgima Joshua\Desktop\Home237\android\build.gradle.kts'.
[ +178 ms] > Configure project :app_links
[        ] Evaluating project ':app_links' using build file 'C:\Users\Dobgima Joshua\AppData\Local\Pub\Cache\hosted\pub.dev\app_links-6.4.1\android\build.gradle'.
[        ] Using default execution profile
[ +187 ms] > Configure project :cloud_firestore
[        ] Evaluating project ':cloud_firestore' using build file 'C:\Users\Dobgima Joshua\AppData\Local\Pub\Cache\hosted\pub.dev\cloud_firestore-6.1.2\android\build.gradle'.
[        ] Using default execution profile
[ +310 ms] > Configure project :cloud_functions
[        ] Evaluating project ':cloud_functions' using build file 'C:\Users\Dobgima Joshua\AppData\Local\Pub\Cache\hosted\pub.dev\cloud_functions-6.0.6\android\build.gradle'.
[        ] Using default execution profile
[        ] Using Kotlin Gradle Plugin gradle813 variant
[ +294 ms] > Configure project :device_info_plus
[        ] Evaluating project ':device_info_plus' using build file 'C:\Users\Dobgima Joshua\AppData\Local\Pub\Cache\hosted\pub.dev\device_info_plus-10.1.2\android\build.gradle'.
[        ] Using default execution profile
[        ] Using Kotlin Gradle Plugin gradle813 variant
[  +92 ms] > Configure project :firebase_auth
[        ] Evaluating project ':firebase_auth' using build file 'C:\Users\Dobgima Joshua\AppData\Local\Pub\Cache\hosted\pub.dev\firebase_auth-6.1.4\android\build.gradle'.
[        ] Using default execution profile
[ +107 ms] > Configure project :firebase_core
[        ] Evaluating project ':firebase_core' using build file 'C:\Users\Dobgima Joshua\AppData\Local\Pub\Cache\hosted\pub.dev\firebase_core-4.4.0\android\build.gradle'.
[        ] Using default execution profile
[ +293 ms] > Configure project :flutter_plugin_android_lifecycle
[        ] Evaluating project ':flutter_plugin_android_lifecycle' using build file 'C:\Users\Dobgima Joshua\AppData\Local\Pub\Cache\hosted\pub.dev\flutter_plugin_android_lifecycle-2.0.33\android\build.gradle'.
[        ] Using default execution profile
[ +200 ms] > Configure project :geocoding_android
[        ] Evaluating project ':geocoding_android' using build file 'C:\Users\Dobgima Joshua\AppData\Local\Pub\Cache\hosted\pub.dev\geocoding_android-3.3.1\android\build.gradle'.
[        ] Using default execution profile
[ +204 ms] > Configure project :geolocator_android
[        ] Evaluating project ':geolocator_android' using build file 'C:\Users\Dobgima Joshua\AppData\Local\Pub\Cache\hosted\pub.dev\geolocator_android-4.6.2\android\build.gradle'.
[        ] Using default execution profile
[ +201 ms] > Configure project :google_sign_in_android
[        ] Evaluating project ':google_sign_in_android' using build file 'C:\Users\Dobgima Joshua\AppData\Local\Pub\Cache\hosted\pub.dev\google_sign_in_android-6.2.1\android\build.gradle'.
[        ] Using default execution profile
[        ] > Configure project :image_picker_android
[        ] Evaluating project ':image_picker_android' using build file 'C:\Users\Dobgima Joshua\AppData\Local\Pub\Cache\hosted\pub.dev\image_picker_android-0.8.13+13\android\build.gradle'.
[        ] Using default execution profile
[ +184 ms] > Configure project :package_info_plus
[        ] Evaluating project ':package_info_plus' using build file 'C:\Users\Dobgima Joshua\AppData\Local\Pub\Cache\hosted\pub.dev\package_info_plus-9.0.0\android\build.gradle'.
[        ] Using default execution profile
[        ] Using Kotlin Gradle Plugin gradle813 variant
[ +108 ms] > Configure project :path_provider_android
[        ] Evaluating project ':path_provider_android' using build file 'C:\Users\Dobgima Joshua\AppData\Local\Pub\Cache\hosted\pub.dev\path_provider_android-2.2.22\android\build.gradle'.
[        ] Using default execution profile
[        ] > Configure project :permission_handler_android
[        ] Evaluating project ':permission_handler_android' using build file 'C:\Users\Dobgima Joshua\AppData\Local\Pub\Cache\hosted\pub.dev\permission_handler_android-12.1.0\android\build.gradle'.
[   +5 ms] Using default execution profile
[ +196 ms] > Configure project :shared_preferences_android
[        ] Evaluating project ':shared_preferences_android' using build file 'C:\Users\Dobgima Joshua\AppData\Local\Pub\Cache\hosted\pub.dev\shared_preferences_android-2.4.20\android\build.gradle'.
[        ] Using default execution profile
[        ] Using Kotlin Gradle Plugin gradle813 variant
[  +91 ms] > Configure project :sqflite_android
[        ] Evaluating project ':sqflite_android' using build file 'C:\Users\Dobgima Joshua\AppData\Local\Pub\Cache\hosted\pub.dev\sqflite_android-2.4.2+2\android\build.gradle'.
[        ] Using default execution profile
[        ] > Configure project :url_launcher_android
[        ] Evaluating project ':url_launcher_android' using build file 'C:\Users\Dobgima Joshua\AppData\Local\Pub\Cache\hosted\pub.dev\url_launcher_android-6.3.28\android\build.gradle'.
[        ] Using default execution profile
[ +105 ms] > Configure project :video_player_android
[        ] Evaluating project ':video_player_android' using build file 'C:\Users\Dobgima Joshua\AppData\Local\Pub\Cache\hosted\pub.dev\video_player_android-2.9.4\android\build.gradle'.
[        ] Using default execution profile
[        ] Using Kotlin Gradle Plugin gradle813 variant
[  +90 ms] > Configure project :wakelock_plus
[        ] Evaluating project ':wakelock_plus' using build file 'C:\Users\Dobgima Joshua\AppData\Local\Pub\Cache\hosted\pub.dev\wakelock_plus-1.4.0\android\build.gradle'.
[        ] Using default execution profile
[        ] Using Kotlin Gradle Plugin gradle813 variant
[        ] All projects evaluated.
[        ] Task name matched 'assembleDebug'
[        ] Selected primary task 'assembleDebug' from project :
[ +106 ms] SDK initialized in 41 ms
[        ] [=========                              ] 25%                                   
[        ] [=========                              ] 25% Fetch remote repository...        
[        ] [=======================================] 100% Fetch remote repository...       
[        ] Adding -Xuse-inline-scopes-numbers Kotlin compiler flag for task :app:compileDebugKotlin
[ +184 ms] SDK initialized in 2 ms
[        ] [=========                              ] 25%                                   
[        ] [=========                              ] 25% Fetch remote repository...        
[        ] [=======================================] 100% Fetch remote repository...       
[        ] SDK initialized in 2 ms
[        ] [=========                              ] 25%                                   
[        ] [=========                              ] 25% Fetch remote repository...        
[        ] [=======================================] 100% Fetch remote repository...       
[ +207 ms] Tasks to be executed: [task ':app:DebugMinSdkCheck', task ':app:preBuild', task ':app:preDebugBuild', task ':app:mergeDebugNativeDebugMetadata', task ':app:checkKotlinGradlePluginConfigurationErrors', task ':app:compileFlutterBuildDebug', task ':app:packJniLibsflutterBuildDebug', task ':app_links:preBuild', task ':app_links:preDebugBuild', task ':app_links:writeDebugAarMetadata', task ':cloud_firestore:preBuild', task ':cloud_firestore:preDebugBuild', task ':cloud_firestore:writeDebugAarMetadata', task ':cloud_functions:preBuild', task ':cloud_functions:preDebugBuild', task ':cloud_functions:writeDebugAarMetadata', task ':device_info_plus:preBuild', task ':device_info_plus:preDebugBuild', task ':device_info_plus:writeDebugAarMetadata', task ':firebase_auth:preBuild', task ':firebase_auth:preDebugBuild', task ':firebase_auth:writeDebugAarMetadata', task ':firebase_core:preBuild', task ':firebase_core:preDebugBuild', task ':firebase_core:writeDebugAarMetadata', task ':flutter_plugin_android_lifecycle:preBuild', task ':flutter_plugin_android_lifecycle:preDebugBuild', task ':flutter_plugin_android_lifecycle:writeDebugAarMetadata', task ':geocoding_android:preBuild', task ':geocoding_android:preDebugBuild', task ':geocoding_android:writeDebugAarMetadata', task ':geolocator_android:preBuild', task ':geolocator_android:preDebugBuild', task ':geolocator_android:writeDebugAarMetadata', task ':google_sign_in_android:preBuild', task ':google_sign_in_android:preDebugBuild', task ':google_sign_in_android:writeDebugAarMetadata', task ':image_picker_android:preBuild', task ':image_picker_android:preDebugBuild', task ':image_picker_android:writeDebugAarMetadata', task ':package_info_plus:preBuild', task ':package_info_plus:preDebugBuild', task ':package_info_plus:writeDebugAarMetadata', task ':path_provider_android:preBuild', task ':path_provider_android:preDebugBuild', task ':path_provider_android:writeDebugAarMetadata', task ':permission_handler_android:preBuild', task ':permission_handler_android:preDebugBuild', task ':permission_handler_android:writeDebugAarMetadata', task ':shared_preferences_android:preBuild', task ':shared_preferences_android:preDebugBuild', task ':shared_preferences_android:writeDebugAarMetadata', task ':sqflite_android:preBuild', task ':sqflite_android:preDebugBuild', task ':sqflite_android:writeDebugAarMetadata', task ':url_launcher_android:preBuild', task ':url_launcher_android:preDebugBuild', task ':url_launcher_android:writeDebugAarMetadata', task ':video_player_android:preBuild', task ':video_player_android:preDebugBuild', task ':video_player_android:writeDebugAarMetadata', task ':wakelock_plus:preBuild', task ':wakelock_plus:preDebugBuild', task ':wakelock_plus:writeDebugAarMetadata', task ':app:checkDebugAarMetadata', task ':app:cleanMergeDebugAssets', task ':app:mergeDebugShaders', task ':app:compileDebugShaders', task ':app:generateDebugAssets', task ':app_links:mergeDebugShaders', task ':app_links:compileDebugShaders', task ':app_links:generateDebugAssets', task ':app_links:mergeDebugAssets', task ':cloud_firestore:mergeDebugShaders', task ':cloud_firestore:compileDebugShaders', task ':cloud_firestore:generateDebugAssets', task ':cloud_firestore:mergeDebugAssets', task ':cloud_functions:mergeDebugShaders', task ':cloud_functions:compileDebugShaders', task ':cloud_functions:generateDebugAssets', task ':cloud_functions:mergeDebugAssets', task ':device_info_plus:mergeDebugShaders', task ':device_info_plus:compileDebugShaders', task ':device_info_plus:generateDebugAssets', task ':device_info_plus:mergeDebugAssets', task ':firebase_auth:mergeDebugShaders', task ':firebase_auth:compileDebugShaders', task ':firebase_auth:generateDebugAssets', task ':firebase_auth:mergeDebugAssets', task ':firebase_core:mergeDebugShaders', task ':firebase_core:compileDebugShaders', task ':firebase_core:generateDebugAssets', task ':firebase_core:mergeDebugAssets', task ':flutter_plugin_android_lifecycle:mergeDebugShaders', task ':flutter_plugin_android_lifecycle:compileDebugShaders', task ':flutter_plugin_android_lifecycle:generateDebugAssets', task ':flutter_plugin_android_lifecycle:mergeDebugAssets', task ':geocoding_android:mergeDebugShaders', task ':geocoding_android:compileDebugShaders', task ':geocoding_android:generateDebugAssets', task ':geocoding_android:mergeDebugAssets', task ':geolocator_android:mergeDebugShaders', task ':geolocator_android:compileDebugShaders', task ':geolocator_android:generateDebugAssets', task ':geolocator_android:mergeDebugAssets', task ':google_sign_in_android:mergeDebugShaders', task ':google_sign_in_android:compileDebugShaders', task ':google_sign_in_android:generateDebugAssets', task ':google_sign_in_android:mergeDebugAssets', task ':image_picker_android:mergeDebugShaders', task ':image_picker_android:compileDebugShaders', task ':image_picker_android:generateDebugAssets', task ':image_picker_android:mergeDebugAssets', task ':package_info_plus:mergeDebugShaders', task ':package_info_plus:compileDebugShaders', task ':package_info_plus:generateDebugAssets', task ':package_info_plus:mergeDebugAssets', task ':path_provider_android:mergeDebugShaders', task ':path_provider_android:compileDebugShaders', task ':path_provider_android:generateDebugAssets', task ':path_provider_android:mergeDebugAssets', task ':permission_handler_android:mergeDebugShaders', task ':permission_handler_android:compileDebugShaders', task ':permission_handler_android:generateDebugAssets', task ':permission_handler_android:mergeDebugAssets', task ':shared_preferences_android:mergeDebugShaders', task ':shared_preferences_android:compileDebugShaders', task ':shared_preferences_android:generateDebugAssets', task ':shared_preferences_android:mergeDebugAssets', task ':sqflite_android:mergeDebugShaders', task ':sqflite_android:compileDebugShaders', task ':sqflite_android:generateDebugAssets', task ':sqflite_android:mergeDebugAssets', task ':url_launcher_android:mergeDebugShaders', task ':url_launcher_android:compileDebugShaders', task ':url_launcher_android:generateDebugAssets', task ':url_launcher_android:mergeDebugAssets', task ':video_player_android:mergeDebugShaders', task ':video_player_android:compileDebugShaders', task ':video_player_android:generateDebugAssets', task ':video_player_android:mergeDebugAssets', task ':wakelock_plus:mergeDebugShaders', task ':wakelock_plus:compileDebugShaders', task ':wakelock_plus:generateDebugAssets', task ':wakelock_plus:mergeDebugAssets', task ':app:mergeDebugAssets', task ':app:copyFlutterAssetsDebug', task ':app:generateDebugResValues', task ':app:processDebugGoogleServices', task ':app_links:generateDebugResValues', task ':app_links:generateDebugResources', task ':app_links:packageDebugResources', task ':cloud_firestore:generateDebugResValues', task ':cloud_firestore:generateDebugResources', task ':cloud_firestore:packageDebugResources', task ':cloud_functions:generateDebugResValues', task ':cloud_functions:generateDebugResources', task ':cloud_functions:packageDebugResources', task ':device_info_plus:generateDebugResValues', task ':device_info_plus:generateDebugResources', task ':device_info_plus:packageDebugResources', task ':firebase_auth:generateDebugResValues', task ':firebase_auth:generateDebugResources', task ':firebase_auth:packageDebugResources', task ':firebase_core:generateDebugResValues', task ':firebase_core:generateDebugResources', task ':firebase_core:packageDebugResources', task ':flutter_plugin_android_lifecycle:generateDebugResValues', task ':flutter_plugin_android_lifecycle:generateDebugResources', task ':flutter_plugin_android_lifecycle:packageDebugResources', task ':geocoding_android:generateDebugResValues', task ':geocoding_android:generateDebugResources', task ':geocoding_android:packageDebugResources', task ':geolocator_android:generateDebugResValues', task ':geolocator_android:generateDebugResources', task ':geolocator_android:packageDebugResources', task ':google_sign_in_android:generateDebugResValues', task ':google_sign_in_android:generateDebugResources', task ':google_sign_in_android:packageDebugResources', task ':image_picker_android:generateDebugResValues', task ':image_picker_android:generateDebugResources', task ':image_picker_android:packageDebugResources', task ':package_info_plus:generateDebugResValues', task ':package_info_plus:generateDebugResources', task ':package_info_plus:packageDebugResources', task ':path_provider_android:generateDebugResValues', task ':path_provider_android:generateDebugResources', task ':path_provider_android:packageDebugResources', task ':permission_handler_android:generateDebugResValues', task ':permission_handler_android:generateDebugResources', task ':permission_handler_android:packageDebugResources', task ':shared_preferences_android:generateDebugResValues', task ':shared_preferences_android:generateDebugResources', task ':shared_preferences_android:packageDebugResources', task ':sqflite_android:generateDebugResValues', task ':sqflite_android:generateDebugResources', task ':sqflite_android:packageDebugResources', task ':url_launcher_android:generateDebugResValues', task ':url_launcher_android:generateDebugResources', task ':url_launcher_android:packageDebugResources', task ':video_player_android:generateDebugResValues', task ':video_player_android:generateDebugResources', task ':video_player_android:packageDebugResources', task ':wakelock_plus:generateDebugResValues', task ':wakelock_plus:generateDebugResources', task ':wakelock_plus:packageDebugResources', task ':app:mapDebugSourceSetPaths', task ':app:generateDebugResources', task ':app:mergeDebugResources', task ':app:packageDebugResources', task ':app:parseDebugLocalResources', task ':app:createDebugCompatibleScreenManifests', task ':app:extractDeepLinksDebug', task ':app_links:extractDeepLinksDebug', task ':app_links:processDebugManifest', task ':cloud_firestore:extractDeepLinksDebug', task ':cloud_firestore:processDebugManifest', task ':cloud_functions:extractDeepLinksDebug', task ':cloud_functions:processDebugManifest', task ':device_info_plus:extractDeepLinksDebug', task ':device_info_plus:processDebugManifest', task ':firebase_auth:extractDeepLinksDebug', task ':firebase_auth:processDebugManifest', task ':firebase_core:extractDeepLinksDebug', task ':firebase_core:processDebugManifest', task ':flutter_plugin_android_lifecycle:extractDeepLinksDebug', task ':flutter_plugin_android_lifecycle:processDebugManifest', task ':geocoding_android:extractDeepLinksDebug', task ':geocoding_android:processDebugManifest', task ':geolocator_android:extractDeepLinksDebug', task ':geolocator_android:processDebugManifest', task ':google_sign_in_android:extractDeepLinksDebug', task ':google_sign_in_android:processDebugManifest', task ':image_picker_android:extractDeepLinksDebug', task ':image_picker_android:processDebugManifest', task ':package_info_plus:extractDeepLinksDebug', task ':package_info_plus:processDebugManifest', task ':path_provider_android:extractDeepLinksDebug', task ':path_provider_android:processDebugManifest', task ':permission_handler_android:extractDeepLinksDebug', task ':permission_handler_android:processDebugManifest', task ':shared_preferences_android:extractDeepLinksDebug', task ':shared_preferences_android:processDebugManifest', task ':sqflite_android:extractDeepLinksDebug', task ':sqflite_android:processDebugManifest', task ':url_launcher_android:extractDeepLinksDebug', task ':url_launcher_android:processDebugManifest', task ':video_player_android:extractDeepLinksDebug', task ':video_player_android:processDebugManifest', task ':wakelock_plus:extractDeepLinksDebug', task ':wakelock_plus:processDebugManifest', task ':app:processDebugMainManifest', task ':app:outputDebugAppLinkSettings', task ':app:processDebugManifest', task ':app:processDebugManifestForPackage', task ':app_links:compileDebugLibraryResources', task ':app_links:parseDebugLocalResources', task ':app_links:generateDebugRFile', task ':cloud_firestore:compileDebugLibraryResources', task ':cloud_firestore:parseDebugLocalResources', task ':cloud_firestore:generateDebugRFile', task ':cloud_functions:compileDebugLibraryResources', task ':cloud_functions:parseDebugLocalResources', task ':cloud_functions:generateDebugRFile', task ':device_info_plus:compileDebugLibraryResources', task ':device_info_plus:parseDebugLocalResources', task ':device_info_plus:generateDebugRFile', task ':firebase_auth:compileDebugLibraryResources', task ':firebase_auth:parseDebugLocalResources', task ':firebase_auth:generateDebugRFile', task ':firebase_core:compileDebugLibraryResources', task ':firebase_core:parseDebugLocalResources', task ':firebase_core:generateDebugRFile', task ':flutter_plugin_android_lifecycle:compileDebugLibraryResources', task ':flutter_plugin_android_lifecycle:parseDebugLocalResources', task ':flutter_plugin_android_lifecycle:generateDebugRFile', task ':geocoding_android:compileDebugLibraryResources', task ':geocoding_android:parseDebugLocalResources', task ':geocoding_android:generateDebugRFile', task ':geolocator_android:compileDebugLibraryResources', task ':geolocator_android:parseDebugLocalResources', task ':geolocator_android:generateDebugRFile', task ':google_sign_in_android:compileDebugLibraryResources', task ':google_sign_in_android:parseDebugLocalResources', task ':google_sign_in_android:generateDebugRFile', task ':image_picker_android:compileDebugLibraryResources', task ':image_picker_android:parseDebugLocalResources', task ':image_picker_android:generateDebugRFile', task ':package_info_plus:compileDebugLibraryResources', task ':package_info_plus:parseDebugLocalResources', task ':package_info_plus:generateDebugRFile', task ':path_provider_android:compileDebugLibraryResources', task ':path_provider_android:parseDebugLocalResources', task ':path_provider_android:generateDebugRFile', task ':permission_handler_android:compileDebugLibraryResources', task ':permission_handler_android:parseDebugLocalResources', task ':permission_handler_android:generateDebugRFile', task ':shared_preferences_android:compileDebugLibraryResources', task ':shared_preferences_android:parseDebugLocalResources', task ':shared_preferences_android:generateDebugRFile', task ':sqflite_android:compileDebugLibraryResources', task ':sqflite_android:parseDebugLocalResources', task ':sqflite_android:generateDebugRFile', task ':url_launcher_android:compileDebugLibraryResources', task ':url_launcher_android:parseDebugLocalResources', task ':url_launcher_android:generateDebugRFile', task ':video_player_android:compileDebugLibraryResources', task ':video_player_android:parseDebugLocalResources', task ':video_player_android:generateDebugRFile', task ':wakelock_plus:compileDebugLibraryResources', task ':wakelock_plus:parseDebugLocalResources', task ':wakelock_plus:generateDebugRFile', task ':app:processDebugResources', task ':app_links:javaPreCompileDebug', task ':app_links:compileDebugJavaWithJavac', task ':app_links:bundleLibCompileToJarDebug', task ':cloud_firestore:generateDebugBuildConfig', task ':cloud_firestore:javaPreCompileDebug', task ':firebase_core:generateDebugBuildConfig', task ':firebase_core:javaPreCompileDebug', task ':firebase_core:compileDebugJavaWithJavac', task ':firebase_core:bundleLibCompileToJarDebug', task ':cloud_firestore:compileDebugJavaWithJavac', task ':cloud_firestore:bundleLibCompileToJarDebug', task ':cloud_functions:checkKotlinGradlePluginConfigurationErrors', task ':cloud_functions:generateDebugBuildConfig', task ':cloud_functions:compileDebugKotlin', task ':cloud_functions:javaPreCompileDebug', task ':cloud_functions:compileDebugJavaWithJavac', task ':cloud_functions:bundleLibCompileToJarDebug', task ':device_info_plus:checkKotlinGradlePluginConfigurationErrors', task ':device_info_plus:compileDebugKotlin', task ':device_info_plus:javaPreCompileDebug', task ':device_info_plus:compileDebugJavaWithJavac', task ':device_info_plus:bundleLibCompileToJarDebug', task ':firebase_auth:generateDebugBuildConfig', task ':firebase_auth:javaPreCompileDebug', task ':firebase_auth:compileDebugJavaWithJavac', task ':firebase_auth:bundleLibCompileToJarDebug', task ':flutter_plugin_android_lifecycle:javaPreCompileDebug', task ':flutter_plugin_android_lifecycle:compileDebugJavaWithJavac', task ':flutter_plugin_android_lifecycle:bundleLibCompileToJarDebug', task ':geocoding_android:javaPreCompileDebug', task ':geocoding_android:compileDebugJavaWithJavac', task ':geocoding_android:bundleLibCompileToJarDebug', task ':geolocator_android:javaPreCompileDebug', task ':geolocator_android:compileDebugJavaWithJavac', task ':geolocator_android:bundleLibCompileToJarDebug', task ':google_sign_in_android:javaPreCompileDebug', task ':google_sign_in_android:compileDebugJavaWithJavac', task ':google_sign_in_android:bundleLibCompileToJarDebug', task ':image_picker_android:javaPreCompileDebug', task ':image_picker_android:compileDebugJavaWithJavac', task ':image_picker_android:bundleLibCompileToJarDebug', task ':package_info_plus:checkKotlinGradlePluginConfigurationErrors', task ':package_info_plus:compileDebugKotlin', task ':package_info_plus:javaPreCompileDebug', task ':package_info_plus:compileDebugJavaWithJavac', task ':package_info_plus:bundleLibCompileToJarDebug', task ':path_provider_android:javaPreCompileDebug', task ':path_provider_android:compileDebugJavaWithJavac', task ':path_provider_android:bundleLibCompileToJarDebug', task ':permission_handler_android:javaPreCompileDebug', task ':permission_handler_android:compileDebugJavaWithJavac', task ':permission_handler_android:bundleLibCompileToJarDebug', task ':shared_preferences_android:checkKotlinGradlePluginConfigurationErrors', task ':shared_preferences_android:compileDebugKotlin', task ':shared_preferences_android:javaPreCompileDebug', task ':shared_preferences_android:compileDebugJavaWithJavac', task ':shared_preferences_android:bundleLibCompileToJarDebug', task ':sqflite_android:javaPreCompileDebug', task ':sqflite_android:compileDebugJavaWithJavac', task ':sqflite_android:bundleLibCompileToJarDebug', task ':url_launcher_android:generateDebugBuildConfig', task ':url_launcher_android:javaPreCompileDebug', task ':url_launcher_android:compileDebugJavaWithJavac', task ':url_launcher_android:bundleLibCompileToJarDebug', task ':video_player_android:checkKotlinGradlePluginConfigurationErrors', task ':video_player_android:compileDebugKotlin', task ':video_player_android:javaPreCompileDebug', task ':video_player_android:compileDebugJavaWithJavac', task ':video_player_android:bundleLibCompileToJarDebug', task ':wakelock_plus:checkKotlinGradlePluginConfigurationErrors', task ':wakelock_plus:compileDebugKotlin', task ':wakelock_plus:javaPreCompileDebug', task ':wakelock_plus:compileDebugJavaWithJavac', task ':wakelock_plus:bundleLibCompileToJarDebug', task ':app:compileDebugKotlin', task ':app:javaPreCompileDebug', task ':app:compileDebugJavaWithJavac', task ':app:compressDebugAssets', task ':app_links:bundleLibRuntimeToJarDebug', task ':cloud_firestore:bundleLibRuntimeToJarDebug', task ':cloud_functions:bundleLibRuntimeToJarDebug', task ':device_info_plus:bundleLibRuntimeToJarDebug', task ':firebase_auth:bundleLibRuntimeToJarDebug', task ':firebase_core:bundleLibRuntimeToJarDebug', task ':image_picker_android:bundleLibRuntimeToJarDebug', task ':flutter_plugin_android_lifecycle:bundleLibRuntimeToJarDebug', task ':geocoding_android:bundleLibRuntimeToJarDebug', task ':geolocator_android:bundleLibRuntimeToJarDebug', task ':google_sign_in_android:bundleLibRuntimeToJarDebug', task ':wakelock_plus:bundleLibRuntimeToJarDebug', task ':package_info_plus:bundleLibRuntimeToJarDebug', task ':path_provider_android:bundleLibRuntimeToJarDebug', task ':permission_handler_android:bundleLibRuntimeToJarDebug', task ':shared_preferences_android:bundleLibRuntimeToJarDebug', task ':sqflite_android:bundleLibRuntimeToJarDebug', task ':url_launcher_android:bundleLibRuntimeToJarDebug', task ':video_player_android:bundleLibRuntimeToJarDebug', task ':app:desugarDebugFileDependencies', task ':app:dexBuilderDebug', task ':app:mergeDebugGlobalSynthetics', task ':app:processDebugJavaRes', task ':app_links:processDebugJavaRes', task ':cloud_firestore:processDebugJavaRes', task ':cloud_functions:processDebugJavaRes', task ':device_info_plus:processDebugJavaRes', task ':firebase_auth:processDebugJavaRes', task ':firebase_core:processDebugJavaRes', task ':flutter_plugin_android_lifecycle:processDebugJavaRes', task ':geocoding_android:processDebugJavaRes', task ':geolocator_android:processDebugJavaRes', task ':google_sign_in_android:processDebugJavaRes', task ':image_picker_android:processDebugJavaRes', task ':package_info_plus:processDebugJavaRes', task ':path_provider_android:processDebugJavaRes', task ':permission_handler_android:processDebugJavaRes', task ':shared_preferences_android:processDebugJavaRes', task ':sqflite_android:processDebugJavaRes', task ':url_launcher_android:processDebugJavaRes', task ':video_player_android:processDebugJavaRes', task ':wakelock_plus:processDebugJavaRes', task ':app:mergeDebugJavaResource', task ':app:checkDebugDuplicateClasses', task ':app:mergeExtDexDebug', task ':app_links:bundleLibRuntimeToDirDebug', task ':cloud_firestore:bundleLibRuntimeToDirDebug', task ':cloud_functions:bundleLibRuntimeToDirDebug', task ':device_info_plus:bundleLibRuntimeToDirDebug', task ':firebase_auth:bundleLibRuntimeToDirDebug', task ':firebase_core:bundleLibRuntimeToDirDebug', task ':image_picker_android:bundleLibRuntimeToDirDebug', task ':flutter_plugin_android_lifecycle:bundleLibRuntimeToDirDebug', task ':geocoding_android:bundleLibRuntimeToDirDebug', task ':geolocator_android:bundleLibRuntimeToDirDebug', task ':google_sign_in_android:bundleLibRuntimeToDirDebug', task ':wakelock_plus:bundleLibRuntimeToDirDebug', task ':package_info_plus:bundleLibRuntimeToDirDebug', task ':path_provider_android:bundleLibRuntimeToDirDebug', task ':permission_handler_android:bundleLibRuntimeToDirDebug', task ':shared_preferences_android:bundleLibRuntimeToDirDebug', task ':sqflite_android:bundleLibRuntimeToDirDebug', task ':url_launcher_android:bundleLibRuntimeToDirDebug', task ':video_player_android:bundleLibRuntimeToDirDebug', task ':app:mergeLibDexDebug', task ':app:mergeProjectDexDebug', task ':app:configureCMakeDebug[arm64-v8a]', task ':app:buildCMakeDebug[arm64-v8a]', task ':app:configureCMakeDebug[armeabi-v7a]', task ':app:buildCMakeDebug[armeabi-v7a]', task ':app:configureCMakeDebug[x86_64]', task ':app:buildCMakeDebug[x86_64]', task ':app:mergeDebugJniLibFolders', task ':app_links:mergeDebugJniLibFolders', task ':app_links:mergeDebugNativeLibs', task ':app_links:copyDebugJniLibsProjectOnly', task ':cloud_firestore:mergeDebugJniLibFolders', task ':cloud_firestore:mergeDebugNativeLibs', task ':cloud_firestore:copyDebugJniLibsProjectOnly', task ':cloud_functions:mergeDebugJniLibFolders', task ':cloud_functions:mergeDebugNativeLibs', task ':cloud_functions:copyDebugJniLibsProjectOnly', task ':device_info_plus:mergeDebugJniLibFolders', task ':device_info_plus:mergeDebugNativeLibs', task ':device_info_plus:copyDebugJniLibsProjectOnly', task ':firebase_auth:mergeDebugJniLibFolders', task ':firebase_auth:mergeDebugNativeLibs', task ':firebase_auth:copyDebugJniLibsProjectOnly', task ':firebase_core:mergeDebugJniLibFolders', task ':firebase_core:mergeDebugNativeLibs', task ':firebase_core:copyDebugJniLibsProjectOnly', task ':flutter_plugin_android_lifecycle:mergeDebugJniLibFolders', task ':flutter_plugin_android_lifecycle:mergeDebugNativeLibs', task ':flutter_plugin_android_lifecycle:copyDebugJniLibsProjectOnly', task ':geocoding_android:mergeDebugJniLibFolders', task ':geocoding_android:mergeDebugNativeLibs', task ':geocoding_android:copyDebugJniLibsProjectOnly', task ':geolocator_android:mergeDebugJniLibFolders', task ':geolocator_android:mergeDebugNativeLibs', task ':geolocator_android:copyDebugJniLibsProjectOnly', task ':google_sign_in_android:mergeDebugJniLibFolders', task ':google_sign_in_android:mergeDebugNativeLibs', task ':google_sign_in_android:copyDebugJniLibsProjectOnly', task ':image_picker_android:mergeDebugJniLibFolders', task ':image_picker_android:mergeDebugNativeLibs', task ':image_picker_android:copyDebugJniLibsProjectOnly', task ':package_info_plus:mergeDebugJniLibFolders', task ':package_info_plus:mergeDebugNativeLibs', task ':package_info_plus:copyDebugJniLibsProjectOnly', task ':path_provider_android:mergeDebugJniLibFolders', task ':path_provider_android:mergeDebugNativeLibs', task ':path_provider_android:copyDebugJniLibsProjectOnly', task ':permission_handler_android:mergeDebugJniLibFolders', task ':permission_handler_android:mergeDebugNativeLibs', task ':permission_handler_android:copyDebugJniLibsProjectOnly', task ':shared_preferences_android:mergeDebugJniLibFolders', task ':shared_preferences_android:mergeDebugNativeLibs', task ':shared_preferences_android:copyDebugJniLibsProjectOnly', task ':sqflite_android:mergeDebugJniLibFolders', task ':sqflite_android:mergeDebugNativeLibs', task ':sqflite_android:copyDebugJniLibsProjectOnly', task ':url_launcher_android:mergeDebugJniLibFolders', task ':url_launcher_android:mergeDebugNativeLibs', task ':url_launcher_android:copyDebugJniLibsProjectOnly', task ':video_player_android:mergeDebugJniLibFolders', task ':video_player_android:mergeDebugNativeLibs', task ':video_player_android:copyDebugJniLibsProjectOnly', task ':wakelock_plus:mergeDebugJniLibFolders', task ':wakelock_plus:mergeDebugNativeLibs', task ':wakelock_plus:copyDebugJniLibsProjectOnly', task ':app:mergeDebugNativeLibs', task ':app:stripDebugDebugSymbols', task ':app:validateSigningDebug', task ':app:writeDebugAppMetadata', task ':app:writeDebugSigningConfigVersions', task ':app:packageDebug', task ':app:createDebugApkListingFileRedirect', task ':app:assembleDebug', task ':app_links:stripDebugDebugSymbols', task ':app_links:copyDebugJniLibsProjectAndLocalJars', task ':app_links:extractDebugAnnotations', task ':app_links:extractDeepLinksForAarDebug', task ':app_links:mergeDebugGeneratedProguardFiles', task ':app_links:mergeDebugConsumerProguardFiles', task ':app_links:prepareDebugArtProfile', task ':app_links:prepareLintJarForPublish', task ':app_links:mergeDebugJavaResource', task ':app_links:syncDebugLibJars', task ':app_links:bundleDebugAar', task ':app_links:assembleDebug', task ':cloud_firestore:stripDebugDebugSymbols', task ':cloud_firestore:copyDebugJniLibsProjectAndLocalJars', task ':cloud_firestore:extractDebugAnnotations', task ':cloud_firestore:extractDeepLinksForAarDebug', task ':cloud_firestore:mergeDebugGeneratedProguardFiles', task ':cloud_firestore:mergeDebugConsumerProguardFiles', task ':cloud_firestore:prepareDebugArtProfile', task ':cloud_firestore:prepareLintJarForPublish', task ':cloud_firestore:mergeDebugJavaResource', task ':cloud_firestore:syncDebugLibJars', task ':cloud_firestore:bundleDebugAar', task ':cloud_firestore:assembleDebug', task ':cloud_functions:stripDebugDebugSymbols', task ':cloud_functions:copyDebugJniLibsProjectAndLocalJars', task ':cloud_functions:extractDebugAnnotations', task ':cloud_functions:extractDeepLinksForAarDebug', task ':cloud_functions:mergeDebugGeneratedProguardFiles', task ':cloud_functions:mergeDebugConsumerProguardFiles', task ':cloud_functions:prepareDebugArtProfile', task ':cloud_functions:prepareLintJarForPublish', task ':cloud_functions:mergeDebugJavaResource', task ':cloud_functions:syncDebugLibJars', task ':cloud_functions:bundleDebugAar', task ':cloud_functions:assembleDebug', task ':device_info_plus:stripDebugDebugSymbols', task ':device_info_plus:copyDebugJniLibsProjectAndLocalJars', task ':device_info_plus:extractDebugAnnotations', task ':device_info_plus:extractDeepLinksForAarDebug', task ':device_info_plus:mergeDebugGeneratedProguardFiles', task ':device_info_plus:mergeDebugConsumerProguardFiles', task ':device_info_plus:prepareDebugArtProfile', task ':device_info_plus:prepareLintJarForPublish', task ':device_info_plus:mergeDebugJavaResource', task ':device_info_plus:syncDebugLibJars', task ':device_info_plus:bundleDebugAar', task ':device_info_plus:assembleDebug', task ':firebase_auth:stripDebugDebugSymbols', task ':firebase_auth:copyDebugJniLibsProjectAndLocalJars', task ':firebase_auth:extractDebugAnnotations', task ':firebase_auth:extractDeepLinksForAarDebug', task ':firebase_auth:mergeDebugGeneratedProguardFiles', task ':firebase_auth:mergeDebugConsumerProguardFiles', task ':firebase_auth:prepareDebugArtProfile', task ':firebase_auth:prepareLintJarForPublish', task ':firebase_auth:mergeDebugJavaResource', task ':firebase_auth:syncDebugLibJars', task ':firebase_auth:bundleDebugAar', task ':firebase_auth:assembleDebug', task ':firebase_core:stripDebugDebugSymbols', task ':firebase_core:copyDebugJniLibsProjectAndLocalJars', task ':firebase_core:extractDebugAnnotations', task ':firebase_core:extractDeepLinksForAarDebug', task ':firebase_core:mergeDebugGeneratedProguardFiles', task ':firebase_core:mergeDebugConsumerProguardFiles', task ':firebase_core:prepareDebugArtProfile', task ':firebase_core:prepareLintJarForPublish', task ':firebase_core:mergeDebugJavaResource', task ':firebase_core:syncDebugLibJars', task ':firebase_core:bundleDebugAar', task ':firebase_core:assembleDebug', task ':flutter_plugin_android_lifecycle:stripDebugDebugSymbols', task ':flutter_plugin_android_lifecycle:copyDebugJniLibsProjectAndLocalJars', task ':flutter_plugin_android_lifecycle:extractDebugAnnotations', task ':flutter_plugin_android_lifecycle:extractDeepLinksForAarDebug', task ':flutter_plugin_android_lifecycle:mergeDebugGeneratedProguardFiles', task ':flutter_plugin_android_lifecycle:mergeDebugConsumerProguardFiles', task ':flutter_plugin_android_lifecycle:prepareDebugArtProfile', task ':flutter_plugin_android_lifecycle:prepareLintJarForPublish', task ':flutter_plugin_android_lifecycle:mergeDebugJavaResource', task ':flutter_plugin_android_lifecycle:syncDebugLibJars', task ':flutter_plugin_android_lifecycle:bundleDebugAar', task ':flutter_plugin_android_lifecycle:assembleDebug', task ':geocoding_android:stripDebugDebugSymbols', task ':geocoding_android:copyDebugJniLibsProjectAndLocalJars', task ':geocoding_android:extractDebugAnnotations', task ':geocoding_android:extractDeepLinksForAarDebug', task ':geocoding_android:mergeDebugGeneratedProguardFiles', task ':geocoding_android:mergeDebugConsumerProguardFiles', task ':geocoding_android:prepareDebugArtProfile', task ':geocoding_android:prepareLintJarForPublish', task ':geocoding_android:mergeDebugJavaResource', task ':geocoding_android:syncDebugLibJars', task ':geocoding_android:bundleDebugAar', task ':geocoding_android:assembleDebug', task ':geolocator_android:stripDebugDebugSymbols', task ':geolocator_android:copyDebugJniLibsProjectAndLocalJars', task ':geolocator_android:extractDebugAnnotations', task ':geolocator_android:extractDeepLinksForAarDebug', task ':geolocator_android:mergeDebugGeneratedProguardFiles', task ':geolocator_android:mergeDebugConsumerProguardFiles', task ':geolocator_android:prepareDebugArtProfile', task ':geolocator_android:prepareLintJarForPublish', task ':geolocator_android:mergeDebugJavaResource', task ':geolocator_android:syncDebugLibJars', task ':geolocator_android:bundleDebugAar', task ':geolocator_android:assembleDebug', task ':google_sign_in_android:stripDebugDebugSymbols', task ':google_sign_in_android:copyDebugJniLibsProjectAndLocalJars', task ':google_sign_in_android:extractDebugAnnotations', task ':google_sign_in_android:extractDeepLinksForAarDebug', task ':google_sign_in_android:mergeDebugGeneratedProguardFiles', task ':google_sign_in_android:mergeDebugConsumerProguardFiles', task ':google_sign_in_android:prepareDebugArtProfile', task ':google_sign_in_android:prepareLintJarForPublish', task ':google_sign_in_android:mergeDebugJavaResource', task ':google_sign_in_android:syncDebugLibJars', task ':google_sign_in_android:bundleDebugAar', task ':google_sign_in_android:assembleDebug', task ':image_picker_android:stripDebugDebugSymbols', task ':image_picker_android:copyDebugJniLibsProjectAndLocalJars', task ':image_picker_android:extractDebugAnnotations', task ':image_picker_android:extractDeepLinksForAarDebug', task ':image_picker_android:mergeDebugGeneratedProguardFiles', task ':image_picker_android:mergeDebugConsumerProguardFiles', task ':image_picker_android:prepareDebugArtProfile', task ':image_picker_android:prepareLintJarForPublish', task ':image_picker_android:mergeDebugJavaResource', task ':image_picker_android:syncDebugLibJars', task ':image_picker_android:bundleDebugAar', task ':image_picker_android:assembleDebug', task ':package_info_plus:stripDebugDebugSymbols', task ':package_info_plus:copyDebugJniLibsProjectAndLocalJars', task ':package_info_plus:extractDebugAnnotations', task ':package_info_plus:extractDeepLinksForAarDebug', task ':package_info_plus:mergeDebugGeneratedProguardFiles', task ':package_info_plus:mergeDebugConsumerProguardFiles', task ':package_info_plus:prepareDebugArtProfile', task ':package_info_plus:prepareLintJarForPublish', task ':package_info_plus:mergeDebugJavaResource', task ':package_info_plus:syncDebugLibJars', task ':package_info_plus:bundleDebugAar', task ':package_info_plus:assembleDebug', task ':path_provider_android:stripDebugDebugSymbols', task ':path_provider_android:copyDebugJniLibsProjectAndLocalJars', task ':path_provider_android:extractDebugAnnotations', task ':path_provider_android:extractDeepLinksForAarDebug', task ':path_provider_android:mergeDebugGeneratedProguardFiles', task ':path_provider_android:mergeDebugConsumerProguardFiles', task ':path_provider_android:prepareDebugArtProfile', task ':path_provider_android:prepareLintJarForPublish', task ':path_provider_android:mergeDebugJavaResource', task ':path_provider_android:syncDebugLibJars', task ':path_provider_android:bundleDebugAar', task ':path_provider_android:assembleDebug', task ':permission_handler_android:stripDebugDebugSymbols', task ':permission_handler_android:copyDebugJniLibsProjectAndLocalJars', task ':permission_handler_android:extractDebugAnnotations', task ':permission_handler_android:extractDeepLinksForAarDebug', task ':permission_handler_android:mergeDebugGeneratedProguardFiles', task ':permission_handler_android:mergeDebugConsumerProguardFiles', task ':permission_handler_android:prepareDebugArtProfile', task ':permission_handler_android:prepareLintJarForPublish', task ':permission_handler_android:mergeDebugJavaResource', task ':permission_handler_android:syncDebugLibJars', task ':permission_handler_android:bundleDebugAar', task ':permission_handler_android:assembleDebug', task ':shared_preferences_android:stripDebugDebugSymbols', task ':shared_preferences_android:copyDebugJniLibsProjectAndLocalJars', task ':shared_preferences_android:extractDebugAnnotations', task ':shared_preferences_android:extractDeepLinksForAarDebug', task ':shared_preferences_android:mergeDebugGeneratedProguardFiles', task ':shared_preferences_android:mergeDebugConsumerProguardFiles', task ':shared_preferences_android:prepareDebugArtProfile', task ':shared_preferences_android:prepareLintJarForPublish', task ':shared_preferences_android:mergeDebugJavaResource', task ':shared_preferences_android:syncDebugLibJars', task ':shared_preferences_android:bundleDebugAar', task ':shared_preferences_android:assembleDebug', task ':sqflite_android:stripDebugDebugSymbols', task ':sqflite_android:copyDebugJniLibsProjectAndLocalJars', task ':sqflite_android:extractDebugAnnotations', task ':sqflite_android:extractDeepLinksForAarDebug', task ':sqflite_android:mergeDebugGeneratedProguardFiles', task ':sqflite_android:mergeDebugConsumerProguardFiles', task ':sqflite_android:prepareDebugArtProfile', task ':sqflite_android:prepareLintJarForPublish', task ':sqflite_android:mergeDebugJavaResource', task ':sqflite_android:syncDebugLibJars', task ':sqflite_android:bundleDebugAar', task ':sqflite_android:assembleDebug', task ':url_launcher_android:stripDebugDebugSymbols', task ':url_launcher_android:copyDebugJniLibsProjectAndLocalJars', task ':url_launcher_android:extractDebugAnnotations', task ':url_launcher_android:extractDeepLinksForAarDebug', task ':url_launcher_android:mergeDebugGeneratedProguardFiles', task ':url_launcher_android:mergeDebugConsumerProguardFiles', task ':url_launcher_android:prepareDebugArtProfile', task ':url_launcher_android:prepareLintJarForPublish', task ':url_launcher_android:mergeDebugJavaResource', task ':url_launcher_android:syncDebugLibJars', task ':url_launcher_android:bundleDebugAar', task ':url_launcher_android:assembleDebug', task ':video_player_android:stripDebugDebugSymbols', task ':video_player_android:copyDebugJniLibsProjectAndLocalJars', task ':video_player_android:extractDebugAnnotations', task ':video_player_android:extractDeepLinksForAarDebug', task ':video_player_android:mergeDebugGeneratedProguardFiles', task ':video_player_android:mergeDebugConsumerProguardFiles', task ':video_player_android:prepareDebugArtProfile', task ':video_player_android:prepareLintJarForPublish', task ':video_player_android:mergeDebugJavaResource', task ':video_player_android:syncDebugLibJars', task ':video_player_android:bundleDebugAar', task ':video_player_android:assembleDebug', task ':wakelock_plus:stripDebugDebugSymbols', task ':wakelock_plus:copyDebugJniLibsProjectAndLocalJars', task ':wakelock_plus:extractDebugAnnotations', task ':wakelock_plus:extractDeepLinksForAarDebug', task ':wakelock_plus:mergeDebugGeneratedProguardFiles', task ':wakelock_plus:mergeDebugConsumerProguardFiles', task ':wakelock_plus:prepareDebugArtProfile', task ':wakelock_plus:prepareLintJarForPublish', task ':wakelock_plus:mergeDebugJavaResource', task ':wakelock_plus:syncDebugLibJars', task ':wakelock_plus:bundleDebugAar', task ':wakelock_plus:assembleDebug']
[   +4 ms] Tasks that were excluded: []
[  +95 ms] work action Parameters of IdentityTransform (Thread[#1260,Execution worker Thread 2,5,main]) started.
[        ] work action Parameters of DexingNoClasspathTransform (Thread[#1260,Execution worker Thread 2,5,main]) started.
[        ] work action Parameters of DexingOutputSplitTransform (Thread[#1260,Execution worker Thread 2,5,main]) started.
[        ] work action Parameters of ClassesDirToClassesTransform (Thread[#1260,Execution worker Thread 2,5,main]) started.
[        ] work action Parameters of DexingOutputSplitTransform (Thread[#1260,Execution worker Thread 2,5,main]) started.
[        ] Resolve mutations for :app:DebugMinSdkCheck (Thread[#1260,Execution worker Thread 2,5,main]) started.
[        ] :app:DebugMinSdkCheck (Thread[#1260,Execution worker Thread 2,5,main]) started.
[   +1 ms] > Task :app:DebugMinSdkCheck
[        ] Caching disabled for task ':app:DebugMinSdkCheck' because:
[        ]   Build cache is disabled
[        ] Task ':app:DebugMinSdkCheck' is not up-to-date because:
[        ]   Task has not declared any outputs despite executing actions.
[        ] Resolve mutations for :app:preBuild (Thread[#1260,Execution worker Thread 2,5,main]) started.
[        ] :app:preBuild (Thread[#1260,Execution worker Thread 2,5,main]) started.
[        ] > Task :app:preBuild UP-TO-DATE
[        ] Skipping task ':app:preBuild' as it has no actions.
[        ] Resolve mutations for :app:preDebugBuild (Thread[#1260,Execution worker Thread 2,5,main]) started.
[        ] :app:preDebugBuild (Thread[#1260,Execution worker Thread 2,5,main]) started.
[        ] > Task :app:preDebugBuild UP-TO-DATE
[        ] Skipping task ':app:preDebugBuild' as it has no actions.
[        ] Resolve mutations for :app:mergeDebugNativeDebugMetadata (Thread[#1260,Execution worker Thread 2,5,main]) started.
[        ] :app:mergeDebugNativeDebugMetadata (Thread[#1260,Execution worker Thread 2,5,main]) started.
[        ] > Task :app:mergeDebugNativeDebugMetadata NO-SOURCE
[        ] Skipping task ':app:mergeDebugNativeDebugMetadata' as it has no source files and no previous output files.
[        ] Resolve mutations for :app:checkKotlinGradlePluginConfigurationErrors (Thread[#1260,Execution worker Thread 2,5,main]) started.
[        ] :app:checkKotlinGradlePluginConfigurationErrors (Thread[#1260,Execution worker Thread 2,5,main]) started.
[        ] > Task :app:checkKotlinGradlePluginConfigurationErrors SKIPPED
[        ] Skipping task ':app:checkKotlinGradlePluginConfigurationErrors' as task onlyIf 'errorDiagnostics are present' is false.
[        ] Resolve mutations for :app:compileFlutterBuildDebug (Thread[#1260,Execution worker Thread 2,5,main]) started.
[        ] :app:compileFlutterBuildDebug (Thread[#1260,Execution worker Thread 2,5,main]) started.
[+1980 ms] > Task :app:compileFlutterBuildDebug
[        ] Caching disabled for task ':app:compileFlutterBuildDebug' because:
[        ]   Build cache is disabled
[        ]   Caching has not been enabled for the task
[        ] Task ':app:compileFlutterBuildDebug' is not up-to-date because:
[        ]   Task has failed previously.
[        ] Starting process 'command 'C:\flutter\bin\flutter.bat''. Working directory: C:\Users\Dobgima Joshua\Desktop\Home237 Command: C:\flutter\bin\flutter.bat --verbose assemble --no-version-check --depfile C:\Users\Dobgima Joshua\Desktop\Home237\build\app\intermediates\flutter\debug/flutter_build.d --output C:\Users\Dobgima Joshua\Desktop\Home237\build\app\intermediates\flutter\debug -dTargetFile=C:\Users\Dobgima Joshua\Desktop\Home237\lib\main.dart -dTargetPlatform=android -dBuildMode=debug -dTrackWidgetCreation=true --DartDefines=RkxVVFRFUl9WRVJTSU9OPTMuMzguOQ==,RkxVVFRFUl9DSEFOTkVMPXN0YWJsZQ==,RkxVVFRFUl9HSVRfVVJMPWh0dHBzOi8vZ2l0aHViLmNvbS9mbHV0dGVyL2ZsdXR0ZXIuZ2l0,RkxVVFRFUl9GUkFNRVdPUktfUkVWSVNJT049NjczMjNkZTI4NQ==,RkxVVFRFUl9FTkdJTkVfUkVWSVNJT049NTg3YzE4Zjg3Mw==,RkxVVFRFUl9EQVJUX1ZFUlNJT049My4xMC44 -dFlavor= -dAndroidArchs=android-arm64 -dMinSdkVersion=24 debug_android_application
[        ] Successfully started process 'command 'C:\flutter\bin\flutter.bat''
[        ] [ +170 ms] Artifact Instance of 'MaterialFonts' is not required, skipping update.
[        ] [   +3 ms] Artifact Instance of 'GradleWrapper' is not required, skipping update.
[        ] [        ] Artifact Instance of 'AndroidGenSnapshotArtifacts' is not required, skipping update.
[        ] [        ] Artifact Instance of 'AndroidInternalBuildArtifacts' is not required, skipping update.
[        ] [        ] Artifact Instance of 'IOSEngineArtifacts' is not required, skipping update.
[        ] [        ] Artifact Instance of 'FlutterWebSdk' is not required, skipping update.
[        ] [   +1 ms] Artifact Instance of 'LegacyCanvasKitRemover' is not required, skipping update.
[        ] [        ] Artifact Instance of 'FlutterSdk' is not required, skipping update.
[        ] [        ] Artifact Instance of 'WindowsEngineArtifacts' is not required, skipping update.
[        ] [        ] Artifact Instance of 'MacOSEngineArtifacts' is not required, skipping update.
[        ] [        ] Artifact Instance of 'LinuxEngineArtifacts' is not required, skipping update.
[        ] [        ] Artifact Instance of 'LinuxFuchsiaSDKArtifacts' is not required, skipping update.
[        ] [        ] Artifact Instance of 'MacOSFuchsiaSDKArtifacts' is not required, skipping update.
[        ] [        ] Artifact Instance of 'FlutterRunnerSDKArtifacts' is not required, skipping update.
[        ] [        ] Artifact Instance of 'FlutterRunnerDebugSymbols' is not required, skipping update.
[        ] [        ] Artifact Instance of 'IosUsbArtifacts' is not required, skipping update.
[        ] [        ] Artifact Instance of 'IosUsbArtifacts' is not required, skipping update.
[        ] [        ] Artifact Instance of 'IosUsbArtifacts' is not required, skipping update.
[        ] [        ] Artifact Instance of 'IosUsbArtifacts' is not required, skipping update.
[        ] [        ] Artifact Instance of 'IosUsbArtifacts' is not required, skipping update.
[        ] [        ] Artifact Instance of 'IosUsbArtifacts' is not required, skipping update.
[        ] [        ] Artifact Instance of 'FontSubsetArtifacts' is not required, skipping update.
[        ] [        ] Artifact Instance of 'PubDependencies' is not required, skipping update.
[        ] [  +24 ms] Artifact Instance of 'AndroidGenSnapshotArtifacts' is not required, skipping update.
[        ] [        ] Artifact Instance of 'AndroidInternalBuildArtifacts' is not required, skipping update.
[        ] [        ] Artifact Instance of 'IOSEngineArtifacts' is not required, skipping update.
[        ] [        ] Artifact Instance of 'FlutterWebSdk' is not required, skipping update.
[        ] [        ] Artifact Instance of 'FlutterEngineStamp' is not required, skipping update.
[        ] [        ] Artifact Instance of 'LegacyCanvasKitRemover' is not required, skipping update.
[        ] [   +7 ms] Artifact Instance of 'WindowsEngineArtifacts' is not required, skipping update.
[        ] [        ] Artifact Instance of 'MacOSEngineArtifacts' is not required, skipping update.
[        ] [        ] Artifact Instance of 'LinuxEngineArtifacts' is not required, skipping update.
[        ] [        ] Artifact Instance of 'LinuxFuchsiaSDKArtifacts' is not required, skipping update.
[        ] [        ] Artifact Instance of 'MacOSFuchsiaSDKArtifacts' is not required, skipping update.
[        ] [        ] Artifact Instance of 'FlutterRunnerSDKArtifacts' is not required, skipping update.
[        ] [        ] Artifact Instance of 'FlutterRunnerDebugSymbols' is not required, skipping update.
[        ] [ +177 ms] Artifact Instance of 'MaterialFonts' is not required, skipping update.
[        ] [        ] Artifact Instance of 'GradleWrapper' is not required, skipping update.
[        ] [   +4 ms] Artifact Instance of 'AndroidInternalBuildArtifacts' is not required, skipping update.
[        ] [        ] Artifact Instance of 'IOSEngineArtifacts' is not required, skipping update.
[        ] [        ] Artifact Instance of 'FlutterWebSdk' is not required, skipping update.
[        ] [        ] Artifact Instance of 'FlutterEngineStamp' is not required, skipping update.
[        ] [        ] Artifact Instance of 'LegacyCanvasKitRemover' is not required, skipping update.
[        ] [        ] Artifact Instance of 'FlutterSdk' is not required, skipping update.
[        ] [        ] Artifact Instance of 'WindowsEngineArtifacts' is not required, skipping update.
[        ] [        ] Artifact Instance of 'MacOSEngineArtifacts' is not required, skipping update.
[        ] [        ] Artifact Instance of 'LinuxEngineArtifacts' is not required, skipping update.
[        ] [        ] Artifact Instance of 'LinuxFuchsiaSDKArtifacts' is not required, skipping update.
[   +1 ms] [        ] Artifact Instance of 'MacOSFuchsiaSDKArtifacts' is not required, skipping update.
[        ] [        ] Artifact Instance of 'FlutterRunnerSDKArtifacts' is not required, skipping update.
[        ] [        ] Artifact Instance of 'FlutterRunnerDebugSymbols' is not required, skipping update.
[        ] [        ] Artifact Instance of 'IosUsbArtifacts' is not required, skipping update.
[        ] [        ] Artifact Instance of 'IosUsbArtifacts' is not required, skipping update.
[        ] [        ] Artifact Instance of 'IosUsbArtifacts' is not required, skipping update.
[        ] [        ] Artifact Instance of 'IosUsbArtifacts' is not required, skipping update.
[        ] [        ] Artifact Instance of 'IosUsbArtifacts' is not required, skipping update.
[        ] [        ] Artifact Instance of 'IosUsbArtifacts' is not required, skipping update.
[        ] [        ] Artifact Instance of 'FontSubsetArtifacts' is not required, skipping update.
[        ] [        ] Artifact Instance of 'PubDependencies' is not required, skipping update.
[        ] [ +101 ms] Initializing file store
[        ] [   +4 ms] Done initializing file store
[        ] [ +126 ms] Skipping target: dart_build
[        ] [   +4 ms] Skipping target: gen_dart_plugin_registrant
[        ] [   +1 ms] Skipping target: install_code_assets
[        ] [        ] Skipping target: gen_localizations
[+1136 ms] [+1324 ms] kernel_snapshot_program: Starting due to {InvalidatedReasonKind.outputSetAddition: The following outputs were added to the output set: C:\Users\Dobgima Joshua\Desktop\Home237\.dart_tool\flutter_build\580750e7bbfd65e2886c0a4319f35c09\app.dill, InvalidatedReasonKind.inputChanged: The following inputs have updated contents: C:\flutter\packages\flutter_tools\lib\src\build_system\targets\common.dart,C:\flutter\bin\cache\engine.stamp,C:\flutter\bin\cache\engine.stamp,C:\flutter\bin\cache\engine.stamp,C:\flutter\bin\cache\engine.stamp,C:\Users\Dobgima Joshua\Desktop\Home237\lib\main.dart,C:\flutter\packages\flutter\lib\src\dart_plugin_registrant.dart,C:\flutter\packages\flutter\lib\material.dart,C:\Users\Dobgima Joshua\AppData\Local\Pub\Cache\hosted\pub.dev\firebase_core-4.4.0\lib\firebase_core.dart,C:\flutter\packages\flutter_localizations\lib\flutter_localizations.dart,C:\Users\Dobgima Joshua\AppData\Local\Pub\Cache\hosted\pub.dev\provider-6.1.5+1\lib\provider.dart,C:\Users\Dobgima Joshua\AppData\Local\Pub\Cache\hosted\pub.dev\supabase_flutter-2.12.0\lib\supabase_flutter.dart,C:\Users\Dobgima Joshua\Desktop\Home237\lib\firebase_options.dart,C:\Users\Dobgima Joshua\Desktop\Home237\lib\splash_screen.dart,C:\Users\Dobgima Joshua\Desktop\Home237\lib\theme_notifier.dart,C:\Users\Dobgima Joshua\Desktop\Home237\lib\locale_notifier.dart,C:\Users\Dobgima Joshua\Desktop\Home237\lib\app_localizations.dart,C:\Users\Dobgima Joshua\Desktop\Home237\lib\auth_service.dart,C:\Users\Dobgima Joshua\AppData\Local\Pub\Cache\hosted\pub.dev\geocoding_android-3.3.1\lib\geocoding_android.dart,C:\Users\Dobgima Joshua\AppData\Local\Pub\Cache\hosted\pub.dev\geolocator_android-4.6.2\lib\geolocator_android.dart,C:\Users\Dobgima Joshua\AppData\Local\Pub\Cache\hosted\pub.dev\google_sign_in_android-6.2.1\lib\google_sign_in_android.dart,C:\Users\Dobgima Joshua\AppData\Local\Pub\Cache\hosted\pub.dev\image_picker_android-0.8.13+13\lib\image_picker_android.dart,C:\Users\Dobgima Joshua\AppData\Local\Pub\Cache\hosted\pub.dev\path_provider_android-2.2.22\lib\path_provider_android.dart,C:\Users\Dobgima Joshua\AppData\Local\Pub\Cache\hosted\pub.dev\shared_preferences_android-2.4.20\lib\shared_preferences_android.dart,C:\Users\Dobgima Joshua\AppData\Local\Pub\Cache\hosted\pub.dev\sqflite_android-2.4.2+2\lib\sqflite_android.dart,C:\Users\Dobgima Joshua\AppData\Local\Pub\Cache\hosted\pub.dev\url_launcher_android-6.3.28\lib\url_launcher_android.dart,C:\Users\Dobgima Joshua\AppData\Local\Pub\Cache\hosted\pub.dev\video_player_android-2.9.4\lib\video_player_android.dart,C:\Users\Dobgima Joshua\AppData\Local\Pub\Cache\hosted\pub.dev\geocoding_ios-3.1.0\lib\geocoding_ios.dart,C:\Users\Dobgima Joshua\AppData\Local\Pub\Cache\hosted\pub.dev\geolocator_apple-2.3.13\lib\geolocator_apple.dart,C:\Users\Dobgima Joshua\AppData\Local\Pub\Cache\hosted\pub.dev\google_sign_in_ios-5.9.0\lib\google_sign_in_ios.dart,C:\Users\Dobgima Joshua\AppData\Local\Pub\Cache\hosted\pub.dev\image_picker_ios-0.8.13+6\lib\image_picker_ios.dart,C:\Users\Dobgima Joshua\AppData\Local\Pub\Cache\hosted\pub.dev\path_provider_foundation-2.6.0\lib\path_provider_foundation.dart,C:\Users\Dobgima Joshua\AppData\Local\Pub\Cache\hosted\pub.dev\shared_preferences_foundation-2.5.6\lib\shared_preferences_foundation.dart,C:\Users\Dobgima Joshua\AppData\Local\Pub\Cache\hosted\pub.dev\sqflite_darwin-2.4.2\lib\sqflite_darwin.dart,C:\Users\Dobgima Joshua\AppData\Local\Pub\Cache\hosted\pub.dev\url_launcher_ios-6.4.0\lib\url_launcher_ios.dart,C:\Users\Dobgima Joshua\AppData\Local\Pub\Cache\hosted\pub.dev\video_player_avfoundation-2.9.4\lib\video_player_avfoundation.dart,C:\Users\Dobgima Joshua\AppData\Local\Pub\Cache\hosted\pub.dev\app_links_linux-1.0.3\lib\app_links_linux.dart,C:\Users\Dobgima Joshua\AppData\Local\Pub\Cache\hosted\pub.dev\device_info_plus-10.1.2\lib\device_info_plus.dart,C:\Users\Dobgima Joshua\AppData\Local\Pub\Cache\hosted\pub.dev\file_selector_linux-0.9.4\lib\file_selector_linux.dart,C:\Users\Dobgima Joshua\AppData\Local\Pub\Cache\hosted\pub.dev\image_picker_linux-0.2.2\lib\image_picker_linux.dart,C:\Users\Dobgima Joshua\AppData\Local\Pub\Cache\hosted\pub.dev\package_info_plus-9.0.0\lib\package_info_plus.dart,C:\Users\Dobgima Joshua\AppData\Local\Pub\Cache\hosted\pub.dev\path_provider_linux-2.2.1\lib\path_provider_linux.dart,C:\Users\Dobgima Joshua\AppData\Local\Pub\Cache\hosted\pub.dev\shared_preferences_linux-2.4.1\lib\shared_preferences_linux.dart,C:\Users\Dobgima Joshua\AppData\Local\Pub\Cache\hosted\pub.dev\url_launcher_linux-3.2.2\lib\url_launcher_linux.dart,C:\Users\Dobgima Joshua\AppData\Local\Pub\Cache\hosted\pub.dev\wakelock_plus-1.4.0\lib\wakelock_plus.dart,C:\Users\Dobgima Joshua\AppData\Local\Pub\Cache\hosted\pub.dev\file_selector_macos-0.9.5\lib\file_selector_macos.dart,C:\Users\Dobgima Joshua\AppData\Local\Pub\Cache\hosted\pub.dev\image_picker_macos-0.2.2+1\lib\image_picker_macos.dart,C:\Users\Dobgima Joshua\AppData\Local\Pub\Cache\hosted\pub.dev\url_launcher_macos-3.2.5\lib\url_launcher_macos.dart,C:\Users\Dobgima Joshua\AppData\Local\Pub\Cache\hosted\pub.dev\file_selector_windows-0.9.3+5\lib\file_selector_windows.dart,C:\Users\Dobgima Joshua\AppData\Local\Pub\Cache\hosted\pub.dev\image_picker_windows-0.2.2\lib\image_picker_windows.dart,C:\Users\Dobgima Joshua\AppData\Local\Pub\Cache\hosted\pub.dev\path_provider_windows-2.3.0\lib\path_provider_windows.dart,C:\Users\Dobgima Joshua\AppData\Local\Pub\Cache\hosted\pub.dev\shared_preferences_windows-2.4.1\lib\shared_preferences_windows.dart,C:\Users\Dobgima Joshua\AppData\Local\Pub\Cache\hosted\pub.dev\url_launcher_windows-3.1.5\lib\url_launcher_windows.dart,C:\flutter\packages\flutter\lib\src\material\about.dart,C:\flutter\packages\flutter\lib\src\material\action_buttons.dart,C:\flutter\packages\flutter\lib\src\material\action_chip.dart,C:\flutter\packages\flutter\lib\src\material\action_icons_theme.dart,C:\flutter\packages\flutter\lib\src\material\adaptive_text_selection_toolbar.dart,C:\flutter\packages\flutter\lib\src\material\animated_icons.dart,C:\flutter\packages\flutter\lib\src\material\app.dart,C:\flutter\packages\flutter\lib\src\material\app_bar.dart,C:\flutter\packages\flutter\lib\src\material\app_bar_theme.dart,C:\flutter\packages\flutter\lib\src\material\arc.dart,C:\flutter\packages\flutter\lib\src\material\autocomplete.dart,C:\flutter\packages\flutter\lib\src\material\badge.dart,C:\flutter\packages\flutter\lib\src\material\badge_theme.dart,C:\flutter\packages\flutter\lib\src\material\banner.dart,C:\flutter\packages\flutter\lib\src\material\banner_theme.dart,C:\flutter\packages\flutter\lib\src\material\bottom_app_bar.dart,C:\flutter\packages\flutter\lib\src\material\bottom_app_bar_theme.dart,C:\flutter\packages\flutter\lib\src\material\bottom_navigation_bar.dart,C:\flutter\packages\flutter\lib\src\material\bottom_navigation_bar_theme.dart,C:\flutter\packages\flutter\lib\src\material\bottom_sheet.dart,C:\flutter\packages\flutter\lib\src\material\bottom_sheet_theme.dart,C:\flutter\packages\flutter\lib\src\material\button.dart,C:\flutter\packages\flutter\lib\src\material\button_bar.dart,C:\flutter\packages\flutter\lib\src\material\button_bar_theme.dart,C:\flutter\packages\flutter\lib\src\material\button_style.dart,C:\flutter\packages\flutter\lib\src\material\button_style_button.dart,C:\flutter\packages\flutter\lib\src\material\button_theme.dart,C:\flutter\packages\flutter\lib\src\material\calendar_date_picker.dart,C:\flutter\packages\flutter\lib\src\material\card.dart,C:\flutter\packages\flutter\lib\src\material\card_theme.dart,C:\flutter\packages\flutter\lib\src\material\carousel.dart,C:\flutter\packages\flutter\lib\src\material\carousel_theme.dart,C:\flutter\packages\flutter\lib\src\material\checkbox.dart,C:\flutter\packages\flutter\lib\src\material\checkbox_list_tile.dart,C:\flutter\packages\flutter\lib\src\material\checkbox_theme.dart,C:\flutter\packages\flutter\lib\src\material\chip.dart,C:\flutter\packages\flutter\lib\src\material\chip_theme.dart,C:\flutter\packages\flutter\lib\src\material\choice_chip.dart,C:\flutter\packages\flutter\lib\src\material\circle_avatar.dart,C:\flutter\packages\flutter\lib\src\material\color_scheme.dart,C:\flutter\packages\flutter\lib\src\material\colors.dart,C:\flutter\packages\flutter\lib\src\material\constants.dart,C:\flutter\packages\flutter\lib\src\material\curves.dart,C:\flutter\packages\flutter\lib\src\material\data_table.dart,C:\flutter\packages\flutter\lib\src\material\data_table_source.dart,C:\flutter\packages\flutter\lib\src\material\data_table_theme.dart,C:\flutter\packages\flutter\lib\src\material\date.dart,C:\flutter\packages\flutter\lib\src\material\date_picker.dart,C:\flutter\packages\flutter\lib\src\material\date_picker_theme.dart,C:\flutter\packages\flutter\lib\src\material\debug.dart,C:\flutter\packages\flutter\lib\src\material\desktop_text_selection.dart,C:\flutter\packages\flutter\lib\src\material\desktop_text_selection_toolbar.dart,C:\flutter\packages\flutter\lib\src\material\desktop_text_selection_toolbar_button.dart,C:\flutter\packages\flutter\lib\src\material\dialog.dart,C:\flutter\packages\flutter\lib\src\material\dialog_theme.dart,C:\flutter\packages\flutter\lib\src\material\divider.dart,C:\flutter\packages\flutter\lib\src\material\divider_theme.dart,C:\flutter\packages\flutter\lib\src\material\drawer.dart,C:\flutter\packages\flutter\lib\src\material\drawer_header.dart,C:\flutter\packages\flutter\lib\src\material\drawer_theme.dart,C:\flutter\packages\flutter\lib\src\material\dropdown.dart,C:\flutter\packages\flutter\lib\src\material\dropdown_menu.dart,C:\flutter\packages\flutter\lib\src\material\dropdown_menu_form_field.dart,C:\flutter\packages\flutter\lib\src\material\dropdown_menu_theme.dart,C:\flutter\packages\flutter\lib\src\material\elevated_button.dart,C:\flutter\packages\flutter\lib\src\material\elevated_button_theme.dart,C:\flutter\packages\flutter\lib\src\material\elevation_overlay.dart,C:\flutter\packages\flutter\lib\src\material\expand_icon.dart,C:\flutter\packages\flutter\lib\src\material\expansion_panel.dart,C:\flutter\packages\flutter\lib\src\material\expansion_tile.dart,C:\flutter\packages\flutter\lib\src\material\expansion_tile_theme.dart,C:\flutter\packages\flutter\lib\src\material\filled_button.dart,C:\flutter\packages\flutter\lib\src\material\filled_button_theme.dart,C:\flutter\packages\flutter\lib\src\material\filter_chip.dart,C:\flutter\packages\flutter\lib\src\material\flexible_space_bar.dart,C:\flutter\packages\flutter\lib\src\material\floating_action_button.dart,C:\flutter\packages\flutter\lib\src\material\floating_action_button_location.dart,C:\flutter\packages\flutter\lib\src\material\floating_action_button_theme.dart,C:\flutter\packages\flutter\lib\src\material\grid_tile.dart,C:\flutter\packages\flutter\lib\src\material\grid_tile_bar.dart,C:\flutter\packages\flutter\lib\src\material\icon_button.dart,C:\flutter\packages\flutter\lib\src\material\icon_button_theme.dart,C:\flutter\packages\flutter\lib\src\material\icons.dart,C:\flutter\packages\flutter\lib\src\material\ink_decoration.dart,C:\flutter\packages\flutter\lib\src\material\ink_highlight.dart,C:\flutter\packages\flutter\lib\src\material\ink_ripple.dart,C:\flutter\packages\flutter\lib\src\material\ink_sparkle.dart,C:\flutter\packages\flutter\lib\src\material\ink_splash.dart,C:\flutter\packages\flutter\lib\src\material\ink_well.dart,C:\flutter\packages\flutter\lib\src\material\input_border.dart,C:\flutter\packages\flutter\lib\src\material\input_chip.dart,C:\flutter\packages\flutter\lib\src\material\input_date_picker_form_field.dart,C:\flutter\packages\flutter\lib\src\material\input_decorator.dart,C:\flutter\packages\flutter\lib\src\material\list_tile.dart,C:\flutter\packages\flutter\lib\src\material\list_tile_theme.dart,C:\flutter\packages\flutter\lib\src\material\magnifier.dart,C:\flutter\packages\flutter\lib\src\material\material.dart,C:\flutter\packages\flutter\lib\src\material\material_button.dart,C:\flutter\packages\flutter\lib\src\material\material_localizations.dart,C:\flutter\packages\flutter\lib\src\material\material_state.dart,C:\flutter\packages\flutter\lib\src\material\material_state_mixin.dart,C:\flutter\packages\flutter\lib\src\material\menu_anchor.dart,C:\flutter\packages\flutter\lib\src\material\menu_bar_theme.dart,C:\flutter\packages\flutter\lib\src\material\menu_button_theme.dart,C:\flutter\packages\flutter\lib\src\material\menu_style.dart,C:\flutter\packages\flutter\lib\src\material\menu_theme.dart,C:\flutter\packages\flutter\lib\src\material\mergeable_material.dart,C:\flutter\packages\flutter\lib\src\material\motion.dart,C:\flutter\packages\flutter\lib\src\material\navigation_bar.dart,C:\flutter\packages\flutter\lib\src\material\navigation_bar_theme.dart,C:\flutter\packages\flutter\lib\src\material\navigation_drawer.dart,C:\flutter\packages\flutter\lib\src\material\navigation_drawer_theme.dart,C:\flutter\packages\flutter\lib\src\material\navigation_rail.dart,C:\flutter\packages\flutter\lib\src\material\navigation_rail_theme.dart,C:\flutter\packages\flutter\lib\src\material\no_splash.dart,C:\flutter\packages\flutter\lib\src\material\outlined_button.dart,C:\flutter\packages\flutter\lib\src\material\outlined_button_theme.dart,C:\flutter\packages\flutter\lib\src\material\page.dart,C:\flutter\packages\flutter\lib\src\material\page_transitions_theme.dart,C:\flutter\packages\flutter\lib\src\material\paginated_data_table.dart,C:\flutter\packages\flutter\lib\src\material\popup_menu.dart,C:\flutter\packages\flutter\lib\src\material\popup_menu_theme.dart,C:\flutter\packages\flutter\lib\src\material\predictive_back_page_transitions_builder.dart,C:\flutter\packages\flutter\lib\src\material\progress_indicator.dart,C:\flutter\packages\flutter\lib\src\material\progress_indicator_theme.dart,C:\flutter\packages\flutter\lib\src\material\radio.dart,C:\flutter\packages\flutter\lib\src\material\radio_list_tile.dart,C:\flutter\packages\flutter\lib\src\material\radio_theme.dart,C:\flutter\packages\flutter\lib\src\material\range_slider.dart,C:\flutter\packages\flutter\lib\src\material\range_slider_parts.dart,C:\flutter\packages\flutter\lib\src\material\refresh_indicator.dart,C:\flutter\packages\flutter\lib\src\material\reorderable_list.dart,C:\flutter\packages\flutter\lib\src\material\scaffold.dart,C:\flutter\packages\flutter\lib\src\material\scrollbar.dart,C:\flutter\packages\flutter\lib\src\material\scrollbar_theme.dart,C:\flutter\packages\flutter\lib\src\material\search.dart,C:\flutter\packages\flutter\lib\src\material\search_anchor.dart,C:\flutter\packages\flutter\lib\src\material\search_bar_theme.dart,C:\flutter\packages\flutter\lib\src\material\search_view_theme.dart,C:\flutter\packages\flutter\lib\src\material\segmented_button.dart,C:\flutter\packages\flutter\lib\src\material\segmented_button_theme.dart,C:\flutter\packages\flutter\lib\src\material\selectable_text.dart,C:\flutter\packages\flutter\lib\src\material\selection_area.dart,C:\flutter\packages\flutter\lib\src\material\shadows.dart,C:\flutter\packages\flutter\lib\src\material\slider.dart,C:\flutter\packages\flutter\lib\src\material\slider_parts.dart,C:\flutter\packages\flutter\lib\src\material\slider_theme.dart,C:\flutter\packages\flutter\lib\src\material\slider_value_indicator_shape.dart,C:\flutter\packages\flutter\lib\src\material\snack_bar.dart,C:\flutter\packages\flutter\lib\src\material\snack_bar_theme.dart,C:\flutter\packages\flutter\lib\src\material\spell_check_suggestions_toolbar.dart,C:\flutter\packages\flutter\lib\src\material\spell_check_suggestions_toolbar_layout_delegate.dart,C:\flutter\packages\flutter\lib\src\material\stepper.dart,C:\flutter\packages\flutter\lib\src\material\switch.dart,C:\flutter\packages\flutter\lib\src\material\switch_list_tile.dart,C:\flutter\packages\flutter\lib\src\material\switch_theme.dart,C:\flutter\packages\flutter\lib\src\material\tab_bar_theme.dart,C:\flutter\packages\flutter\lib\src\material\tab_controller.dart,C:\flutter\packages\flutter\lib\src\material\tab_indicator.dart,C:\flutter\packages\flutter\lib\src\material\tabs.dart,C:\flutter\packages\flutter\lib\src\material\text_button.dart,C:\flutter\packages\flutter\lib\src\material\text_button_theme.dart,C:\flutter\packages\flutter\lib\src\material\text_field.dart,C:\flutter\packages\flutter\lib\src\material\text_form_field.dart,C:\flutter\packages\flutter\lib\src\material\text_selection.dart,C:\flutter\packages\flutter\lib\src\material\text_selection_theme.dart,C:\flutter\packages\flutter\lib\src\material\text_selection_toolbar.dart,C:\flutter\packages\flutter\lib\src\material\text_selection_toolbar_text_button.dart,C:\flutter\packages\flutter\lib\src\material\text_theme.dart,C:\flutter\packages\flutter\lib\src\material\theme.dart,C:\flutter\packages\flutter\lib\src\material\theme_data.dart,C:\flutter\packages\flutter\lib\src\material\time.dart,C:\flutter\packages\flutter\lib\src\material\time_picker.dart,C:\flutter\packages\flutter\lib\src\material\time_picker_theme.dart,C:\flutter\packages\flutter\lib\src\material\toggle_buttons.dart,C:\flutter\packages\flutter\lib\src\material\toggle_buttons_theme.dart,C:\flutter\packages\flutter\lib\src\material\tooltip.dart,C:\flutter\packages\flutter\lib\src\material\tooltip_theme.dart,C:\flutter\packages\flutter\lib\src\material\tooltip_visibility.dart,C:\flutter\packages\flutter\lib\src\material\typography.dart,C:\flutter\packages\flutter\lib\src\material\user_accounts_drawer_header.dart,C:\flutter\packages\flutter\lib\widgets.dart,C:\Users\Dobgima Joshua\AppData\Local\Pub\Cache\hosted\pub.dev\firebase_core_platform_interface-6.0.2\lib\firebase_core_platform_interface.dart,C:\flutter\packages\flutter\lib\foundation.dart,C:\Users\Dobgima Joshua\AppData\Local\Pub\Cache\hosted\pub.dev\firebase_core-4.4.0\lib\src\firebase.dart,C:\Users\Dobgima Joshua\AppData\Local\Pub\Cache\hosted\pub.dev\firebase_core-4.4.0\lib\src\firebase_app.dart,C:\Users\Dobgima Joshua\AppData\Local\Pub\Cache\hosted\pub.dev\firebase_core-4.4.0\lib\src\port_mapping.dart,C:\flutter\packages\flutter_localizations\lib\src\cupertino_localizations.dart,C:\flutter\packages\flutter_localizations\lib\src\l10n\generated_cupertino_localizations.dart,C:\flutter\packages\flutter_localizations\lib\src\l10n\generated_material_localizations.dart,C:\flutter\packages\flutter_localizations\lib\src\l10n\generated_widgets_localizations.dart,C:\flutter\packages\flutter_localizations\lib\src\material_localizations.dart,C:\flutter\packages\flutter_localizations\lib\src\widgets_localizations.dart,C:\Users\Dobgima Joshua\AppData\Local\Pub\Cache\hosted\pub.dev\provider-6.1.5+1\lib\src\async_provider.dart,C:\Users\Dobgima Joshua\AppData\Local\Pub\Cache\hosted\pub.dev\provider-6.1.5+1\lib\src\change_notifier_provider.dart,C:\Users\Dobgima Joshua\AppData\Local\Pub\Cache\hosted\pub.dev\provider-6.1.5+1\lib\src\consumer.dart,C:\Users\Dobgima Joshua\AppData\Local\Pub\Cache\hosted\pub.dev\provider-6.1.5+1\lib\src\listenable_provider.dart,C:\Users\Dobgima Joshua\AppData\Local\Pub\Cache\hosted\pub.dev\provider-6.1.5+1\lib\src\provider.dart,C:\Users\Dobgima Joshua\AppData\Local\Pub\Cache\hosted\pub.dev\provider-6.1.5+1\lib\src\proxy_provider.dart,C:\Users\Dobgima Joshua\AppData\Local\Pub\Cache\hosted\pub.dev\provider-6.1.5+1\lib\src\reassemble_handler.dart,C:\Users\Dobgima Joshua\AppData\Local\Pub\Cache\hosted\pub.dev\provider-6.1.5+1\lib\src\selector.dart,C:\Users\Dobgima Joshua\AppData\Local\Pub\Cache\hosted\pub.dev\provider-6.1.5+1\lib\src\value_listenable_provider.dart,C:\Users\Dobgima Joshua\AppData\Local\Pub\Cache\hosted\pub.dev\supabase-2.10.2\lib\supabase.dart,C:\Users\Dobgima Joshua\AppData\Local\Pub\Cache\hosted\pub.dev\url_launcher-6.3.2\lib\url_launcher.dart,C:\Users\Dobgima Joshua\AppData\Local\Pub\Cache\hosted\pub.dev\supabase_flutter-2.12.0\lib\src\flutter_go_true_client_options.dart,C:\Users\Dobgima Joshua\AppData\Local\Pub\Cache\hosted\pub.dev\supabase_flutter-2.12.0\lib\src\local_storage.dart,C:\Users\Dobgima Joshua\AppData\Local\Pub\Cache\hosted\pub.dev\supabase_flutter-2.12.0\lib\src\supabase.dart,C:\Users\Dobgima Joshua\AppData\Local\Pub\Cache\hosted\pub.dev\supabase_flutter-2.12.0\lib\src\supabase_auth.dart,C:\Users\Dobgima Joshua\AppData\Local\Pub\Cache\hosted\pub.dev\firebase_auth-6.1.4\lib\firebase_auth.dart,C:\Users\Dobgima Joshua\AppData\Local\Pub\Cache\hosted\pub.dev\cloud_firestore-6.1.2\lib\cloud_firestore.dart,C:\Users\Dobgima Joshua\AppData\Local\Pub\Cache\hosted\pub.dev\shared_preferences-2.5.4\lib\shared_preferences.dart,C:\Users\Dobgima Joshua\Desktop\Home237\lib\home_page.dart,C:\Users\Dobgima Joshua\Desktop\Home237\lib\tenant_dashboard.dart,C:\Users\Dobgima Joshua\Desktop\Home237\lib\landlord_dashboard.dart,C:\Users\Dobgima Joshua\Desktop\Home237\lib\admin_dashboard.dart,C:\Users\Dobgima Joshua\Desktop\Home237\lib\onboarding_screen.dart,C:\Users\Dobgima Joshua\AppData\Local\Pub\Cache\hosted\pub.dev\google_sign_in-6.3.0\lib\google_sign_in.dart,C:\flutter\packages\flutter\lib\services.dart,C:\Users\Dobgima Joshua\AppData\Local\Pub\Cache\hosted\pub.dev\geocoding_platform_interface-3.2.0\lib\geocoding_platform_interface.dart,C:\Users\Dobgima Joshua\AppData\Local\Pub\Cache\hosted\pub.dev\geolocator_platform_interface-4.2.6\lib\geolocator_platform_interface.dart,C:\Users\Dobgima Joshua\AppData\Local\Pub\Cache\hosted\pub.dev\geolocator_android-4.6.2\lib\src\geolocator_android.dart,C:\Users\Dobgima Joshua\AppData\Local\Pub\Cache\hosted\pub.dev\geolocator_android-4.6.2\lib\src\types\android_settings.dart,C:\Users\Dobgima Joshua\AppData\Local\Pub\Cache\hosted\pub.dev\geolocator_android-4.6.2\lib\src\types\android_position.dart,C:\Users\Dobgima Joshua\AppData\Local\Pub\Cache\hosted\pub.dev\geolocator_android-4.6.2\lib\src\types\foreground_settings.dart,C:\Users\Dobgima Joshua\AppData\Local\Pub\Cache\hosted\pub.dev\google_sign_in_platform_interface-2.5.0\lib\google_sign_in_platform_interface.dart,C:\Users\Dobgima Joshua\AppData\Local\Pub\Cache\hosted\pub.dev\google_sign_in_android-6.2.1\lib\src\messages.g.dart,C:\Users\Dobgima Joshua\AppData\Local\Pub\Cache\hosted\pub.dev\image_picker_platform_interface-2.11.1\lib\image_picker_platform_interface.dart,C:\Users\Dobgima Joshua\AppData\Local\Pub\Cache\hosted\pub.dev\image_picker_android-0.8.13+13\lib\src\messages.g.dart,C:\Users\Dobgima Joshua\AppData\Local\Pub\Cache\hosted\pub.dev\path_provider_platform_interface-2.1.2\lib\path_provider_platform_interface.dart,C:\Users\Dobgima Joshua\AppData\Local\Pub\Cache\hosted\pub.dev\path_provider_android-2.2.22\lib\messages.g.dart,C:\Users\Dobgima Joshua\AppData\Local\Pub\Cache\hosted\pub.dev\shared_preferences_android-2.4.20\lib\src\shared_preferences_android.dart,C:\Users\Dobgima Joshua\AppData\Local\Pub\Cache\hosted\pub.dev\shared_preferences_android-2.4.20\lib\src\shared_preferences_async_android.dart,C:\Users\Dobgima Joshua\AppData\Local\Pub\Cache\hosted\pub.dev\sqflite_platform_interface-2.4.0\lib\sqflite_platform_interface.dart,C:\Users\Dobgima Joshua\AppData\Local\Pub\Cache\hosted\pub.dev\url_launcher_platform_interface-2.3.2\lib\link.dart,C:\Users\Dobgima Joshua\AppData\Local\Pub\Cache\hosted\pub.dev\url_launcher_platform_interface-2.3.2\lib\url_launcher_platform_interface.dart,C:\Users\Dobgima Joshua\AppData\Local\Pub\Cache\hosted\pub.dev\url_launcher_android-6.3.28\lib\src\messages.g.dart,C:\Users\Dobgima Joshua\AppData\Local\Pub\Cache\hosted\pub.dev\video_player_android-2.9.4\lib\src\android_video_player.dart,C:\Users\Dobgima Joshua\AppData\Local\Pub\Cache\hosted\pub.dev\geolocator_apple-2.3.13\lib\src\geolocator_apple.dart,C:\Users\Dobgima Joshua\AppData\Local\Pub\Cache\hosted\pub.dev\geolocator_apple-2.3.13\lib\src\types\activity_type.dart,C:\Users\Dobgima Joshua\AppData\Local\Pub\Cache\hosted\pub.dev\geolocator_apple-2.3.13\lib\src\types\apple_settings.dart,C:\Users\Dobgima Joshua\AppData\Local\Pub\Cache\hosted\pub.dev\google_sign_in_ios-5.9.0\lib\src\messages.g.dart,C:\Users\Dobgima Joshua\AppData\Local\Pub\Cache\hosted\pub.dev\image_picker_ios-0.8.13+6\lib\src\messages.g.dart,C:\Users\Dobgima Joshua\AppData\Local\Pub\Cache\hosted\pub.dev\path_provider_foundation-2.6.0\lib\src\path_provider_foundation_real.dart,C:\Users\Dobgima Joshua\AppData\Local\Pub\Cache\hosted\pub.dev\shared_preferences_foundation-2.5.6\lib\src\shared_preferences_async_foundation.dart,C:\Users\Dobgima Joshua\AppData\Local\Pub\Cache\hosted\pub.dev\shared_preferences_foundation-2.5.6\lib\src\shared_preferences_foundation.dart,C:\Users\Dobgima Joshua\AppData\Local\Pub\Cache\hosted\pub.dev\url_launcher_ios-6.4.0\lib\src\messages.g.dart,C:\Users\Dobgima Joshua\AppData\Local\Pub\Cache\hosted\pub.dev\video_player_avfoundation-2.9.4\lib\src\avfoundation_video_player.dart,C:\Users\Dobgima Joshua\AppData\Local\Pub\Cache\hosted\pub.dev\app_links_platform_interface-2.0.2\lib\app_links_platform_interface.dart,C:\Users\Dobgima Joshua\AppData\Local\Pub\Cache\hosted\pub.dev\gtk-2.1.0\lib\gtk.dart,C:\Users\Dobgima Joshua\AppData\Local\Pub\Cache\hosted\pub.dev\device_info_plus_platform_interface-7.0.3\lib\device_info_plus_platform_interface.dart,C:\Users\Dobgima Joshua\AppData\Local\Pub\Cache\hosted\pub.dev\device_info_plus-10.1.2\lib\src\model\android_device_info.dart,C:\Users\Dobgima Joshua\AppData\Local\Pub\Cache\hosted\pub.dev\device_info_plus-10.1.2\lib\src\model\ios_device_info.dart,C:\Users\Dobgima Joshua\AppData\Local\Pub\Cache\hosted\pub.dev\device_info_plus-10.1.2\lib\src\model\linux_device_info.dart,C:\Users\Dobgima Joshua\AppData\Local\Pub\Cache\hosted\pub.dev\device_info_plus-10.1.2\lib\src\model\macos_device_info.dart,C:\Users\Dobgima Joshua\AppData\Local\Pub\Cache\hosted\pub.dev\device_info_plus-10.1.2\lib\src\model\web_browser_info.dart,C:\Users\Dobgima Joshua\AppData\Local\Pub\Cache\hosted\pub.dev\device_info_plus-10.1.2\lib\src\model\windows_device_info.dart,C:\Users\Dobgima Joshua\AppData\Local\Pub\Cache\hosted\pub.dev\device_info_plus-10.1.2\lib\src\device_info_plus_linux.dart,C:\Users\Dobgima Joshua\AppData\Local\Pub\Cache\hosted\pub.dev\device_info_plus-10.1.2\lib\src\device_info_plus_windows.dart,C:\Users\Dobgima Joshua\AppData\Local\Pub\Cache\hosted\pub.dev\file_selector_platform_interface-2.7.0\lib\file_selector_platform_interface.dart,C:\Users\Dobgima Joshua\AppData\Local\Pub\Cache\hosted\pub.dev\file_selector_linux-0.9.4\lib\src\messages.g.dart,C:\Users\Dobgima Joshua\AppData\Local\Pub\Cache\hosted\pub.dev\package_info_plus_platform_interface-3.2.1\lib\package_info_platform_interface.dart,C:\Users\Dobgima Joshua\AppData\Local\Pub\Cache\hosted\pub.dev\package_info_plus-9.0.0\lib\src\package_info_plus_linux.dart,C:\Users\Dobgima Joshua\AppData\Local\Pub\Cache\hosted\pub.dev\package_info_plus-9.0.0\lib\src\package_info_plus_windows.dart,C:\Users\Dobgima Joshua\AppData\Local\Pub\Cache\hosted\pub.dev\path_provider_linux-2.2.1\lib\src\path_provider_linux.dart,C:\Users\Dobgima Joshua\AppData\Local\Pub\Cache\hosted\pub.dev\file-7.0.1\lib\file.dart,C:\Users\Dobgima Joshua\AppData\Local\Pub\Cache\hosted\pub.dev\file-7.0.1\lib\local.dart,C:\Users\Dobgima Joshua\AppData\Local\Pub\Cache\hosted\pub.dev\path-1.9.1\lib\path.dart,C:\Users\Dobgima Joshua\AppData\Local\Pub\Cache\hosted\pub.dev\shared_preferences_platform_interface-2.4.1\lib\shared_preferences_async_platform_interface.dart,C:\Users\Dobgima Joshua\AppData\Local\Pub\Cache\hosted\pub.dev\shared_preferences_platform_interface-2.4.1\lib\shared_preferences_platform_interface.dart,C:\Users\Dobgima Joshua\AppData\Local\Pub\Cache\hosted\pub.dev\shared_preferences_platform_interface-2.4.1\lib\types.dart,C:\Users\Dobgima Joshua\AppData\Local\Pub\Cache\hosted\pub.dev\url_launcher_linux-3.2.2\lib\src\messages.g.dart,C:\Users\Dobgima Joshua\AppData\Local\Pub\Cache\hosted\pub.dev\wakelock_plus_platform_interface-1.3.0\lib\wakelock_plus_platform_interface.dart,C:\Users\Dobgima Joshua\AppData\Local\Pub\Cache\hosted\pub.dev\wakelock_plus-1.4.0\lib\src\wakelock_plus_io_plugin.dart,C:\Users\Dobgima Joshua\AppData\Local\Pub\Cache\hosted\pub.dev\file_selector_macos-0.9.5\lib\src\messages.g.dart,C:\Users\Dobgima Joshua\AppData\Local\Pub\Cache\hosted\pub.dev\url_launcher_macos-3.2.5\lib\src\messages.g.dart,C:\Users\Dobgima Joshua\AppData\Local\Pub\Cache\hosted\pub.dev\file_selector_windows-0.9.3+5\lib\src\messages.g.dart,C:\Users\Dobgima Joshua\AppData\Local\Pub\Cache\hosted\pub.dev\path_provider_windows-2.3.0\lib\src\folders.dart,C:\Users\Dobgima Joshua\AppData\Local\Pub\Cache\hosted\pub.dev\path_provider_windows-2.3.0\lib\src\path_provider_windows_real.dart,C:\Users\Dobgima Joshua\AppData\Local\Pub\Cache\hosted\pub.dev\url_launcher_windows-3.1.5\lib\src\messages.g.dart,C:\flutter\packages\flutter\lib\cupertino.dart,C:\flutter\packages\flutter\lib\scheduler.dart,C:\flutter\packages\flutter\lib\src\material\back_button.dart,C:\flutter\packages\flutter\lib\rendering.dart,C:\flutter\packages\flutter\lib\src\material\animated_icons\animated_icons.dart,C:\flutter\packages\flutter\lib\src\material\animated_icons\animated_icons_data.dart,C:\flutter\packages\flutter\lib\src\material\animated_icons\data\add_event.g.dart,C:\flutter\packages\flutter\lib\src\material\animated_icons\data\arrow_menu.g.dart,C:\flutter\packages\flutter\lib\src\material\animated_icons\data\close_menu.g.dart,C:\flutter\packages\flutter\lib\src\material\animated_icons\data\ellipsis_search.g.dart,C:\flutter\packages\flutter\lib\src\material\animated_icons\data\event_add.g.dart,C:\flutter\packages\flutter\lib\src\material\animated_icons\data\home_menu.g.dart,C:\flutter\packages\flutter\lib\src\material\animated_icons\data\list_view.g.dart,C:\flutter\packages\flutter\lib\src\material\animated_icons\data\menu_arrow.g.dart,C:\flutter\packages\flutter\lib\src\material\animated_icons\data\menu_close.g.dart,C:\flutter\packages\flutter\lib\src\material\animated_icons\data\menu_home.g.dart,C:\flutter\packages\flutter\lib\src\material\animated_icons\data\pause_play.g.dart,C:\flutter\packages\flutter\lib\src\material\animated_icons\data\play_pause.g.dart,C:\flutter\packages\flutter\lib\src\material\animated_icons\data\search_ellipsis.g.dart,C:\flutter\packages\flutter\lib\src\material\animated_icons\data\view_list.g.dart,C:\flutter\packages\flutter\lib\animation.dart,C:\Users\Dobgima Joshua\AppData\Local\Pub\Cache\hosted\pub.dev\vector_math-2.2.0\lib\vector_math_64.dart,C:\flutter\packages\flutter\lib\gestures.dart,C:\Users\Dobgima Joshua\AppData\Local\Pub\Cache\hosted\pub.dev\collection-1.19.1\lib\collection.dart,C:\Users\Dobgima Joshua\AppData\Local\Pub\Cache\hosted\pub.dev\material_color_utilities-0.11.1\lib\material_color_utilities.dart,C:\flutter\packages\flutter\lib\painting.dart,C:\Users\Dobgima Joshua\AppData\Local\Pub\Cache\hosted\pub.dev\characters-1.4.0\lib\characters.dart,C:\flutter\packages\flutter\lib\src\widgets\actions.dart,C:\flutter\packages\flutter\lib\src\widgets\adapter.dart,C:\flutter\packages\flutter\lib\src\widgets\animated_cross_fade.dart,C:\flutter\packages\flutter\lib\src\widgets\animated_scroll_view.dart,C:\flutter\packages\flutter\lib\src\widgets\animated_size.dart,C:\flutter\packages\flutter\lib\src\widgets\animated_switcher.dart,C:\flutter\packages\flutter\lib\src\widgets\annotated_region.dart,C:\flutter\packages\flutter\lib\src\widgets\app.dart,C:\flutter\packages\flutter\lib\src\widgets\app_lifecycle_listener.dart,C:\flutter\packages\flutter\lib\src\widgets\async.dart,C:\flutter\packages\flutter\lib\src\widgets\autocomplete.dart,C:\flutter\packages\flutter\lib\src\widgets\autofill.dart,C:\flutter\packages\flutter\lib\src\widgets\automatic_keep_alive.dart,C:\flutter\packages\flutter\lib\src\widgets\banner.dart,C:\flutter\packages\flutter\lib\src\widgets\basic.dart,C:\flutter\packages\flutter\lib\src\widgets\binding.dart,C:\flutter\packages\flutter\lib\src\widgets\bottom_navigation_bar_item.dart,C:\flutter\packages\flutter\lib\src\widgets\color_filter.dart,C:\flutter\packages\flutter\lib\src\widgets\container.dart,C:\flutter\packages\flutter\lib\src\widgets\context_menu_button_item.dart,C:\flutter\packages\flutter\lib\src\widgets\context_menu_controller.dart,C:\flutter\packages\flutter\lib\src\widgets\date.dart,C:\flutter\packages\flutter\lib\src\widgets\debug.dart,C:\flutter\packages\flutter\lib\src\widgets\decorated_sliver.dart,C:\flutter\packages\flutter\lib\src\widgets\default_selection_style.dart,C:\flutter\packages\flutter\lib\src\widgets\default_text_editing_shortcuts.dart,C:\flutter\packages\flutter\lib\src\widgets\desktop_text_selection_toolbar_layout_delegate.dart,C:\flutter\packages\flutter\lib\src\widgets\dismissible.dart,C:\flutter\packages\flutter\lib\src\widgets\display_feature_sub_screen.dart,C:\flutter\packages\flutter\lib\src\widgets\disposable_build_context.dart,C:\flutter\packages\flutter\lib\src\widgets\drag_boundary.dart,C:\flutter\packages\flutter\lib\src\widgets\drag_target.dart,C:\flutter\packages\flutter\lib\src\widgets\draggable_scrollable_sheet.dart,C:\flutter\packages\flutter\lib\src\widgets\dual_transition_builder.dart,C:\flutter\packages\flutter\lib\src\widgets\editable_text.dart,C:\flutter\packages\flutter\lib\src\widgets\expansible.dart,C:\flutter\packages\flutter\lib\src\widgets\fade_in_image.dart,C:\flutter\packages\flutter\lib\src\widgets\feedback.dart,C:\flutter\packages\flutter\lib\src\widgets\flutter_logo.dart,C:\flutter\packages\flutter\lib\src\widgets\focus_manager.dart,C:\flutter\packages\flutter\lib\src\widgets\focus_scope.dart,C:\flutter\packages\flutter\lib\src\widgets\focus_traversal.dart,C:\flutter\packages\flutter\lib\src\widgets\form.dart,C:\flutter\packages\flutter\lib\src\widgets\framework.dart,C:\flutter\packages\flutter\lib\src\widgets\gesture_detector.dart,C:\flutter\packages\flutter\lib\src\widgets\grid_paper.dart,C:\flutter\packages\flutter\lib\src\widgets\heroes.dart,C:\flutter\packages\flutter\lib\src\widgets\icon.dart,C:\flutter\packages\flutter\lib\src\widgets\icon_data.dart,C:\flutter\packages\flutter\lib\src\widgets\icon_theme.dart,C:\flutter\packages\flutter\lib\src\widgets\icon_theme_data.dart,C:\flutter\packages\flutter\lib\src\widgets\image.dart,C:\flutter\packages\flutter\lib\src\widgets\image_filter.dart,C:\flutter\packages\flutter\lib\src\widgets\image_icon.dart,C:\flutter\packages\flutter\lib\src\widgets\implicit_animations.dart,C:\flutter\packages\flutter\lib\src\widgets\inherited_model.dart,C:\flutter\packages\flutter\lib\src\widgets\inherited_notifier.dart,C:\flutter\packages\flutter\lib\src\widgets\inherited_theme.dart,C:\flutter\packages\flutter\lib\src\widgets\interactive_viewer.dart,C:\flutter\packages\flutter\lib\src\widgets\keyboard_listener.dart,C:\flutter\packages\flutter\lib\src\widgets\layout_builder.dart,C:\flutter\packages\flutter\lib\src\widgets\list_wheel_scroll_view.dart,C:\flutter\packages\flutter\lib\src\widgets\localizations.dart,C:\flutter\packages\flutter\lib\src\widgets\lookup_boundary.dart,C:\flutter\packages\flutter\lib\src\widgets\magnifier.dart,C:\flutter\packages\flutter\lib\src\widgets\media_query.dart,C:\flutter\packages\flutter\lib\src\widgets\modal_barrier.dart,C:\flutter\packages\flutter\lib\src\widgets\navigation_toolbar.dart,C:\flutter\packages\flutter\lib\src\widgets\navigator.dart,C:\flutter\packages\flutter\lib\src\widgets\navigator_pop_handler.dart,C:\flutter\packages\flutter\lib\src\widgets\nested_scroll_view.dart,C:\flutter\packages\flutter\lib\src\widgets\notification_listener.dart,C:\flutter\packages\flutter\lib\src\widgets\orientation_builder.dart,C:\flutter\packages\flutter\lib\src\widgets\overflow_bar.dart,C:\flutter\packages\flutter\lib\src\widgets\overlay.dart,C:\flutter\packages\flutter\lib\src\widgets\overscroll_indicator.dart,C:\flutter\packages\flutter\lib\src\widgets\page_storage.dart,C:\flutter\packages\flutter\lib\src\widgets\page_transitions_builder.dart,C:\flutter\packages\flutter\lib\src\widgets\page_view.dart,C:\flutter\packages\flutter\lib\src\widgets\pages.dart,C:\flutter\packages\flutter\lib\src\widgets\performance_overlay.dart,C:\flutter\packages\flutter\lib\src\widgets\pinned_header_sliver.dart,C:\flutter\packages\flutter\lib\src\widgets\placeholder.dart,C:\flutter\packages\flutter\lib\src\widgets\platform_menu_bar.dart,C:\flutter\packages\flutter\lib\src\widgets\platform_selectable_region_context_menu.dart,C:\flutter\packages\flutter\lib\src\widgets\platform_view.dart,C:\flutter\packages\flutter\lib\src\widgets\pop_scope.dart,C:\flutter\packages\flutter\lib\src\widgets\preferred_size.dart,C:\flutter\packages\flutter\lib\src\widgets\primary_scroll_controller.dart,C:\flutter\packages\flutter\lib\src\widgets\radio_group.dart,C:\flutter\packages\flutter\lib\src\widgets\raw_keyboard_listener.dart,C:\flutter\packages\flutter\lib\src\widgets\raw_menu_anchor.dart,C:\flutter\packages\flutter\lib\src\widgets\raw_radio.dart,C:\flutter\packages\flutter\lib\src\widgets\reorderable_list.dart,C:\flutter\packages\flutter\lib\src\widgets\restoration.dart,C:\flutter\packages\flutter\lib\src\widgets\restoration_properties.dart,C:\flutter\packages\flutter\lib\src\widgets\router.dart,C:\flutter\packages\flutter\lib\src\widgets\routes.dart,C:\flutter\packages\flutter\lib\src\widgets\safe_area.dart,C:\flutter\packages\flutter\lib\src\widgets\scroll_activity.dart,C:\flutter\packages\flutter\lib\src\widgets\scroll_aware_image_provider.dart,C:\flutter\packages\flutter\lib\src\widgets\scroll_configuration.dart,C:\flutter\packages\flutter\lib\src\widgets\scroll_context.dart,C:\flutter\packages\flutter\lib\src\widgets\scroll_controller.dart,C:\flutter\packages\flutter\lib\src\widgets\scroll_delegate.dart,C:\flutter\packages\flutter\lib\src\widgets\scroll_metrics.dart,C:\flutter\packages\flutter\lib\src\widgets\scroll_notification.dart,C:\flutter\packages\flutter\lib\src\widgets\scroll_notification_observer.dart,C:\flutter\packages\flutter\lib\src\widgets\scroll_physics.dart,C:\flutter\packages\flutter\lib\src\widgets\scroll_position.dart,C:\flutter\packages\flutter\lib\src\widgets\scroll_position_with_single_context.dart,C:\flutter\packages\flutter\lib\src\widgets\scroll_simulation.dart,C:\flutter\packages\flutter\lib\src\widgets\scroll_view.dart,C:\flutter\packages\flutter\lib\src\widgets\scrollable.dart,C:\flutter\packages\flutter\lib\src\widgets\scrollable_helpers.dart,C:\flutter\packages\flutter\lib\src\widgets\scrollbar.dart,C:\flutter\packages\flutter\lib\src\widgets\selectable_region.dart,C:\flutter\packages\flutter\lib\src\widgets\selection_container.dart,C:\flutter\packages\flutter\lib\src\widgets\semantics_debugger.dart,C:\flutter\packages\flutter\lib\src\widgets\sensitive_content.dart,C:\flutter\packages\flutter\lib\src\widgets\service_extensions.dart,C:\flutter\packages\flutter\lib\src\widgets\shared_app_data.dart,C:\flutter\packages\flutter\lib\src\widgets\shortcuts.dart,C:\flutter\packages\flutter\lib\src\widgets\single_child_scroll_view.dart,C:\flutter\packages\flutter\lib\src\widgets\size_changed_layout_notifier.dart,C:\flutter\packages\flutter\lib\src\widgets\sliver.dart,C:\flutter\packages\flutter\lib\src\widgets\sliver_fill.dart,C:\flutter\packages\flutter\lib\src\widgets\sliver_floating_header.dart,C:\flutter\packages\flutter\lib\src\widgets\sliver_layout_builder.dart,C:\flutter\packages\flutter\lib\src\widgets\sliver_persistent_header.dart,C:\flutter\packages\flutter\lib\src\widgets\sliver_prototype_extent_list.dart,C:\flutter\packages\flutter\lib\src\widgets\sliver_resizing_header.dart,C:\flutter\packages\flutter\lib\src\widgets\sliver_tree.dart,C:\flutter\packages\flutter\lib\src\widgets\slotted_render_object_widget.dart,C:\flutter\packages\flutter\lib\src\widgets\snapshot_widget.dart,C:\flutter\packages\flutter\lib\src\widgets\spacer.dart,C:\flutter\packages\flutter\lib\src\widgets\spell_check.dart,C:\flutter\packages\flutter\lib\src\widgets\standard_component_type.dart,C:\flutter\packages\flutter\lib\src\widgets\status_transitions.dart,C:\flutter\packages\flutter\lib\src\widgets\stretch_effect.dart,C:\flutter\packages\flutter\lib\src\widgets\system_context_menu.dart,C:\flutter\packages\flutter\lib\src\widgets\table.dart,C:\flutter\packages\flutter\lib\src\widgets\tap_region.dart,C:\flutter\packages\flutter\lib\src\widgets\text.dart,C:\flutter\packages\flutter\lib\src\widgets\text_editing_intents.dart,C:\flutter\packages\flutter\lib\src\widgets\text_selection.dart,C:\flutter\packages\flutter\lib\src\widgets\text_selection_toolbar_anchors.dart,C:\flutter\packages\flutter\lib\src\widgets\text_selection_toolbar_layout_delegate.dart,C:\flutter\packages\flutter\lib\src\widgets\texture.dart,C:\flutter\packages\flutter\lib\src\widgets\ticker_provider.dart,C:\flutter\packages\flutter\lib\src\widgets\title.dart,C:\flutter\packages\flutter\lib\src\widgets\toggleable.dart,C:\flutter\packages\flutter\lib\src\widgets\transitions.dart,C:\flutter\packages\flutter\lib\src\widgets\tween_animation_builder.dart,C:\flutter\packages\flutter\lib\src\widgets\two_dimensional_scroll_view.dart,C:\flutter\packages\flutter\lib\src\widgets\two_dimensional_viewport.dart,C:\flutter\packages\flutter\lib\src\widgets\undo_history.dart,C:\flutter\packages\flutter\lib\src\widgets\unique_widget.dart,C:\flutter\packages\flutter\lib\src\widgets\value_listenable_builder.dart,C:\flutter\packages\flutter\lib\src\widgets\view.dart,C:\flutter\packages\flutter\lib\src\widgets\viewport.dart,C:\flutter\packages\flutter\lib\src\widgets\visibility.dart,C:\flutter\packages\flutter\lib\src\widgets\widget_inspector.dart,C:\flutter\packages\flutter\lib\src\widgets\widget_span.dart,C:\flutter\packages\flutter\lib\src\widgets\widget_state.dart,C:\flutter\packages\flutter\lib\src\widgets\will_pop_scope.dart,C:\Users\Dobgima Joshua\AppData\Local\Pub\Cache\hosted\pub.dev\firebase_core_platform_interface-6.0.2\lib\src\pigeon\messages.pigeon.dart,C:\Users\Dobgima Joshua\AppData\Local\Pub\Cache\hosted\pub.dev\plugin_platform_interface-2.1.8\lib\plugin_platform_interface.dart,C:\Users\Dobgima Joshua\AppData\Local\Pub\Cache\hosted\pub.dev\firebase_core_platform_interface-6.0.2\lib\src\firebase_core_exceptions.dart,C:\Users\Dobgima Joshua\AppData\Local\Pub\Cache\hosted\pub.dev\firebase_core_platform_interface-6.0.2\lib\src\firebase_exception.dart,C:\Users\Dobgima Joshua\AppData\Local\Pub\Cache\hosted\pub.dev\firebase_core_platform_interface-6.0.2\lib\src\firebase_options.dart,C:\Users\Dobgima Joshua\AppData\Local\Pub\Cache\hosted\pub.dev\firebase_core_platform_interface-6.0.2\lib\src\method_channel\method_channel_firebase.dart,C:\Users\Dobgima Joshua\AppData\Local\Pub\Cache\hosted\pub.dev\firebase_core_platform_interface-6.0.2\lib\src\method_channel\method_channel_firebase_app.dart,C:\Users\Dobgima Joshua\AppData\Local\Pub\Cache\hosted\pub.dev\firebase_core_platform_interface-6.0.2\lib\src\platform_interface\platform_interface_firebase.dart,C:\Users\Dobgima Joshua\AppData\Local\Pub\Cache\hosted\pub.dev\firebase_core_platform_interface-6.0.2\lib\src\platform_interface\platform_interface_firebase_app.dart,C:\Users\Dobgima Joshua\AppData\Local\Pub\Cache\hosted\pub.dev\firebase_core_platform_interface-6.0.2\lib\src\platform_interface\platform_interface_firebase_plugin.dart,C:\Users\Dobgima Joshua\AppData\Local\Pub\Cache\hosted\pub.dev\meta-1.17.0\lib\meta.dart,C:\flutter\packages\flutter\lib\src\foundation\annotations.dart,C:\flutter\packages\flutter\lib\src\foundation\assertions.dart,C:\flutter\packages\flutter\lib\src\foundation\basic_types.dart,C:\flutter\packages\flutter\lib\src\foundation\binding.dart,C:\flutter\packages\flutter\lib\src\foundation\bitfield.dart,C:\flutter\packages\flutter\lib\src\foundation\capabilities.dart,C:\flutter\packages\flutter\lib\src\foundation\change_notifier.dart,C:\flutter\packages\flutter\lib\src\foundation\collections.dart,C:\flutter\packages\flutter\lib\src\foundation\consolidate_response.dart,C:\flutter\packages\flutter\lib\src\foundation\constants.dart,C:\flutter\packages\flutter\lib\src\foundation\debug.dart,C:\flutter\packages\flutter\lib\src\foundation\diagnostics.dart,C:\flutter\packages\flutter\lib\src\foundation\isolates.dart,C:\flutter\packages\flutter\lib\src\foundation\key.dart,C:\flutter\packages\flutter\lib\src\foundation\licenses.dart,C:\flutter\packages\flutter\lib\src\foundation\memory_allocations.dart,C:\flutter\packages\flutter\lib\src\foundation\node.dart,C:\flutter\packages\flutter\lib\src\foundation\object.dart,C:\flutter\packages\flutter\lib\src\foundation\observer_list.dart,C:\flutter\packages\flutter\lib\src\foundation\persistent_hash_map.dart,C:\flutter\packages\flutter\lib\src\foundation\platform.dart,C:\flutter\packages\flutter\lib\src\foundation\print.dart,C:\flutter\packages\flutter\lib\src\foundation\serialization.dart,C:\flutter\packages\flutter\lib\src\foundation\service_extensions.dart,C:\flutter\packages\flutter\lib\src\foundation\stack_frame.dart,C:\flutter\packages\flutter\lib\src\foundation\synchronous_future.dart,C:\flutter\packages\flutter\lib\src\foundation\timeline.dart,C:\flutter\packages\flutter\lib\src\foundation\unicode.dart,C:\Users\Dobgima Joshua\AppData\Local\Pub\Cache\hosted\pub.dev\intl-0.20.2\lib\intl.dart,C:\flutter\packages\flutter_localizations\lib\src\utils\date_localizations.dart,C:\Users\Dobgima Joshua\AppData\Local\Pub\Cache\hosted\pub.dev\nested-1.0.0\lib\nested.dart,C:\Users\Dobgima Joshua\AppData\Local\Pub\Cache\hosted\pub.dev\provider-6.1.5+1\lib\src\deferred_inherited_provider.dart,C:\Users\Dobgima Joshua\AppData\Local\Pub\Cache\hosted\pub.dev\provider-6.1.5+1\lib\src\devtool.dart,C:\Users\Dobgima Joshua\AppData\Local\Pub\Cache\hosted\pub.dev\provider-6.1.5+1\lib\src\inherited_provider.dart,C:\Users\Dobgima Joshua\AppData\Local\Pub\Cache\hosted\pub.dev\functions_client-2.5.0\lib\functions_client.dart,C:\Users\Dobgima Joshua\AppData\Local\Pub\Cache\hosted\pub.dev\gotrue-2.18.0\lib\gotrue.dart,C:\Users\Dobgima Joshua\AppData\Local\Pub\Cache\hosted\pub.dev\postgrest-2.6.0\lib\postgrest.dart,C:\Users\Dobgima Joshua\AppData\Local\Pub\Cache\hosted\pub.dev\realtime_client-2.7.0\lib\realtime_client.dart,C:\Users\Dobgima Joshua\AppData\Local\Pub\Cache\hosted\pub.dev\storage_client-2.4.1\lib\storage_client.dart,C:\Users\Dobgima Joshua\AppData\Local\Pub\Cache\hosted\pub.dev\supabase-2.10.2\lib\src\auth_user.dart,C:\Users\Dobgima Joshua\AppData\Local\Pub\Cache\hosted\pub.dev\supabase-2.10.2\lib\src\realtime_client_options.dart,C:\Users\Dobgima Joshua\AppData\Local\Pub\Cache\hosted\pub.dev\supabase-2.10.2\lib\src\remove_subscription_result.dart,C:\Users\Dobgima Joshua\AppData\Local\Pub\Cache\hosted\pub.dev\supabase-2.10.2\lib\src\supabase_client.dart,C:\Users\Dobgima Joshua\AppData\Local\Pub\Cache\hosted\pub.dev\supabase-2.10.2\lib\src\supabase_client_options.dart,C:\Users\Dobgima Joshua\AppData\Local\Pub\Cache\hosted\pub.dev\supabase-2.10.2\lib\src\supabase_event_types.dart,C:\Users\Dobgima Joshua\AppData\Local\Pub\Cache\hosted\pub.dev\supabase-2.10.2\lib\src\supabase_query_builder.dart,C:\Users\Dobgima Joshua\AppData\Local\Pub\Cache\hosted\pub.dev\supabase-2.10.2\lib\src\supabase_query_schema.dart,C:\Users\Dobgima Joshua\AppData\Local\Pub\Cache\hosted\pub.dev\supabase-2.10.2\lib\src\supabase_realtime_error.dart,C:\Users\Dobgima Joshua\AppData\Local\Pub\Cache\hosted\pub.dev\supabase-2.10.2\lib\src\supabase_stream_builder.dart,C:\Users\Dobgima Joshua\AppData\Local\Pub\Cache\hosted\pub.dev\url_launcher-6.3.2\lib\src\legacy_api.dart,C:\Users\Dobgima Joshua\AppData\Local\Pub\Cache\hosted\pub.dev\url_launcher-6.3.2\lib\src\types.dart,C:\Users\Dobgima Joshua\AppData\Local\Pub\Cache\hosted\pub.dev\url_launcher-6.3.2\lib\src\url_launcher_uri.dart,C:\Users\Dobgima Joshua\AppData\Local\Pub\Cache\hosted\pub.dev\supabase_flutter-2.12.0\lib\src\local_storage_stub.dart,C:\Users\Dobgima Joshua\AppData\Local\Pub\Cache\hosted\pub.dev\async-2.13.0\lib\async.dart,C:\Users\Dobgima Joshua\AppData\Local\Pub\Cache\hosted\pub.dev\http-1.6.0\lib\http.dart,C:\Users\Dobgima Joshua\AppData\Local\Pub\Cache\hosted\pub.dev\logging-1.3.0\lib\logging.dart,C:\Users\Dobgima Joshua\AppData\Local\Pub\Cache\hosted\pub.dev\supabase_flutter-2.12.0\lib\src\constants.dart,C:\Users\Dobgima Joshua\AppData\Local\Pub\Cache\hosted\pub.dev\supabase_flutter-2.12.0\lib\src\hot_restart_cleanup_stub.dart,C:\Users\Dobgima Joshua\AppData\Local\Pub\Cache\hosted\pub.dev\supabase_flutter-2.12.0\lib\src\version.dart,C:\Users\Dobgima Joshua\AppData\Local\Pub\Cache\hosted\pub.dev\app_links-6.4.1\lib\app_links.dart,C:\Users\Dobgima Joshua\AppData\Local\Pub\Cache\hosted\pub.dev\firebase_auth_platform_interface-8.1.6\lib\firebase_auth_platform_interface.dart,C:\Users\Dobgima Joshua\AppData\Local\Pub\Cache\hosted\pub.dev\firebase_auth-6.1.4\lib\src\confirmation_result.dart,C:\Users\Dobgima Joshua\AppData\Local\Pub\Cache\hosted\pub.dev\firebase_auth-6.1.4\lib\src\firebase_auth.dart,C:\Users\Dobgima Joshua\AppData\Local\Pub\Cache\hosted\pub.dev\firebase_auth-6.1.4\lib\src\multi_factor.dart,C:\Users\Dobgima Joshua\AppData\Local\Pub\Cache\hosted\pub.dev\firebase_auth-6.1.4\lib\src\recaptcha_verifier.dart,C:\Users\Dobgima Joshua\AppData\Local\Pub\Cache\hosted\pub.dev\firebase_auth-6.1.4\lib\src\user.dart,C:\Users\Dobgima Joshua\AppData\Local\Pub\Cache\hosted\pub.dev\firebase_auth-6.1.4\lib\src\user_credential.dart,C:\Users\Dobgima Joshua\AppData\Local\Pub\Cache\hosted\pub.dev\cloud_firestore_platform_interface-7.0.6\lib\cloud_firestore_platform_interface.dart,C:\Users\Dobgima Joshua\AppData\Local\Pub\Cache\hosted\pub.dev\cloud_firestore-6.1.2\lib\src\aggregate_query.dart,C:\Users\Dobgima Joshua\AppData\Local\Pub\Cache\hosted\pub.dev\cloud_firestore-6.1.2\lib\src\aggregate_query_snapshot.dart,C:\Users\Dobgima Joshua\AppData\Local\Pub\Cache\hosted\pub.dev\cloud_firestore-6.1.2\lib\src\collection_reference.dart,C:\Users\Dobgima Joshua\AppData\Local\Pub\Cache\hosted\pub.dev\cloud_firestore-6.1.2\lib\src\document_change.dart,C:\Users\Dobgima Joshua\AppData\Local\Pub\Cache\hosted\pub.dev\cloud_firestore-6.1.2\lib\src\document_reference.dart,C:\Users\Dobgima Joshua\AppData\Local\Pub\Cache\hosted\pub.dev\cloud_firestore-6.1.2\lib\src\document_snapshot.dart,C:\Users\Dobgima Joshua\AppData\Local\Pub\Cache\hosted\pub.dev\cloud_firestore-6.1.2\lib\src\field_value.dart,C:\Users\Dobgima Joshua\AppData\Local\Pub\Cache\hosted\pub.dev\cloud_firestore-6.1.2\lib\src\filters.dart,C:\Users\Dobgima Joshua\AppData\Local\Pub\Cache\hosted\pub.dev\cloud_firestore-6.1.2\lib\src\firestore.dart,C:\Users\Dobgima Joshua\AppData\Local\Pub\Cache\hosted\pub.dev\cloud_firestore-6.1.2\lib\src\load_bundle_task.dart,C:\Users\Dobgima Joshua\AppData\Local\Pub\Cache\hosted\pub.dev\cloud_firestore-6.1.2\lib\src\load_bundle_task_snapshot.dart,C:\Users\Dobgima Joshua\AppData\Local\Pub\Cache\hosted\pub.dev\cloud_firestore-6.1.2\lib\src\persistent_cache_index_manager.dart,C:\Users\Dobgima Joshua\AppData\Local\Pub\Cache\hosted\pub.dev\cloud_firestore-6.1.2\lib\src\query.dart,C:\Users\Dobgima Joshua\AppData\Local\Pub\Cache\hosted\pub.dev\cloud_firestore-6.1.2\lib\src\query_document_snapshot.dart,C:\Users\Dobgima Joshua\AppData\Local\Pub\Cache\hosted\pub.dev\cloud_firestore-6.1.2\lib\src\query_snapshot.dart,C:\Users\Dobgima Joshua\AppData\Local\Pub\Cache\hosted\pub.dev\cloud_firestore-6.1.2\lib\src\snapshot_metadata.dart,C:\Users\Dobgima Joshua\AppData\Local\Pub\Cache\hosted\pub.dev\cloud_firestore-6.1.2\lib\src\transaction.dart,C:\Users\Dobgima Joshua\AppData\Local\Pub\Cache\hosted\pub.dev\cloud_firestore-6.1.2\lib\src\utils\codec_utility.dart,C:\Users\Dobgima Joshua\AppData\Local\Pub\Cache\hosted\pub.dev\cloud_firestore-6.1.2\lib\src\write_batch.dart,C:\Users\Dobgima Joshua\AppData\Local\Pub\Cache\hosted\pub.dev\shared_preferences-2.5.4\lib\src\shared_preferences_async.dart,C:\Users\Dobgima Joshua\AppData\Local\Pub\Cache\hosted\pub.dev\shared_preferences-2.5.4\lib\src\shared_preferences_legacy.dart,C:\Users\Dobgima Joshua\Desktop\Home237\lib\signin_screen.dart,C:\Users\Dobgima Joshua\Desktop\Home237\lib\explore_screen.dart,C:\Users\Dobgima Joshua\Desktop\Home237\lib\property_details_screen.dart,C:\Users\Dobgima Joshua\Desktop\Home237\lib\widgets\favourite_button.dart,C:\Users\Dobgima Joshua\Desktop\Home237\lib\location_service.dart,C:\Users\Dobgima Joshua\Desktop\Home237\lib\tenant_profile_screen.dart,C:\Users\Dobgima Joshua\Desktop\Home237\lib\support_chat_screen.dart,C:\Users\Dobgima Joshua\Desktop\Home237\lib\verification_upload_screen.dart,C:\Users\Dobgima Joshua\Desktop\Home237\lib\notifications_screen.dart,C:\Users\Dobgima Joshua\Desktop\Home237\lib\messages_screen.dart,C:\Users\Dobgima Joshua\Desktop\Home237\lib\saved_properties_screen.dart,C:\Users\Dobgima Joshua\Desktop\Home237\lib\add_property_screen.dart,C:\Users\Dobgima Joshua\Desktop\Home237\lib\my_properties_screen.dart,C:\Users\Dobgima Joshua\Desktop\Home237\lib\tour_requests_screen.dart,C:\Users\Dobgima Joshua\Desktop\Home237\lib\landlord_profile_screen.dart,C:\Users\Dobgima Joshua\Desktop\Home237\lib\premium_subscription_screen.dart,C:\Users\Dobgima Joshua\Desktop\Home237\lib\admin_users_screen.dart,C:\Users\Dobgima Joshua\Desktop\Home237\lib\admin_properties_screen.dart,C:\Users\Dobgima Joshua\Desktop\Home237\lib\admin_verifications_screen.dart,C:\Users\Dobgima Joshua\Desktop\Home237\lib\admin_reports_screen.dart,C:\Users\Dobgima Joshua\Desktop\Home237\lib\admin_support_chats_screen.dart,C:\Users\Dobgima Joshua\Desktop\Home237\lib\settings_screen.dart,C:\Users\Dobgima Joshua\AppData\Local\Pub\Cache\hosted\pub.dev\google_sign_in-6.3.0\lib\src\common.dart,C:\Users\Dobgima Joshua\AppData\Local\Pub\Cache\hosted\pub.dev\google_sign_in-6.3.0\lib\widgets.dart,C:\flutter\packages\flutter\lib\src\services\asset_bundle.dart,C:\flutter\packages\flutter\lib\src\services\asset_manifest.dart,C:\flutter\packages\flutter\lib\src\services\autofill.dart,C:\flutter\packages\flutter\lib\src\services\binary_messenger.dart,C:\flutter\packages\flutter\lib\src\services\binding.dart,C:\flutter\packages\flutter\lib\src\services\browser_context_menu.dart,C:\flutter\packages\flutter\lib\src\services\clipboard.dart,C:\flutter\packages\flutter\lib\src\services\debug.dart,C:\flutter\packages\flutter\lib\src\services\deferred_component.dart,C:\flutter\packages\flutter\lib\src\services\flavor.dart,C:\flutter\packages\flutter\lib\src\services\flutter_version.dart,C:\flutter\packages\flutter\lib\src\services\font_loader.dart,C:\flutter\packages\flutter\lib\src\services\haptic_feedback.dart,C:\flutter\packages\flutter\lib\src\services\hardware_keyboard.dart,C:\flutter\packages\flutter\lib\src\services\keyboard_inserted_content.dart,C:\flutter\packages\flutter\lib\src\services\keyboard_key.g.dart,C:\flutter\packages\flutter\lib\src\services\keyboard_maps.g.dart,C:\flutter\packages\flutter\lib\src\services\live_text.dart,C:\flutter\packages\flutter\lib\src\services\message_codec.dart,C:\flutter\packages\flutter\lib\src\services\message_codecs.dart,C:\flutter\packages\flutter\lib\src\services\mouse_cursor.dart,C:\flutter\packages\flutter\lib\src\services\mouse_tracking.dart,C:\flutter\packages\flutter\lib\src\services\platform_channel.dart,C:\flutter\packages\flutter\lib\src\services\platform_views.dart,C:\flutter\packages\flutter\lib\src\services\predictive_back_event.dart,C:\flutter\packages\flutter\lib\src\services\process_text.dart,C:\flutter\packages\flutter\lib\src\services\raw_keyboard.dart,C:\flutter\packages\flutter\lib\src\services\raw_keyboard_android.dart,C:\flutter\packages\flutter\lib\src\services\raw_keyboard_fuchsia.dart,C:\flutter\packages\flutter\lib\src\services\raw_keyboard_ios.dart,C:\flutter\packages\flutter\lib\src\services\raw_keyboard_linux.dart,C:\flutter\packages\flutter\lib\src\services\raw_keyboard_macos.dart,C:\flutter\packages\flutter\lib\src\services\raw_keyboard_web.dart,C:\flutter\packages\flutter\lib\src\services\raw_keyboard_windows.dart,C:\flutter\packages\flutter\lib\src\services\restoration.dart,C:\flutter\packages\flutter\lib\src\services\scribe.dart,C:\flutter\packages\flutter\lib\src\services\sensitive_content.dart,C:\flutter\packages\flutter\lib\src\services\service_extensions.dart,C:\flutter\packages\flutter\lib\src\services\spell_check.dart,C:\flutter\packages\flutter\lib\src\services\system_channels.dart,C:\flutter\packages\flutter\lib\src\services\system_chrome.dart,C:\flutter\packages\flutter\lib\src\services\system_navigator.dart,C:\flutter\packages\flutter\lib\src\services\system_sound.dart,C:\flutter\packages\flutter\lib\src\services\text_boundary.dart,C:\flutter\packages\flutter\lib\src\services\text_editing.dart,C:\flutter\packages\flutter\lib\src\services\text_editing_delta.dart,C:\flutter\packages\flutter\lib\src\services\text_formatter.dart,C:\flutter\packages\flutter\lib\src\services\text_input.dart,C:\flutter\packages\flutter\lib\src\services\text_layout_metrics.dart,C:\flutter\packages\flutter\lib\src\services\undo_manager.dart,C:\Users\Dobgima Joshua\AppData\Local\Pub\Cache\hosted\pub.dev\geocoding_platform_interface-3.2.0\lib\src\errors\errors.dart,C:\Users\Dobgima Joshua\AppData\Local\Pub\Cache\hosted\pub.dev\geocoding_platform_interface-3.2.0\lib\src\geocoding_platform_interface.dart,C:\Users\Dobgima Joshua\AppData\Local\Pub\Cache\hosted\pub.dev\geocoding_platform_interface-3.2.0\lib\src\models\models.dart,C:\Users\Dobgima Joshua\AppData\Local\Pub\Cache\hosted\pub.dev\geolocator_platform_interface-4.2.6\lib\src\enums\enums.dart,C:\Users\Dobgima Joshua\AppData\Local\Pub\Cache\hosted\pub.dev\geolocator_platform_interface-4.2.6\lib\src\errors\errors.dart,C:\Users\Dobgima Joshua\AppData\Local\Pub\Cache\hosted\pub.dev\geolocator_platform_interface-4.2.6\lib\src\geolocator_platform_interface.dart,C:\Users\Dobgima Joshua\AppData\Local\Pub\Cache\hosted\pub.dev\geolocator_platform_interface-4.2.6\lib\src\extensions\extensions.dart,C:\Users\Dobgima Joshua\AppData\Local\Pub\Cache\hosted\pub.dev\geolocator_platform_interface-4.2.6\lib\src\models\models.dart,C:\Users\Dobgima Joshua\AppData\Local\Pub\Cache\hosted\pub.dev\uuid-4.5.2\lib\uuid.dart,C:\Users\Dobgima Joshua\AppData\Local\Pub\Cache\hosted\pub.dev\google_sign_in_platform_interface-2.5.0\lib\src\method_channel_google_sign_in.dart,C:\Users\Dobgima Joshua\AppData\Local\Pub\Cache\hosted\pub.dev\google_sign_in_platform_interface-2.5.0\lib\src\types.dart,C:\Users\Dobgima Joshua\AppData\Local\Pub\Cache\hosted\pub.dev\cross_file-0.3.5+2\lib\cross_file.dart,C:\Users\Dobgima Joshua\AppData\Local\Pub\Cache\hosted\pub.dev\image_picker_platform_interface-2.11.1\lib\src\platform_interface\image_picker_platform.dart,C:\Users\Dobgima Joshua\AppData\Local\Pub\Cache\hosted\pub.dev\image_picker_platform_interface-2.11.1\lib\src\types\types.dart,C:\Users\Dobgima Joshua\AppData\Local\Pub\Cache\hosted\pub.dev\path_provider_platform_interface-2.1.2\lib\src\enums.dart,C:\Users\Dobgima Joshua\AppData\Local\Pub\Cache\hosted\pub.dev\path_provider_platform_interface-2.1.2\lib\src\method_channel_path_provider.dart,C:\Users\Dobgima Joshua\AppData\Local\Pub\Cache\hosted\pub.dev\shared_preferences_android-2.4.20\lib\src\messages.g.dart,C:\Users\Dobgima Joshua\AppData\Local\Pub\Cache\hosted\pub.dev\shared_preferences_android-2.4.20\lib\src\strings.dart,C:\Users\Dobgima Joshua\AppData\Local\Pub\Cache\hosted\pub.dev\shared_preferences_android-2.4.20\lib\src\messages_async.g.dart,C:\Users\Dobgima Joshua\AppData\Local\Pub\Cache\hosted\pub.dev\sqflite_common-2.5.6\lib\sqflite.dart,C:\Users\Dobgima Joshua\AppData\Local\Pub\Cache\hosted\pub.dev\sqflite_common-2.5.6\lib\sqlite_api.dart,C:\Users\Dobgima Joshua\AppData\Local\Pub\Cache\hosted\pub.dev\sqflite_platform_interface-2.4.0\lib\src\factory_platform.dart,C:\Users\Dobgima Joshua\AppData\Local\Pub\Cache\hosted\pub.dev\url_launcher_platform_interface-2.3.2\lib\src\types.dart,C:\Users\Dobgima Joshua\AppData\Local\Pub\Cache\hosted\pub.dev\url_launcher_platform_interface-2.3.2\lib\src\url_launcher_platform.dart,C:\Users\Dobgima Joshua\AppData\Local\Pub\Cache\hosted\pub.dev\video_player_platform_interface-6.6.0\lib\video_player_platform_interface.dart,C:\Users\Dobgima Joshua\AppData\Local\Pub\Cache\hosted\pub.dev\video_player_android-2.9.4\lib\src\messages.g.dart,C:\Users\Dobgima Joshua\AppData\Local\Pub\Cache\hosted\pub.dev\video_player_android-2.9.4\lib\src\platform_view_player.dart,C:\Users\Dobgima Joshua\AppData\Local\Pub\Cache\hosted\pub.dev\objective_c-9.3.0\lib\objective_c.dart,C:\Users\Dobgima Joshua\AppData\Local\Pub\Cache\hosted\pub.dev\path_provider_foundation-2.6.0\lib\src\ffi_bindings.g.dart,C:\Users\Dobgima Joshua\AppData\Local\Pub\Cache\hosted\pub.dev\shared_preferences_foundation-2.5.6\lib\src\messages.g.dart,C:\Users\Dobgima Joshua\AppData\Local\Pub\Cache\hosted\pub.dev\video_player_avfoundation-2.9.4\lib\src\messages.g.dart,C:\Users\Dobgima Joshua\AppData\Local\Pub\Cache\hosted\pub.dev\app_links_platform_interface-2.0.2\lib\app_links_method_channel.dart,C:\Users\Dobgima Joshua\AppData\Local\Pub\Cache\hosted\pub.dev\gtk-2.1.0\lib\src\constants.dart,C:\Users\Dobgima Joshua\AppData\Local\Pub\Cache\hosted\pub.dev\gtk-2.1.0\lib\src\gtk_application.dart,C:\Users\Dobgima Joshua\AppData\Local\Pub\Cache\hosted\pub.dev\gtk-2.1.0\lib\src\gtk_application_notifier.dart,C:\Users\Dobgima Joshua\AppData\Local\Pub\Cache\hosted\pub.dev\gtk-2.1.0\lib\src\gtk_settings.dart,C:\Users\Dobgima Joshua\AppData\Local\Pub\Cache\hosted\pub.dev\device_info_plus_platform_interface-7.0.3\lib\method_channel\method_channel_device_info.dart,C:\Users\Dobgima Joshua\AppData\Local\Pub\Cache\hosted\pub.dev\device_info_plus_platform_interface-7.0.3\lib\model\base_device_info.dart,C:\Users\Dobgima Joshua\AppData\Local\Pub\Cache\hosted\pub.dev\ffi-2.1.5\lib\ffi.dart,C:\Users\Dobgima Joshua\AppData\Local\Pub\Cache\hosted\pub.dev\win32-5.15.0\lib\win32.dart,C:\Users\Dobgima Joshua\AppData\Local\Pub\Cache\hosted\pub.dev\win32_registry-1.1.5\lib\win32_registry.dart,C:\Users\Dobgima Joshua\AppData\Local\Pub\Cache\hosted\pub.dev\file_selector_platform_interface-2.7.0\lib\src\platform_interface\file_selector_interface.dart,C:\Users\Dobgima Joshua\AppData\Local\Pub\Cache\hosted\pub.dev\file_selector_platform_interface-2.7.0\lib\src\types\types.dart,C:\Users\Dobgima Joshua\AppData\Local\Pub\Cache\hosted\pub.dev\package_info_plus_platform_interface-3.2.1\lib\package_info_data.dart,C:\Users\Dobgima Joshua\AppData\Local\Pub\Cache\hosted\pub.dev\package_info_plus_platform_interface-3.2.1\lib\method_channel_package_info.dart,C:\Users\Dobgima Joshua\AppData\Local\Pub\Cache\hosted\pub.dev\package_info_plus-9.0.0\lib\src\file_attribute.dart,C:\Users\Dobgima Joshua\AppData\Local\Pub\Cache\hosted\pub.dev\package_info_plus-9.0.0\lib\src\file_version_info.dart,C:\Users\Dobgima Joshua\AppData\Local\Pub\Cache\hosted\pub.dev\xdg_directories-1.1.0\lib\xdg_directories.dart,C:\Users\Dobgima Joshua\AppData\Local\Pub\Cache\hosted\pub.dev\path_provider_linux-2.2.1\lib\src\get_application_id.dart,C:\Users\Dobgima Joshua\AppData\Local\Pub\Cache\hosted\pub.dev\file-7.0.1\lib\src\forwarding.dart,C:\Users\Dobgima Joshua\AppData\Local\Pub\Cache\hosted\pub.dev\file-7.0.1\lib\src\interface.dart,C:\Users\Dobgima Joshua\AppData\Local\Pub\Cache\hosted\pub.dev\file-7.0.1\lib\src\backends\local.dart,C:\Users\Dobgima Joshua\AppData\Local\Pub\Cache\hosted\pub.dev\path-1.9.1\lib\src\context.dart,C:\Users\Dobgima Joshua\AppData\Local\Pub\Cache\hosted\pub.dev\path-1.9.1\lib\src\style.dart,C:\Users\Dobgima Joshua\AppData\Local\Pub\Cache\hosted\pub.dev\path-1.9.1\lib\src\path_exception.dart,C:\Users\Dobgima Joshua\AppData\Local\Pub\Cache\hosted\pub.dev\path-1.9.1\lib\src\path_map.dart,C:\Users\Dobgima Joshua\AppData\Local\Pub\Cache\hosted\pub.dev\path-1.9.1\lib\src\path_set.dart,C:\Users\Dobgima Joshua\AppData\Local\Pub\Cache\hosted\pub.dev\shared_preferences_platform_interface-2.4.1\lib\method_channel_shared_preferences.dart,C:\Users\Dobgima Joshua\AppData\Local\Pub\Cache\hosted\pub.dev\wakelock_plus_platform_interface-1.3.0\lib\src\method_channel_wakelock_plus.dart,C:\Users\Dobgima Joshua\AppData\Local\Pub\Cache\hosted\pub.dev\wakelock_plus-1.4.0\lib\src\wakelock_plus_linux_plugin.dart,C:\Users\Dobgima Joshua\AppData\Local\Pub\Cache\hosted\pub.dev\wakelock_plus-1.4.0\lib\src\wakelock_plus_macos_plugin.dart,C:\Users\Dobgima Joshua\AppData\Local\Pub\Cache\hosted\pub.dev\wakelock_plus-1.4.0\lib\src\wakelock_plus_windows_plugin.dart,C:\Users\Dobgima Joshua\AppData\Local\Pub\Cache\hosted\pub.dev\path_provider_windows-2.3.0\lib\src\guid.dart,C:\Users\Dobgima Joshua\AppData\Local\Pub\Cache\hosted\pub.dev\path_provider_windows-2.3.0\lib\src\win32_wrappers.dart,C:\flutter\packages\flutter\lib\src\cupertino\activity_indicator.dart,C:\flutter\packages\flutter\lib\src\cupertino\adaptive_text_selection_toolbar.dart,C:\flutter\packages\flutter\lib\src\cupertino\app.dart,C:\flutter\packages\flutter\lib\src\cupertino\bottom_tab_bar.dart,C:\flutter\packages\flutter\lib\src\cupertino\button.dart,C:\flutter\packages\flutter\lib\src\cupertino\checkbox.dart,C:\flutter\packages\flutter\lib\src\cupertino\colors.dart,C:\flutter\packages\flutter\lib\src\cupertino\constants.dart,C:\flutter\packages\flutter\lib\src\cupertino\context_menu.dart,C:\flutter\packages\flutter\lib\src\cupertino\context_menu_action.dart,C:\flutter\packages\flutter\lib\src\cupertino\date_picker.dart,C:\flutter\packages\flutter\lib\src\cupertino\debug.dart,C:\flutter\packages\flutter\lib\src\cupertino\desktop_text_selection.dart,C:\flutter\packages\flutter\lib\src\cupertino\desktop_text_selection_toolbar.dart,C:\flutter\packages\flutter\lib\src\cupertino\desktop_text_selection_toolbar_button.dart,C:\flutter\packages\flutter\lib\src\cupertino\dialog.dart,C:\flutter\packages\flutter\lib\src\cupertino\expansion_tile.dart,C:\flutter\packages\flutter\lib\src\cupertino\form_row.dart,C:\flutter\packages\flutter\lib\src\cupertino\form_section.dart,C:\flutter\packages\flutter\lib\src\cupertino\icon_theme_data.dart,C:\flutter\packages\flutter\lib\src\cupertino\icons.dart,C:\flutter\packages\flutter\lib\src\cupertino\interface_level.dart,C:\flutter\packages\flutter\lib\src\cupertino\list_section.dart,C:\flutter\packages\flutter\lib\src\cupertino\list_tile.dart,C:\flutter\packages\flutter\lib\src\cupertino\localizations.dart,C:\flutter\packages\flutter\lib\src\cupertino\magnifier.dart,C:\flutter\packages\flutter\lib\src\cupertino\nav_bar.dart,C:\flutter\packages\flutter\lib\src\cupertino\page_scaffold.dart,C:\flutter\packages\flutter\lib\src\cupertino\picker.dart,C:\flutter\packages\flutter\lib\src\cupertino\radio.dart,C:\flutter\packages\flutter\lib\src\cupertino\refresh.dart,C:\flutter\packages\flutter\lib\src\cupertino\route.dart,C:\flutter\packages\flutter\lib\src\cupertino\scrollbar.dart,C:\flutter\packages\flutter\lib\src\cupertino\search_field.dart,C:\flutter\packages\flutter\lib\src\cupertino\segmented_control.dart,C:\flutter\packages\flutter\lib\src\cupertino\sheet.dart,C:\flutter\packages\flutter\lib\src\cupertino\slider.dart,C:\flutter\packages\flutter\lib\src\cupertino\sliding_segmented_control.dart,C:\flutter\packages\flutter\lib\src\cupertino\spell_check_suggestions_toolbar.dart,C:\flutter\packages\flutter\lib\src\cupertino\switch.dart,C:\flutter\packages\flutter\lib\src\cupertino\tab_scaffold.dart,C:\flutter\packages\flutter\lib\src\cupertino\tab_view.dart,C:\flutter\packages\flutter\lib\src\cupertino\text_field.dart,C:\flutter\packages\flutter\lib\src\cupertino\text_form_field_row.dart,C:\flutter\packages\flutter\lib\src\cupertino\text_selection.dart,C:\flutter\packages\flutter\lib\src\cupertino\text_selection_toolbar.dart,C:\flutter\packages\flutter\lib\src\cupertino\text_selection_toolbar_button.dart,C:\flutter\packages\flutter\lib\src\cupertino\text_theme.dart,C:\flutter\packages\flutter\lib\src\cupertino\theme.dart,C:\flutter\packages\flutter\lib\src\cupertino\thumb_painter.dart,C:\flutter\packages\flutter\lib\src\scheduler\binding.dart,C:\flutter\packages\flutter\lib\src\scheduler\debug.dart,C:\flutter\packages\flutter\lib\src\scheduler\priority.dart,C:\flutter\packages\flutter\lib\src\scheduler\service_extensions.dart,C:\flutter\packages\flutter\lib\src\scheduler\ticker.dart,C:\flutter\packages\flutter\lib\semantics.dart,C:\flutter\packages\flutter\lib\src\rendering\animated_size.dart,C:\flutter\packages\flutter\lib\src\rendering\binding.dart,C:\flutter\packages\flutter\lib\src\rendering\box.dart,C:\flutter\packages\flutter\lib\src\rendering\custom_layout.dart,C:\flutter\packages\flutter\lib\src\rendering\custom_paint.dart,C:\flutter\packages\flutter\lib\src\rendering\debug.dart,C:\flutter\packages\flutter\lib\src\rendering\debug_overflow_indicator.dart,C:\flutter\packages\flutter\lib\src\rendering\decorated_sliver.dart,C:\flutter\packages\flutter\lib\src\rendering\editable.dart,C:\flutter\packages\flutter\lib\src\rendering\error.dart,C:\flutter\packages\flutter\lib\src\rendering\flex.dart,C:\flutter\packages\flutter\lib\src\rendering\flow.dart,C:\flutter\packages\flutter\lib\src\rendering\image.dart,C:\flutter\packages\flutter\lib\src\rendering\layer.dart,C:\flutter\packages\flutter\lib\src\rendering\layout_helper.dart,C:\flutter\packages\flutter\lib\src\rendering\list_body.dart,C:\flutter\packages\flutter\lib\src\rendering\list_wheel_viewport.dart,C:\flutter\packages\flutter\lib\src\rendering\mouse_tracker.dart,C:\flutter\packages\flutter\lib\src\rendering\object.dart,C:\flutter\packages\flutter\lib\src\rendering\paragraph.dart,C:\flutter\packages\flutter\lib\src\rendering\performance_overlay.dart,C:\flutter\packages\flutter\lib\src\rendering\platform_view.dart,C:\flutter\packages\flutter\lib\src\rendering\proxy_box.dart,C:\flutter\packages\flutter\lib\src\rendering\proxy_sliver.dart,C:\flutter\packages\flutter\lib\src\rendering\rotated_box.dart,C:\flutter\packages\flutter\lib\src\rendering\selection.dart,C:\flutter\packages\flutter\lib\src\rendering\service_extensions.dart,C:\flutter\packages\flutter\lib\src\rendering\shifted_box.dart,C:\flutter\packages\flutter\lib\src\rendering\sliver.dart,C:\flutter\packages\flutter\lib\src\rendering\sliver_fill.dart,C:\flutter\packages\flutter\lib\src\rendering\sliver_fixed_extent_list.dart,C:\flutter\packages\flutter\lib\src\rendering\sliver_grid.dart,C:\flutter\packages\flutter\lib\src\rendering\sliver_group.dart,C:\flutter\packages\flutter\lib\src\rendering\sliver_list.dart,C:\flutter\packages\flutter\lib\src\rendering\sliver_multi_box_adaptor.dart,C:\flutter\packages\flutter\lib\src\rendering\sliver_padding.dart,C:\flutter\packages\flutter\lib\src\rendering\sliver_persistent_header.dart,C:\flutter\packages\flutter\lib\src\rendering\sliver_tree.dart,C:\flutter\packages\flutter\lib\src\rendering\stack.dart,C:\flutter\packages\flutter\lib\src\rendering\table.dart,C:\flutter\packages\flutter\lib\src\rendering\table_border.dart,C:\flutter\packages\flutter\lib\src\rendering\texture.dart,C:\flutter\packages\flutter\lib\src\rendering\tweens.dart,C:\flutter\packages\flutter\lib\src\rendering\view.dart,C:\flutter\packages\flutter\lib\src\rendering\viewport.dart,C:\flutter\packages\flutter\lib\src\rendering\viewport_offset.dart,C:\flutter\packages\flutter\lib\src\rendering\wrap.dart,C:\flutter\packages\flutter\lib\src\animation\animation.dart,C:\flutter\packages\flutter\lib\src\animation\animation_controller.dart,C:\flutter\packages\flutter\lib\src\animation\animation_style.dart,C:\flutter\packages\flutter\lib\src\animation\animations.dart,C:\flutter\packages\flutter\lib\src\animation\curves.dart,C:\flutter\packages\flutter\lib\src\animation\listener_helpers.dart,C:\flutter\packages\flutter\lib\src\animation\tween.dart,C:\flutter\packages\flutter\lib\src\animation\tween_sequence.dart,C:\Users\Dobgima Joshua\AppData\Local\Pub\Cache\hosted\pub.dev\vector_math-2.2.0\lib\src\vector_math_64\aabb2.dart,C:\Users\Dobgima Joshua\AppData\Local\Pub\Cache\hosted\pub.dev\vector_math-2.2.0\lib\src\vector_math_64\aabb3.dart,C:\Users\Dobgima Joshua\AppData\Local\Pub\Cache\hosted\pub.dev\vector_math-2.2.0\lib\src\vector_math_64\colors.dart,C:\Users\Dobgima Joshua\AppData\Local\Pub\Cache\hosted\pub.dev\vector_math-2.2.0\lib\src\vector_math_64\constants.dart,C:\Users\Dobgima Joshua\AppData\Local\Pub\Cache\hosted\pub.dev\vector_math-2.2.0\lib\src\vector_math_64\error_helpers.dart,C:\Users\Dobgima Joshua\AppData\Local\Pub\Cache\hosted\pub.dev\vector_math-2.2.0\lib\src\vector_math_64\frustum.dart,C:\Users\Dobgima Joshua\AppData\Local\Pub\Cache\hosted\pub.dev\vector_math-2.2.0\lib\src\vector_math_64\intersection_result.dart,C:\Users\Dobgima Joshua\AppData\Local\Pub\Cache\hosted\pub.dev\vector_math-2.2.0\lib\src\vector_math_64\matrix2.dart,C:\Users\Dobgima Joshua\AppData\Local\Pub\Cache\hosted\pub.dev\vector_math-2.2.0\lib\src\vector_math_64\matrix3.dart,C:\Users\Dobgima Joshua\AppData\Local\Pub\Cache\hosted\pub.dev\vector_math-2.2.0\lib\src\vector_math_64\matrix4.dart,C:\Users\Dobgima Joshua\AppData\Local\Pub\Cache\hosted\pub.dev\vector_math-2.2.0\lib\src\vector_math_64\noise.dart,C:\Users\Dobgima Joshua\AppData\Local\Pub\Cache\hosted\pub.dev\vector_math-2.2.0\lib\src\vector_math_64\obb3.dart,C:\Users\Dobgima Joshua\AppData\Local\Pub\Cache\hosted\pub.dev\vector_math-2.2.0\lib\src\vector_math_64\opengl.dart,C:\Users\Dobgima Joshua\AppData\Local\Pub\Cache\hosted\pub.dev\vector_math-2.2.0\lib\src\vector_math_64\plane.dart,C:\Users\Dobgima Joshua\AppData\Local\Pub\Cache\hosted\pub.dev\vector_math-2.2.0\lib\src\vector_math_64\quad.dart,C:\Users\Dobgima Joshua\AppData\Local\Pub\Cache\hosted\pub.dev\vector_math-2.2.0\lib\src\vector_math_64\quaternion.dart,C:\Users\Dobgima Joshua\AppData\Local\Pub\Cache\hosted\pub.dev\vector_math-2.2.0\lib\src\vector_math_64\ray.dart,C:\Users\Dobgima Joshua\AppData\Local\Pub\Cache\hosted\pub.dev\vector_math-2.2.0\lib\src\vector_math_64\sphere.dart,C:\Users\Dobgima Joshua\AppData\Local\Pub\Cache\hosted\pub.dev\vector_math-2.2.0\lib\src\vector_math_64\triangle.dart,C:\Users\Dobgima Joshua\AppData\Local\Pub\Cache\hosted\pub.dev\vector_math-2.2.0\lib\src\vector_math_64\utilities.dart,C:\Users\Dobgima Joshua\AppData\Local\Pub\Cache\hosted\pub.dev\vector_math-2.2.0\lib\src\vector_math_64\vector.dart,C:\Users\Dobgima Joshua\AppData\Local\Pub\Cache\hosted\pub.dev\vector_math-2.2.0\lib\src\vector_math_64\vector2.dart,C:\Users\Dobgima Joshua\AppData\Local\Pub\Cache\hosted\pub.dev\vector_math-2.2.0\lib\src\vector_math_64\vector3.dart,C:\Users\Dobgima Joshua\AppData\Local\Pub\Cache\hosted\pub.dev\vector_math-2.2.0\lib\src\vector_math_64\vector4.dart,C:\flutter\packages\flutter\lib\src\gestures\arena.dart,C:\flutter\packages\flutter\lib\src\gestures\binding.dart,C:\flutter\packages\flutter\lib\src\gestures\constants.dart,C:\flutter\packages\flutter\lib\src\gestures\converter.dart,C:\flutter\packages\flutter\lib\src\gestures\debug.dart,C:\flutter\packages\flutter\lib\src\gestures\drag.dart,C:\flutter\packages\flutter\lib\src\gestures\drag_details.dart,C:\flutter\packages\flutter\lib\src\gestures\eager.dart,C:\flutter\packages\flutter\lib\src\gestures\events.dart,C:\flutter\packages\flutter\lib\src\gestures\force_press.dart,C:\flutter\packages\flutter\lib\src\gestures\gesture_details.dart,C:\flutter\packages\flutter\lib\src\gestures\gesture_settings.dart,C:\flutter\packages\flutter\lib\src\gestures\hit_test.dart,C:\flutter\packages\flutter\lib\src\gestures\long_press.dart,C:\flutter\packages\flutter\lib\src\gestures\lsq_solver.dart,C:\flutter\packages\flutter\lib\src\gestures\monodrag.dart,C:\flutter\packages\flutter\lib\src\gestures\multidrag.dart,C:\flutter\packages\flutter\lib\src\gestures\multitap.dart,C:\flutter\packages\flutter\lib\src\gestures\pointer_router.dart,C:\flutter\packages\flutter\lib\src\gestures\pointer_signal_resolver.dart,C:\flutter\packages\flutter\lib\src\gestures\recognizer.dart,C:\flutter\packages\flutter\lib\src\gestures\resampler.dart,C:\flutter\packages\flutter\lib\src\gestures\scale.dart,C:\flutter\packages\flutter\lib\src\gestures\tap.dart,C:\flutter\packages\flutter\lib\src\gestures\tap_and_drag.dart,C:\flutter\packages\flutter\lib\src\gestures\team.dart,C:\flutter\packages\flutter\lib\src\gestures\velocity_tracker.dart,C:\Users\Dobgima Joshua\AppData\Local\Pub\Cache\hosted\pub.dev\collection-1.19.1\lib\src\algorithms.dart,C:\Users\Dobgima Joshua\AppData\Local\Pub\Cache\hosted\pub.dev\collection-1.19.1\lib\src\boollist.dart,C:\Users\Dobgima Joshua\AppData\Local\Pub\Cache\hosted\pub.dev\collection-1.19.1\lib\src\canonicalized_map.dart,C:\Users\Dobgima Joshua\AppData\Local\Pub\Cache\hosted\pub.dev\collection-1.19.1\lib\src\combined_wrappers\combined_iterable.dart,C:\Users\Dobgima Joshua\AppData\Local\Pub\Cache\hosted\pub.dev\collection-1.19.1\lib\src\combined_wrappers\combined_list.dart,C:\Users\Dobgima Joshua\AppData\Local\Pub\Cache\hosted\pub.dev\collection-1.19.1\lib\src\combined_wrappers\combined_map.dart,C:\Users\Dobgima Joshua\AppData\Local\Pub\Cache\hosted\pub.dev\collection-1.19.1\lib\src\comparators.dart,C:\Users\Dobgima Joshua\AppData\Local\Pub\Cache\hosted\pub.dev\collection-1.19.1\lib\src\equality.dart,C:\Users\Dobgima Joshua\AppData\Local\Pub\Cache\hosted\pub.dev\collection-1.19.1\lib\src\equality_map.dart,C:\Users\Dobgima Joshua\AppData\Local\Pub\Cache\hosted\pub.dev\collection-1.19.1\lib\src\equality_set.dart,C:\Users\Dobgima Joshua\AppData\Local\Pub\Cache\hosted\pub.dev\collection-1.19.1\lib\src\functions.dart,C:\Users\Dobgima Joshua\AppData\Local\Pub\Cache\hosted\pub.dev\collection-1.19.1\lib\src\iterable_extensions.dart,C:\Users\Dobgima Joshua\AppData\Local\Pub\Cache\hosted\pub.dev\collection-1.19.1\lib\src\iterable_zip.dart,C:\Users\Dobgima Joshua\AppData\Local\Pub\Cache\hosted\pub.dev\collection-1.19.1\lib\src\list_extensions.dart,C:\Users\Dobgima Joshua\AppData\Local\Pub\Cache\hosted\pub.dev\collection-1.19.1\lib\src\priority_queue.dart,C:\Users\Dobgima Joshua\AppData\Local\Pub\Cache\hosted\pub.dev\collection-1.19.1\lib\src\queue_list.dart,C:\Users\Dobgima Joshua\AppData\Local\Pub\Cache\hosted\pub.dev\collection-1.19.1\lib\src\union_set.dart,C:\Users\Dobgima Joshua\AppData\Local\Pub\Cache\hosted\pub.dev\collection-1.19.1\lib\src\union_set_controller.dart,C:\Users\Dobgima Joshua\AppData\Local\Pub\Cache\hosted\pub.dev\collection-1.19.1\lib\src\unmodifiable_wrappers.dart,C:\Users\Dobgima Joshua\AppData\Local\Pub\Cache\hosted\pub.dev\collection-1.19.1\lib\src\wrappers.dart,C:\Users\Dobgima Joshua\AppData\Local\Pub\Cache\hosted\pub.dev\material_color_utilities-0.11.1\lib\blend\blend.dart,C:\Users\Dobgima Joshua\AppData\Local\Pub\Cache\hosted\pub.dev\material_color_utilities-0.11.1\lib\contrast\contrast.dart,C:\Users\Dobgima Joshua\AppData\Local\Pub\Cache\hosted\pub.dev\material_color_utilities-0.11.1\lib\dislike\dislike_analyzer.dart,C:\Users\Dobgima Joshua\AppData\Local\Pub\Cache\hosted\pub.dev\material_color_utilities-0.11.1\lib\dynamiccolor\dynamic_color.dart,C:\Users\Dobgima Joshua\AppData\Local\Pub\Cache\hosted\pub.dev\material_color_utilities-0.11.1\lib\dynamiccolor\dynamic_scheme.dart,C:\Users\Dobgima Joshua\AppData\Local\Pub\Cache\hosted\pub.dev\material_color_utilities-0.11.1\lib\dynamiccolor\material_dynamic_colors.dart,C:\Users\Dobgima Joshua\AppData\Local\Pub\Cache\hosted\pub.dev\material_color_utilities-0.11.1\lib\dynamiccolor\variant.dart,C:\Users\Dobgima Joshua\AppData\Local\Pub\Cache\hosted\pub.dev\material_color_utilities-0.11.1\lib\hct\cam16.dart,C:\Users\Dobgima Joshua\AppData\Local\Pub\Cache\hosted\pub.dev\material_color_utilities-0.11.1\lib\hct\hct.dart,C:\Users\Dobgima Joshua\AppData\Local\Pub\Cache\hosted\pub.dev\material_color_utilities-0.11.1\lib\hct\viewing_conditions.dart,C:\Users\Dobgima Joshua\AppData\Local\Pub\Cache\hosted\pub.dev\material_color_utilities-0.11.1\lib\palettes\core_palette.dart,C:\Users\Dobgima Joshua\AppData\Local\Pub\Cache\hosted\pub.dev\material_color_utilities-0.11.1\lib\palettes\tonal_palette.dart,C:\Users\Dobgima Joshua\AppData\Local\Pub\Cache\hosted\pub.dev\material_color_utilities-0.11.1\lib\quantize\quantizer.dart,C:\Users\Dobgima Joshua\AppData\Local\Pub\Cache\hosted\pub.dev\material_color_utilities-0.11.1\lib\quantize\quantizer_celebi.dart,C:\Users\Dobgima Joshua\AppData\Local\Pub\Cache\hosted\pub.dev\material_color_utilities-0.11.1\lib\quantize\quantizer_map.dart,C:\Users\Dobgima Joshua\AppData\Local\Pub\Cache\hosted\pub.dev\material_color_utilities-0.11.1\lib\quantize\quantizer_wsmeans.dart,C:\Users\Dobgima Joshua\AppData\Local\Pub\Cache\hosted\pub.dev\material_color_utilities-0.11.1\lib\quantize\quantizer_wu.dart,C:\Users\Dobgima Joshua\AppData\Local\Pub\Cache\hosted\pub.dev\material_color_utilities-0.11.1\lib\scheme\scheme.dart,C:\Users\Dobgima Joshua\AppData\Local\Pub\Cache\hosted\pub.dev\material_color_utilities-0.11.1\lib\scheme\scheme_content.dart,C:\Users\Dobgima Joshua\AppData\Local\Pub\Cache\hosted\pub.dev\material_color_utilities-0.11.1\lib\scheme\scheme_expressive.dart,C:\Users\Dobgima Joshua\AppData\Local\Pub\Cache\hosted\pub.dev\material_color_utilities-0.11.1\lib\scheme\scheme_fidelity.dart,C:\Users\Dobgima Joshua\AppData\Local\Pub\Cache\hosted\pub.dev\material_color_utilities-0.11.1\lib\scheme\scheme_fruit_salad.dart,C:\Users\Dobgima Joshua\AppData\Local\Pub\Cache\hosted\pub.dev\material_color_utilities-0.11.1\lib\scheme\scheme_monochrome.dart,C:\Users\Dobgima Joshua\AppData\Local\Pub\Cache\hosted\pub.dev\material_color_utilities-0.11.1\lib\scheme\scheme_neutral.dart,C:\Users\Dobgima Joshua\AppData\Local\Pub\Cache\hosted\pub.dev\material_color_utilities-0.11.1\lib\scheme\scheme_rainbow.dart,C:\Users\Dobgima Joshua\AppData\Local\Pub\Cache\hosted\pub.dev\material_color_utilities-0.11.1\lib\scheme\scheme_tonal_spot.dart,C:\Users\Dobgima Joshua\AppData\Local\Pub\Cache\hosted\pub.dev\material_color_utilities-0.11.1\lib\scheme\scheme_vibrant.dart,C:\Users\Dobgima Joshua\AppData\Local\Pub\Cache\hosted\pub.dev\material_color_utilities-0.11.1\lib\score\score.dart,C:\Users\Dobgima Joshua\AppData\Local\Pub\Cache\hosted\pub.dev\material_color_utilities-0.11.1\lib\temperature\temperature_cache.dart,C:\Users\Dobgima Joshua\AppData\Local\Pub\Cache\hosted\pub.dev\material_color_utilities-0.11.1\lib\utils\color_utils.dart,C:\Users\Dobgima Joshua\AppData\Local\Pub\Cache\hosted\pub.dev\material_color_utilities-0.11.1\lib\utils\math_utils.dart,C:\Users\Dobgima Joshua\AppData\Local\Pub\Cache\hosted\pub.dev\material_color_utilities-0.11.1\lib\utils\string_utils.dart,C:\flutter\packages\flutter\lib\src\painting\alignment.dart,C:\flutter\packages\flutter\lib\src\painting\basic_types.dart,C:\flutter\packages\flutter\lib\src\painting\beveled_rectangle_border.dart,C:\flutter\packages\flutter\lib\src\painting\binding.dart,C:\flutter\packages\flutter\lib\src\painting\border_radius.dart,C:\flutter\packages\flutter\lib\src\painting\borders.dart,C:\flutter\packages\flutter\lib\src\painting\box_border.dart,C:\flutter\packages\flutter\lib\src\painting\box_decoration.dart,C:\flutter\packages\flutter\lib\src\painting\box_fit.dart,C:\flutter\packages\flutter\lib\src\painting\box_shadow.dart,C:\flutter\packages\flutter\lib\src\painting\circle_border.dart,C:\flutter\packages\flutter\lib\src\painting\clip.dart,C:\flutter\packages\flutter\lib\src\painting\colors.dart,C:\flutter\packages\flutter\lib\src\painting\continuous_rectangle_border.dart,C:\flutter\packages\flutter\lib\src\painting\debug.dart,C:\flutter\packages\flutter\lib\src\painting\decoration.dart,C:\flutter\packages\flutter\lib\src\painting\decoration_image.dart,C:\flutter\packages\flutter\lib\src\painting\edge_insets.dart,C:\flutter\packages\flutter\lib\src\painting\flutter_logo.dart,C:\flutter\packages\flutter\lib\src\painting\fractional_offset.dart,C:\flutter\packages\flutter\lib\src\painting\geometry.dart,C:\flutter\packages\flutter\lib\src\painting\gradient.dart,C:\flutter\packages\flutter\lib\src\painting\image_cache.dart,C:\flutter\packages\flutter\lib\src\painting\image_decoder.dart,C:\flutter\packages\flutter\lib\src\painting\image_provider.dart,C:\flutter\packages\flutter\lib\src\painting\image_resolution.dart,C:\flutter\packages\flutter\lib\src\painting\image_stream.dart,C:\flutter\packages\flutter\lib\src\painting\inline_span.dart,C:\flutter\packages\flutter\lib\src\painting\linear_border.dart,C:\flutter\packages\flutter\lib\src\painting\matrix_utils.dart,C:\flutter\packages\flutter\lib\src\painting\notched_shapes.dart,C:\flutter\packages\flutter\lib\src\painting\oval_border.dart,C:\flutter\packages\flutter\lib\src\painting\paint_utilities.dart,C:\flutter\packages\flutter\lib\src\painting\placeholder_span.dart,C:\flutter\packages\flutter\lib\src\painting\rounded_rectangle_border.dart,C:\flutter\packages\flutter\lib\src\painting\shader_warm_up.dart,C:\flutter\packages\flutter\lib\src\painting\shape_decoration.dart,C:\flutter\packages\flutter\lib\src\painting\stadium_border.dart,C:\flutter\packages\flutter\lib\src\painting\star_border.dart,C:\flutter\packages\flutter\lib\src\painting\strut_style.dart,C:\flutter\packages\flutter\lib\src\painting\text_painter.dart,C:\flutter\packages\flutter\lib\src\painting\text_scaler.dart,C:\flutter\packages\flutter\lib\src\painting\text_span.dart,C:\flutter\packages\flutter\lib\src\painting\text_style.dart,C:\Users\Dobgima Joshua\AppData\Local\Pub\Cache\hosted\pub.dev\characters-1.4.0\lib\src\characters.dart,C:\Users\Dobgima Joshua\AppData\Local\Pub\Cache\hosted\pub.dev\characters-1.4.0\lib\src\extensions.dart,C:\flutter\packages\flutter\lib\src\widgets\constants.dart,C:\flutter\packages\flutter\lib\src\foundation\_features.dart,C:\flutter\packages\flutter\lib\src\widgets\_window.dart,C:\flutter\packages\flutter\lib\src\widgets\_web_browser_detection_io.dart,C:\flutter\packages\flutter\lib\src\painting\_web_image_info_io.dart,C:\flutter\packages\flutter\lib\src\widgets\_web_image_io.dart,C:\flutter\packages\flutter\lib\physics.dart,C:\flutter\packages\flutter\lib\src\widgets\_platform_selectable_region_context_menu_io.dart,C:\flutter\packages\flutter\lib\src\widgets\_html_element_view_io.dart,C:\Users\Dobgima Joshua\AppData\Local\Pub\Cache\hosted\pub.dev\meta-1.17.0\lib\meta_meta.dart,C:\flutter\packages\flutter\lib\src\foundation\_bitfield_io.dart,C:\flutter\packages\flutter\lib\src\foundation\_capabilities_io.dart,C:\flutter\packages\flutter\lib\src\foundation\_isolates_io.dart,C:\flutter\packages\flutter\lib\src\foundation\_platform_io.dart,C:\flutter\packages\flutter\lib\src\foundation\_timeline_io.dart,C:\Users\Dobgima Joshua\AppData\Local\Pub\Cache\hosted\pub.dev\intl-0.20.2\lib\src\global_state.dart,C:\Users\Dobgima Joshua\AppData\Local\Pub\Cache\hosted\pub.dev\intl-0.20.2\lib\src\intl\date_format.dart,C:\Users\Dobgima Joshua\AppData\Local\Pub\Cache\hosted\pub.dev\intl-0.20.2\lib\src\intl_helpers.dart,C:\Users\Dobgima Joshua\AppData\Local\Pub\Cache\hosted\pub.dev\intl-0.20.2\lib\src\plural_rules.dart,C:\Users\Dobgima Joshua\AppData\Local\Pub\Cache\hosted\pub.dev\intl-0.20.2\lib\src\intl\bidi.dart,C:\Users\Dobgima Joshua\AppData\Local\Pub\Cache\hosted\pub.dev\intl-0.20.2\lib\src\intl\bidi_formatter.dart,C:\Users\Dobgima Joshua\AppData\Local\Pub\Cache\hosted\pub.dev\intl-0.20.2\lib\src\intl\micro_money.dart,C:\Users\Dobgima Joshua\AppData\Local\Pub\Cache\hosted\pub.dev\intl-0.20.2\lib\src\intl\number_format.dart,C:\Users\Dobgima Joshua\AppData\Local\Pub\Cache\hosted\pub.dev\intl-0.20.2\lib\src\intl\number_parser_base.dart,C:\Users\Dobgima Joshua\AppData\Local\Pub\Cache\hosted\pub.dev\intl-0.20.2\lib\src\intl\text_direction.dart,C:\Users\Dobgima Joshua\AppData\Local\Pub\Cache\hosted\pub.dev\intl-0.20.2\lib\date_symbol_data_custom.dart,C:\Users\Dobgima Joshua\AppData\Local\Pub\Cache\hosted\pub.dev\intl-0.20.2\lib\date_symbols.dart,C:\flutter\packages\flutter_localizations\lib\src\l10n\generated_date_localizations.dart,C:\Users\Dobgima Joshua\AppData\Local\Pub\Cache\hosted\pub.dev\functions_client-2.5.0\lib\src\functions_client.dart,C:\Users\Dobgima Joshua\AppData\Local\Pub\Cache\hosted\pub.dev\functions_client-2.5.0\lib\src\types.dart,C:\Users\Dobgima Joshua\AppData\Local\Pub\Cache\hosted\pub.dev\gotrue-2.18.0\lib\src\constants.dart,C:\Users\Dobgima Joshua\AppData\Local\Pub\Cache\hosted\pub.dev\gotrue-2.18.0\lib\src\gotrue_admin_api.dart,C:\Users\Dobgima Joshua\AppData\Local\Pub\Cache\hosted\pub.dev\gotrue-2.18.0\lib\src\gotrue_client.dart,C:\Users\Dobgima Joshua\AppData\Local\Pub\Cache\hosted\pub.dev\gotrue-2.18.0\lib\src\helper.dart,C:\Users\Dobgima Joshua\AppData\Local\Pub\Cache\hosted\pub.dev\gotrue-2.18.0\lib\src\types\auth_exception.dart,C:\Users\Dobgima Joshua\AppData\Local\Pub\Cache\hosted\pub.dev\gotrue-2.18.0\lib\src\types\auth_response.dart,C:\Users\Dobgima Joshua\AppData\Local\Pub\Cache\hosted\pub.dev\gotrue-2.18.0\lib\src\types\auth_state.dart,C:\Users\Dobgima Joshua\AppData\Local\Pub\Cache\hosted\pub.dev\gotrue-2.18.0\lib\src\types\gotrue_async_storage.dart,C:\Users\Dobgima Joshua\AppData\Local\Pub\Cache\hosted\pub.dev\gotrue-2.18.0\lib\src\types\jwt.dart,C:\Users\Dobgima Joshua\AppData\Local\Pub\Cache\hosted\pub.dev\gotrue-2.18.0\lib\src\types\mfa.dart,C:\Users\Dobgima Joshua\AppData\Local\Pub\Cache\hosted\pub.dev\gotrue-2.18.0\lib\src\types\types.dart,C:\Users\Dobgima Joshua\AppData\Local\Pub\Cache\hosted\pub.dev\gotrue-2.18.0\lib\src\types\session.dart,C:\Users\Dobgima Joshua\AppData\Local\Pub\Cache\hosted\pub.dev\gotrue-2.18.0\lib\src\types\user.dart,C:\Users\Dobgima Joshua\AppData\Local\Pub\Cache\hosted\pub.dev\gotrue-2.18.0\lib\src\types\user_attributes.dart,C:\Users\Dobgima Joshua\AppData\Local\Pub\Cache\hosted\pub.dev\postgrest-2.6.0\lib\src\postgrest.dart,C:\Users\Dobgima Joshua\AppData\Local\Pub\Cache\hosted\pub.dev\postgrest-2.6.0\lib\src\postgrest_builder.dart,C:\Users\Dobgima Joshua\AppData\Local\Pub\Cache\hosted\pub.dev\postgrest-2.6.0\lib\src\types.dart,C:\Users\Dobgima Joshua\AppData\Local\Pub\Cache\hosted\pub.dev\realtime_client-2.7.0\lib\src\constants.dart,C:\Users\Dobgima Joshua\AppData\Local\Pub\Cache\hosted\pub.dev\realtime_client-2.7.0\lib\src\realtime_channel.dart,C:\Users\Dobgima Joshua\AppData\Local\Pub\Cache\hosted\pub.dev\realtime_client-2.7.0\lib\src\realtime_client.dart,C:\Users\Dobgima Joshua\AppData\Local\Pub\Cache\hosted\pub.dev\realtime_client-2.7.0\lib\src\realtime_presence.dart,C:\Users\Dobgima Joshua\AppData\Local\Pub\Cache\hosted\pub.dev\realtime_client-2.7.0\lib\src\transformers.dart,C:\Users\Dobgima Joshua\AppData\Local\Pub\Cache\hosted\pub.dev\realtime_client-2.7.0\lib\src\types.dart,C:\Users\Dobgima Joshua\AppData\Local\Pub\Cache\hosted\pub.dev\storage_client-2.4.1\lib\src\storage_client.dart,C:\Users\Dobgima Joshua\AppData\Local\Pub\Cache\hosted\pub.dev\storage_client-2.4.1\lib\src\storage_file_api.dart,C:\Users\Dobgima Joshua\AppData\Local\Pub\Cache\hosted\pub.dev\storage_client-2.4.1\lib\src\types.dart,C:\Users\Dobgima Joshua\AppData\Local\Pub\Cache\hosted\pub.dev\supabase-2.10.2\lib\src\constants.dart,C:\Users\Dobgima Joshua\AppData\Local\Pub\Cache\hosted\pub.dev\supabase-2.10.2\lib\src\version.dart,C:\Users\Dobgima Joshua\AppData\Local\Pub\Cache\hosted\pub.dev\yet_another_json_isolate-2.1.0\lib\yet_another_json_isolate.dart,C:\Users\Dobgima Joshua\AppData\Local\Pub\Cache\hosted\pub.dev\supabase-2.10.2\lib\src\auth_http_client.dart,C:\Users\Dobgima Joshua\AppData\Local\Pub\Cache\hosted\pub.dev\supabase-2.10.2\lib\src\counter.dart,C:\Users\Dobgima Joshua\AppData\Local\Pub\Cache\hosted\pub.dev\rxdart-0.28.0\lib\rxdart.dart,C:\Users\Dobgima Joshua\AppData\Local\Pub\Cache\hosted\pub.dev\supabase-2.10.2\lib\src\supabase_stream_filter_builder.dart,C:\Users\Dobgima Joshua\AppData\Local\Pub\Cache\hosted\pub.dev\url_launcher-6.3.2\lib\url_launcher_string.dart,C:\Users\Dobgima Joshua\AppData\Local\Pub\Cache\hosted\pub.dev\url_launcher-6.3.2\lib\src\type_conversion.dart,C:\Users\Dobgima Joshua\AppData\Local\Pub\Cache\hosted\pub.dev\async-2.13.0\lib\src\async_cache.dart,C:\Users\Dobgima Joshua\AppData\Local\Pub\Cache\hosted\pub.dev\async-2.13.0\lib\src\async_memoizer.dart,C:\Users\Dobgima Joshua\AppData\Local\Pub\Cache\hosted\pub.dev\async-2.13.0\lib\src\byte_collector.dart,C:\Users\Dobgima Joshua\AppData\Local\Pub\Cache\hosted\pub.dev\async-2.13.0\lib\src\cancelable_operation.dart,C:\Users\Dobgima Joshua\AppData\Local\Pub\Cache\hosted\pub.dev\async-2.13.0\lib\src\chunked_stream_reader.dart,C:\Users\Dobgima Joshua\AppData\Local\Pub\Cache\hosted\pub.dev\async-2.13.0\lib\src\delegate\event_sink.dart,C:\Users\Dobgima Joshua\AppData\Local\Pub\Cache\hosted\pub.dev\async-2.13.0\lib\src\delegate\future.dart,C:\Users\Dobgima Joshua\AppData\Local\Pub\Cache\hosted\pub.dev\async-2.13.0\lib\src\delegate\sink.dart,C:\Users\Dobgima Joshua\AppData\Local\Pub\Cache\hosted\pub.dev\async-2.13.0\lib\src\delegate\stream.dart,C:\Users\Dobgima Joshua\AppData\Local\Pub\Cache\hosted\pub.dev\async-2.13.0\lib\src\delegate\stream_consumer.dart,C:\Users\Dobgima Joshua\AppData\Local\Pub\Cache\hosted\pub.dev\async-2.13.0\lib\src\delegate\stream_sink.dart,C:\Users\Dobgima Joshua\AppData\Local\Pub\Cache\hosted\pub.dev\async-2.13.0\lib\src\delegate\stream_subscription.dart,C:\Users\Dobgima Joshua\AppData\Local\Pub\Cache\hosted\pub.dev\async-2.13.0\lib\src\future_group.dart,C:\Users\Dobgima Joshua\AppData\Local\Pub\Cache\hosted\pub.dev\async-2.13.0\lib\src\lazy_stream.dart,C:\Users\Dobgima Joshua\AppData\Local\Pub\Cache\hosted\pub.dev\async-2.13.0\lib\src\null_stream_sink.dart,C:\Users\Dobgima Joshua\AppData\Local\Pub\Cache\hosted\pub.dev\async-2.13.0\lib\src\restartable_timer.dart,C:\Users\Dobgima Joshua\AppData\Local\Pub\Cache\hosted\pub.dev\async-2.13.0\lib\src\result\error.dart,C:\Users\Dobgima Joshua\AppData\Local\Pub\Cache\hosted\pub.dev\async-2.13.0\lib\src\result\future.dart,C:\Users\Dobgima Joshua\AppData\Local\Pub\Cache\hosted\pub.dev\async-2.13.0\lib\src\result\result.dart,C:\Users\Dobgima Joshua\AppData\Local\Pub\Cache\hosted\pub.dev\async-2.13.0\lib\src\result\value.dart,C:\Users\Dobgima Joshua\AppData\Local\Pub\Cache\hosted\pub.dev\async-2.13.0\lib\src\single_subscription_transformer.dart,C:\Users\Dobgima Joshua\AppData\Local\Pub\Cache\hosted\pub.dev\async-2.13.0\lib\src\sink_base.dart,C:\Users\Dobgima Joshua\AppData\Local\Pub\Cache\hosted\pub.dev\async-2.13.0\lib\src\stream_closer.dart,C:\Users\Dobgima Joshua\AppData\Local\Pub\Cache\hosted\pub.dev\async-2.13.0\lib\src\stream_completer.dart,C:\Users\Dobgima Joshua\AppData\Local\Pub\Cache\hosted\pub.dev\async-2.13.0\lib\src\stream_extensions.dart,C:\Users\Dobgima Joshua\AppData\Local\Pub\Cache\hosted\pub.dev\async-2.13.0\lib\src\stream_group.dart,C:\Users\Dobgima Joshua\AppData\Local\Pub\Cache\hosted\pub.dev\async-2.13.0\lib\src\stream_queue.dart,C:\Users\Dobgima Joshua\AppData\Local\Pub\Cache\hosted\pub.dev\async-2.13.0\lib\src\stream_sink_completer.dart,C:\Users\Dobgima Joshua\AppData\Local\Pub\Cache\hosted\pub.dev\async-2.13.0\lib\src\stream_sink_extensions.dart,C:\Users\Dobgima Joshua\AppData\Local\Pub\Cache\hosted\pub.dev\async-2.13.0\lib\src\stream_sink_transformer.dart,C:\Users\Dobgima Joshua\AppData\Local\Pub\Cache\hosted\pub.dev\async-2.13.0\lib\src\stream_splitter.dart,C:\Users\Dobgima Joshua\AppData\Local\Pub\Cache\hosted\pub.dev\async-2.13.0\lib\src\stream_subscription_transformer.dart,C:\Users\Dobgima Joshua\AppData\Local\Pub\Cache\hosted\pub.dev\async-2.13.0\lib\src\stream_zip.dart,C:\Users\Dobgima Joshua\AppData\Local\Pub\Cache\hosted\pub.dev\async-2.13.0\lib\src\subscription_stream.dart,C:\Users\Dobgima Joshua\AppData\Local\Pub\Cache\hosted\pub.dev\async-2.13.0\lib\src\typed_stream_transformer.dart,C:\Users\Dobgima Joshua\AppData\Local\Pub\Cache\hosted\pub.dev\http-1.6.0\lib\src\client.dart,C:\Users\Dobgima Joshua\AppData\Local\Pub\Cache\hosted\pub.dev\http-1.6.0\lib\src\exception.dart,C:\Users\Dobgima Joshua\AppData\Local\Pub\Cache\hosted\pub.dev\http-1.6.0\lib\src\request.dart,C:\Users\Dobgima Joshua\AppData\Local\Pub\Cache\hosted\pub.dev\http-1.6.0\lib\src\response.dart,C:\Users\Dobgima Joshua\AppData\Local\Pub\Cache\hosted\pub.dev\http-1.6.0\lib\src\streamed_request.dart,C:\Users\Dobgima Joshua\AppData\Local\Pub\Cache\hosted\pub.dev\http_parser-4.1.2\lib\http_parser.dart,C:\Users\Dobgima Joshua\AppData\Local\Pub\Cache\hosted\pub.dev\http-1.6.0\lib\src\abortable.dart,C:\Users\Dobgima Joshua\AppData\Local\Pub\Cache\hosted\pub.dev\http-1.6.0\lib\src\base_client.dart,C:\Users\Dobgima Joshua\AppData\Local\Pub\Cache\hosted\pub.dev\http-1.6.0\lib\src\base_request.dart,C:\Users\Dobgima Joshua\AppData\Local\Pub\Cache\hosted\pub.dev\http-1.6.0\lib\src\base_response.dart,C:\Users\Dobgima Joshua\AppData\Local\Pub\Cache\hosted\pub.dev\http-1.6.0\lib\src\byte_stream.dart,C:\Users\Dobgima Joshua\AppData\Local\Pub\Cache\hosted\pub.dev\http-1.6.0\lib\src\multipart_file.dart,C:\Users\Dobgima Joshua\AppData\Local\Pub\Cache\hosted\pub.dev\http-1.6.0\lib\src\multipart_request.dart,C:\Users\Dobgima Joshua\AppData\Local\Pub\Cache\hosted\pub.dev\http-1.6.0\lib\src\streamed_response.dart,C:\Users\Dobgima Joshua\AppData\Local\Pub\Cache\hosted\pub.dev\logging-1.3.0\lib\src\level.dart,C:\Users\Dobgima Joshua\AppData\Local\Pub\Cache\hosted\pub.dev\logging-1.3.0\lib\src\log_record.dart,C:\Users\Dobgima Joshua\AppData\Local\Pub\Cache\hosted\pub.dev\logging-1.3.0\lib\src\logger.dart,C:\Users\Dobgima Joshua\AppData\Local\Pub\Cache\hosted\pub.dev\app_links-6.4.1\lib\src\app_links.dart,C:\Users\Dobgima Joshua\AppData\Local\Pub\Cache\hosted\pub.dev\firebase_auth_platform_interface-8.1.6\lib\src\action_code_info.dart,C:\Users\Dobgima Joshua\AppData\Local\Pub\Cache\hosted\pub.dev\firebase_auth_platform_interface-8.1.6\lib\src\action_code_settings.dart,C:\Users\Dobgima Joshua\AppData\Local\Pub\Cache\hosted\pub.dev\firebase_auth_platform_interface-8.1.6\lib\src\additional_user_info.dart,C:\Users\Dobgima Joshua\AppData\Local\Pub\Cache\hosted\pub.dev\firebase_auth_platform_interface-8.1.6\lib\src\auth_credential.dart,C:\Users\Dobgima Joshua\AppData\Local\Pub\Cache\hosted\pub.dev\firebase_auth_platform_interface-8.1.6\lib\src\auth_provider.dart,C:\Users\Dobgima Joshua\AppData\Local\Pub\Cache\hosted\pub.dev\firebase_auth_platform_interface-8.1.6\lib\src\firebase_auth_exception.dart,C:\Users\Dobgima Joshua\AppData\Local\Pub\Cache\hosted\pub.dev\firebase_auth_platform_interface-8.1.6\lib\src\firebase_auth_multi_factor_exception.dart,C:\Users\Dobgima Joshua\AppData\Local\Pub\Cache\hosted\pub.dev\firebase_auth_platform_interface-8.1.6\lib\src\id_token_result.dart,C:\Users\Dobgima Joshua\AppData\Local\Pub\Cache\hosted\pub.dev\firebase_auth_platform_interface-8.1.6\lib\src\pigeon\messages.pigeon.dart,C:\Users\Dobgima Joshua\AppData\Local\Pub\Cache\hosted\pub.dev\firebase_auth_platform_interface-8.1.6\lib\src\platform_interface\platform_interface_confirmation_result.dart,C:\Users\Dobgima Joshua\AppData\Local\Pub\Cache\hosted\pub.dev\firebase_auth_platform_interface-8.1.6\lib\src\platform_interface\platform_interface_firebase_auth.dart,C:\Users\Dobgima Joshua\AppData\Local\Pub\Cache\hosted\pub.dev\firebase_auth_platform_interface-8.1.6\lib\src\platform_interface\platform_interface_multi_factor.dart,C:\Users\Dobgima Joshua\AppData\Local\Pub\Cache\hosted\pub.dev\firebase_auth_platform_interface-8.1.6\lib\src\platform_interface\platform_interface_recaptcha_verifier_factory.dart,C:\Users\Dobgima Joshua\AppData\Local\Pub\Cache\hosted\pub.dev\firebase_auth_platform_interface-8.1.6\lib\src\platform_interface\platform_interface_user.dart,C:\Users\Dobgima Joshua\AppData\Local\Pub\Cache\hosted\pub.dev\firebase_auth_platform_interface-8.1.6\lib\src\platform_interface\platform_interface_user_credential.dart,C:\Users\Dobgima Joshua\AppData\Local\Pub\Cache\hosted\pub.dev\firebase_auth_platform_interface-8.1.6\lib\src\providers\apple_auth.dart,C:\Users\Dobgima Joshua\AppData\Local\Pub\Cache\hosted\pub.dev\firebase_auth_platform_interface-8.1.6\lib\src\providers\email_auth.dart,C:\Users\Dobgima Joshua\AppData\Local\Pub\Cache\hosted\pub.dev\firebase_auth_platform_interface-8.1.6\lib\src\providers\facebook_auth.dart,C:\Users\Dobgima Joshua\AppData\Local\Pub\Cache\hosted\pub.dev\firebase_auth_platform_interface-8.1.6\lib\src\providers\game_center_auth.dart,C:\Users\Dobgima Joshua\AppData\Local\Pub\Cache\hosted\pub.dev\firebase_auth_platform_interface-8.1.6\lib\src\providers\github_auth.dart,C:\Users\Dobgima Joshua\AppData\Local\Pub\Cache\hosted\pub.dev\firebase_auth_platform_interface-8.1.6\lib\src\providers\google_auth.dart,C:\Users\Dobgima Joshua\AppData\Local\Pub\Cache\hosted\pub.dev\firebase_auth_platform_interface-8.1.6\lib\src\providers\microsoft_auth.dart,C:\Users\Dobgima Joshua\AppData\Local\Pub\Cache\hosted\pub.dev\firebase_auth_platform_interface-8.1.6\lib\src\providers\oauth.dart,C:\Users\Dobgima Joshua\AppData\Local\Pub\Cache\hosted\pub.dev\firebase_auth_platform_interface-8.1.6\lib\src\providers\phone_auth.dart,C:\Users\Dobgima Joshua\AppData\Local\Pub\Cache\hosted\pub.dev\firebase_auth_platform_interface-8.1.6\lib\src\providers\saml_auth.dart,C:\Users\Dobgima Joshua\AppData\Local\Pub\Cache\hosted\pub.dev\firebase_auth_platform_interface-8.1.6\lib\src\providers\twitter_auth.dart,C:\Users\Dobgima Joshua\AppData\Local\Pub\Cache\hosted\pub.dev\firebase_auth_platform_interface-8.1.6\lib\src\providers\yahoo_auth.dart,C:\Users\Dobgima Joshua\AppData\Local\Pub\Cache\hosted\pub.dev\firebase_auth_platform_interface-8.1.6\lib\src\providers\play_games_auth.dart,C:\Users\Dobgima Joshua\AppData\Local\Pub\Cache\hosted\pub.dev\firebase_auth_platform_interface-8.1.6\lib\src\types.dart,C:\Users\Dobgima Joshua\AppData\Local\Pub\Cache\hosted\pub.dev\firebase_auth_platform_interface-8.1.6\lib\src\user_info.dart,C:\Users\Dobgima Joshua\AppData\Local\Pub\Cache\hosted\pub.dev\firebase_auth_platform_interface-8.1.6\lib\src\user_metadata.dart,C:\Users\Dobgima Joshua\AppData\Local\Pub\Cache\hosted\pub.dev\firebase_auth_platform_interface-8.1.6\lib\src\password_policy\password_policy_api.dart,C:\Users\Dobgima Joshua\AppData\Local\Pub\Cache\hosted\pub.dev\firebase_auth_platform_interface-8.1.6\lib\src\password_policy\password_policy_impl.dart,C:\Users\Dobgima Joshua\AppData\Local\Pub\Cache\hosted\pub.dev\firebase_auth_platform_interface-8.1.6\lib\src\password_policy\password_policy.dart,C:\Users\Dobgima Joshua\AppData\Local\Pub\Cache\hosted\pub.dev\firebase_auth_platform_interface-8.1.6\lib\src\password_policy\password_validation_status.dart,C:\Users\Dobgima Joshua\AppData\Local\Pub\Cache\hosted\pub.dev\cloud_firestore_platform_interface-7.0.6\lib\src\internal\pointer.dart,C:\Users\Dobgima Joshua\AppData\Local\Pub\Cache\hosted\pub.dev\cloud_firestore_platform_interface-7.0.6\lib\src\blob.dart,C:\Users\Dobgima Joshua\AppData\Local\Pub\Cache\hosted\pub.dev\cloud_firestore_platform_interface-7.0.6\lib\src\field_path.dart,C:\Users\Dobgima Joshua\AppData\Local\Pub\Cache\hosted\pub.dev\cloud_firestore_platform_interface-7.0.6\lib\src\field_path_type.dart,C:\Users\Dobgima Joshua\AppData\Local\Pub\Cache\hosted\pub.dev\cloud_firestore_platform_interface-7.0.6\lib\src\filters.dart,C:\Users\Dobgima Joshua\AppData\Local\Pub\Cache\hosted\pub.dev\cloud_firestore_platform_interface-7.0.6\lib\src\geo_point.dart,C:\Users\Dobgima Joshua\AppData\Local\Pub\Cache\hosted\pub.dev\cloud_firestore_platform_interface-7.0.6\lib\src\get_options.dart,C:\Users\Dobgima Joshua\AppData\Local\Pub\Cache\hosted\pub.dev\cloud_firestore_platform_interface-7.0.6\lib\src\load_bundle_task_state.dart,C:\Users\Dobgima Joshua\AppData\Local\Pub\Cache\hosted\pub.dev\cloud_firestore_platform_interface-7.0.6\lib\src\persistence_settings.dart,C:\Users\Dobgima Joshua\AppData\Local\Pub\Cache\hosted\pub.dev\cloud_firestore_platform_interface-7.0.6\lib\src\pigeon\messages.pigeon.dart,C:\Users\Dobgima Joshua\AppData\Local\Pub\Cache\hosted\pub.dev\cloud_firestore_platform_interface-7.0.6\lib\src\platform_interface\platform_interface_aggregate_query.dart,C:\Users\Dobgima Joshua\AppData\Local\Pub\Cache\hosted\pub.dev\cloud_firestore_platform_interface-7.0.6\lib\src\platform_interface\platform_interface_aggregate_query_snapshot.dart,C:\Users\Dobgima Joshua\AppData\Local\Pub\Cache\hosted\pub.dev\cloud_firestore_platform_interface-7.0.6\lib\src\platform_interface\platform_interface_collection_reference.dart,C:\Users\Dobgima Joshua\AppData\Local\Pub\Cache\hosted\pub.dev\cloud_firestore_platform_interface-7.0.6\lib\src\platform_interface\platform_interface_document_change.dart,C:\Users\Dobgima Joshua\AppData\Local\Pub\Cache\hosted\pub.dev\cloud_firestore_platform_interface-7.0.6\lib\src\platform_interface\platform_interface_document_reference.dart,C:\Users\Dobgima Joshua\AppData\Local\Pub\Cache\hosted\pub.dev\cloud_firestore_platform_interface-7.0.6\lib\src\platform_interface\platform_interface_document_snapshot.dart,C:\Users\Dobgima Joshua\AppData\Local\Pub\Cache\hosted\pub.dev\cloud_firestore_platform_interface-7.0.6\lib\src\platform_interface\platform_interface_field_value.dart,C:\Users\Dobgima Joshua\AppData\Local\Pub\Cache\hosted\pub.dev\cloud_firestore_platform_interface-7.0.6\lib\src\platform_interface\platform_interface_field_value_factory.dart,C:\Users\Dobgima Joshua\AppData\Local\Pub\Cache\hosted\pub.dev\cloud_firestore_platform_interface-7.0.6\lib\src\platform_interface\platform_interface_firestore.dart,C:\Users\Dobgima Joshua\AppData\Local\Pub\Cache\hosted\pub.dev\cloud_firestore_platform_interface-7.0.6\lib\src\platform_interface\platform_interface_index_definitions.dart,C:\Users\Dobgima Joshua\AppData\Local\Pub\Cache\hosted\pub.dev\cloud_firestore_platform_interface-7.0.6\lib\src\platform_interface\platform_interface_load_bundle_task.dart,C:\Users\Dobgima Joshua\AppData\Local\Pub\Cache\hosted\pub.dev\cloud_firestore_platform_interface-7.0.6\lib\src\platform_interface\platform_interface_load_bundle_task_snapshot.dart,C:\Users\Dobgima Joshua\AppData\Local\Pub\Cache\hosted\pub.dev\cloud_firestore_platform_interface-7.0.6\lib\src\platform_interface\platform_interface_persistent_cache_index_manager.dart,C:\Users\Dobgima Joshua\AppData\Local\Pub\Cache\hosted\pub.dev\cloud_firestore_platform_interface-7.0.6\lib\src\platform_interface\platform_interface_query.dart,C:\Users\Dobgima Joshua\AppData\Local\Pub\Cache\hosted\pub.dev\cloud_firestore_platform_interface-7.0.6\lib\src\platform_interface\platform_interface_query_snapshot.dart,C:\Users\Dobgima Joshua\AppData\Local\Pub\Cache\hosted\pub.dev\cloud_firestore_platform_interface-7.0.6\lib\src\platform_interface\platform_interface_transaction.dart,C:\Users\Dobgima Joshua\AppData\Local\Pub\Cache\hosted\pub.dev\cloud_firestore_platform_interface-7.0.6\lib\src\platform_interface\platform_interface_write_batch.dart,C:\Users\Dobgima Joshua\AppData\Local\Pub\Cache\hosted\pub.dev\cloud_firestore_platform_interface-7.0.6\lib\src\platform_interface\utils\load_bundle_task_state.dart,C:\Users\Dobgima Joshua\AppData\Local\Pub\Cache\hosted\pub.dev\cloud_firestore_platform_interface-7.0.6\lib\src\set_options.dart,C:\Users\Dobgima Joshua\AppData\Local\Pub\Cache\hosted\pub.dev\cloud_firestore_platform_interface-7.0.6\lib\src\settings.dart,C:\Users\Dobgima Joshua\AppData\Local\Pub\Cache\hosted\pub.dev\cloud_firestore_platform_interface-7.0.6\lib\src\snapshot_metadata.dart,C:\Users\Dobgima Joshua\AppData\Local\Pub\Cache\hosted\pub.dev\cloud_firestore_platform_interface-7.0.6\lib\src\timestamp.dart,C:\Users\Dobgima Joshua\AppData\Local\Pub\Cache\hosted\pub.dev\cloud_firestore_platform_interface-7.0.6\lib\src\vector_value.dart,C:\Users\Dobgima Joshua\AppData\Local\Pub\Cache\hosted\pub.dev\shared_preferences-2.5.4\lib\src\shared_preferences_devtools_extension_data.dart,C:\Users\Dobgima Joshua\Desktop\Home237\lib\signup_screen.dart,C:\Users\Dobgima Joshua\Desktop\Home237\lib\email_verification_screen.dart,C:\Users\Dobgima Joshua\Desktop\Home237\lib\forgot_password_screen.dart,C:\Users\Dobgima Joshua\Desktop\Home237\lib\pending_property_service.dart,C:\Users\Dobgima Joshua\Desktop\Home237\lib\map_component.dart,C:\Users\Dobgima Joshua\AppData\Local\Pub\Cache\hosted\pub.dev\latlong2-0.9.1\lib\latlong.dart,C:\Users\Dobgima Joshua\AppData\Local\Pub\Cache\hosted\pub.dev\flutter_map-7.0.2\lib\flutter_map.dart,C:\Users\Dobgima Joshua\Desktop\Home237\lib\chat_screen.dart,C:\Users\Dobgima Joshua\Desktop\Home237\lib\tour_player_screen.dart,C:\Users\Dobgima Joshua\AppData\Local\Pub\Cache\hosted\pub.dev\geolocator-13.0.4\lib\geolocator.dart,C:\Users\Dobgima Joshua\AppData\Local\Pub\Cache\hosted\pub.dev\geocoding-3.0.0\lib\geocoding.dart,C:\Users\Dobgima Joshua\AppData\Local\Pub\Cache\hosted\pub.dev\image_picker-1.2.1\lib\image_picker.dart,C:\Users\Dobgima Joshua\AppData\Local\Pub\Cache\hosted\pub.dev\permission_handler-11.4.0\lib\permission_handler.dart,C:\Users\Dobgima Joshua\Desktop\Home237\lib\permission_service.dart,C:\Users\Dobgima Joshua\Desktop\Home237\lib\privacy_security_screen.dart,C:\Users\Dobgima Joshua\Desktop\Home237\lib\help_support_screen.dart,C:\Users\Dobgima Joshua\AppData\Local\Pub\Cache\hosted\pub.dev\cloud_functions-6.0.6\lib\cloud_functions.dart,C:\Users\Dobgima Joshua\Desktop\Home237\lib\admin_chat_detail_screen.dart,C:\Users\Dobgima Joshua\Desktop\Home237\lib\terms_of_service_screen.dart,C:\Users\Dobgima Joshua\Desktop\Home237\lib\privacy_policy_screen.dart,C:\Users\Dobgima Joshua\AppData\Local\Pub\Cache\hosted\pub.dev\google_sign_in-6.3.0\lib\src\fife.dart,C:\flutter\packages\flutter\lib\src\services\_background_isolate_binary_messenger_io.dart,C:\Users\Dobgima Joshua\AppData\Local\Pub\Cache\hosted\pub.dev\geocoding_platform_interface-3.2.0\lib\src\errors\no_result_found_exception.dart,C:\Users\Dobgima Joshua\AppData\Local\Pub\Cache\hosted\pub.dev\geocoding_platform_interface-3.2.0\lib\src\models\location.dart,C:\Users\Dobgima Joshua\AppData\Local\Pub\Cache\hosted\pub.dev\geocoding_platform_interface-3.2.0\lib\src\models\placemark.dart,C:\Users\Dobgima Joshua\AppData\Local\Pub\Cache\hosted\pub.dev\geolocator_platform_interface-4.2.6\lib\src\enums\location_accuracy.dart,C:\Users\Dobgima Joshua\AppData\Local\Pub\Cache\hosted\pub.dev\geolocator_platform_interface-4.2.6\lib\src\enums\location_accuracy_status.dart,C:\Users\Dobgima Joshua\AppData\Local\Pub\Cache\hosted\pub.dev\geolocator_platform_interface-4.2.6\lib\src\enums\location_permission.dart,C:\Users\Dobgima Joshua\AppData\Local\Pub\Cache\hosted\pub.dev\geolocator_platform_interface-4.2.6\lib\src\enums\location_service.dart,C:\Users\Dobgima Joshua\AppData\Local\Pub\Cache\hosted\pub.dev\geolocator_platform_interface-4.2.6\lib\src\errors\activity_missing_exception.dart,C:\Users\Dobgima Joshua\AppData\Local\Pub\Cache\hosted\pub.dev\geolocator_platform_interface-4.2.6\lib\src\errors\already_subscribed_exception.dart,C:\Users\Dobgima Joshua\AppData\Local\Pub\Cache\hosted\pub.dev\geolocator_platform_interface-4.2.6\lib\src\errors\invalid_permission_exception.dart,C:\Users\Dobgima Joshua\AppData\Local\Pub\Cache\hosted\pub.dev\geolocator_platform_interface-4.2.6\lib\src\errors\location_service_disabled_exception.dart,C:\Users\Dobgima Joshua\AppData\Local\Pub\Cache\hosted\pub.dev\geolocator_platform_interface-4.2.6\lib\src\errors\permission_definitions_not_found_exception.dart,C:\Users\Dobgima Joshua\AppData\Local\Pub\Cache\hosted\pub.dev\geolocator_platform_interface-4.2.6\lib\src\errors\permission_denied_exception.dart,C:\Users\Dobgima Joshua\AppData\Local\Pub\Cache\hosted\pub.dev\geolocator_platform_interface-4.2.6\lib\src\errors\permission_request_in_progress_exception.dart,C:\Users\Dobgima Joshua\AppData\Local\Pub\Cache\hosted\pub.dev\geolocator_platform_interface-4.2.6\lib\src\errors\position_update_exception.dart,C:\Users\Dobgima Joshua\AppData\Local\Pub\Cache\hosted\pub.dev\vector_math-2.2.0\lib\vector_math.dart,C:\Users\Dobgima Joshua\AppData\Local\Pub\Cache\hosted\pub.dev\geolocator_platform_interface-4.2.6\lib\src\implementations\method_channel_geolocator.dart,C:\Users\Dobgima Joshua\AppData\Local\Pub\Cache\hosted\pub.dev\geolocator_platform_interface-4.2.6\lib\src\extensions\integer_extensions.dart,C:\Users\Dobgima Joshua\AppData\Local\Pub\Cache\hosted\pub.dev\geolocator_platform_interface-4.2.6\lib\src\models\position.dart,C:\Users\Dobgima Joshua\AppData\Local\Pub\Cache\hosted\pub.dev\geolocator_platform_interface-4.2.6\lib\src\models\location_settings.dart,C:\Users\Dobgima Joshua\AppData\Local\Pub\Cache\hosted\pub.dev\uuid-4.5.2\lib\data.dart,C:\Users\Dobgima Joshua\AppData\Local\Pub\Cache\hosted\pub.dev\uuid-4.5.2\lib\rng.dart,C:\Users\Dobgima Joshua\AppData\Local\Pub\Cache\hosted\pub.dev\uuid-4.5.2\lib\validation.dart,C:\Users\Dobgima Joshua\AppData\Local\Pub\Cache\hosted\pub.dev\uuid-4.5.2\lib\enums.dart,C:\Users\Dobgima Joshua\AppData\Local\Pub\Cache\hosted\pub.dev\uuid-4.5.2\lib\parsing.dart,C:\Users\Dobgima Joshua\AppData\Local\Pub\Cache\hosted\pub.dev\uuid-4.5.2\lib\uuid_value.dart,C:\Users\Dobgima Joshua\AppData\Local\Pub\Cache\hosted\pub.dev\uuid-4.5.2\lib\v1.dart,C:\Users\Dobgima Joshua\AppData\Local\Pub\Cache\hosted\pub.dev\uuid-4.5.2\lib\v4.dart,C:\Users\Dobgima Joshua\AppData\Local\Pub\Cache\hosted\pub.dev\uuid-4.5.2\lib\v5.dart,C:\Users\Dobgima Joshua\AppData\Local\Pub\Cache\hosted\pub.dev\uuid-4.5.2\lib\v6.dart,C:\Users\Dobgima Joshua\AppData\Local\Pub\Cache\hosted\pub.dev\uuid-4.5.2\lib\v7.dart,C:\Users\Dobgima Joshua\AppData\Local\Pub\Cache\hosted\pub.dev\uuid-4.5.2\lib\v8.dart,C:\Users\Dobgima Joshua\AppData\Local\Pub\Cache\hosted\pub.dev\uuid-4.5.2\lib\v8generic.dart,C:\Users\Dobgima Joshua\AppData\Local\Pub\Cache\hosted\pub.dev\google_sign_in_platform_interface-2.5.0\lib\src\utils.dart,C:\Users\Dobgima Joshua\AppData\Local\Pub\Cache\hosted\pub.dev\cross_file-0.3.5+2\lib\src\x_file.dart,C:\Users\Dobgima Joshua\AppData\Local\Pub\Cache\hosted\pub.dev\image_picker_platform_interface-2.11.1\lib\src\method_channel\method_channel_image_picker.dart,C:\Users\Dobgima Joshua\AppData\Local\Pub\Cache\hosted\pub.dev\image_picker_platform_interface-2.11.1\lib\src\types\camera_delegate.dart,C:\Users\Dobgima Joshua\AppData\Local\Pub\Cache\hosted\pub.dev\image_picker_platform_interface-2.11.1\lib\src\types\camera_device.dart,C:\Users\Dobgima Joshua\AppData\Local\Pub\Cache\hosted\pub.dev\image_picker_platform_interface-2.11.1\lib\src\types\image_options.dart,C:\Users\Dobgima Joshua\AppData\Local\Pub\Cache\hosted\pub.dev\image_picker_platform_interface-2.11.1\lib\src\types\image_source.dart,C:\Users\Dobgima Joshua\AppData\Local\Pub\Cache\hosted\pub.dev\image_picker_platform_interface-2.11.1\lib\src\types\lost_data_response.dart,C:\Users\Dobgima Joshua\AppData\Local\Pub\Cache\hosted\pub.dev\image_picker_platform_interface-2.11.1\lib\src\types\media_options.dart,C:\Users\Dobgima Joshua\AppData\Local\Pub\Cache\hosted\pub.dev\image_picker_platform_interface-2.11.1\lib\src\types\media_selection_type.dart,C:\Users\Dobgima Joshua\AppData\Local\Pub\Cache\hosted\pub.dev\image_picker_platform_interface-2.11.1\lib\src\types\multi_image_picker_options.dart,C:\Users\Dobgima Joshua\AppData\Local\Pub\Cache\hosted\pub.dev\image_picker_platform_interface-2.11.1\lib\src\types\multi_video_picker_options.dart,C:\Users\Dobgima Joshua\AppData\Local\Pub\Cache\hosted\pub.dev\image_picker_platform_interface-2.11.1\lib\src\types\picked_file\picked_file.dart,C:\Users\Dobgima Joshua\AppData\Local\Pub\Cache\hosted\pub.dev\image_picker_platform_interface-2.11.1\lib\src\types\retrieve_type.dart,C:\Users\Dobgima Joshua\AppData\Local\Pub\Cache\hosted\pub.dev\platform-3.1.6\lib\platform.dart,C:\Users\Dobgima Joshua\AppData\Local\Pub\Cache\hosted\pub.dev\sqflite_common-2.5.6\lib\src\sqflite_database_factory.dart,C:\Users\Dobgima Joshua\AppData\Local\Pub\Cache\hosted\pub.dev\sqflite_common-2.5.6\lib\sql.dart,C:\Users\Dobgima Joshua\AppData\Local\Pub\Cache\hosted\pub.dev\sqflite_common-2.5.6\lib\src\database.dart,C:\Users\Dobgima Joshua\AppData\Local\Pub\Cache\hosted\pub.dev\sqflite_common-2.5.6\lib\src\database_mixin.dart,C:\Users\Dobgima Joshua\AppData\Local\Pub\Cache\hosted\pub.dev\sqflite_common-2.5.6\lib\src\open_options.dart,C:\Users\Dobgima Joshua\AppData\Local\Pub\Cache\hosted\pub.dev\sqflite_common-2.5.6\lib\src\transaction.dart,C:\Users\Dobgima Joshua\AppData\Local\Pub\Cache\hosted\pub.dev\sqflite_common-2.5.6\lib\src\constant.dart,C:\Users\Dobgima Joshua\AppData\Local\Pub\Cache\hosted\pub.dev\sqflite_common-2.5.6\lib\src\database_ext.dart,C:\Users\Dobgima Joshua\AppData\Local\Pub\Cache\hosted\pub.dev\sqflite_common-2.5.6\lib\src\exception.dart,C:\Users\Dobgima Joshua\AppData\Local\Pub\Cache\hosted\pub.dev\sqflite_common-2.5.6\lib\src\sqflite_debug.dart,C:\Users\Dobgima Joshua\AppData\Local\Pub\Cache\hosted\pub.dev\sqflite_common-2.5.6\lib\src\mixin\platform.dart,C:\Users\Dobgima Joshua\AppData\Local\Pub\Cache\hosted\pub.dev\sqflite_platform_interface-2.4.0\lib\src\platform_exception.dart,C:\Users\Dobgima Joshua\AppData\Local\Pub\Cache\hosted\pub.dev\sqflite_platform_interface-2.4.0\lib\src\sqflite_import.dart,C:\Users\Dobgima Joshua\AppData\Local\Pub\Cache\hosted\pub.dev\sqflite_platform_interface-2.4.0\lib\src\sqflite_method_channel.dart,C:\Users\Dobgima Joshua\AppData\Local\Pub\Cache\hosted\pub.dev\url_launcher_platform_interface-2.3.2\lib\method_channel_url_launcher.dart,C:\Users\Dobgima Joshua\AppData\Local\Pub\Cache\hosted\pub.dev\pub_semver-2.2.0\lib\pub_semver.dart,C:\Users\Dobgima Joshua\AppData\Local\Pub\Cache\hosted\pub.dev\objective_c-9.3.0\lib\src\autorelease.dart,C:\Users\Dobgima Joshua\AppData\Local\Pub\Cache\hosted\pub.dev\objective_c-9.3.0\lib\src\block.dart,C:\Users\Dobgima Joshua\AppData\Local\Pub\Cache\hosted\pub.dev\objective_c-9.3.0\lib\src\c_bindings_generated.dart,C:\Users\Dobgima Joshua\AppData\Local\Pub\Cache\hosted\pub.dev\objective_c-9.3.0\lib\src\cf_string.dart,C:\Users\Dobgima Joshua\AppData\Local\Pub\Cache\hosted\pub.dev\objective_c-9.3.0\lib\src\converter.dart,C:\Users\Dobgima Joshua\AppData\Local\Pub\Cache\hosted\pub.dev\objective_c-9.3.0\lib\src\globals.dart,C:\Users\Dobgima Joshua\AppData\Local\Pub\Cache\hosted\pub.dev\objective_c-9.3.0\lib\src\internal.dart,C:\Users\Dobgima Joshua\AppData\Local\Pub\Cache\hosted\pub.dev\objective_c-9.3.0\lib\src\ns_array.dart,C:\Users\Dobgima Joshua\AppData\Local\Pub\Cache\hosted\pub.dev\objective_c-9.3.0\lib\src\ns_data.dart,C:\Users\Dobgima Joshua\AppData\Local\Pub\Cache\hosted\pub.dev\objective_c-9.3.0\lib\src\ns_date.dart,C:\Users\Dobgima Joshua\AppData\Local\Pub\Cache\hosted\pub.dev\objective_c-9.3.0\lib\src\ns_dictionary.dart,C:\Users\Dobgima Joshua\AppData\Local\Pub\Cache\hosted\pub.dev\objective_c-9.3.0\lib\src\ns_enumerator.dart,C:\Users\Dobgima Joshua\AppData\Local\Pub\Cache\hosted\pub.dev\objective_c-9.3.0\lib\src\ns_input_stream.dart,C:\Users\Dobgima Joshua\AppData\Local\Pub\Cache\hosted\pub.dev\objective_c-9.3.0\lib\src\ns_mutable_data.dart,C:\Users\Dobgima Joshua\AppData\Local\Pub\Cache\hosted\pub.dev\objective_c-9.3.0\lib\src\ns_number.dart,C:\Users\Dobgima Joshua\AppData\Local\Pub\Cache\hosted\pub.dev\objective_c-9.3.0\lib\src\ns_set.dart,C:\Users\Dobgima Joshua\AppData\Local\Pub\Cache\hosted\pub.dev\objective_c-9.3.0\lib\src\ns_string.dart,C:\Users\Dobgima Joshua\AppData\Local\Pub\Cache\hosted\pub.dev\objective_c-9.3.0\lib\src\objective_c_bindings_exported.dart,C:\Users\Dobgima Joshua\AppData\Local\Pub\Cache\hosted\pub.dev\objective_c-9.3.0\lib\src\observer.dart,C:\Users\Dobgima Joshua\AppData\Local\Pub\Cache\hosted\pub.dev\objective_c-9.3.0\lib\src\os_version.dart,C:\Users\Dobgima Joshua\AppData\Local\Pub\Cache\hosted\pub.dev\objective_c-9.3.0\lib\src\protocol_builder.dart,C:\Users\Dobgima Joshua\AppData\Local\Pub\Cache\hosted\pub.dev\objective_c-9.3.0\lib\src\runtime_bindings_generated.dart,C:\Users\Dobgima Joshua\AppData\Local\Pub\Cache\hosted\pub.dev\objective_c-9.3.0\lib\src\selector.dart,C:\Users\Dobgima Joshua\AppData\Local\Pub\Cache\hosted\pub.dev\gtk-2.1.0\lib\src\gtk_settings_real.dart,C:\Users\Dobgima Joshua\AppData\Local\Pub\Cache\hosted\pub.dev\ffi-2.1.5\lib\src\allocation.dart,C:\Users\Dobgima Joshua\AppData\Local\Pub\Cache\hosted\pub.dev\ffi-2.1.5\lib\src\arena.dart,C:\Users\Dobgima Joshua\AppData\Local\Pub\Cache\hosted\pub.dev\ffi-2.1.5\lib\src\utf16.dart,C:\Users\Dobgima Joshua\AppData\Local\Pub\Cache\hosted\pub.dev\ffi-2.1.5\lib\src\utf8.dart,C:\Users\Dobgima Joshua\AppData\Local\Pub\Cache\hosted\pub.dev\win32-5.15.0\lib\src\bstr.dart,C:\Users\Dobgima Joshua\AppData\Local\Pub\Cache\hosted\pub.dev\win32-5.15.0\lib\src\callbacks.dart,C:\Users\Dobgima Joshua\AppData\Local\Pub\Cache\hosted\pub.dev\win32-5.15.0\lib\src\constants.dart,C:\Users\Dobgima Joshua\AppData\Local\Pub\Cache\hosted\pub.dev\win32-5.15.0\lib\src\constants_metadata.dart,C:\Users\Dobgima Joshua\AppData\Local\Pub\Cache\hosted\pub.dev\win32-5.15.0\lib\src\constants_nodoc.dart,C:\Users\Dobgima Joshua\AppData\Local\Pub\Cache\hosted\pub.dev\win32-5.15.0\lib\src\dispatcher.dart,C:\Users\Dobgima Joshua\AppData\Local\Pub\Cache\hosted\pub.dev\win32-5.15.0\lib\src\enums.dart,C:\Users\Dobgima Joshua\AppData\Local\Pub\Cache\hosted\pub.dev\win32-5.15.0\lib\src\enums.g.dart,C:\Users\Dobgima Joshua\AppData\Local\Pub\Cache\hosted\pub.dev\win32-5.15.0\lib\src\exceptions.dart,C:\Users\Dobgima Joshua\AppData\Local\Pub\Cache\hosted\pub.dev\win32-5.15.0\lib\src\functions.dart,C:\Users\Dobgima Joshua\AppData\Local\Pub\Cache\hosted\pub.dev\win32-5.15.0\lib\src\guid.dart,C:\Users\Dobgima Joshua\AppData\Local\Pub\Cache\hosted\pub.dev\win32-5.15.0\lib\src\inline.dart,C:\Users\Dobgima Joshua\AppData\Local\Pub\Cache\hosted\pub.dev\win32-5.15.0\lib\src\macros.dart,C:\Users\Dobgima Joshua\AppData\Local\Pub\Cache\hosted\pub.dev\win32-5.15.0\lib\src\propertykey.dart,C:\Users\Dobgima Joshua\AppData\Local\Pub\Cache\hosted\pub.dev\win32-5.15.0\lib\src\structs.dart,C:\Users\Dobgima Joshua\AppData\Local\Pub\Cache\hosted\pub.dev\win32-5.15.0\lib\src\structs.g.dart,C:\Users\Dobgima Joshua\AppData\Local\Pub\Cache\hosted\pub.dev\win32-5.15.0\lib\src\types.dart,C:\Users\Dobgima Joshua\AppData\Local\Pub\Cache\hosted\pub.dev\win32-5.15.0\lib\src\utils.dart,C:\Users\Dobgima Joshua\AppData\Local\Pub\Cache\hosted\pub.dev\win32-5.15.0\lib\src\variant.dart,C:\Users\Dobgima Joshua\AppData\Local\Pub\Cache\hosted\pub.dev\win32-5.15.0\lib\src\winmd_constants.dart,C:\Users\Dobgima Joshua\AppData\Local\Pub\Cache\hosted\pub.dev\win32-5.15.0\lib\src\winrt_helpers.dart,C:\Users\Dobgima Joshua\AppData\Local\Pub\Cache\hosted\pub.dev\win32-5.15.0\lib\src\extensions\dialogs.dart,C:\Users\Dobgima Joshua\AppData\Local\Pub\Cache\hosted\pub.dev\win32-5.15.0\lib\src\extensions\filetime.dart,C:\Users\Dobgima Joshua\AppData\Local\Pub\Cache\hosted\pub.dev\win32-5.15.0\lib\src\extensions\int_to_hexstring.dart,C:\Users\Dobgima Joshua\AppData\Local\Pub\Cache\hosted\pub.dev\win32-5.15.0\lib\src\extensions\list_to_blob.dart,C:\Users\Dobgima Joshua\AppData\Local\Pub\Cache\hosted\pub.dev\win32-5.15.0\lib\src\extensions\set_ansi.dart,C:\Users\Dobgima Joshua\AppData\Local\Pub\Cache\hosted\pub.dev\win32-5.15.0\lib\src\extensions\set_string.dart,C:\Users\Dobgima Joshua\AppData\Local\Pub\Cache\hosted\pub.dev\win32-5.15.0\lib\src\extensions\set_string_array.dart,C:\Users\Dobgima Joshua\AppData\Local\Pub\Cache\hosted\pub.dev\win32-5.15.0\lib\src\extensions\unpack_utf16.dart,C:\Users\Dobgima Joshua\AppData\Local\Pub\Cache\hosted\pub.dev\win32-5.15.0\lib\src\win32\advapi32.g.dart,C:\Users\Dobgima Joshua\AppData\Local\Pub\Cache\hosted\pub.dev\win32-5.15.0\lib\src\win32\bluetoothapis.g.dart,C:\Users\Dobgima Joshua\AppData\Local\Pub\Cache\hosted\pub.dev\win32-5.15.0\lib\src\win32\bthprops.g.dart,C:\Users\Dobgima Joshua\AppData\Local\Pub\Cache\hosted\pub.dev\win32-5.15.0\lib\src\win32\comctl32.g.dart,C:\Users\Dobgima Joshua\AppData\Local\Pub\Cache\hosted\pub.dev\win32-5.15.0\lib\src\win32\comdlg32.g.dart,C:\Users\Dobgima Joshua\AppData\Local\Pub\Cache\hosted\pub.dev\win32-5.15.0\lib\src\win32\crypt32.g.dart,C:\Users\Dobgima Joshua\AppData\Local\Pub\Cache\hosted\pub.dev\win32-5.15.0\lib\src\win32\dbghelp.g.dart,C:\Users\Dobgima Joshua\AppData\Local\Pub\Cache\hosted\pub.dev\win32-5.15.0\lib\src\win32\dwmapi.g.dart,C:\Users\Dobgima Joshua\AppData\Local\Pub\Cache\hosted\pub.dev\win32-5.15.0\lib\src\win32\dxva2.g.dart,C:\Users\Dobgima Joshua\AppData\Local\Pub\Cache\hosted\pub.dev\win32-5.15.0\lib\src\win32\gdi32.g.dart,C:\Users\Dobgima Joshua\AppData\Local\Pub\Cache\hosted\pub.dev\win32-5.15.0\lib\src\win32\iphlpapi.g.dart,C:\Users\Dobgima Joshua\AppData\Local\Pub\Cache\hosted\pub.dev\win32-5.15.0\lib\src\win32\kernel32.g.dart,C:\Users\Dobgima Joshua\AppData\Local\Pub\Cache\hosted\pub.dev\win32-5.15.0\lib\src\win32\magnification.g.dart,C:\Users\Dobgima Joshua\AppData\Local\Pub\Cache\hosted\pub.dev\win32-5.15.0\lib\src\win32\netapi32.g.dart,C:\Users\Dobgima Joshua\AppData\Local\Pub\Cache\hosted\pub.dev\win32-5.15.0\lib\src\win32\ntdll.g.dart,C:\Users\Dobgima Joshua\AppData\Local\Pub\Cache\hosted\pub.dev\win32-5.15.0\lib\src\win32\ole32.g.dart,C:\Users\Dobgima Joshua\AppData\Local\Pub\Cache\hosted\pub.dev\win32-5.15.0\lib\src\win32\oleaut32.g.dart,C:\Users\Dobgima Joshua\AppData\Local\Pub\Cache\hosted\pub.dev\win32-5.15.0\lib\src\win32\powrprof.g.dart,C:\Users\Dobgima Joshua\AppData\Local\Pub\Cache\hosted\pub.dev\win32-5.15.0\lib\src\win32\propsys.g.dart,C:\Users\Dobgima Joshua\AppData\Local\Pub\Cache\hosted\pub.dev\win32-5.15.0\lib\src\win32\rometadata.g.dart,C:\Users\Dobgima Joshua\AppData\Local\Pub\Cache\hosted\pub.dev\win32-5.15.0\lib\src\win32\scarddlg.g.dart,C:\Users\Dobgima Joshua\AppData\Local\Pub\Cache\hosted\pub.dev\win32-5.15.0\lib\src\win32\setupapi.g.dart,C:\Users\Dobgima Joshua\AppData\Local\Pub\Cache\hosted\pub.dev\win32-5.15.0\lib\src\win32\shell32.g.dart,C:\Users\Dobgima Joshua\AppData\Local\Pub\Cache\hosted\pub.dev\win32-5.15.0\lib\src\win32\shlwapi.g.dart,C:\Users\Dobgima Joshua\AppData\Local\Pub\Cache\hosted\pub.dev\win32-5.15.0\lib\src\win32\user32.g.dart,C:\Users\Dobgima Joshua\AppData\Local\Pub\Cache\hosted\pub.dev\win32-5.15.0\lib\src\win32\uxtheme.g.dart,C:\Users\Dobgima Joshua\AppData\Local\Pub\Cache\hosted\pub.dev\win32-5.15.0\lib\src\win32\version.g.dart,C:\Users\Dobgima Joshua\AppData\Local\Pub\Cache\hosted\pub.dev\win32-5.15.0\lib\src\win32\wevtapi.g.dart,C:\Users\Dobgima Joshua\AppData\Local\Pub\Cache\hosted\pub.dev\win32-5.15.0\lib\src\win32\winmm.g.dart,C:\Users\Dobgima Joshua\AppData\Local\Pub\Cache\hosted\pub.dev\win32-5.15.0\lib\src\win32\winscard.g.dart,C:\Users\Dobgima Joshua\AppData\Local\Pub\Cache\hosted\pub.dev\win32-5.15.0\lib\src\win32\winspool.g.dart,C:\Users\Dobgima Joshua\AppData\Local\Pub\Cache\hosted\pub.dev\win32-5.15.0\lib\src\win32\wlanapi.g.dart,C:\Users\Dobgima Joshua\AppData\Local\Pub\Cache\hosted\pub.dev\win32-5.15.0\lib\src\win32\wtsapi32.g.dart,C:\Users\Dobgima Joshua\AppData\Local\Pub\Cache\hosted\pub.dev\win32-5.15.0\lib\src\win32\xinput1_4.g.dart,C:\Users\Dobgima Joshua\AppData\Local\Pub\Cache\hosted\pub.dev\win32-5.15.0\lib\src\win32\api_ms_win_core_apiquery_l2_1_0.g.dart,C:\Users\Dobgima Joshua\AppData\Local\Pub\Cache\hosted\pub.dev\win32-5.15.0\lib\src\win32\api_ms_win_core_comm_l1_1_1.g.dart,C:\Users\Dobgima Joshua\AppData\Local\Pub\Cache\hosted\pub.dev\win32-5.15.0\lib\src\win32\api_ms_win_core_comm_l1_1_2.g.dart,C:\Users\Dobgima Joshua\AppData\Local\Pub\Cache\hosted\pub.dev\win32-5.15.0\lib\src\win32\api_ms_win_core_handle_l1_1_0.g.dart,C:\Users\Dobgima Joshua\AppData\Local\Pub\Cache\hosted\pub.dev\win32-5.15.0\lib\src\win32\api_ms_win_core_path_l1_1_0.g.dart,C:\Users\Dobgima Joshua\AppData\Local\Pub\Cache\hosted\pub.dev\win32-5.15.0\lib\src\win32\api_ms_win_core_sysinfo_l1_2_3.g.dart,C:\Users\Dobgima Joshua\AppData\Local\Pub\Cache\hosted\pub.dev\win32-5.15.0\lib\src\win32\api_ms_win_core_winrt_l1_1_0.g.dart,C:\Users\Dobgima Joshua\AppData\Local\Pub\Cache\hosted\pub.dev\win32-5.15.0\lib\src\win32\api_ms_win_core_winrt_error_l1_1_0.g.dart,C:\Users\Dobgima Joshua\AppData\Local\Pub\Cache\hosted\pub.dev\win32-5.15.0\lib\src\win32\api_ms_win_core_winrt_string_l1_1_0.g.dart,C:\Users\Dobgima Joshua\AppData\Local\Pub\Cache\hosted\pub.dev\win32-5.15.0\lib\src\win32\api_ms_win_ro_typeresolution_l1_1_0.g.dart,C:\Users\Dobgima Joshua\AppData\Local\Pub\Cache\hosted\pub.dev\win32-5.15.0\lib\src\win32\api_ms_win_ro_typeresolution_l1_1_1.g.dart,C:\Users\Dobgima Joshua\AppData\Local\Pub\Cache\hosted\pub.dev\win32-5.15.0\lib\src\win32\api_ms_win_shcore_scaling_l1_1_1.g.dart,C:\Users\Dobgima Joshua\AppData\Local\Pub\Cache\hosted\pub.dev\win32-5.15.0\lib\src\win32\api_ms_win_wsl_api_l1_1_0.g.dart,C:\Users\Dobgima Joshua\AppData\Local\Pub\Cache\hosted\pub.dev\win32-5.15.0\lib\src\combase.dart,C:\Users\Dobgima Joshua\AppData\Local\Pub\Cache\hosted\pub.dev\win32-5.15.0\lib\src\com\iagileobject.dart,C:\Users\Dobgima Joshua\AppData\Local\Pub\Cache\hosted\pub.dev\win32-5.15.0\lib\src\com\iapplicationactivationmanager.dart,C:\Users\Dobgima Joshua\AppData\Local\Pub\Cache\hosted\pub.dev\win32-5.15.0\lib\src\com\iappxfactory.dart,C:\Users\Dobgima Joshua\AppData\Local\Pub\Cache\hosted\pub.dev\win32-5.15.0\lib\src\com\iappxfile.dart,C:\Users\Dobgima Joshua\AppData\Local\Pub\Cache\hosted\pub.dev\win32-5.15.0\lib\src\com\iappxfilesenumerator.dart,C:\Users\Dobgima Joshua\AppData\Local\Pub\Cache\hosted\pub.dev\win32-5.15.0\lib\src\com\iappxmanifestapplication.dart,C:\Users\Dobgima Joshua\AppData\Local\Pub\Cache\hosted\pub.dev\win32-5.15.0\lib\src\com\iappxmanifestapplicationsenumerator.dart,C:\Users\Dobgima Joshua\AppData\Local\Pub\Cache\hosted\pub.dev\win32-5.15.0\lib\src\com\iappxmanifestospackagedependency.dart,C:\Users\Dobgima Joshua\AppData\Local\Pub\Cache\hosted\pub.dev\win32-5.15.0\lib\src\com\iappxmanifestpackagedependenciesenumerator.dart,C:\Users\Dobgima Joshua\AppData\Local\Pub\Cache\hosted\pub.dev\win32-5.15.0\lib\src\com\iappxmanifestpackagedependency.dart,C:\Users\Dobgima Joshua\AppData\Local\Pub\Cache\hosted\pub.dev\win32-5.15.0\lib\src\com\iappxmanifestpackageid.dart,C:\Users\Dobgima Joshua\AppData\Local\Pub\Cache\hosted\pub.dev\win32-5.15.0\lib\src\com\iappxmanifestproperties.dart,C:\Users\Dobgima Joshua\AppData\Local\Pub\Cache\hosted\pub.dev\win32-5.15.0\lib\src\com\iappxmanifestreader.dart,C:\Users\Dobgima Joshua\AppData\Local\Pub\Cache\hosted\pub.dev\win32-5.15.0\lib\src\com\iappxmanifestreader2.dart,C:\Users\Dobgima Joshua\AppData\Local\Pub\Cache\hosted\pub.dev\win32-5.15.0\lib\src\com\iappxmanifestreader3.dart,C:\Users\Dobgima Joshua\AppData\Local\Pub\Cache\hosted\pub.dev\win32-5.15.0\lib\src\com\iappxmanifestreader4.dart,C:\Users\Dobgima Joshua\AppData\Local\Pub\Cache\hosted\pub.dev\win32-5.15.0\lib\src\com\iappxmanifestreader5.dart,C:\Users\Dobgima Joshua\AppData\Local\Pub\Cache\hosted\pub.dev\win32-5.15.0\lib\src\com\iappxmanifestreader6.dart,C:\Users\Dobgima Joshua\AppData\Local\Pub\Cache\hosted\pub.dev\win32-5.15.0\lib\src\com\iappxmanifestreader7.dart,C:\Users\Dobgima Joshua\AppData\Local\Pub\Cache\hosted\pub.dev\win32-5.15.0\lib\src\com\iappxpackagereader.dart,C:\Users\Dobgima Joshua\AppData\Local\Pub\Cache\hosted\pub.dev\win32-5.15.0\lib\src\com\iaudiocaptureclient.dart,C:\Users\Dobgima Joshua\AppData\Local\Pub\Cache\hosted\pub.dev\win32-5.15.0\lib\src\com\iaudioclient.dart,C:\Users\Dobgima Joshua\AppData\Local\Pub\Cache\hosted\pub.dev\win32-5.15.0\lib\src\com\iaudioclient2.dart,C:\Users\Dobgima Joshua\AppData\Local\Pub\Cache\hosted\pub.dev\win32-5.15.0\lib\src\com\iaudioclient3.dart,C:\Users\Dobgima Joshua\AppData\Local\Pub\Cache\hosted\pub.dev\win32-5.15.0\lib\src\com\iaudioclientduckingcontrol.dart,C:\Users\Dobgima Joshua\AppData\Local\Pub\Cache\hosted\pub.dev\win32-5.15.0\lib\src\com\iaudioclock.dart,C:\Users\Dobgima Joshua\AppData\Local\Pub\Cache\hosted\pub.dev\win32-5.15.0\lib\src\com\iaudioclock2.dart,C:\Users\Dobgima Joshua\AppData\Local\Pub\Cache\hosted\pub.dev\win32-5.15.0\lib\src\com\iaudioclockadjustment.dart,C:\Users\Dobgima Joshua\AppData\Local\Pub\Cache\hosted\pub.dev\win32-5.15.0\lib\src\com\iaudiorenderclient.dart,C:\Users\Dobgima Joshua\AppData\Local\Pub\Cache\hosted\pub.dev\win32-5.15.0\lib\src\com\iaudiosessioncontrol.dart,C:\Users\Dobgima Joshua\AppData\Local\Pub\Cache\hosted\pub.dev\win32-5.15.0\lib\src\com\iaudiosessioncontrol2.dart,C:\Users\Dobgima Joshua\AppData\Local\Pub\Cache\hosted\pub.dev\win32-5.15.0\lib\src\com\iaudiosessionenumerator.dart,C:\Users\Dobgima Joshua\AppData\Local\Pub\Cache\hosted\pub.dev\win32-5.15.0\lib\src\com\iaudiosessionmanager.dart,C:\Users\Dobgima Joshua\AppData\Local\Pub\Cache\hosted\pub.dev\win32-5.15.0\lib\src\com\iaudiosessionmanager2.dart,C:\Users\Dobgima Joshua\AppData\Local\Pub\Cache\hosted\pub.dev\win32-5.15.0\lib\src\com\iaudiostreamvolume.dart,C:\Users\Dobgima Joshua\AppData\Local\Pub\Cache\hosted\pub.dev\win32-5.15.0\lib\src\com\ibindctx.dart,C:\Users\Dobgima Joshua\AppData\Local\Pub\Cache\hosted\pub.dev\win32-5.15.0\lib\src\com\ichannelaudiovolume.dart,C:\Users\Dobgima Joshua\AppData\Local\Pub\Cache\hosted\pub.dev\win32-5.15.0\lib\src\com\iclassfactory.dart,C:\Users\Dobgima Joshua\AppData\Local\Pub\Cache\hosted\pub.dev\win32-5.15.0\lib\src\com\iconnectionpoint.dart,C:\Users\Dobgima Joshua\AppData\Local\Pub\Cache\hosted\pub.dev\win32-5.15.0\lib\src\com\iconnectionpointcontainer.dart,C:\Users\Dobgima Joshua\AppData\Local\Pub\Cache\hosted\pub.dev\win32-5.15.0\lib\src\com\idesktopwallpaper.dart,C:\Users\Dobgima Joshua\AppData\Local\Pub\Cache\hosted\pub.dev\win32-5.15.0\lib\src\com\idispatch.dart,C:\Users\Dobgima Joshua\AppData\Local\Pub\Cache\hosted\pub.dev\win32-5.15.0\lib\src\com\ienumidlist.dart,C:\Users\Dobgima Joshua\AppData\Local\Pub\Cache\hosted\pub.dev\win32-5.15.0\lib\src\com\ienummoniker.dart,C:\Users\Dobgima Joshua\AppData\Local\Pub\Cache\hosted\pub.dev\win32-5.15.0\lib\src\com\ienumnetworkconnections.dart,C:\Users\Dobgima Joshua\AppData\Local\Pub\Cache\hosted\pub.dev\win32-5.15.0\lib\src\com\ienumnetworks.dart,C:\Users\Dobgima Joshua\AppData\Local\Pub\Cache\hosted\pub.dev\win32-5.15.0\lib\src\com\ienumresources.dart,C:\Users\Dobgima Joshua\AppData\Local\Pub\Cache\hosted\pub.dev\win32-5.15.0\lib\src\com\ienumspellingerror.dart,C:\Users\Dobgima Joshua\AppData\Local\Pub\Cache\hosted\pub.dev\win32-5.15.0\lib\src\com\ienumstring.dart,C:\Users\Dobgima Joshua\AppData\Local\Pub\Cache\hosted\pub.dev\win32-5.15.0\lib\src\com\ienumvariant.dart,C:\Users\Dobgima Joshua\AppData\Local\Pub\Cache\hosted\pub.dev\win32-5.15.0\lib\src\com\ienumwbemclassobject.dart,C:\Users\Dobgima Joshua\AppData\Local\Pub\Cache\hosted\pub.dev\win32-5.15.0\lib\src\com\ierrorinfo.dart,C:\Users\Dobgima Joshua\AppData\Local\Pub\Cache\hosted\pub.dev\win32-5.15.0\lib\src\com\ifiledialog.dart,C:\Users\Dobgima Joshua\AppData\Local\Pub\Cache\hosted\pub.dev\win32-5.15.0\lib\src\com\ifiledialog2.dart,C:\Users\Dobgima Joshua\AppData\Local\Pub\Cache\hosted\pub.dev\win32-5.15.0\lib\src\com\ifiledialogcustomize.dart,C:\Users\Dobgima Joshua\AppData\Local\Pub\Cache\hosted\pub.dev\win32-5.15.0\lib\src\com\ifileisinuse.dart,C:\Users\Dobgima Joshua\AppData\Local\Pub\Cache\hosted\pub.dev\win32-5.15.0\lib\src\com\ifileopendialog.dart,C:\Users\Dobgima Joshua\AppData\Local\Pub\Cache\hosted\pub.dev\win32-5.15.0\lib\src\com\ifilesavedialog.dart,C:\Users\Dobgima Joshua\AppData\Local\Pub\Cache\hosted\pub.dev\win32-5.15.0\lib\src\com\iinitializewithwindow.dart,C:\Users\Dobgima Joshua\AppData\Local\Pub\Cache\hosted\pub.dev\win32-5.15.0\lib\src\com\iinspectable.dart,C:\Users\Dobgima Joshua\AppData\Local\Pub\Cache\hosted\pub.dev\win32-5.15.0\lib\src\com\iknownfolder.dart,C:\Users\Dobgima Joshua\AppData\Local\Pub\Cache\hosted\pub.dev\win32-5.15.0\lib\src\com\iknownfoldermanager.dart,C:\Users\Dobgima Joshua\AppData\Local\Pub\Cache\hosted\pub.dev\win32-5.15.0\lib\src\com\imetadataassemblyimport.dart,C:\Users\Dobgima Joshua\AppData\Local\Pub\Cache\hosted\pub.dev\win32-5.15.0\lib\src\com\imetadatadispenser.dart,C:\Users\Dobgima Joshua\AppData\Local\Pub\Cache\hosted\pub.dev\win32-5.15.0\lib\src\com\imetadatadispenserex.dart,C:\Users\Dobgima Joshua\AppData\Local\Pub\Cache\hosted\pub.dev\win32-5.15.0\lib\src\com\imetadataimport.dart,C:\Users\Dobgima Joshua\AppData\Local\Pub\Cache\hosted\pub.dev\win32-5.15.0\lib\src\com\imetadataimport2.dart,C:\Users\Dobgima Joshua\AppData\Local\Pub\Cache\hosted\pub.dev\win32-5.15.0\lib\src\com\imetadatatables.dart,C:\Users\Dobgima Joshua\AppData\Local\Pub\Cache\hosted\pub.dev\win32-5.15.0\lib\src\com\imetadatatables2.dart,C:\Users\Dobgima Joshua\AppData\Local\Pub\Cache\hosted\pub.dev\win32-5.15.0\lib\src\com\immdevice.dart,C:\Users\Dobgima Joshua\AppData\Local\Pub\Cache\hosted\pub.dev\win32-5.15.0\lib\src\com\immdevicecollection.dart,C:\Users\Dobgima Joshua\AppData\Local\Pub\Cache\hosted\pub.dev\win32-5.15.0\lib\src\com\immdeviceenumerator.dart,C:\Users\Dobgima Joshua\AppData\Local\Pub\Cache\hosted\pub.dev\win32-5.15.0\lib\src\com\immendpoint.dart,C:\Users\Dobgima Joshua\AppData\Local\Pub\Cache\hosted\pub.dev\win32-5.15.0\lib\src\com\immnotificationclient.dart,C:\Users\Dobgima Joshua\AppData\Local\Pub\Cache\hosted\pub.dev\win32-5.15.0\lib\src\com\imodalwindow.dart,C:\Users\Dobgima Joshua\AppData\Local\Pub\Cache\hosted\pub.dev\win32-5.15.0\lib\src\com\imoniker.dart,C:\Users\Dobgima Joshua\AppData\Local\Pub\Cache\hosted\pub.dev\win32-5.15.0\lib\src\com\inetwork.dart,C:\Users\Dobgima Joshua\AppData\Local\Pub\Cache\hosted\pub.dev\win32-5.15.0\lib\src\com\inetworkconnection.dart,C:\Users\Dobgima Joshua\AppData\Local\Pub\Cache\hosted\pub.dev\win32-5.15.0\lib\src\com\inetworklistmanager.dart,C:\Users\Dobgima Joshua\AppData\Local\Pub\Cache\hosted\pub.dev\win32-5.15.0\lib\src\com\inetworklistmanagerevents.dart,C:\Users\Dobgima Joshua\AppData\Local\Pub\Cache\hosted\pub.dev\win32-5.15.0\lib\src\com\ipersist.dart,C:\Users\Dobgima Joshua\AppData\Local\Pub\Cache\hosted\pub.dev\win32-5.15.0\lib\src\com\ipersistfile.dart,C:\Users\Dobgima Joshua\AppData\Local\Pub\Cache\hosted\pub.dev\win32-5.15.0\lib\src\com\ipersistmemory.dart,C:\Users\Dobgima Joshua\AppData\Local\Pub\Cache\hosted\pub.dev\win32-5.15.0\lib\src\com\ipersiststream.dart,C:\Users\Dobgima Joshua\AppData\Local\Pub\Cache\hosted\pub.dev\win32-5.15.0\lib\src\com\ipropertystore.dart,C:\Users\Dobgima Joshua\AppData\Local\Pub\Cache\hosted\pub.dev\win32-5.15.0\lib\src\com\iprovideclassinfo.dart,C:\Users\Dobgima Joshua\AppData\Local\Pub\Cache\hosted\pub.dev\win32-5.15.0\lib\src\com\irestrictederrorinfo.dart,C:\Users\Dobgima Joshua\AppData\Local\Pub\Cache\hosted\pub.dev\win32-5.15.0\lib\src\com\irunningobjecttable.dart,C:\Users\Dobgima Joshua\AppData\Local\Pub\Cache\hosted\pub.dev\win32-5.15.0\lib\src\com\isensor.dart,C:\Users\Dobgima Joshua\AppData\Local\Pub\Cache\hosted\pub.dev\win32-5.15.0\lib\src\com\isensorcollection.dart,C:\Users\Dobgima Joshua\AppData\Local\Pub\Cache\hosted\pub.dev\win32-5.15.0\lib\src\com\isensordatareport.dart,C:\Users\Dobgima Joshua\AppData\Local\Pub\Cache\hosted\pub.dev\win32-5.15.0\lib\src\com\isensormanager.dart,C:\Users\Dobgima Joshua\AppData\Local\Pub\Cache\hosted\pub.dev\win32-5.15.0\lib\src\com\isequentialstream.dart,C:\Users\Dobgima Joshua\AppData\Local\Pub\Cache\hosted\pub.dev\win32-5.15.0\lib\src\com\ishellfolder.dart,C:\Users\Dobgima Joshua\AppData\Local\Pub\Cache\hosted\pub.dev\win32-5.15.0\lib\src\com\ishellitem.dart,C:\Users\Dobgima Joshua\AppData\Local\Pub\Cache\hosted\pub.dev\win32-5.15.0\lib\src\com\ishellitem2.dart,C:\Users\Dobgima Joshua\AppData\Local\Pub\Cache\hosted\pub.dev\win32-5.15.0\lib\src\com\ishellitemarray.dart,C:\Users\Dobgima Joshua\AppData\Local\Pub\Cache\hosted\pub.dev\win32-5.15.0\lib\src\com\ishellitemfilter.dart,C:\Users\Dobgima Joshua\AppData\Local\Pub\Cache\hosted\pub.dev\win32-5.15.0\lib\src\com\ishellitemimagefactory.dart,C:\Users\Dobgima Joshua\AppData\Local\Pub\Cache\hosted\pub.dev\win32-5.15.0\lib\src\com\ishellitemresources.dart,C:\Users\Dobgima Joshua\AppData\Local\Pub\Cache\hosted\pub.dev\win32-5.15.0\lib\src\com\ishelllink.dart,C:\Users\Dobgima Joshua\AppData\Local\Pub\Cache\hosted\pub.dev\win32-5.15.0\lib\src\com\ishelllinkdatalist.dart,C:\Users\Dobgima Joshua\AppData\Local\Pub\Cache\hosted\pub.dev\win32-5.15.0\lib\src\com\ishelllinkdual.dart,C:\Users\Dobgima Joshua\AppData\Local\Pub\Cache\hosted\pub.dev\win32-5.15.0\lib\src\com\ishellservice.dart,C:\Users\Dobgima Joshua\AppData\Local\Pub\Cache\hosted\pub.dev\win32-5.15.0\lib\src\com\isimpleaudiovolume.dart,C:\Users\Dobgima Joshua\AppData\Local\Pub\Cache\hosted\pub.dev\win32-5.15.0\lib\src\com\ispeechaudioformat.dart,C:\Users\Dobgima Joshua\AppData\Local\Pub\Cache\hosted\pub.dev\win32-5.15.0\lib\src\com\ispeechbasestream.dart,C:\Users\Dobgima Joshua\AppData\Local\Pub\Cache\hosted\pub.dev\win32-5.15.0\lib\src\com\ispeechobjecttoken.dart,C:\Users\Dobgima Joshua\AppData\Local\Pub\Cache\hosted\pub.dev\win32-5.15.0\lib\src\com\ispeechobjecttokens.dart,C:\Users\Dobgima Joshua\AppData\Local\Pub\Cache\hosted\pub.dev\win32-5.15.0\lib\src\com\ispeechvoice.dart,C:\Users\Dobgima Joshua\AppData\Local\Pub\Cache\hosted\pub.dev\win32-5.15.0\lib\src\com\ispeechvoicestatus.dart,C:\Users\Dobgima Joshua\AppData\Local\Pub\Cache\hosted\pub.dev\win32-5.15.0\lib\src\com\ispeechwaveformatex.dart,C:\Users\Dobgima Joshua\AppData\Local\Pub\Cache\hosted\pub.dev\win32-5.15.0\lib\src\com\ispellchecker.dart,C:\Users\Dobgima Joshua\AppData\Local\Pub\Cache\hosted\pub.dev\win32-5.15.0\lib\src\com\ispellchecker2.dart,C:\Users\Dobgima Joshua\AppData\Local\Pub\Cache\hosted\pub.dev\win32-5.15.0\lib\src\com\ispellcheckerchangedeventhandler.dart,C:\Users\Dobgima Joshua\AppData\Local\Pub\Cache\hosted\pub.dev\win32-5.15.0\lib\src\com\ispellcheckerfactory.dart,C:\Users\Dobgima Joshua\AppData\Local\Pub\Cache\hosted\pub.dev\win32-5.15.0\lib\src\com\ispellingerror.dart,C:\Users\Dobgima Joshua\AppData\Local\Pub\Cache\hosted\pub.dev\win32-5.15.0\lib\src\com\ispeventsource.dart,C:\Users\Dobgima Joshua\AppData\Local\Pub\Cache\hosted\pub.dev\win32-5.15.0\lib\src\com\ispnotifysource.dart,C:\Users\Dobgima Joshua\AppData\Local\Pub\Cache\hosted\pub.dev\win32-5.15.0\lib\src\com\ispvoice.dart,C:\Users\Dobgima Joshua\AppData\Local\Pub\Cache\hosted\pub.dev\win32-5.15.0\lib\src\com\istream.dart,C:\Users\Dobgima Joshua\AppData\Local\Pub\Cache\hosted\pub.dev\win32-5.15.0\lib\src\com\isupporterrorinfo.dart,C:\Users\Dobgima Joshua\AppData\Local\Pub\Cache\hosted\pub.dev\win32-5.15.0\lib\src\com\itypeinfo.dart,C:\Users\Dobgima Joshua\AppData\Local\Pub\Cache\hosted\pub.dev\win32-5.15.0\lib\src\com\iuiautomation.dart,C:\Users\Dobgima Joshua\AppData\Local\Pub\Cache\hosted\pub.dev\win32-5.15.0\lib\src\com\iuiautomation2.dart,C:\Users\Dobgima Joshua\AppData\Local\Pub\Cache\hosted\pub.dev\win32-5.15.0\lib\src\com\iuiautomation3.dart,C:\Users\Dobgima Joshua\AppData\Local\Pub\Cache\hosted\pub.dev\win32-5.15.0\lib\src\com\iuiautomation4.dart,C:\Users\Dobgima Joshua\AppData\Local\Pub\Cache\hosted\pub.dev\win32-5.15.0\lib\src\com\iuiautomation5.dart,C:\Users\Dobgima Joshua\AppData\Local\Pub\Cache\hosted\pub.dev\win32-5.15.0\lib\src\com\iuiautomation6.dart,C:\Users\Dobgima Joshua\AppData\Local\Pub\Cache\hosted\pub.dev\win32-5.15.0\lib\src\com\iuiautomationandcondition.dart,C:\Users\Dobgima Joshua\AppData\Local\Pub\Cache\hosted\pub.dev\win32-5.15.0\lib\src\com\iuiautomationannotationpattern.dart,C:\Users\Dobgima Joshua\AppData\Local\Pub\Cache\hosted\pub.dev\win32-5.15.0\lib\src\com\iuiautomationboolcondition.dart,C:\Users\Dobgima Joshua\AppData\Local\Pub\Cache\hosted\pub.dev\win32-5.15.0\lib\src\com\iuiautomationcacherequest.dart,C:\Users\Dobgima Joshua\AppData\Local\Pub\Cache\hosted\pub.dev\win32-5.15.0\lib\src\com\iuiautomationcondition.dart,C:\Users\Dobgima Joshua\AppData\Local\Pub\Cache\hosted\pub.dev\win32-5.15.0\lib\src\com\iuiautomationcustomnavigationpattern.dart,C:\Users\Dobgima Joshua\AppData\Local\Pub\Cache\hosted\pub.dev\win32-5.15.0\lib\src\com\iuiautomationdockpattern.dart,C:\Users\Dobgima Joshua\AppData\Local\Pub\Cache\hosted\pub.dev\win32-5.15.0\lib\src\com\iuiautomationdragpattern.dart,C:\Users\Dobgima Joshua\AppData\Local\Pub\Cache\hosted\pub.dev\win32-5.15.0\lib\src\com\iuiautomationdroptargetpattern.dart,C:\Users\Dobgima Joshua\AppData\Local\Pub\Cache\hosted\pub.dev\win32-5.15.0\lib\src\com\iuiautomationelement.dart,C:\Users\Dobgima Joshua\AppData\Local\Pub\Cache\hosted\pub.dev\win32-5.15.0\lib\src\com\iuiautomationelement2.dart,C:\Users\Dobgima Joshua\AppData\Local\Pub\Cache\hosted\pub.dev\win32-5.15.0\lib\src\com\iuiautomationelement3.dart,C:\Users\Dobgima Joshua\AppData\Local\Pub\Cache\hosted\pub.dev\win32-5.15.0\lib\src\com\iuiautomationelement4.dart,C:\Users\Dobgima Joshua\AppData\Local\Pub\Cache\hosted\pub.dev\win32-5.15.0\lib\src\com\iuiautomationelement5.dart,C:\Users\Dobgima Joshua\AppData\Local\Pub\Cache\hosted\pub.dev\win32-5.15.0\lib\src\com\iuiautomationelement6.dart,C:\Users\Dobgima Joshua\AppData\Local\Pub\Cache\hosted\pub.dev\win32-5.15.0\lib\src\com\iuiautomationelement7.dart,C:\Users\Dobgima Joshua\AppData\Local\Pub\Cache\hosted\pub.dev\win32-5.15.0\lib\src\com\iuiautomationelement8.dart,C:\Users\Dobgima Joshua\AppData\Local\Pub\Cache\hosted\pub.dev\win32-5.15.0\lib\src\com\iuiautomationelement9.dart,C:\Users\Dobgima Joshua\AppData\Local\Pub\Cache\hosted\pub.dev\win32-5.15.0\lib\src\com\iuiautomationelementarray.dart,C:\Users\Dobgima Joshua\AppData\Local\Pub\Cache\hosted\pub.dev\win32-5.15.0\lib\src\com\iuiautomationexpandcollapsepattern.dart,C:\Users\Dobgima Joshua\AppData\Local\Pub\Cache\hosted\pub.dev\win32-5.15.0\lib\src\com\iuiautomationgriditempattern.dart,C:\Users\Dobgima Joshua\AppData\Local\Pub\Cache\hosted\pub.dev\win32-5.15.0\lib\src\com\iuiautomationgridpattern.dart,C:\Users\Dobgima Joshua\AppData\Local\Pub\Cache\hosted\pub.dev\win32-5.15.0\lib\src\com\iuiautomationinvokepattern.dart,C:\Users\Dobgima Joshua\AppData\Local\Pub\Cache\hosted\pub.dev\win32-5.15.0\lib\src\com\iuiautomationitemcontainerpattern.dart,C:\Users\Dobgima Joshua\AppData\Local\Pub\Cache\hosted\pub.dev\win32-5.15.0\lib\src\com\iuiautomationlegacyiaccessiblepattern.dart,C:\Users\Dobgima Joshua\AppData\Local\Pub\Cache\hosted\pub.dev\win32-5.15.0\lib\src\com\iuiautomationmultipleviewpattern.dart,C:\Users\Dobgima Joshua\AppData\Local\Pub\Cache\hosted\pub.dev\win32-5.15.0\lib\src\com\iuiautomationnotcondition.dart,C:\Users\Dobgima Joshua\AppData\Local\Pub\Cache\hosted\pub.dev\win32-5.15.0\lib\src\com\iuiautomationobjectmodelpattern.dart,C:\Users\Dobgima Joshua\AppData\Local\Pub\Cache\hosted\pub.dev\win32-5.15.0\lib\src\com\iuiautomationorcondition.dart,C:\Users\Dobgima Joshua\AppData\Local\Pub\Cache\hosted\pub.dev\win32-5.15.0\lib\src\com\iuiautomationpropertycondition.dart,C:\Users\Dobgima Joshua\AppData\Local\Pub\Cache\hosted\pub.dev\win32-5.15.0\lib\src\com\iuiautomationproxyfactory.dart,C:\Users\Dobgima Joshua\AppData\Local\Pub\Cache\hosted\pub.dev\win32-5.15.0\lib\src\com\iuiautomationproxyfactoryentry.dart,C:\Users\Dobgima Joshua\AppData\Local\Pub\Cache\hosted\pub.dev\win32-5.15.0\lib\src\com\iuiautomationproxyfactorymapping.dart,C:\Users\Dobgima Joshua\AppData\Local\Pub\Cache\hosted\pub.dev\win32-5.15.0\lib\src\com\iuiautomationrangevaluepattern.dart,C:\Users\Dobgima Joshua\AppData\Local\Pub\Cache\hosted\pub.dev\win32-5.15.0\lib\src\com\iuiautomationscrollitempattern.dart,C:\Users\Dobgima Joshua\AppData\Local\Pub\Cache\hosted\pub.dev\win32-5.15.0\lib\src\com\iuiautomationscrollpattern.dart,C:\Users\Dobgima Joshua\AppData\Local\Pub\Cache\hosted\pub.dev\win32-5.15.0\lib\src\com\iuiautomationselectionitempattern.dart,C:\Users\Dobgima Joshua\AppData\Local\Pub\Cache\hosted\pub.dev\win32-5.15.0\lib\src\com\iuiautomationselectionpattern.dart,C:\Users\Dobgima Joshua\AppData\Local\Pub\Cache\hosted\pub.dev\win32-5.15.0\lib\src\com\iuiautomationselectionpattern2.dart,C:\Users\Dobgima Joshua\AppData\Local\Pub\Cache\hosted\pub.dev\win32-5.15.0\lib\src\com\iuiautomationspreadsheetitempattern.dart,C:\Users\Dobgima Joshua\AppData\Local\Pub\Cache\hosted\pub.dev\win32-5.15.0\lib\src\com\iuiautomationspreadsheetpattern.dart,C:\Users\Dobgima Joshua\AppData\Local\Pub\Cache\hosted\pub.dev\win32-5.15.0\lib\src\com\iuiautomationstylespattern.dart,C:\Users\Dobgima Joshua\AppData\Local\Pub\Cache\hosted\pub.dev\win32-5.15.0\lib\src\com\iuiautomationsynchronizedinputpattern.dart,C:\Users\Dobgima Joshua\AppData\Local\Pub\Cache\hosted\pub.dev\win32-5.15.0\lib\src\com\iuiautomationtableitempattern.dart,C:\Users\Dobgima Joshua\AppData\Local\Pub\Cache\hosted\pub.dev\win32-5.15.0\lib\src\com\iuiautomationtablepattern.dart,C:\Users\Dobgima Joshua\AppData\Local\Pub\Cache\hosted\pub.dev\win32-5.15.0\lib\src\com\iuiautomationtextchildpattern.dart,C:\Users\Dobgima Joshua\AppData\Local\Pub\Cache\hosted\pub.dev\win32-5.15.0\lib\src\com\iuiautomationtexteditpattern.dart,C:\Users\Dobgima Joshua\AppData\Local\Pub\Cache\hosted\pub.dev\win32-5.15.0\lib\src\com\iuiautomationtextpattern.dart,C:\Users\Dobgima Joshua\AppData\Local\Pub\Cache\hosted\pub.dev\win32-5.15.0\lib\src\com\iuiautomationtextpattern2.dart,C:\Users\Dobgima Joshua\AppData\Local\Pub\Cache\hosted\pub.dev\win32-5.15.0\lib\src\com\iuiautomationtextrange.dart,C:\Users\Dobgima Joshua\AppData\Local\Pub\Cache\hosted\pub.dev\win32-5.15.0\lib\src\com\iuiautomationtextrange2.dart,C:\Users\Dobgima Joshua\AppData\Local\Pub\Cache\hosted\pub.dev\win32-5.15.0\lib\src\com\iuiautomationtextrange3.dart,C:\Users\Dobgima Joshua\AppData\Local\Pub\Cache\hosted\pub.dev\win32-5.15.0\lib\src\com\iuiautomationtextrangearray.dart,C:\Users\Dobgima Joshua\AppData\Local\Pub\Cache\hosted\pub.dev\win32-5.15.0\lib\src\com\iuiautomationtogglepattern.dart,C:\Users\Dobgima Joshua\AppData\Local\Pub\Cache\hosted\pub.dev\win32-5.15.0\lib\src\com\iuiautomationtransformpattern.dart,C:\Users\Dobgima Joshua\AppData\Local\Pub\Cache\hosted\pub.dev\win32-5.15.0\lib\src\com\iuiautomationtransformpattern2.dart,C:\Users\Dobgima Joshua\AppData\Local\Pub\Cache\hosted\pub.dev\win32-5.15.0\lib\src\com\iuiautomationtreewalker.dart,C:\Users\Dobgima Joshua\AppData\Local\Pub\Cache\hosted\pub.dev\win32-5.15.0\lib\src\com\iuiautomationvaluepattern.dart,C:\Users\Dobgima Joshua\AppData\Local\Pub\Cache\hosted\pub.dev\win32-5.15.0\lib\src\com\iuiautomationvirtualizeditempattern.dart,C:\Users\Dobgima Joshua\AppData\Local\Pub\Cache\hosted\pub.dev\win32-5.15.0\lib\src\com\iuiautomationwindowpattern.dart,C:\Users\Dobgima Joshua\AppData\Local\Pub\Cache\hosted\pub.dev\win32-5.15.0\lib\src\com\iunknown.dart,C:\Users\Dobgima Joshua\AppData\Local\Pub\Cache\hosted\pub.dev\win32-5.15.0\lib\src\com\iuri.dart,C:\Users\Dobgima Joshua\AppData\Local\Pub\Cache\hosted\pub.dev\win32-5.15.0\lib\src\com\ivirtualdesktopmanager.dart,C:\Users\Dobgima Joshua\AppData\Local\Pub\Cache\hosted\pub.dev\win32-5.15.0\lib\src\com\iwbemclassobject.dart,C:\Users\Dobgima Joshua\AppData\Local\Pub\Cache\hosted\pub.dev\win32-5.15.0\lib\src\com\iwbemconfigurerefresher.dart,C:\Users\Dobgima Joshua\AppData\Local\Pub\Cache\hosted\pub.dev\win32-5.15.0\lib\src\com\iwbemcontext.dart,C:\Users\Dobgima Joshua\AppData\Local\Pub\Cache\hosted\pub.dev\win32-5.15.0\lib\src\com\iwbemhiperfenum.dart,C:\Users\Dobgima Joshua\AppData\Local\Pub\Cache\hosted\pub.dev\win32-5.15.0\lib\src\com\iwbemlocator.dart,C:\Users\Dobgima Joshua\AppData\Local\Pub\Cache\hosted\pub.dev\win32-5.15.0\lib\src\com\iwbemobjectaccess.dart,C:\Users\Dobgima Joshua\AppData\Local\Pub\Cache\hosted\pub.dev\win32-5.15.0\lib\src\com\iwbemrefresher.dart,C:\Users\Dobgima Joshua\AppData\Local\Pub\Cache\hosted\pub.dev\win32-5.15.0\lib\src\com\iwbemservices.dart,C:\Users\Dobgima Joshua\AppData\Local\Pub\Cache\hosted\pub.dev\win32-5.15.0\lib\src\com\iwebauthenticationcoremanagerinterop.dart,C:\Users\Dobgima Joshua\AppData\Local\Pub\Cache\hosted\pub.dev\win32-5.15.0\lib\src\com\iwinhttprequest.dart,C:\Users\Dobgima Joshua\AppData\Local\Pub\Cache\hosted\pub.dev\win32_registry-1.1.5\lib\src\models\models.dart,C:\Users\Dobgima Joshua\AppData\Local\Pub\Cache\hosted\pub.dev\win32_registry-1.1.5\lib\src\registry.dart,C:\Users\Dobgima Joshua\AppData\Local\Pub\Cache\hosted\pub.dev\win32_registry-1.1.5\lib\src\registry_key.dart,C:\Users\Dobgima Joshua\AppData\Local\Pub\Cache\hosted\pub.dev\win32_registry-1.1.5\lib\src\registry_value.dart,C:\Users\Dobgima Joshua\AppData\Local\Pub\Cache\hosted\pub.dev\file_selector_platform_interface-2.7.0\lib\src\method_channel\method_channel_file_selector.dart,C:\Users\Dobgima Joshua\AppData\Local\Pub\Cache\hosted\pub.dev\file_selector_platform_interface-2.7.0\lib\src\types\file_dialog_options.dart,C:\Users\Dobgima Joshua\AppData\Local\Pub\Cache\hosted\pub.dev\file_selector_platform_interface-2.7.0\lib\src\types\file_save_location.dart,C:\Users\Dobgima Joshua\AppData\Local\Pub\Cache\hosted\pub.dev\file_selector_platform_interface-2.7.0\lib\src\types\x_type_group.dart,C:\Users\Dobgima Joshua\AppData\Local\Pub\Cache\hosted\pub.dev\path_provider_linux-2.2.1\lib\src\get_application_id_real.dart,C:\Users\Dobgima Joshua\AppData\Local\Pub\Cache\hosted\pub.dev\file-7.0.1\lib\src\forwarding\forwarding_directory.dart,C:\Users\Dobgima Joshua\AppData\Local\Pub\Cache\hosted\pub.dev\file-7.0.1\lib\src\forwarding\forwarding_file.dart,C:\Users\Dobgima Joshua\AppData\Local\Pub\Cache\hosted\pub.dev\file-7.0.1\lib\src\forwarding\forwarding_file_system.dart,C:\Users\Dobgima Joshua\AppData\Local\Pub\Cache\hosted\pub.dev\file-7.0.1\lib\src\forwarding\forwarding_file_system_entity.dart,C:\Users\Dobgima Joshua\AppData\Local\Pub\Cache\hosted\pub.dev\file-7.0.1\lib\src\forwarding\forwarding_link.dart,C:\Users\Dobgima Joshua\AppData\Local\Pub\Cache\hosted\pub.dev\file-7.0.1\lib\src\forwarding\forwarding_random_access_file.dart,C:\Users\Dobgima Joshua\AppData\Local\Pub\Cache\hosted\pub.dev\file-7.0.1\lib\src\interface\directory.dart,C:\Users\Dobgima Joshua\AppData\Local\Pub\Cache\hosted\pub.dev\file-7.0.1\lib\src\interface\error_codes.dart,C:\Users\Dobgima Joshua\AppData\Local\Pub\Cache\hosted\pub.dev\file-7.0.1\lib\src\interface\file.dart,C:\Users\Dobgima Joshua\AppData\Local\Pub\Cache\hosted\pub.dev\file-7.0.1\lib\src\interface\file_system.dart,C:\Users\Dobgima Joshua\AppData\Local\Pub\Cache\hosted\pub.dev\file-7.0.1\lib\src\interface\file_system_entity.dart,C:\Users\Dobgima Joshua\AppData\Local\Pub\Cache\hosted\pub.dev\file-7.0.1\lib\src\interface\link.dart,C:\Users\Dobgima Joshua\AppData\Local\Pub\Cache\hosted\pub.dev\file-7.0.1\lib\src\io.dart,C:\Users\Dobgima Joshua\AppData\Local\Pub\Cache\hosted\pub.dev\file-7.0.1\lib\src\backends\local\local_file_system.dart,C:\Users\Dobgima Joshua\AppData\Local\Pub\Cache\hosted\pub.dev\path-1.9.1\lib\src\characters.dart,C:\Users\Dobgima Joshua\AppData\Local\Pub\Cache\hosted\pub.dev\path-1.9.1\lib\src\internal_style.dart,C:\Users\Dobgima Joshua\AppData\Local\Pub\Cache\hosted\pub.dev\path-1.9.1\lib\src\parsed_path.dart,C:\Users\Dobgima Joshua\AppData\Local\Pub\Cache\hosted\pub.dev\path-1.9.1\lib\src\style\posix.dart,C:\Users\Dobgima Joshua\AppData\Local\Pub\Cache\hosted\pub.dev\path-1.9.1\lib\src\style\url.dart,C:\Users\Dobgima Joshua\AppData\Local\Pub\Cache\hosted\pub.dev\path-1.9.1\lib\src\style\windows.dart,C:\Users\Dobgima Joshua\AppData\Local\Pub\Cache\hosted\pub.dev\wakelock_plus_platform_interface-1.3.0\lib\messages.g.dart,C:\Users\Dobgima Joshua\AppData\Local\Pub\Cache\hosted\pub.dev\dbus-0.7.12\lib\dbus.dart,C:\flutter\packages\flutter\lib\src\semantics\binding.dart,C:\flutter\packages\flutter\lib\src\semantics\debug.dart,C:\flutter\packages\flutter\lib\src\semantics\semantics.dart,C:\flutter\packages\flutter\lib\src\semantics\semantics_event.dart,C:\flutter\packages\flutter\lib\src\semantics\semantics_service.dart,C:\Users\Dobgima Joshua\AppData\Local\Pub\Cache\hosted\pub.dev\collection-1.19.1\lib\src\utils.dart,C:\Users\Dobgima Joshua\AppData\Local\Pub\Cache\hosted\pub.dev\collection-1.19.1\lib\src\combined_wrappers\combined_iterator.dart,C:\Users\Dobgima Joshua\AppData\Local\Pub\Cache\hosted\pub.dev\collection-1.19.1\lib\src\empty_unmodifiable_set.dart,C:\Users\Dobgima Joshua\AppData\Local\Pub\Cache\hosted\pub.dev\material_color_utilities-0.11.1\lib\dynamiccolor\src\contrast_curve.dart,C:\Users\Dobgima Joshua\AppData\Local\Pub\Cache\hosted\pub.dev\material_color_utilities-0.11.1\lib\dynamiccolor\src\tone_delta_pair.dart,C:\Users\Dobgima Joshua\AppData\Local\Pub\Cache\hosted\pub.dev\material_color_utilities-0.11.1\lib\hct\src\hct_solver.dart,C:\Users\Dobgima Joshua\AppData\Local\Pub\Cache\hosted\pub.dev\material_color_utilities-0.11.1\lib\quantize\src\point_provider_lab.dart,C:\Users\Dobgima Joshua\AppData\Local\Pub\Cache\hosted\pub.dev\material_color_utilities-0.11.1\lib\quantize\src\point_provider.dart,C:\flutter\packages\flutter\lib\src\painting\_network_image_io.dart,C:\Users\Dobgima Joshua\AppData\Local\Pub\Cache\hosted\pub.dev\characters-1.4.0\lib\src\characters_impl.dart,C:\flutter\packages\flutter\lib\src\widgets\_window_io.dart,C:\flutter\packages\flutter\lib\src\physics\clamped_simulation.dart,C:\flutter\packages\flutter\lib\src\physics\friction_simulation.dart,C:\flutter\packages\flutter\lib\src\physics\gravity_simulation.dart,C:\flutter\packages\flutter\lib\src\physics\simulation.dart,C:\flutter\packages\flutter\lib\src\physics\spring_simulation.dart,C:\flutter\packages\flutter\lib\src\physics\tolerance.dart,C:\flutter\packages\flutter\lib\src\physics\utils.dart,C:\Users\Dobgima Joshua\AppData\Local\Pub\Cache\hosted\pub.dev\intl-0.20.2\lib\src\date_format_internal.dart,C:\Users\Dobgima Joshua\AppData\Local\Pub\Cache\hosted\pub.dev\intl-0.20.2\lib\src\intl\constants.dart,C:\Users\Dobgima Joshua\AppData\Local\Pub\Cache\hosted\pub.dev\intl-0.20.2\lib\src\intl\date_builder.dart,C:\Users\Dobgima Joshua\AppData\Local\Pub\Cache\hosted\pub.dev\intl-0.20.2\lib\src\intl\date_computation.dart,C:\Users\Dobgima Joshua\AppData\Local\Pub\Cache\hosted\pub.dev\intl-0.20.2\lib\src\intl\regexp.dart,C:\Users\Dobgima Joshua\AppData\Local\Pub\Cache\hosted\pub.dev\intl-0.20.2\lib\src\intl\string_stack.dart,C:\Users\Dobgima Joshua\AppData\Local\Pub\Cache\hosted\pub.dev\intl-0.20.2\lib\src\intl\date_format_field.dart,C:\Users\Dobgima Joshua\AppData\Local\Pub\Cache\hosted\pub.dev\intl-0.20.2\lib\number_symbols.dart,C:\Users\Dobgima Joshua\AppData\Local\Pub\Cache\hosted\pub.dev\intl-0.20.2\lib\number_symbols_data.dart,C:\Users\Dobgima Joshua\AppData\Local\Pub\Cache\hosted\pub.dev\intl-0.20.2\lib\src\intl\number_format_parser.dart,C:\Users\Dobgima Joshua\AppData\Local\Pub\Cache\hosted\pub.dev\intl-0.20.2\lib\src\intl\number_parser.dart,C:\Users\Dobgima Joshua\AppData\Local\Pub\Cache\hosted\pub.dev\intl-0.20.2\lib\src\intl\compact_number_format.dart,C:\Users\Dobgima Joshua\AppData\Local\Pub\Cache\hosted\pub.dev\functions_client-2.5.0\lib\src\constants.dart,C:\Users\Dobgima Joshua\AppData\Local\Pub\Cache\hosted\pub.dev\functions_client-2.5.0\lib\src\version.dart,C:\Users\Dobgima Joshua\AppData\Local\Pub\Cache\hosted\pub.dev\gotrue-2.18.0\lib\src\types\api_version.dart,C:\Users\Dobgima Joshua\AppData\Local\Pub\Cache\hosted\pub.dev\gotrue-2.18.0\lib\src\version.dart,C:\Users\Dobgima Joshua\AppData\Local\Pub\Cache\hosted\pub.dev\gotrue-2.18.0\lib\src\fetch.dart,C:\Users\Dobgima Joshua\AppData\Local\Pub\Cache\hosted\pub.dev\gotrue-2.18.0\lib\src\types\fetch_options.dart,C:\Users\Dobgima Joshua\AppData\Local\Pub\Cache\hosted\pub.dev\gotrue-2.18.0\lib\src\gotrue_admin_mfa_api.dart,C:\Users\Dobgima Joshua\AppData\Local\Pub\Cache\hosted\pub.dev\gotrue-2.18.0\lib\src\gotrue_admin_oauth_api.dart,C:\Users\Dobgima Joshua\AppData\Local\Pub\Cache\hosted\pub.dev\dart_jsonwebtoken-3.3.1\lib\dart_jsonwebtoken.dart,C:\Users\Dobgima Joshua\AppData\Local\Pub\Cache\hosted\pub.dev\jwt_decode-0.3.1\lib\jwt_decode.dart,C:\Users\Dobgima Joshua\AppData\Local\Pub\Cache\hosted\pub.dev\retry-3.1.2\lib\retry.dart,C:\Users\Dobgima Joshua\AppData\Local\Pub\Cache\hosted\pub.dev\rxdart-0.28.0\lib\subjects.dart,C:\Users\Dobgima Joshua\AppData\Local\Pub\Cache\hosted\pub.dev\gotrue-2.18.0\lib\src\broadcast_stub.dart,C:\Users\Dobgima Joshua\AppData\Local\Pub\Cache\hosted\pub.dev\gotrue-2.18.0\lib\src\gotrue_mfa_api.dart,C:\Users\Dobgima Joshua\AppData\Local\Pub\Cache\hosted\pub.dev\crypto-3.0.7\lib\crypto.dart,C:\Users\Dobgima Joshua\AppData\Local\Pub\Cache\hosted\pub.dev\gotrue-2.18.0\lib\src\base64url.dart,C:\Users\Dobgima Joshua\AppData\Local\Pub\Cache\hosted\pub.dev\gotrue-2.18.0\lib\src\types\error_code.dart,C:\Users\Dobgima Joshua\AppData\Local\Pub\Cache\hosted\pub.dev\postgrest-2.6.0\lib\src\constants.dart,C:\Users\Dobgima Joshua\AppData\Local\Pub\Cache\hosted\pub.dev\postgrest-2.6.0\lib\src\postgrest_filter_builder.dart,C:\Users\Dobgima Joshua\AppData\Local\Pub\Cache\hosted\pub.dev\postgrest-2.6.0\lib\src\postgrest_query_builder.dart,C:\Users\Dobgima Joshua\AppData\Local\Pub\Cache\hosted\pub.dev\postgrest-2.6.0\lib\src\postgrest_rpc_builder.dart,C:\Users\Dobgima Joshua\AppData\Local\Pub\Cache\hosted\pub.dev\postgrest-2.6.0\lib\src\postgrest_transform_builder.dart,C:\Users\Dobgima Joshua\AppData\Local\Pub\Cache\hosted\pub.dev\postgrest-2.6.0\lib\src\raw_postgrest_builder.dart,C:\Users\Dobgima Joshua\AppData\Local\Pub\Cache\hosted\pub.dev\postgrest-2.6.0\lib\src\response_postgrest_builder.dart,C:\Users\Dobgima Joshua\AppData\Local\Pub\Cache\hosted\pub.dev\realtime_client-2.7.0\lib\src\version.dart,C:\Users\Dobgima Joshua\AppData\Local\Pub\Cache\hosted\pub.dev\realtime_client-2.7.0\lib\src\push.dart,C:\Users\Dobgima Joshua\AppData\Local\Pub\Cache\hosted\pub.dev\realtime_client-2.7.0\lib\src\retry_timer.dart,C:\Users\Dobgima Joshua\AppData\Local\Pub\Cache\hosted\pub.dev\realtime_client-2.7.0\lib\src\message.dart,C:\Users\Dobgima Joshua\AppData\Local\Pub\Cache\hosted\pub.dev\realtime_client-2.7.0\lib\src\websocket\websocket.dart,C:\Users\Dobgima Joshua\AppData\Local\Pub\Cache\hosted\pub.dev\web_socket_channel-3.0.3\lib\web_socket_channel.dart,C:\Users\Dobgima Joshua\AppData\Local\Pub\Cache\hosted\pub.dev\storage_client-2.4.1\lib\src\constants.dart,C:\Users\Dobgima Joshua\AppData\Local\Pub\Cache\hosted\pub.dev\storage_client-2.4.1\lib\src\storage_bucket_api.dart,C:\Users\Dobgima Joshua\AppData\Local\Pub\Cache\hosted\pub.dev\storage_client-2.4.1\lib\src\version.dart,C:\Users\Dobgima Joshua\AppData\Local\Pub\Cache\hosted\pub.dev\storage_client-2.4.1\lib\src\fetch.dart,C:\Users\Dobgima Joshua\AppData\Local\Pub\Cache\hosted\pub.dev\storage_client-2.4.1\lib\src\file_io.dart,C:\Users\Dobgima Joshua\AppData\Local\Pub\Cache\hosted\pub.dev\supabase-2.10.2\lib\src\platform_io.dart,C:\Users\Dobgima Joshua\AppData\Local\Pub\Cache\hosted\pub.dev\yet_another_json_isolate-2.1.0\lib\src\_isolates_io.dart,C:\Users\Dobgima Joshua\AppData\Local\Pub\Cache\hosted\pub.dev\rxdart-0.28.0\lib\src\rx.dart,C:\Users\Dobgima Joshua\AppData\Local\Pub\Cache\hosted\pub.dev\rxdart-0.28.0\lib\streams.dart,C:\Users\Dobgima Joshua\AppData\Local\Pub\Cache\hosted\pub.dev\rxdart-0.28.0\lib\transformers.dart,C:\Users\Dobgima Joshua\AppData\Local\Pub\Cache\hosted\pub.dev\rxdart-0.28.0\lib\utils.dart,C:\Users\Dobgima Joshua\AppData\Local\Pub\Cache\hosted\pub.dev\url_launcher-6.3.2\lib\src\url_launcher_string.dart,C:\Users\Dobgima Joshua\AppData\Local\Pub\Cache\hosted\pub.dev\async-2.13.0\lib\src\typed\stream_subscription.dart,C:\Users\Dobgima Joshua\AppData\Local\Pub\Cache\hosted\pub.dev\async-2.13.0\lib\src\result\capture_sink.dart,C:\Users\Dobgima Joshua\AppData\Local\Pub\Cache\hosted\pub.dev\async-2.13.0\lib\src\result\capture_transformer.dart,C:\Users\Dobgima Joshua\AppData\Local\Pub\Cache\hosted\pub.dev\async-2.13.0\lib\src\result\release_sink.dart,C:\Users\Dobgima Joshua\AppData\Local\Pub\Cache\hosted\pub.dev\async-2.13.0\lib\src\result\release_transformer.dart,C:\Users\Dobgima Joshua\AppData\Local\Pub\Cache\hosted\pub.dev\async-2.13.0\lib\src\stream_sink_transformer\reject_errors.dart,C:\Users\Dobgima Joshua\AppData\Local\Pub\Cache\hosted\pub.dev\async-2.13.0\lib\src\stream_sink_transformer\handler_transformer.dart,C:\Users\Dobgima Joshua\AppData\Local\Pub\Cache\hosted\pub.dev\async-2.13.0\lib\src\stream_sink_transformer\stream_transformer_wrapper.dart,C:\Users\Dobgima Joshua\AppData\Local\Pub\Cache\hosted\pub.dev\async-2.13.0\lib\src\stream_sink_transformer\typed.dart,C:\Users\Dobgima Joshua\AppData\Local\Pub\Cache\hosted\pub.dev\http-1.6.0\lib\src\io_client.dart,C:\Users\Dobgima Joshua\AppData\Local\Pub\Cache\hosted\pub.dev\http-1.6.0\lib\src\utils.dart,C:\Users\Dobgima Joshua\AppData\Local\Pub\Cache\hosted\pub.dev\http_parser-4.1.2\lib\src\authentication_challenge.dart,C:\Users\Dobgima Joshua\AppData\Local\Pub\Cache\hosted\pub.dev\http_parser-4.1.2\lib\src\case_insensitive_map.dart,C:\Users\Dobgima Joshua\AppData\Local\Pub\Cache\hosted\pub.dev\http_parser-4.1.2\lib\src\chunked_coding.dart,C:\Users\Dobgima Joshua\AppData\Local\Pub\Cache\hosted\pub.dev\http_parser-4.1.2\lib\src\http_date.dart,C:\Users\Dobgima Joshua\AppData\Local\Pub\Cache\hosted\pub.dev\http_parser-4.1.2\lib\src\media_type.dart,C:\Users\Dobgima Joshua\AppData\Local\Pub\Cache\hosted\pub.dev\http-1.6.0\lib\src\multipart_file_io.dart,C:\Users\Dobgima Joshua\AppData\Local\Pub\Cache\hosted\pub.dev\http-1.6.0\lib\src\boundary_characters.dart,C:\Users\Dobgima Joshua\AppData\Local\Pub\Cache\hosted\pub.dev\firebase_auth_platform_interface-8.1.6\lib\src\method_channel\method_channel_firebase_auth.dart,C:\Users\Dobgima Joshua\AppData\Local\Pub\Cache\hosted\pub.dev\firebase_auth_platform_interface-8.1.6\lib\src\method_channel\method_channel_multi_factor.dart,C:\Users\Dobgima Joshua\AppData\Local\Pub\Cache\hosted\pub.dev\cloud_firestore_platform_interface-7.0.6\lib\src\method_channel\utils\firestore_message_codec.dart,C:\Users\Dobgima Joshua\AppData\Local\Pub\Cache\hosted\pub.dev\cloud_firestore_platform_interface-7.0.6\lib\src\method_channel\method_channel_field_value_factory.dart,C:\Users\Dobgima Joshua\AppData\Local\Pub\Cache\hosted\pub.dev\cloud_firestore_platform_interface-7.0.6\lib\src\method_channel\method_channel_firestore.dart,C:\Users\Dobgima Joshua\AppData\Local\Pub\Cache\hosted\pub.dev\latlong2-0.9.1\lib\spline.dart,C:\Users\Dobgima Joshua\AppData\Local\Pub\Cache\hosted\pub.dev\latlong2-0.9.1\lib\latlong\interfaces.dart,C:\Users\Dobgima Joshua\AppData\Local\Pub\Cache\hosted\pub.dev\latlong2-0.9.1\lib\latlong\calculator\Haversine.dart,C:\Users\Dobgima Joshua\AppData\Local\Pub\Cache\hosted\pub.dev\latlong2-0.9.1\lib\latlong\calculator\Vincenty.dart,C:\Users\Dobgima Joshua\AppData\Local\Pub\Cache\hosted\pub.dev\latlong2-0.9.1\lib\latlong\Distance.dart,C:\Users\Dobgima Joshua\AppData\Local\Pub\Cache\hosted\pub.dev\latlong2-0.9.1\lib\latlong\LatLng.dart,C:\Users\Dobgima Joshua\AppData\Local\Pub\Cache\hosted\pub.dev\latlong2-0.9.1\lib\latlong\LengthUnit.dart,C:\Users\Dobgima Joshua\AppData\Local\Pub\Cache\hosted\pub.dev\latlong2-0.9.1\lib\latlong\Path.dart,C:\Users\Dobgima Joshua\AppData\Local\Pub\Cache\hosted\pub.dev\latlong2-0.9.1\lib\latlong\Circle.dart,C:\Users\Dobgima Joshua\AppData\Local\Pub\Cache\hosted\pub.dev\flutter_map-7.0.2\lib\src\geo\crs.dart,C:\Users\Dobgima Joshua\AppData\Local\Pub\Cache\hosted\pub.dev\flutter_map-7.0.2\lib\src\geo\latlng_bounds.dart,C:\Users\Dobgima Joshua\AppData\Local\Pub\Cache\hosted\pub.dev\flutter_map-7.0.2\lib\src\gestures\interactive_flag.dart,C:\Users\Dobgima Joshua\AppData\Local\Pub\Cache\hosted\pub.dev\flutter_map-7.0.2\lib\src\gestures\latlng_tween.dart,C:\Users\Dobgima Joshua\AppData\Local\Pub\Cache\hosted\pub.dev\flutter_map-7.0.2\lib\src\gestures\map_events.dart,C:\Users\Dobgima Joshua\AppData\Local\Pub\Cache\hosted\pub.dev\flutter_map-7.0.2\lib\src\gestures\multi_finger_gesture.dart,C:\Users\Dobgima Joshua\AppData\Local\Pub\Cache\hosted\pub.dev\flutter_map-7.0.2\lib\src\gestures\positioned_tap_detector_2.dart,C:\Users\Dobgima Joshua\AppData\Local\Pub\Cache\hosted\pub.dev\flutter_map-7.0.2\lib\src\layer\attribution_layer\rich\animation.dart,C:\Users\Dobgima Joshua\AppData\Local\Pub\Cache\hosted\pub.dev\flutter_map-7.0.2\lib\src\layer\attribution_layer\rich\source.dart,C:\Users\Dobgima Joshua\AppData\Local\Pub\Cache\hosted\pub.dev\flutter_map-7.0.2\lib\src\layer\attribution_layer\rich\widget.dart,C:\Users\Dobgima Joshua\AppData\Local\Pub\Cache\hosted\pub.dev\flutter_map-7.0.2\lib\src\layer\attribution_layer\simple.dart,C:\Users\Dobgima Joshua\AppData\Local\Pub\Cache\hosted\pub.dev\flutter_map-7.0.2\lib\src\layer\circle_layer\circle_layer.dart,C:\Users\Dobgima Joshua\AppData\Local\Pub\Cache\hosted\pub.dev\flutter_map-7.0.2\lib\src\layer\marker_layer\marker_layer.dart,C:\Users\Dobgima Joshua\AppData\Local\Pub\Cache\hosted\pub.dev\flutter_map-7.0.2\lib\src\layer\overlay_image_layer\overlay_image_layer.dart,C:\Users\Dobgima Joshua\AppData\Local\Pub\Cache\hosted\pub.dev\flutter_map-7.0.2\lib\src\layer\polygon_layer\polygon_layer.dart,C:\Users\Dobgima Joshua\AppData\Local\Pub\Cache\hosted\pub.dev\flutter_map-7.0.2\lib\src\layer\polyline_layer\polyline_layer.dart,C:\Users\Dobgima Joshua\AppData\Local\Pub\Cache\hosted\pub.dev\flutter_map-7.0.2\lib\src\layer\scalebar\scalebar.dart,C:\Users\Dobgima Joshua\AppData\Local\Pub\Cache\hosted\pub.dev\flutter_map-7.0.2\lib\src\layer\shared\layer_interactivity\layer_hit_notifier.dart,C:\Users\Dobgima Joshua\AppData\Local\Pub\Cache\hosted\pub.dev\flutter_map-7.0.2\lib\src\layer\shared\layer_interactivity\layer_hit_result.dart,C:\Users\Dobgima Joshua\AppData\Local\Pub\Cache\hosted\pub.dev\flutter_map-7.0.2\lib\src\layer\shared\line_patterns\stroke_pattern.dart,C:\Users\Dobgima Joshua\AppData\Local\Pub\Cache\hosted\pub.dev\flutter_map-7.0.2\lib\src\layer\shared\mobile_layer_transformer.dart,C:\Users\Dobgima Joshua\AppData\Local\Pub\Cache\hosted\pub.dev\flutter_map-7.0.2\lib\src\layer\shared\translucent_pointer.dart,C:\Users\Dobgima Joshua\AppData\Local\Pub\Cache\hosted\pub.dev\flutter_map-7.0.2\lib\src\layer\tile_layer\tile_builder.dart,C:\Users\Dobgima Joshua\AppData\Local\Pub\Cache\hosted\pub.dev\flutter_map-7.0.2\lib\src\layer\tile_layer\tile_coordinates.dart,C:\Users\Dobgima Joshua\AppData\Local\Pub\Cache\hosted\pub.dev\flutter_map-7.0.2\lib\src\layer\tile_layer\tile_display.dart,C:\Users\Dobgima Joshua\AppData\Local\Pub\Cache\hosted\pub.dev\flutter_map-7.0.2\lib\src\layer\tile_layer\tile_image.dart,C:\Users\Dobgima Joshua\AppData\Local\Pub\Cache\hosted\pub.dev\flutter_map-7.0.2\lib\src\layer\tile_layer\tile_layer.dart,C:\Users\Dobgima Joshua\AppData\Local\Pub\Cache\hosted\pub.dev\flutter_map-7.0.2\lib\src\layer\tile_layer\tile_provider\asset_tile_provider.dart,C:\Users\Dobgima Joshua\AppData\Local\Pub\Cache\hosted\pub.dev\flutter_map-7.0.2\lib\src\layer\tile_layer\tile_provider\base_tile_provider.dart,C:\Users\Dobgima Joshua\AppData\Local\Pub\Cache\hosted\pub.dev\flutter_map-7.0.2\lib\src\layer\tile_layer\tile_provider\file_providers\tile_provider_io.dart,C:\Users\Dobgima Joshua\AppData\Local\Pub\Cache\hosted\pub.dev\flutter_map-7.0.2\lib\src\layer\tile_layer\tile_provider\network_tile_provider.dart,C:\Users\Dobgima Joshua\AppData\Local\Pub\Cache\hosted\pub.dev\flutter_map-7.0.2\lib\src\layer\tile_layer\tile_update_event.dart,C:\Users\Dobgima Joshua\AppData\Local\Pub\Cache\hosted\pub.dev\flutter_map-7.0.2\lib\src\layer\tile_layer\tile_update_transformer.dart,C:\Users\Dobgima Joshua\AppData\Local\Pub\Cache\hosted\pub.dev\flutter_map-7.0.2\lib\src\map\camera\camera.dart,C:\Users\Dobgima Joshua\AppData\Local\Pub\Cache\hosted\pub.dev\flutter_map-7.0.2\lib\src\map\camera\camera_constraint.dart,C:\Users\Dobgima Joshua\AppData\Local\Pub\Cache\hosted\pub.dev\flutter_map-7.0.2\lib\src\map\camera\camera_fit.dart,C:\Users\Dobgima Joshua\AppData\Local\Pub\Cache\hosted\pub.dev\flutter_map-7.0.2\lib\src\map\controller\map_controller.dart,C:\Users\Dobgima Joshua\AppData\Local\Pub\Cache\hosted\pub.dev\flutter_map-7.0.2\lib\src\map\controller\map_controller_impl.dart,C:\Users\Dobgima Joshua\AppData\Local\Pub\Cache\hosted\pub.dev\flutter_map-7.0.2\lib\src\map\options\cursor_keyboard_rotation.dart,C:\Users\Dobgima Joshua\AppData\Local\Pub\Cache\hosted\pub.dev\flutter_map-7.0.2\lib\src\map\options\interaction.dart,C:\Users\Dobgima Joshua\AppData\Local\Pub\Cache\hosted\pub.dev\flutter_map-7.0.2\lib\src\map\options\options.dart,C:\Users\Dobgima Joshua\AppData\Local\Pub\Cache\hosted\pub.dev\flutter_map-7.0.2\lib\src\map\widget.dart,C:\Users\Dobgima Joshua\AppData\Local\Pub\Cache\hosted\pub.dev\flutter_map-7.0.2\lib\src\misc\bounds.dart,C:\Users\Dobgima Joshua\AppData\Local\Pub\Cache\hosted\pub.dev\flutter_map-7.0.2\lib\src\misc\extensions.dart,C:\Users\Dobgima Joshua\AppData\Local\Pub\Cache\hosted\pub.dev\cached_network_image-3.4.1\lib\cached_network_image.dart,C:\Users\Dobgima Joshua\AppData\Local\Pub\Cache\hosted\pub.dev\video_player-2.11.0\lib\video_player.dart,C:\Users\Dobgima Joshua\AppData\Local\Pub\Cache\hosted\pub.dev\chewie-1.13.0\lib\chewie.dart,C:\Users\Dobgima Joshua\AppData\Local\Pub\Cache\hosted\pub.dev\geolocator_web-4.1.3\lib\web_settings.dart,C:\Users\Dobgima Joshua\AppData\Local\Pub\Cache\hosted\pub.dev\permission_handler_platform_interface-4.3.0\lib\permission_handler_platform_interface.dart,C:\Users\Dobgima Joshua\Desktop\Home237\lib\email_service.dart,C:\Users\Dobgima Joshua\AppData\Local\Pub\Cache\hosted\pub.dev\cloud_functions_platform_interface-5.8.9\lib\cloud_functions_platform_interface.dart,C:\Users\Dobgima Joshua\AppData\Local\Pub\Cache\hosted\pub.dev\cloud_functions-6.0.6\lib\src\firebase_functions.dart,C:\Users\Dobgima Joshua\AppData\Local\Pub\Cache\hosted\pub.dev\cloud_functions-6.0.6\lib\src\https_callable.dart,C:\Users\Dobgima Joshua\AppData\Local\Pub\Cache\hosted\pub.dev\cloud_functions-6.0.6\lib\src\https_callable_result.dart,C:\Users\Dobgima Joshua\AppData\Local\Pub\Cache\hosted\pub.dev\cloud_functions-6.0.6\lib\src\https_callable_stream_result.dart,C:\Users\Dobgima Joshua\AppData\Local\Pub\Cache\hosted\pub.dev\vector_math-2.2.0\lib\src\vector_math\aabb2.dart,C:\Users\Dobgima Joshua\AppData\Local\Pub\Cache\hosted\pub.dev\vector_math-2.2.0\lib\src\vector_math\aabb3.dart,C:\Users\Dobgima Joshua\AppData\Local\Pub\Cache\hosted\pub.dev\vector_math-2.2.0\lib\src\vector_math\colors.dart,C:\Users\Dobgima Joshua\AppData\Local\Pub\Cache\hosted\pub.dev\vector_math-2.2.0\lib\src\vector_math\constants.dart,C:\Users\Dobgima Joshua\AppData\Local\Pub\Cache\hosted\pub.dev\vector_math-2.2.0\lib\src\vector_math\error_helpers.dart,C:\Users\Dobgima Joshua\AppData\Local\Pub\Cache\hosted\pub.dev\vector_math-2.2.0\lib\src\vector_math\frustum.dart,C:\Users\Dobgima Joshua\AppData\Local\Pub\Cache\hosted\pub.dev\vector_math-2.2.0\lib\src\vector_math\intersection_result.dart,C:\Users\Dobgima Joshua\AppData\Local\Pub\Cache\hosted\pub.dev\vector_math-2.2.0\lib\src\vector_math\matrix2.dart,C:\Users\Dobgima Joshua\AppData\Local\Pub\Cache\hosted\pub.dev\vector_math-2.2.0\lib\src\vector_math\matrix3.dart,C:\Users\Dobgima Joshua\AppData\Local\Pub\Cache\hosted\pub.dev\vector_math-2.2.0\lib\src\vector_math\matrix4.dart,C:\Users\Dobgima Joshua\AppData\Local\Pub\Cache\hosted\pub.dev\vector_math-2.2.0\lib\src\vector_math\noise.dart,C:\Users\Dobgima Joshua\AppData\Local\Pub\Cache\hosted\pub.dev\vector_math-2.2.0\lib\src\vector_math\obb3.dart,C:\Users\Dobgima Joshua\AppData\Local\Pub\Cache\hosted\pub.dev\vector_math-2.2.0\lib\src\vector_math\opengl.dart,C:\Users\Dobgima Joshua\AppData\Local\Pub\Cache\hosted\pub.dev\vector_math-2.2.0\lib\src\vector_math\plane.dart,C:\Users\Dobgima Joshua\AppData\Local\Pub\Cache\hosted\pub.dev\vector_math-2.2.0\lib\src\vector_math\quad.dart,C:\Users\Dobgima Joshua\AppData\Local\Pub\Cache\hosted\pub.dev\vector_math-2.2.0\lib\src\vector_math\quaternion.dart,C:\Users\Dobgima Joshua\AppData\Local\Pub\Cache\hosted\pub.dev\vector_math-2.2.0\lib\src\vector_math\ray.dart,C:\Users\Dobgima Joshua\AppData\Local\Pub\Cache\hosted\pub.dev\vector_math-2.2.0\lib\src\vector_math\sphere.dart,C:\Users\Dobgima Joshua\AppData\Local\Pub\Cache\hosted\pub.dev\vector_math-2.2.0\lib\src\vector_math\triangle.dart,C:\Users\Dobgima Joshua\AppData\Local\Pub\Cache\hosted\pub.dev\vector_math-2.2.0\lib\src\vector_math\utilities.dart,C:\Users\Dobgima Joshua\AppData\Local\Pub\Cache\hosted\pub.dev\vector_math-2.2.0\lib\src\vector_math\vector.dart,C:\Users\Dobgima Joshua\AppData\Local\Pub\Cache\hosted\pub.dev\vector_math-2.2.0\lib\src\vector_math\vector2.dart,C:\Users\Dobgima Joshua\AppData\Local\Pub\Cache\hosted\pub.dev\vector_math-2.2.0\lib\src\vector_math\vector3.dart,C:\Users\Dobgima Joshua\AppData\Local\Pub\Cache\hosted\pub.dev\vector_math-2.2.0\lib\src\vector_math\vector4.dart,C:\Users\Dobgima Joshua\AppData\Local\Pub\Cache\hosted\pub.dev\uuid-4.5.2\lib\constants.dart,C:\Users\Dobgima Joshua\AppData\Local\Pub\Cache\hosted\pub.dev\fixnum-1.1.1\lib\fixnum.dart,C:\Users\Dobgima Joshua\AppData\Local\Pub\Cache\hosted\pub.dev\cross_file-0.3.5+2\lib\src\types\io.dart,C:\Users\Dobgima Joshua\AppData\Local\Pub\Cache\hosted\pub.dev\image_picker_platform_interface-2.11.1\lib\src\types\picked_file\lost_data.dart,C:\Users\Dobgima Joshua\AppData\Local\Pub\Cache\hosted\pub.dev\image_picker_platform_interface-2.11.1\lib\src\types\picked_file\io.dart,C:\Users\Dobgima Joshua\AppData\Local\Pub\Cache\hosted\pub.dev\platform-3.1.6\lib\src\interface\local_platform.dart,C:\Users\Dobgima Joshua\AppData\Local\Pub\Cache\hosted\pub.dev\platform-3.1.6\lib\src\interface\platform.dart,C:\Users\Dobgima Joshua\AppData\Local\Pub\Cache\hosted\pub.dev\platform-3.1.6\lib\src\testing\fake_platform.dart,C:\Users\Dobgima Joshua\AppData\Local\Pub\Cache\hosted\pub.dev\sqflite_common-2.5.6\lib\src\factory.dart,C:\Users\Dobgima Joshua\AppData\Local\Pub\Cache\hosted\pub.dev\sqflite_common-2.5.6\lib\src\sql_builder.dart,C:\Users\Dobgima Joshua\AppData\Local\Pub\Cache\hosted\pub.dev\sqflite_common-2.5.6\lib\src\batch.dart,C:\Users\Dobgima Joshua\AppData\Local\Pub\Cache\hosted\pub.dev\sqflite_common-2.5.6\lib\src\cursor.dart,C:\Users\Dobgima Joshua\AppData\Local\Pub\Cache\hosted\pub.dev\sqflite_common-2.5.6\lib\src\collection_utils.dart,C:\Users\Dobgima Joshua\AppData\Local\Pub\Cache\hosted\pub.dev\sqflite_common-2.5.6\lib\src\path_utils.dart,C:\Users\Dobgima Joshua\AppData\Local\Pub\Cache\hosted\pub.dev\sqflite_common-2.5.6\lib\src\utils.dart,C:\Users\Dobgima Joshua\AppData\Local\Pub\Cache\hosted\pub.dev\sqflite_common-2.5.6\lib\src\value_utils.dart,C:\Users\Dobgima Joshua\AppData\Local\Pub\Cache\hosted\pub.dev\sqflite_common-2.5.6\lib\utils\utils.dart,C:\Users\Dobgima Joshua\AppData\Local\Pub\Cache\hosted\pub.dev\synchronized-3.4.0\lib\synchronized.dart,C:\Users\Dobgima Joshua\AppData\Local\Pub\Cache\hosted\pub.dev\sqflite_common-2.5.6\lib\src\arg_utils.dart,C:\Users\Dobgima Joshua\AppData\Local\Pub\Cache\hosted\pub.dev\sqflite_common-2.5.6\lib\src\mixin\import_mixin.dart,C:\Users\Dobgima Joshua\AppData\Local\Pub\Cache\hosted\pub.dev\sqflite_common-2.5.6\lib\src\logger\sqflite_logger.dart,C:\Users\Dobgima Joshua\AppData\Local\Pub\Cache\hosted\pub.dev\sqflite_common-2.5.6\lib\src\database_file_system.dart,C:\Users\Dobgima Joshua\AppData\Local\Pub\Cache\hosted\pub.dev\sqflite_common-2.5.6\lib\src\platform\platform.dart,C:\Users\Dobgima Joshua\AppData\Local\Pub\Cache\hosted\pub.dev\sqflite_common-2.5.6\lib\src\compat.dart,C:\Users\Dobgima Joshua\AppData\Local\Pub\Cache\hosted\pub.dev\sqflite_common-2.5.6\lib\src\factory_mixin.dart,C:\Users\Dobgima Joshua\AppData\Local\Pub\Cache\hosted\pub.dev\sqflite_common-2.5.6\lib\src\mixin\constant.dart,C:\Users\Dobgima Joshua\AppData\Local\Pub\Cache\hosted\pub.dev\sqflite_common-2.5.6\lib\src\mixin\factory.dart,C:\Users\Dobgima Joshua\AppData\Local\Pub\Cache\hosted\pub.dev\pub_semver-2.2.0\lib\src\version.dart,C:\Users\Dobgima Joshua\AppData\Local\Pub\Cache\hosted\pub.dev\pub_semver-2.2.0\lib\src\version_constraint.dart,C:\Users\Dobgima Joshua\AppData\Local\Pub\Cache\hosted\pub.dev\pub_semver-2.2.0\lib\src\version_range.dart,C:\Users\Dobgima Joshua\AppData\Local\Pub\Cache\hosted\pub.dev\pub_semver-2.2.0\lib\src\version_union.dart,C:\Users\Dobgima Joshua\AppData\Local\Pub\Cache\hosted\pub.dev\objective_c-9.3.0\lib\src\objective_c_bindings_generated.dart,C:\Users\Dobgima Joshua\AppData\Local\Pub\Cache\hosted\pub.dev\gtk-2.1.0\lib\src\libgtk.dart,C:\Users\Dobgima Joshua\AppData\Local\Pub\Cache\hosted\pub.dev\gtk-2.1.0\lib\src\libgtk.g.dart,C:\Users\Dobgima Joshua\AppData\Local\Pub\Cache\hosted\pub.dev\win32-5.15.0\lib\src\extensions\_internal.dart,C:\Users\Dobgima Joshua\AppData\Local\Pub\Cache\hosted\pub.dev\win32_registry-1.1.5\lib\src\models\access_rights.dart,C:\Users\Dobgima Joshua\AppData\Local\Pub\Cache\hosted\pub.dev\win32_registry-1.1.5\lib\src\models\pointer_data.dart,C:\Users\Dobgima Joshua\AppData\Local\Pub\Cache\hosted\pub.dev\win32_registry-1.1.5\lib\src\models\registry_hive.dart,C:\Users\Dobgima Joshua\AppData\Local\Pub\Cache\hosted\pub.dev\win32_registry-1.1.5\lib\src\models\registry_key_info.dart,C:\Users\Dobgima Joshua\AppData\Local\Pub\Cache\hosted\pub.dev\win32_registry-1.1.5\lib\src\models\registry_value_type.dart,C:\Users\Dobgima Joshua\AppData\Local\Pub\Cache\hosted\pub.dev\win32_registry-1.1.5\lib\src\utils.dart,C:\Users\Dobgima Joshua\AppData\Local\Pub\Cache\hosted\pub.dev\file-7.0.1\lib\src\interface\error_codes_dart_io.dart,C:\Users\Dobgima Joshua\AppData\Local\Pub\Cache\hosted\pub.dev\file-7.0.1\lib\src\backends\local\local_directory.dart,C:\Users\Dobgima Joshua\AppData\Local\Pub\Cache\hosted\pub.dev\file-7.0.1\lib\src\backends\local\local_file.dart,C:\Users\Dobgima Joshua\AppData\Local\Pub\Cache\hosted\pub.dev\file-7.0.1\lib\src\backends\local\local_link.dart,C:\Users\Dobgima Joshua\AppData\Local\Pub\Cache\hosted\pub.dev\path-1.9.1\lib\src\utils.dart,C:\Users\Dobgima Joshua\AppData\Local\Pub\Cache\hosted\pub.dev\dbus-0.7.12\lib\src\dbus_address.dart,C:\Users\Dobgima Joshua\AppData\Local\Pub\Cache\hosted\pub.dev\dbus-0.7.12\lib\src\dbus_auth_client.dart,C:\Users\Dobgima Joshua\AppData\Local\Pub\Cache\hosted\pub.dev\dbus-0.7.12\lib\src\dbus_client.dart,C:\Users\Dobgima Joshua\AppData\Local\Pub\Cache\hosted\pub.dev\dbus-0.7.12\lib\src\dbus_introspect.dart,C:\Users\Dobgima Joshua\AppData\Local\Pub\Cache\hosted\pub.dev\dbus-0.7.12\lib\src\dbus_method_call.dart,C:\Users\Dobgima Joshua\AppData\Local\Pub\Cache\hosted\pub.dev\dbus-0.7.12\lib\src\dbus_method_response.dart,C:\Users\Dobgima Joshua\AppData\Local\Pub\Cache\hosted\pub.dev\dbus-0.7.12\lib\src\dbus_object.dart,C:\Users\Dobgima Joshua\AppData\Local\Pub\Cache\hosted\pub.dev\dbus-0.7.12\lib\src\dbus_remote_object.dart,C:\Users\Dobgima Joshua\AppData\Local\Pub\Cache\hosted\pub.dev\dbus-0.7.12\lib\src\dbus_remote_object_manager.dart,C:\Users\Dobgima Joshua\AppData\Local\Pub\Cache\hosted\pub.dev\dbus-0.7.12\lib\src\dbus_server.dart,C:\Users\Dobgima Joshua\AppData\Local\Pub\Cache\hosted\pub.dev\dbus-0.7.12\lib\src\dbus_signal.dart,C:\Users\Dobgima Joshua\AppData\Local\Pub\Cache\hosted\pub.dev\dbus-0.7.12\lib\src\dbus_value.dart,C:\Users\Dobgima Joshua\AppData\Local\Pub\Cache\hosted\pub.dev\characters-1.4.0\lib\src\grapheme_clusters\breaks.dart,C:\Users\Dobgima Joshua\AppData\Local\Pub\Cache\hosted\pub.dev\characters-1.4.0\lib\src\grapheme_clusters\constants.dart,C:\Users\Dobgima Joshua\AppData\Local\Pub\Cache\hosted\pub.dev\characters-1.4.0\lib\src\grapheme_clusters\table.dart,C:\flutter\packages\flutter\lib\src\widgets\_window_win32.dart,C:\Users\Dobgima Joshua\AppData\Local\Pub\Cache\hosted\pub.dev\clock-1.1.2\lib\clock.dart,C:\Users\Dobgima Joshua\AppData\Local\Pub\Cache\hosted\pub.dev\dart_jsonwebtoken-3.3.1\lib\src\jwt.dart,C:\Users\Dobgima Joshua\AppData\Local\Pub\Cache\hosted\pub.dev\dart_jsonwebtoken-3.3.1\lib\src\exceptions.dart,C:\Users\Dobgima Joshua\AppData\Local\Pub\Cache\hosted\pub.dev\dart_jsonwebtoken-3.3.1\lib\src\algorithms.dart,C:\Users\Dobgima Joshua\AppData\Local\Pub\Cache\hosted\pub.dev\dart_jsonwebtoken-3.3.1\lib\src\keys.dart,C:\Users\Dobgima Joshua\AppData\Local\Pub\Cache\hosted\pub.dev\rxdart-0.28.0\lib\src\subjects\behavior_subject.dart,C:\Users\Dobgima Joshua\AppData\Local\Pub\Cache\hosted\pub.dev\rxdart-0.28.0\lib\src\subjects\publish_subject.dart,C:\Users\Dobgima Joshua\AppData\Local\Pub\Cache\hosted\pub.dev\rxdart-0.28.0\lib\src\subjects\replay_subject.dart,C:\Users\Dobgima Joshua\AppData\Local\Pub\Cache\hosted\pub.dev\rxdart-0.28.0\lib\src\subjects\subject.dart,C:\Users\Dobgima Joshua\AppData\Local\Pub\Cache\hosted\pub.dev\crypto-3.0.7\lib\src\digest.dart,C:\Users\Dobgima Joshua\AppData\Local\Pub\Cache\hosted\pub.dev\crypto-3.0.7\lib\src\hash.dart,C:\Users\Dobgima Joshua\AppData\Local\Pub\Cache\hosted\pub.dev\crypto-3.0.7\lib\src\hmac.dart,C:\Users\Dobgima Joshua\AppData\Local\Pub\Cache\hosted\pub.dev\crypto-3.0.7\lib\src\md5.dart,C:\Users\Dobgima Joshua\AppData\Local\Pub\Cache\hosted\pub.dev\crypto-3.0.7\lib\src\sha1.dart,C:\Users\Dobgima Joshua\AppData\Local\Pub\Cache\hosted\pub.dev\crypto-3.0.7\lib\src\sha256.dart,C:\Users\Dobgima Joshua\AppData\Local\Pub\Cache\hosted\pub.dev\crypto-3.0.7\lib\src\sha512.dart,C:\Users\Dobgima Joshua\AppData\Local\Pub\Cache\hosted\pub.dev\postgrest-2.6.0\lib\src\version.dart,C:\Users\Dobgima Joshua\AppData\Local\Pub\Cache\hosted\pub.dev\realtime_client-2.7.0\lib\src\websocket\websocket_io.dart,C:\Users\Dobgima Joshua\AppData\Local\Pub\Cache\hosted\pub.dev\web_socket_channel-3.0.3\lib\src\channel.dart,C:\Users\Dobgima Joshua\AppData\Local\Pub\Cache\hosted\pub.dev\web_socket_channel-3.0.3\lib\src\exception.dart,C:\Users\Dobgima Joshua\AppData\Local\Pub\Cache\hosted\pub.dev\mime-2.0.0\lib\mime.dart,C:\Users\Dobgima Joshua\AppData\Local\Pub\Cache\hosted\pub.dev\rxdart-0.28.0\lib\src\utils\error_and_stacktrace.dart,C:\Users\Dobgima Joshua\AppData\Local\Pub\Cache\hosted\pub.dev\rxdart-0.28.0\lib\src\streams\combine_latest.dart,C:\Users\Dobgima Joshua\AppData\Local\Pub\Cache\hosted\pub.dev\rxdart-0.28.0\lib\src\streams\concat.dart,C:\Users\Dobgima Joshua\AppData\Local\Pub\Cache\hosted\pub.dev\rxdart-0.28.0\lib\src\streams\concat_eager.dart,C:\Users\Dobgima Joshua\AppData\Local\Pub\Cache\hosted\pub.dev\rxdart-0.28.0\lib\src\streams\connectable_stream.dart,C:\Users\Dobgima Joshua\AppData\Local\Pub\Cache\hosted\pub.dev\rxdart-0.28.0\lib\src\streams\defer.dart,C:\Users\Dobgima Joshua\AppData\Local\Pub\Cache\hosted\pub.dev\rxdart-0.28.0\lib\src\streams\fork_join.dart,C:\Users\Dobgima Joshua\AppData\Local\Pub\Cache\hosted\pub.dev\rxdart-0.28.0\lib\src\streams\from_callable.dart,C:\Users\Dobgima Joshua\AppData\Local\Pub\Cache\hosted\pub.dev\rxdart-0.28.0\lib\src\streams\merge.dart,C:\Users\Dobgima Joshua\AppData\Local\Pub\Cache\hosted\pub.dev\rxdart-0.28.0\lib\src\streams\never.dart,C:\Users\Dobgima Joshua\AppData\Local\Pub\Cache\hosted\pub.dev\rxdart-0.28.0\lib\src\streams\race.dart,C:\Users\Dobgima Joshua\AppData\Local\Pub\Cache\hosted\pub.dev\rxdart-0.28.0\lib\src\streams\range.dart,C:\Users\Dobgima Joshua\AppData\Local\Pub\Cache\hosted\pub.dev\rxdart-0.28.0\lib\src\streams\repeat.dart,C:\Users\Dobgima Joshua\AppData\Local\Pub\Cache\hosted\pub.dev\rxdart-0.28.0\lib\src\streams\replay_stream.dart,C:\Users\Dobgima Joshua\AppData\Local\Pub\Cache\hosted\pub.dev\rxdart-0.28.0\lib\src\streams\retry.dart,C:\Users\Dobgima Joshua\AppData\Local\Pub\Cache\hosted\pub.dev\rxdart-0.28.0\lib\src\streams\retry_when.dart,C:\Users\Dobgima Joshua\AppData\Local\Pub\Cache\hosted\pub.dev\rxdart-0.28.0\lib\src\streams\sequence_equal.dart,C:\Users\Dobgima Joshua\AppData\Local\Pub\Cache\hosted\pub.dev\rxdart-0.28.0\lib\src\streams\switch_latest.dart,C:\Users\Dobgima Joshua\AppData\Local\Pub\Cache\hosted\pub.dev\rxdart-0.28.0\lib\src\streams\timer.dart,C:\Users\Dobgima Joshua\AppData\Local\Pub\Cache\hosted\pub.dev\rxdart-0.28.0\lib\src\streams\using.dart,C:\Users\Dobgima Joshua\AppData\Local\Pub\Cache\hosted\pub.dev\rxdart-0.28.0\lib\src\streams\value_stream.dart,C:\Users\Dobgima Joshua\AppData\Local\Pub\Cache\hosted\pub.dev\rxdart-0.28.0\lib\src\streams\zip.dart,C:\Users\Dobgima Joshua\AppData\Local\Pub\Cache\hosted\pub.dev\rxdart-0.28.0\lib\src\transformers\backpressure\buffer.dart,C:\Users\Dobgima Joshua\AppData\Local\Pub\Cache\hosted\pub.dev\rxdart-0.28.0\lib\src\transformers\backpressure\debounce.dart,C:\Users\Dobgima Joshua\AppData\Local\Pub\Cache\hosted\pub.dev\rxdart-0.28.0\lib\src\transformers\backpressure\pairwise.dart,C:\Users\Dobgima Joshua\AppData\Local\Pub\Cache\hosted\pub.dev\rxdart-0.28.0\lib\src\transformers\backpressure\sample.dart,C:\Users\Dobgima Joshua\AppData\Local\Pub\Cache\hosted\pub.dev\rxdart-0.28.0\lib\src\transformers\backpressure\throttle.dart,C:\Users\Dobgima Joshua\AppData\Local\Pub\Cache\hosted\pub.dev\rxdart-0.28.0\lib\src\transformers\backpressure\window.dart,C:\Users\Dobgima Joshua\AppData\Local\Pub\Cache\hosted\pub.dev\rxdart-0.28.0\lib\src\transformers\default_if_empty.dart,C:\Users\Dobgima Joshua\AppData\Local\Pub\Cache\hosted\pub.dev\rxdart-0.28.0\lib\src\transformers\delay.dart,C:\Users\Dobgima Joshua\AppData\Local\Pub\Cache\hosted\pub.dev\rxdart-0.28.0\lib\src\transformers\delay_when.dart,C:\Users\Dobgima Joshua\AppData\Local\Pub\Cache\hosted\pub.dev\rxdart-0.28.0\lib\src\transformers\dematerialize.dart,C:\Users\Dobgima Joshua\AppData\Local\Pub\Cache\hosted\pub.dev\rxdart-0.28.0\lib\src\transformers\distinct_unique.dart,C:\Users\Dobgima Joshua\AppData\Local\Pub\Cache\hosted\pub.dev\rxdart-0.28.0\lib\src\transformers\do.dart,C:\Users\Dobgima Joshua\AppData\Local\Pub\Cache\hosted\pub.dev\rxdart-0.28.0\lib\src\transformers\end_with.dart,C:\Users\Dobgima Joshua\AppData\Local\Pub\Cache\hosted\pub.dev\rxdart-0.28.0\lib\src\transformers\end_with_many.dart,C:\Users\Dobgima Joshua\AppData\Local\Pub\Cache\hosted\pub.dev\rxdart-0.28.0\lib\src\transformers\exhaust_map.dart,C:\Users\Dobgima Joshua\AppData\Local\Pub\Cache\hosted\pub.dev\rxdart-0.28.0\lib\src\transformers\flat_map.dart,C:\Users\Dobgima Joshua\AppData\Local\Pub\Cache\hosted\pub.dev\rxdart-0.28.0\lib\src\transformers\group_by.dart,C:\Users\Dobgima Joshua\AppData\Local\Pub\Cache\hosted\pub.dev\rxdart-0.28.0\lib\src\transformers\ignore_elements.dart,C:\Users\Dobgima Joshua\AppData\Local\Pub\Cache\hosted\pub.dev\rxdart-0.28.0\lib\src\transformers\interval.dart,C:\Users\Dobgima Joshua\AppData\Local\Pub\Cache\hosted\pub.dev\rxdart-0.28.0\lib\src\transformers\map_not_null.dart,C:\Users\Dobgima Joshua\AppData\Local\Pub\Cache\hosted\pub.dev\rxdart-0.28.0\lib\src\transformers\map_to.dart,C:\Users\Dobgima Joshua\AppData\Local\Pub\Cache\hosted\pub.dev\rxdart-0.28.0\lib\src\transformers\materialize.dart,C:\Users\Dobgima Joshua\AppData\Local\Pub\Cache\hosted\pub.dev\rxdart-0.28.0\lib\src\transformers\max.dart,C:\Users\Dobgima Joshua\AppData\Local\Pub\Cache\hosted\pub.dev\rxdart-0.28.0\lib\src\transformers\min.dart,C:\Users\Dobgima Joshua\AppData\Local\Pub\Cache\hosted\pub.dev\rxdart-0.28.0\lib\src\transformers\on_error_resume.dart,C:\Users\Dobgima Joshua\AppData\Local\Pub\Cache\hosted\pub.dev\rxdart-0.28.0\lib\src\transformers\scan.dart,C:\Users\Dobgima Joshua\AppData\Local\Pub\Cache\hosted\pub.dev\rxdart-0.28.0\lib\src\transformers\skip_last.dart,C:\Users\Dobgima Joshua\AppData\Local\Pub\Cache\hosted\pub.dev\rxdart-0.28.0\lib\src\transformers\skip_until.dart,C:\Users\Dobgima Joshua\AppData\Local\Pub\Cache\hosted\pub.dev\rxdart-0.28.0\lib\src\transformers\start_with.dart,C:\Users\Dobgima Joshua\AppData\Local\Pub\Cache\hosted\pub.dev\rxdart-0.28.0\lib\src\transformers\start_with_many.dart,C:\Users\Dobgima Joshua\AppData\Local\Pub\Cache\hosted\pub.dev\rxdart-0.28.0\lib\src\transformers\switch_if_empty.dart,C:\Users\Dobgima Joshua\AppData\Local\Pub\Cache\hosted\pub.dev\rxdart-0.28.0\lib\src\transformers\switch_map.dart,C:\Users\Dobgima Joshua\AppData\Local\Pub\Cache\hosted\pub.dev\rxdart-0.28.0\lib\src\transformers\take_last.dart,C:\Users\Dobgima Joshua\AppData\Local\Pub\Cache\hosted\pub.dev\rxdart-0.28.0\lib\src\transformers\take_until.dart,C:\Users\Dobgima Joshua\AppData\Local\Pub\Cache\hosted\pub.dev\rxdart-0.28.0\lib\src\transformers\take_while_inclusive.dart,C:\Users\Dobgima Joshua\AppData\Local\Pub\Cache\hosted\pub.dev\rxdart-0.28.0\lib\src\transformers\time_interval.dart,C:\Users\Dobgima Joshua\AppData\Local\Pub\Cache\hosted\pub.dev\rxdart-0.28.0\lib\src\transformers\timestamp.dart,C:\Users\Dobgima Joshua\AppData\Local\Pub\Cache\hosted\pub.dev\rxdart-0.28.0\lib\src\transformers\where_not_null.dart,C:\Users\Dobgima Joshua\AppData\Local\Pub\Cache\hosted\pub.dev\rxdart-0.28.0\lib\src\transformers\where_type.dart,C:\Users\Dobgima Joshua\AppData\Local\Pub\Cache\hosted\pub.dev\rxdart-0.28.0\lib\src\transformers\with_latest_from.dart,C:\Users\Dobgima Joshua\AppData\Local\Pub\Cache\hosted\pub.dev\rxdart-0.28.0\lib\src\utils\composite_subscription.dart,C:\Users\Dobgima Joshua\AppData\Local\Pub\Cache\hosted\pub.dev\rxdart-0.28.0\lib\src\utils\notification.dart,C:\Users\Dobgima Joshua\AppData\Local\Pub\Cache\hosted\pub.dev\http-1.6.0\lib\src\io_streamed_response.dart,C:\Users\Dobgima Joshua\AppData\Local\Pub\Cache\hosted\pub.dev\string_scanner-1.4.1\lib\string_scanner.dart,C:\Users\Dobgima Joshua\AppData\Local\Pub\Cache\hosted\pub.dev\http_parser-4.1.2\lib\src\scan.dart,C:\Users\Dobgima Joshua\AppData\Local\Pub\Cache\hosted\pub.dev\http_parser-4.1.2\lib\src\utils.dart,C:\Users\Dobgima Joshua\AppData\Local\Pub\Cache\hosted\pub.dev\http_parser-4.1.2\lib\src\chunked_coding\decoder.dart,C:\Users\Dobgima Joshua\AppData\Local\Pub\Cache\hosted\pub.dev\http_parser-4.1.2\lib\src\chunked_coding\encoder.dart,C:\Users\Dobgima Joshua\AppData\Local\Pub\Cache\hosted\pub.dev\_flutterfire_internals-1.3.66\lib\_flutterfire_internals.dart,C:\Users\Dobgima Joshua\AppData\Local\Pub\Cache\hosted\pub.dev\firebase_auth_platform_interface-8.1.6\lib\src\method_channel\utils\convert_auth_provider.dart,C:\Users\Dobgima Joshua\AppData\Local\Pub\Cache\hosted\pub.dev\firebase_auth_platform_interface-8.1.6\lib\src\method_channel\method_channel_user.dart,C:\Users\Dobgima Joshua\AppData\Local\Pub\Cache\hosted\pub.dev\firebase_auth_platform_interface-8.1.6\lib\src\method_channel\method_channel_user_credential.dart,C:\Users\Dobgima Joshua\AppData\Local\Pub\Cache\hosted\pub.dev\firebase_auth_platform_interface-8.1.6\lib\src\method_channel\utils\exception.dart,C:\Users\Dobgima Joshua\AppData\Local\Pub\Cache\hosted\pub.dev\firebase_auth_platform_interface-8.1.6\lib\src\method_channel\utils\pigeon_helper.dart,C:\Users\Dobgima Joshua\AppData\Local\Pub\Cache\hosted\pub.dev\cloud_firestore_platform_interface-7.0.6\lib\src\method_channel\method_channel_field_value.dart,C:\Users\Dobgima Joshua\AppData\Local\Pub\Cache\hosted\pub.dev\cloud_firestore_platform_interface-7.0.6\lib\src\method_channel\method_channel_query.dart,C:\Users\Dobgima Joshua\AppData\Local\Pub\Cache\hosted\pub.dev\cloud_firestore_platform_interface-7.0.6\lib\src\method_channel\method_channel_load_bundle_task.dart,C:\Users\Dobgima Joshua\AppData\Local\Pub\Cache\hosted\pub.dev\cloud_firestore_platform_interface-7.0.6\lib\src\method_channel\method_channel_persistent_cache_index_manager.dart,C:\Users\Dobgima Joshua\AppData\Local\Pub\Cache\hosted\pub.dev\cloud_firestore_platform_interface-7.0.6\lib\src\method_channel\method_channel_query_snapshot.dart,C:\Users\Dobgima Joshua\AppData\Local\Pub\Cache\hosted\pub.dev\cloud_firestore_platform_interface-7.0.6\lib\src\method_channel\method_channel_collection_reference.dart,C:\Users\Dobgima Joshua\AppData\Local\Pub\Cache\hosted\pub.dev\cloud_firestore_platform_interface-7.0.6\lib\src\method_channel\method_channel_document_reference.dart,C:\Users\Dobgima Joshua\AppData\Local\Pub\Cache\hosted\pub.dev\cloud_firestore_platform_interface-7.0.6\lib\src\method_channel\method_channel_transaction.dart,C:\Users\Dobgima Joshua\AppData\Local\Pub\Cache\hosted\pub.dev\cloud_firestore_platform_interface-7.0.6\lib\src\method_channel\method_channel_write_batch.dart,C:\Users\Dobgima Joshua\AppData\Local\Pub\Cache\hosted\pub.dev\cloud_firestore_platform_interface-7.0.6\lib\src\method_channel\utils\exception.dart,C:\Users\Dobgima Joshua\AppData\Local\Pub\Cache\hosted\pub.dev\latlong2-0.9.1\lib\spline\CatmullRomSpline.dart,C:\Users\Dobgima Joshua\AppData\Local\Pub\Cache\hosted\pub.dev\proj4dart-2.1.0\lib\proj4dart.dart,C:\Users\Dobgima Joshua\AppData\Local\Pub\Cache\hosted\pub.dev\flutter_map-7.0.2\lib\src\layer\shared\layer_interactivity\internal_hit_detectable.dart,C:\Users\Dobgima Joshua\AppData\Local\Pub\Cache\hosted\pub.dev\flutter_map-7.0.2\lib\src\layer\circle_layer\circle_marker.dart,C:\Users\Dobgima Joshua\AppData\Local\Pub\Cache\hosted\pub.dev\flutter_map-7.0.2\lib\src\layer\circle_layer\painter.dart,C:\Users\Dobgima Joshua\AppData\Local\Pub\Cache\hosted\pub.dev\flutter_map-7.0.2\lib\src\layer\marker_layer\marker.dart,C:\Users\Dobgima Joshua\AppData\Local\Pub\Cache\hosted\pub.dev\flutter_map-7.0.2\lib\src\layer\overlay_image_layer\overlay_image.dart,C:\Users\Dobgima Joshua\AppData\Local\Pub\Cache\hosted\pub.dev\dart_earcut-1.2.0\lib\dart_earcut.dart,C:\Users\Dobgima Joshua\AppData\Local\Pub\Cache\hosted\pub.dev\flutter_map-7.0.2\lib\src\layer\shared\layer_projection_simplification\state.dart,C:\Users\Dobgima Joshua\AppData\Local\Pub\Cache\hosted\pub.dev\flutter_map-7.0.2\lib\src\layer\shared\layer_projection_simplification\widget.dart,C:\Users\Dobgima Joshua\AppData\Local\Pub\Cache\hosted\pub.dev\flutter_map-7.0.2\lib\src\layer\shared\line_patterns\pixel_hiker.dart,C:\Users\Dobgima Joshua\AppData\Local\Pub\Cache\hosted\pub.dev\flutter_map-7.0.2\lib\src\misc\offsets.dart,C:\Users\Dobgima Joshua\AppData\Local\Pub\Cache\hosted\pub.dev\flutter_map-7.0.2\lib\src\misc\point_in_polygon.dart,C:\Users\Dobgima Joshua\AppData\Local\Pub\Cache\hosted\pub.dev\flutter_map-7.0.2\lib\src\misc\simplify.dart,C:\Users\Dobgima Joshua\AppData\Local\Pub\Cache\hosted\pub.dev\polylabel-1.0.1\lib\polylabel.dart,C:\Users\Dobgima Joshua\AppData\Local\Pub\Cache\hosted\pub.dev\flutter_map-7.0.2\lib\src\layer\polygon_layer\label.dart,C:\Users\Dobgima Joshua\AppData\Local\Pub\Cache\hosted\pub.dev\flutter_map-7.0.2\lib\src\layer\polygon_layer\painter.dart,C:\Users\Dobgima Joshua\AppData\Local\Pub\Cache\hosted\pub.dev\flutter_map-7.0.2\lib\src\layer\polygon_layer\polygon.dart,C:\Users\Dobgima Joshua\AppData\Local\Pub\Cache\hosted\pub.dev\flutter_map-7.0.2\lib\src\layer\polygon_layer\projected_polygon.dart,C:\Users\Dobgima Joshua\AppData\Local\Pub\Cache\hosted\pub.dev\flutter_map-7.0.2\lib\src\layer\polyline_layer\painter.dart,C:\Users\Dobgima Joshua\AppData\Local\Pub\Cache\hosted\pub.dev\flutter_map-7.0.2\lib\src\layer\polyline_layer\polyline.dart,C:\Users\Dobgima Joshua\AppData\Local\Pub\Cache\hosted\pub.dev\flutter_map-7.0.2\lib\src\layer\polyline_layer\projected_polyline.dart,C:\Users\Dobgima Joshua\AppData\Local\Pub\Cache\hosted\pub.dev\flutter_map-7.0.2\lib\src\layer\scalebar\painter\base.dart,C:\Users\Dobgima Joshua\AppData\Local\Pub\Cache\hosted\pub.dev\flutter_map-7.0.2\lib\src\layer\scalebar\painter\simple.dart,C:\Users\Dobgima Joshua\AppData\Local\Pub\Cache\hosted\pub.dev\flutter_map-7.0.2\lib\src\layer\tile_layer\tile.dart,C:\Users\Dobgima Joshua\AppData\Local\Pub\Cache\hosted\pub.dev\flutter_map-7.0.2\lib\src\layer\tile_layer\tile_bounds\tile_bounds.dart,C:\Users\Dobgima Joshua\AppData\Local\Pub\Cache\hosted\pub.dev\flutter_map-7.0.2\lib\src\layer\tile_layer\tile_bounds\tile_bounds_at_zoom.dart,C:\Users\Dobgima Joshua\AppData\Local\Pub\Cache\hosted\pub.dev\flutter_map-7.0.2\lib\src\layer\tile_layer\tile_image_manager.dart,C:\Users\Dobgima Joshua\AppData\Local\Pub\Cache\hosted\pub.dev\flutter_map-7.0.2\lib\src\layer\tile_layer\tile_range.dart,C:\Users\Dobgima Joshua\AppData\Local\Pub\Cache\hosted\pub.dev\flutter_map-7.0.2\lib\src\layer\tile_layer\tile_range_calculator.dart,C:\Users\Dobgima Joshua\AppData\Local\Pub\Cache\hosted\pub.dev\flutter_map-7.0.2\lib\src\layer\tile_layer\tile_scale_calculator.dart,C:\Users\Dobgima Joshua\AppData\Local\Pub\Cache\hosted\pub.dev\http-1.6.0\lib\retry.dart,C:\Users\Dobgima Joshua\AppData\Local\Pub\Cache\hosted\pub.dev\logger-2.6.2\lib\logger.dart,C:\Users\Dobgima Joshua\AppData\Local\Pub\Cache\hosted\pub.dev\flutter_map-7.0.2\lib\src\layer\tile_layer\retina_mode.dart,C:\Users\Dobgima Joshua\AppData\Local\Pub\Cache\hosted\pub.dev\flutter_map-7.0.2\lib\src\layer\tile_layer\tile_error_evict_callback.dart,C:\Users\Dobgima Joshua\AppData\Local\Pub\Cache\hosted\pub.dev\flutter_map-7.0.2\lib\src\layer\tile_layer\wms_tile_layer_options.dart,C:\Users\Dobgima Joshua\AppData\Local\Pub\Cache\hosted\pub.dev\flutter_map-7.0.2\lib\src\layer\tile_layer\tile_provider\network_image_provider.dart,C:\Users\Dobgima Joshua\AppData\Local\Pub\Cache\hosted\pub.dev\flutter_map-7.0.2\lib\src\map\inherited_model.dart,C:\Users\Dobgima Joshua\AppData\Local\Pub\Cache\hosted\pub.dev\flutter_map-7.0.2\lib\src\misc\move_and_rotate_result.dart,C:\Users\Dobgima Joshua\AppData\Local\Pub\Cache\hosted\pub.dev\flutter_map-7.0.2\lib\src\gestures\map_interactive_viewer.dart,C:\Users\Dobgima Joshua\AppData\Local\Pub\Cache\hosted\pub.dev\flutter_cache_manager-3.4.1\lib\flutter_cache_manager.dart,C:\Users\Dobgima Joshua\AppData\Local\Pub\Cache\hosted\pub.dev\cached_network_image-3.4.1\lib\src\cached_image_widget.dart,C:\Users\Dobgima Joshua\AppData\Local\Pub\Cache\hosted\pub.dev\cached_network_image-3.4.1\lib\src\image_provider\cached_network_image_provider.dart,C:\Users\Dobgima Joshua\AppData\Local\Pub\Cache\hosted\pub.dev\cached_network_image-3.4.1\lib\src\image_provider\multi_image_stream_completer.dart,C:\Users\Dobgima Joshua\AppData\Local\Pub\Cache\hosted\pub.dev\video_player-2.11.0\lib\src\closed_caption_file.dart,C:\Users\Dobgima Joshua\AppData\Local\Pub\Cache\hosted\pub.dev\chewie-1.13.0\lib\src\chewie_player.dart,C:\Users\Dobgima Joshua\AppData\Local\Pub\Cache\hosted\pub.dev\chewie-1.13.0\lib\src\chewie_progress_colors.dart,C:\Users\Dobgima Joshua\AppData\Local\Pub\Cache\hosted\pub.dev\chewie-1.13.0\lib\src\cupertino\cupertino_controls.dart,C:\Users\Dobgima Joshua\AppData\Local\Pub\Cache\hosted\pub.dev\chewie-1.13.0\lib\src\material\material_controls.dart,C:\Users\Dobgima Joshua\AppData\Local\Pub\Cache\hosted\pub.dev\chewie-1.13.0\lib\src\material\material_desktop_controls.dart,C:\Users\Dobgima Joshua\AppData\Local\Pub\Cache\hosted\pub.dev\chewie-1.13.0\lib\src\material\material_progress_bar.dart,C:\Users\Dobgima Joshua\AppData\Local\Pub\Cache\hosted\pub.dev\chewie-1.13.0\lib\src\models\index.dart,C:\Users\Dobgima Joshua\AppData\Local\Pub\Cache\hosted\pub.dev\permission_handler_platform_interface-4.3.0\lib\src\method_channel\method_channel_permission_handler.dart,C:\Users\Dobgima Joshua\AppData\Local\Pub\Cache\hosted\pub.dev\permission_handler_platform_interface-4.3.0\lib\src\permission_handler_platform_interface.dart,C:\Users\Dobgima Joshua\AppData\Local\Pub\Cache\hosted\pub.dev\permission_handler_platform_interface-4.3.0\lib\src\permission_status.dart,C:\Users\Dobgima Joshua\AppData\Local\Pub\Cache\hosted\pub.dev\permission_handler_platform_interface-4.3.0\lib\src\permissions.dart,C:\Users\Dobgima Joshua\AppData\Local\Pub\Cache\hosted\pub.dev\permission_handler_platform_interface-4.3.0\lib\src\service_status.dart,C:\Users\Dobgima Joshua\AppData\Local\Pub\Cache\hosted\pub.dev\mailer-7.1.0\lib\mailer.dart,C:\Users\Dobgima Joshua\AppData\Local\Pub\Cache\hosted\pub.dev\mailer-7.1.0\lib\smtp_server.dart,C:\Users\Dobgima Joshua\AppData\Local\Pub\Cache\hosted\pub.dev\cloud_functions_platform_interface-5.8.9\lib\src\firebase_functions_exception.dart,C:\Users\Dobgima Joshua\AppData\Local\Pub\Cache\hosted\pub.dev\cloud_functions_platform_interface-5.8.9\lib\src\https_callable_options.dart,C:\Users\Dobgima Joshua\AppData\Local\Pub\Cache\hosted\pub.dev\cloud_functions_platform_interface-5.8.9\lib\src\platform_interface\platform_interface_firebase_functions.dart,C:\Users\Dobgima Joshua\AppData\Local\Pub\Cache\hosted\pub.dev\cloud_functions_platform_interface-5.8.9\lib\src\platform_interface\platform_interface_https_callable.dart,C:\Users\Dobgima Joshua\AppData\Local\Pub\Cache\hosted\pub.dev\fixnum-1.1.1\lib\src\int32.dart,C:\Users\Dobgima Joshua\AppData\Local\Pub\Cache\hosted\pub.dev\fixnum-1.1.1\lib\src\int64.dart,C:\Users\Dobgima Joshua\AppData\Local\Pub\Cache\hosted\pub.dev\fixnum-1.1.1\lib\src\intx.dart,C:\Users\Dobgima Joshua\AppData\Local\Pub\Cache\hosted\pub.dev\cross_file-0.3.5+2\lib\src\types\base.dart,C:\Users\Dobgima Joshua\AppData\Local\Pub\Cache\hosted\pub.dev\image_picker_platform_interface-2.11.1\lib\src\types\picked_file\base.dart,C:\Users\Dobgima Joshua\AppData\Local\Pub\Cache\hosted\pub.dev\sqflite_common-2.5.6\lib\src\sql_command.dart,C:\Users\Dobgima Joshua\AppData\Local\Pub\Cache\hosted\pub.dev\sqflite_common-2.5.6\lib\src\env_utils.dart,C:\Users\Dobgima Joshua\AppData\Local\Pub\Cache\hosted\pub.dev\synchronized-3.4.0\lib\src\basic_lock.dart,C:\Users\Dobgima Joshua\AppData\Local\Pub\Cache\hosted\pub.dev\synchronized-3.4.0\lib\src\reentrant_lock.dart,C:\Users\Dobgima Joshua\AppData\Local\Pub\Cache\hosted\pub.dev\synchronized-3.4.0\lib\src\lock_extension.dart,C:\Users\Dobgima Joshua\AppData\Local\Pub\Cache\hosted\pub.dev\synchronized-3.4.0\lib\src\multi_lock.dart,C:\Users\Dobgima Joshua\AppData\Local\Pub\Cache\hosted\pub.dev\sqflite_common-2.5.6\lib\sqflite_logger.dart,C:\Users\Dobgima Joshua\AppData\Local\Pub\Cache\hosted\pub.dev\sqflite_common-2.5.6\lib\src\platform\platform_io.dart,C:\Users\Dobgima Joshua\AppData\Local\Pub\Cache\hosted\pub.dev\pub_semver-2.2.0\lib\src\patterns.dart,C:\Users\Dobgima Joshua\AppData\Local\Pub\Cache\hosted\pub.dev\pub_semver-2.2.0\lib\src\utils.dart,C:\Users\Dobgima Joshua\AppData\Local\Pub\Cache\hosted\pub.dev\file-7.0.1\lib\src\common.dart,C:\Users\Dobgima Joshua\AppData\Local\Pub\Cache\hosted\pub.dev\file-7.0.1\lib\src\backends\local\local_file_system_entity.dart,C:\Users\Dobgima Joshua\AppData\Local\Pub\Cache\hosted\pub.dev\dbus-0.7.12\lib\src\dbus_uuid.dart,C:\Users\Dobgima Joshua\AppData\Local\Pub\Cache\hosted\pub.dev\dbus-0.7.12\lib\src\getsid.dart,C:\Users\Dobgima Joshua\AppData\Local\Pub\Cache\hosted\pub.dev\dbus-0.7.12\lib\src\getuid.dart,C:\Users\Dobgima Joshua\AppData\Local\Pub\Cache\hosted\pub.dev\dbus-0.7.12\lib\src\dbus_bus_name.dart,C:\Users\Dobgima Joshua\AppData\Local\Pub\Cache\hosted\pub.dev\dbus-0.7.12\lib\src\dbus_error_name.dart,C:\Users\Dobgima Joshua\AppData\Local\Pub\Cache\hosted\pub.dev\dbus-0.7.12\lib\src\dbus_interface_name.dart,C:\Users\Dobgima Joshua\AppData\Local\Pub\Cache\hosted\pub.dev\dbus-0.7.12\lib\src\dbus_introspectable.dart,C:\Users\Dobgima Joshua\AppData\Local\Pub\Cache\hosted\pub.dev\dbus-0.7.12\lib\src\dbus_match_rule.dart,C:\Users\Dobgima Joshua\AppData\Local\Pub\Cache\hosted\pub.dev\dbus-0.7.12\lib\src\dbus_member_name.dart,C:\Users\Dobgima Joshua\AppData\Local\Pub\Cache\hosted\pub.dev\dbus-0.7.12\lib\src\dbus_message.dart,C:\Users\Dobgima Joshua\AppData\Local\Pub\Cache\hosted\pub.dev\dbus-0.7.12\lib\src\dbus_object_manager.dart,C:\Users\Dobgima Joshua\AppData\Local\Pub\Cache\hosted\pub.dev\dbus-0.7.12\lib\src\dbus_object_tree.dart,C:\Users\Dobgima Joshua\AppData\Local\Pub\Cache\hosted\pub.dev\dbus-0.7.12\lib\src\dbus_peer.dart,C:\Users\Dobgima Joshua\AppData\Local\Pub\Cache\hosted\pub.dev\dbus-0.7.12\lib\src\dbus_properties.dart,C:\Users\Dobgima Joshua\AppData\Local\Pub\Cache\hosted\pub.dev\dbus-0.7.12\lib\src\dbus_read_buffer.dart,C:\Users\Dobgima Joshua\AppData\Local\Pub\Cache\hosted\pub.dev\dbus-0.7.12\lib\src\dbus_write_buffer.dart,C:\Users\Dobgima Joshua\AppData\Local\Pub\Cache\hosted\pub.dev\xml-6.6.1\lib\xml.dart,C:\Users\Dobgima Joshua\AppData\Local\Pub\Cache\hosted\pub.dev\dbus-0.7.12\lib\src\dbus_auth_server.dart,C:\Users\Dobgima Joshua\AppData\Local\Pub\Cache\hosted\pub.dev\clock-1.1.2\lib\src\default.dart,C:\Users\Dobgima Joshua\AppData\Local\Pub\Cache\hosted\pub.dev\clock-1.1.2\lib\src\clock.dart,C:\Users\Dobgima Joshua\AppData\Local\Pub\Cache\hosted\pub.dev\dart_jsonwebtoken-3.3.1\lib\src\helpers.dart,C:\Users\Dobgima Joshua\AppData\Local\Pub\Cache\hosted\pub.dev\ed25519_edwards-0.3.1\lib\ed25519_edwards.dart,C:\Users\Dobgima Joshua\AppData\Local\Pub\Cache\hosted\pub.dev\pointycastle-4.0.0\lib\pointycastle.dart,C:\Users\Dobgima Joshua\AppData\Local\Pub\Cache\hosted\pub.dev\pointycastle-4.0.0\lib\ecc\ecc_fp.dart,C:\Users\Dobgima Joshua\AppData\Local\Pub\Cache\hosted\pub.dev\dart_jsonwebtoken-3.3.1\lib\src\key_parser.dart,C:\Users\Dobgima Joshua\AppData\Local\Pub\Cache\hosted\pub.dev\rxdart-0.28.0\lib\src\transformers\start_with_error.dart,C:\Users\Dobgima Joshua\AppData\Local\Pub\Cache\hosted\pub.dev\rxdart-0.28.0\lib\src\utils\empty.dart,C:\Users\Dobgima Joshua\AppData\Local\Pub\Cache\hosted\pub.dev\rxdart-0.28.0\lib\src\utils\collection_extensions.dart,C:\Users\Dobgima Joshua\AppData\Local\Pub\Cache\hosted\pub.dev\crypto-3.0.7\lib\src\digest_sink.dart,C:\Users\Dobgima Joshua\AppData\Local\Pub\Cache\hosted\pub.dev\crypto-3.0.7\lib\src\hash_sink.dart,C:\Users\Dobgima Joshua\AppData\Local\Pub\Cache\hosted\pub.dev\crypto-3.0.7\lib\src\utils.dart,C:\Users\Dobgima Joshua\AppData\Local\Pub\Cache\hosted\pub.dev\crypto-3.0.7\lib\src\sha512_fastsinks.dart,C:\Users\Dobgima Joshua\AppData\Local\Pub\Cache\hosted\pub.dev\web_socket_channel-3.0.3\lib\io.dart,C:\Users\Dobgima Joshua\AppData\Local\Pub\Cache\hosted\pub.dev\stream_channel-2.1.4\lib\stream_channel.dart,C:\Users\Dobgima Joshua\AppData\Local\Pub\Cache\hosted\pub.dev\web_socket_channel-3.0.3\lib\adapter_web_socket_channel.dart,C:\Users\Dobgima Joshua\AppData\Local\Pub\Cache\hosted\pub.dev\mime-2.0.0\lib\src\extension.dart,C:\Users\Dobgima Joshua\AppData\Local\Pub\Cache\hosted\pub.dev\mime-2.0.0\lib\src\mime_multipart_transformer.dart,C:\Users\Dobgima Joshua\AppData\Local\Pub\Cache\hosted\pub.dev\mime-2.0.0\lib\src\mime_shared.dart,C:\Users\Dobgima Joshua\AppData\Local\Pub\Cache\hosted\pub.dev\mime-2.0.0\lib\src\mime_type.dart,C:\Users\Dobgima Joshua\AppData\Local\Pub\Cache\hosted\pub.dev\rxdart-0.28.0\lib\src\utils\subscription.dart,C:\Users\Dobgima Joshua\AppData\Local\Pub\Cache\hosted\pub.dev\rxdart-0.28.0\lib\src\transformers\backpressure\backpressure.dart,C:\Users\Dobgima Joshua\AppData\Local\Pub\Cache\hosted\pub.dev\rxdart-0.28.0\lib\src\utils\forwarding_sink.dart,C:\Users\Dobgima Joshua\AppData\Local\Pub\Cache\hosted\pub.dev\rxdart-0.28.0\lib\src\utils\forwarding_stream.dart,C:\Users\Dobgima Joshua\AppData\Local\Pub\Cache\hosted\pub.dev\rxdart-0.28.0\lib\src\utils\future.dart,C:\Users\Dobgima Joshua\AppData\Local\Pub\Cache\hosted\pub.dev\rxdart-0.28.0\lib\src\utils\min_max.dart,C:\Users\Dobgima Joshua\AppData\Local\Pub\Cache\hosted\pub.dev\string_scanner-1.4.1\lib\src\exception.dart,C:\Users\Dobgima Joshua\AppData\Local\Pub\Cache\hosted\pub.dev\string_scanner-1.4.1\lib\src\line_scanner.dart,C:\Users\Dobgima Joshua\AppData\Local\Pub\Cache\hosted\pub.dev\string_scanner-1.4.1\lib\src\span_scanner.dart,C:\Users\Dobgima Joshua\AppData\Local\Pub\Cache\hosted\pub.dev\string_scanner-1.4.1\lib\src\string_scanner.dart,C:\Users\Dobgima Joshua\AppData\Local\Pub\Cache\hosted\pub.dev\source_span-1.10.2\lib\source_span.dart,C:\Users\Dobgima Joshua\AppData\Local\Pub\Cache\hosted\pub.dev\typed_data-1.4.0\lib\typed_data.dart,C:\Users\Dobgima Joshua\AppData\Local\Pub\Cache\hosted\pub.dev\http_parser-4.1.2\lib\src\chunked_coding\charcodes.dart,C:\Users\Dobgima Joshua\AppData\Local\Pub\Cache\hosted\pub.dev\_flutterfire_internals-1.3.66\lib\src\interop_shimmer.dart,C:\Users\Dobgima Joshua\AppData\Local\Pub\Cache\hosted\pub.dev\_flutterfire_internals-1.3.66\lib\src\exception.dart,C:\Users\Dobgima Joshua\AppData\Local\Pub\Cache\hosted\pub.dev\cloud_firestore_platform_interface-7.0.6\lib\src\method_channel\method_channel_aggregate_query.dart,C:\Users\Dobgima Joshua\AppData\Local\Pub\Cache\hosted\pub.dev\cloud_firestore_platform_interface-7.0.6\lib\src\method_channel\method_channel_document_change.dart,C:\Users\Dobgima Joshua\AppData\Local\Pub\Cache\hosted\pub.dev\cloud_firestore_platform_interface-7.0.6\lib\src\method_channel\utils\auto_id_generator.dart,C:\Users\Dobgima Joshua\AppData\Local\Pub\Cache\hosted\pub.dev\proj4dart-2.1.0\lib\src\classes\point.dart,C:\Users\Dobgima Joshua\AppData\Local\Pub\Cache\hosted\pub.dev\proj4dart-2.1.0\lib\src\classes\projection.dart,C:\Users\Dobgima Joshua\AppData\Local\Pub\Cache\hosted\pub.dev\proj4dart-2.1.0\lib\src\classes\projection_tuple.dart,C:\Users\Dobgima Joshua\AppData\Local\Pub\Cache\hosted\pub.dev\flutter_map-7.0.2\lib\src\layer\shared\line_patterns\visible_segment.dart,C:\Users\Dobgima Joshua\AppData\Local\Pub\Cache\hosted\pub.dev\polylabel-1.0.1\lib\src\polylabel_base.dart,C:\Users\Dobgima Joshua\AppData\Local\Pub\Cache\hosted\pub.dev\polylabel-1.0.1\lib\src\data.dart,C:\Users\Dobgima Joshua\AppData\Local\Pub\Cache\hosted\pub.dev\flutter_map-7.0.2\lib\src\layer\tile_layer\tile_image_view.dart,C:\Users\Dobgima Joshua\AppData\Local\Pub\Cache\hosted\pub.dev\logger-2.6.2\lib\src\outputs\file_output.dart,C:\Users\Dobgima Joshua\AppData\Local\Pub\Cache\hosted\pub.dev\logger-2.6.2\lib\src\outputs\advanced_file_output.dart,C:\Users\Dobgima Joshua\AppData\Local\Pub\Cache\hosted\pub.dev\logger-2.6.2\lib\web.dart,C:\Users\Dobgima Joshua\AppData\Local\Pub\Cache\hosted\pub.dev\flutter_cache_manager-3.4.1\lib\src\cache_manager.dart,C:\Users\Dobgima Joshua\AppData\Local\Pub\Cache\hosted\pub.dev\flutter_cache_manager-3.4.1\lib\src\cache_managers\cache_managers.dart,C:\Users\Dobgima Joshua\AppData\Local\Pub\Cache\hosted\pub.dev\flutter_cache_manager-3.4.1\lib\src\compat\file_fetcher.dart,C:\Users\Dobgima Joshua\AppData\Local\Pub\Cache\hosted\pub.dev\flutter_cache_manager-3.4.1\lib\src\config\config.dart,C:\Users\Dobgima Joshua\AppData\Local\Pub\Cache\hosted\pub.dev\flutter_cache_manager-3.4.1\lib\src\logger.dart,C:\Users\Dobgima Joshua\AppData\Local\Pub\Cache\hosted\pub.dev\flutter_cache_manager-3.4.1\lib\src\result\result.dart,C:\Users\Dobgima Joshua\AppData\Local\Pub\Cache\hosted\pub.dev\flutter_cache_manager-3.4.1\lib\src\storage\cache_info_repositories\cache_info_repositories.dart,C:\Users\Dobgima Joshua\AppData\Local\Pub\Cache\hosted\pub.dev\flutter_cache_manager-3.4.1\lib\src\storage\cache_object.dart,C:\Users\Dobgima Joshua\AppData\Local\Pub\Cache\hosted\pub.dev\flutter_cache_manager-3.4.1\lib\src\storage\file_system\file_system.dart,C:\Users\Dobgima Joshua\AppData\Local\Pub\Cache\hosted\pub.dev\flutter_cache_manager-3.4.1\lib\src\web\file_service.dart,C:\Users\Dobgima Joshua\AppData\Local\Pub\Cache\hosted\pub.dev\flutter_cache_manager-3.4.1\lib\src\web\web_helper.dart,C:\Users\Dobgima Joshua\AppData\Local\Pub\Cache\hosted\pub.dev\cached_network_image_platform_interface-4.1.1\lib\cached_network_image_platform_interface.dart,C:\Users\Dobgima Joshua\AppData\Local\Pub\Cache\hosted\pub.dev\octo_image-2.1.0\lib\octo_image.dart,C:\Users\Dobgima Joshua\AppData\Local\Pub\Cache\hosted\pub.dev\cached_network_image-3.4.1\lib\src\image_provider\_image_loader.dart,C:\Users\Dobgima Joshua\AppData\Local\Pub\Cache\hosted\pub.dev\video_player-2.11.0\lib\src\sub_rip.dart,C:\Users\Dobgima Joshua\AppData\Local\Pub\Cache\hosted\pub.dev\video_player-2.11.0\lib\src\web_vtt.dart,C:\Users\Dobgima Joshua\AppData\Local\Pub\Cache\hosted\pub.dev\chewie-1.13.0\lib\src\models\option_item.dart,C:\Users\Dobgima Joshua\AppData\Local\Pub\Cache\hosted\pub.dev\chewie-1.13.0\lib\src\models\options_translation.dart,C:\Users\Dobgima Joshua\AppData\Local\Pub\Cache\hosted\pub.dev\chewie-1.13.0\lib\src\models\subtitle_model.dart,C:\Users\Dobgima Joshua\AppData\Local\Pub\Cache\hosted\pub.dev\chewie-1.13.0\lib\src\notifiers\player_notifier.dart,C:\Users\Dobgima Joshua\AppData\Local\Pub\Cache\hosted\pub.dev\chewie-1.13.0\lib\src\player_with_controls.dart,C:\Users\Dobgima Joshua\AppData\Local\Pub\Cache\hosted\pub.dev\chewie-1.13.0\lib\src\animated_play_pause.dart,C:\Users\Dobgima Joshua\AppData\Local\Pub\Cache\hosted\pub.dev\chewie-1.13.0\lib\src\center_play_button.dart,C:\Users\Dobgima Joshua\AppData\Local\Pub\Cache\hosted\pub.dev\chewie-1.13.0\lib\src\cupertino\cupertino_progress_bar.dart,C:\Users\Dobgima Joshua\AppData\Local\Pub\Cache\hosted\pub.dev\chewie-1.13.0\lib\src\cupertino\widgets\cupertino_options_dialog.dart,C:\Users\Dobgima Joshua\AppData\Local\Pub\Cache\hosted\pub.dev\chewie-1.13.0\lib\src\helpers\utils.dart,C:\Users\Dobgima Joshua\AppData\Local\Pub\Cache\hosted\pub.dev\chewie-1.13.0\lib\src\notifiers\index.dart,C:\Users\Dobgima Joshua\AppData\Local\Pub\Cache\hosted\pub.dev\chewie-1.13.0\lib\src\center_seek_button.dart,C:\Users\Dobgima Joshua\AppData\Local\Pub\Cache\hosted\pub.dev\chewie-1.13.0\lib\src\material\widgets\options_dialog.dart,C:\Users\Dobgima Joshua\AppData\Local\Pub\Cache\hosted\pub.dev\chewie-1.13.0\lib\src\material\widgets\playback_speed_dialog.dart,C:\Users\Dobgima Joshua\AppData\Local\Pub\Cache\hosted\pub.dev\chewie-1.13.0\lib\src\progress_bar.dart,C:\Users\Dobgima Joshua\AppData\Local\Pub\Cache\hosted\pub.dev\permission_handler_platform_interface-4.3.0\lib\src\method_channel\utils\codec.dart,C:\Users\Dobgima Joshua\AppData\Local\Pub\Cache\hosted\pub.dev\mailer-7.1.0\lib\src\core\address.dart,C:\Users\Dobgima Joshua\AppData\Local\Pub\Cache\hosted\pub.dev\mailer-7.1.0\lib\src\core\address_validator.dart,C:\Users\Dobgima Joshua\AppData\Local\Pub\Cache\hosted\pub.dev\mailer-7.1.0\lib\src\core\attachment.dart,C:\Users\Dobgima Joshua\AppData\Local\Pub\Cache\hosted\pub.dev\mailer-7.1.0\lib\src\core\message.dart,C:\Users\Dobgima Joshua\AppData\Local\Pub\Cache\hosted\pub.dev\mailer-7.1.0\lib\src\core\problem.dart,C:\Users\Dobgima Joshua\AppData\Local\Pub\Cache\hosted\pub.dev\mailer-7.1.0\lib\src\core\send_report.dart,C:\Users\Dobgima Joshua\AppData\Local\Pub\Cache\hosted\pub.dev\mailer-7.1.0\lib\src\smtp\mail_sender.dart,C:\Users\Dobgima Joshua\AppData\Local\Pub\Cache\hosted\pub.dev\mailer-7.1.0\lib\src\smtp\exceptions.dart,C:\Users\Dobgima Joshua\AppData\Local\Pub\Cache\hosted\pub.dev\mailer-7.1.0\lib\smtp_server\amazon.dart,C:\Users\Dobgima Joshua\AppData\Local\Pub\Cache\hosted\pub.dev\mailer-7.1.0\lib\smtp_server\brevo.dart,C:\Users\Dobgima Joshua\AppData\Local\Pub\Cache\hosted\pub.dev\mailer-7.1.0\lib\smtp_server\gmail.dart,C:\Users\Dobgima Joshua\AppData\Local\Pub\Cache\hosted\pub.dev\mailer-7.1.0\lib\smtp_server\hotmail.dart,C:\Users\Dobgima Joshua\AppData\Local\Pub\Cache\hosted\pub.dev\mailer-7.1.0\lib\smtp_server\mailgun.dart,C:\Users\Dobgima Joshua\AppData\Local\Pub\Cache\hosted\pub.dev\mailer-7.1.0\lib\smtp_server\qq.dart,C:\Users\Dobgima Joshua\AppData\Local\Pub\Cache\hosted\pub.dev\mailer-7.1.0\lib\smtp_server\sendgrid.dart,C:\Users\Dobgima Joshua\AppData\Local\Pub\Cache\hosted\pub.dev\mailer-7.1.0\lib\smtp_server\yahoo.dart,C:\Users\Dobgima Joshua\AppData\Local\Pub\Cache\hosted\pub.dev\mailer-7.1.0\lib\smtp_server\yandex.dart,C:\Users\Dobgima Joshua\AppData\Local\Pub\Cache\hosted\pub.dev\mailer-7.1.0\lib\smtp_server\zoho.dart,C:\Users\Dobgima Joshua\AppData\Local\Pub\Cache\hosted\pub.dev\cloud_functions_platform_interface-5.8.9\lib\src\method_channel\method_channel_firebase_functions.dart,C:\Users\Dobgima Joshua\AppData\Local\Pub\Cache\hosted\pub.dev\fixnum-1.1.1\lib\src\utilities.dart,C:\Users\Dobgima Joshua\AppData\Local\Pub\Cache\hosted\pub.dev\synchronized-3.4.0\lib\src\utils.dart,C:\Users\Dobgima Joshua\AppData\Local\Pub\Cache\hosted\pub.dev\sqflite_common-2.5.6\lib\src\database_file_system_io.dart,C:\Users\Dobgima Joshua\AppData\Local\Pub\Cache\hosted\pub.dev\dbus-0.7.12\lib\src\getsid_windows.dart,C:\Users\Dobgima Joshua\AppData\Local\Pub\Cache\hosted\pub.dev\dbus-0.7.12\lib\src\getuid_linux.dart,C:\Users\Dobgima Joshua\AppData\Local\Pub\Cache\hosted\pub.dev\dbus-0.7.12\lib\src\dbus_buffer.dart,C:\Users\Dobgima Joshua\AppData\Local\Pub\Cache\hosted\pub.dev\xml-6.6.1\lib\src\xml\builder.dart,C:\Users\Dobgima Joshua\AppData\Local\Pub\Cache\hosted\pub.dev\xml-6.6.1\lib\src\xml\entities\default_mapping.dart,C:\Users\Dobgima Joshua\AppData\Local\Pub\Cache\hosted\pub.dev\xml-6.6.1\lib\src\xml\entities\entity_mapping.dart,C:\Users\Dobgima Joshua\AppData\Local\Pub\Cache\hosted\pub.dev\xml-6.6.1\lib\src\xml\entities\null_mapping.dart,C:\Users\Dobgima Joshua\AppData\Local\Pub\Cache\hosted\pub.dev\xml-6.6.1\lib\src\xml\enums\attribute_type.dart,C:\Users\Dobgima Joshua\AppData\Local\Pub\Cache\hosted\pub.dev\xml-6.6.1\lib\src\xml\enums\node_type.dart,C:\Users\Dobgima Joshua\AppData\Local\Pub\Cache\hosted\pub.dev\xml-6.6.1\lib\src\xml\exceptions\exception.dart,C:\Users\Dobgima Joshua\AppData\Local\Pub\Cache\hosted\pub.dev\xml-6.6.1\lib\src\xml\exceptions\format_exception.dart,C:\Users\Dobgima Joshua\AppData\Local\Pub\Cache\hosted\pub.dev\xml-6.6.1\lib\src\xml\exceptions\parent_exception.dart,C:\Users\Dobgima Joshua\AppData\Local\Pub\Cache\hosted\pub.dev\xml-6.6.1\lib\src\xml\exceptions\parser_exception.dart,C:\Users\Dobgima Joshua\AppData\Local\Pub\Cache\hosted\pub.dev\xml-6.6.1\lib\src\xml\exceptions\tag_exception.dart,C:\Users\Dobgima Joshua\AppData\Local\Pub\Cache\hosted\pub.dev\xml-6.6.1\lib\src\xml\exceptions\type_exception.dart,C:\Users\Dobgima Joshua\AppData\Local\Pub\Cache\hosted\pub.dev\xml-6.6.1\lib\src\xml\extensions\ancestors.dart,C:\Users\Dobgima Joshua\AppData\Local\Pub\Cache\hosted\pub.dev\xml-6.6.1\lib\src\xml\extensions\comparison.dart,C:\Users\Dobgima Joshua\AppData\Local\Pub\Cache\hosted\pub.dev\xml-6.6.1\lib\src\xml\extensions\descendants.dart,C:\Users\Dobgima Joshua\AppData\Local\Pub\Cache\hosted\pub.dev\xml-6.6.1\lib\src\xml\extensions\find.dart,C:\Users\Dobgima Joshua\AppData\Local\Pub\Cache\hosted\pub.dev\xml-6.6.1\lib\src\xml\extensions\following.dart,C:\Users\Dobgima Joshua\AppData\Local\Pub\Cache\hosted\pub.dev\xml-6.6.1\lib\src\xml\extensions\mutator.dart,C:\Users\Dobgima Joshua\AppData\Local\Pub\Cache\hosted\pub.dev\xml-6.6.1\lib\src\xml\extensions\nodes.dart,C:\Users\Dobgima Joshua\AppData\Local\Pub\Cache\hosted\pub.dev\xml-6.6.1\lib\src\xml\extensions\parent.dart,C:\Users\Dobgima Joshua\AppData\Local\Pub\Cache\hosted\pub.dev\xml-6.6.1\lib\src\xml\extensions\preceding.dart,C:\Users\Dobgima Joshua\AppData\Local\Pub\Cache\hosted\pub.dev\xml-6.6.1\lib\src\xml\extensions\sibling.dart,C:\Users\Dobgima Joshua\AppData\Local\Pub\Cache\hosted\pub.dev\xml-6.6.1\lib\src\xml\extensions\string.dart,C:\Users\Dobgima Joshua\AppData\Local\Pub\Cache\hosted\pub.dev\xml-6.6.1\lib\src\xml\mixins\has_attributes.dart,C:\Users\Dobgima Joshua\AppData\Local\Pub\Cache\hosted\pub.dev\xml-6.6.1\lib\src\xml\mixins\has_children.dart,C:\Users\Dobgima Joshua\AppData\Local\Pub\Cache\hosted\pub.dev\xml-6.6.1\lib\src\xml\mixins\has_name.dart,C:\Users\Dobgima Joshua\AppData\Local\Pub\Cache\hosted\pub.dev\xml-6.6.1\lib\src\xml\mixins\has_parent.dart,C:\Users\Dobgima Joshua\AppData\Local\Pub\Cache\hosted\pub.dev\xml-6.6.1\lib\src\xml\mixins\has_visitor.dart,C:\Users\Dobgima Joshua\AppData\Local\Pub\Cache\hosted\pub.dev\xml-6.6.1\lib\src\xml\mixins\has_writer.dart,C:\Users\Dobgima Joshua\AppData\Local\Pub\Cache\hosted\pub.dev\xml-6.6.1\lib\src\xml\nodes\attribute.dart,C:\Users\Dobgima Joshua\AppData\Local\Pub\Cache\hosted\pub.dev\xml-6.6.1\lib\src\xml\nodes\cdata.dart,C:\Users\Dobgima Joshua\AppData\Local\Pub\Cache\hosted\pub.dev\xml-6.6.1\lib\src\xml\nodes\comment.dart,C:\Users\Dobgima Joshua\AppData\Local\Pub\Cache\hosted\pub.dev\xml-6.6.1\lib\src\xml\nodes\declaration.dart,C:\Users\Dobgima Joshua\AppData\Local\Pub\Cache\hosted\pub.dev\xml-6.6.1\lib\src\xml\nodes\doctype.dart,C:\Users\Dobgima Joshua\AppData\Local\Pub\Cache\hosted\pub.dev\xml-6.6.1\lib\src\xml\nodes\document.dart,C:\Users\Dobgima Joshua\AppData\Local\Pub\Cache\hosted\pub.dev\xml-6.6.1\lib\src\xml\nodes\document_fragment.dart,C:\Users\Dobgima Joshua\AppData\Local\Pub\Cache\hosted\pub.dev\xml-6.6.1\lib\src\xml\nodes\element.dart,C:\Users\Dobgima Joshua\AppData\Local\Pub\Cache\hosted\pub.dev\xml-6.6.1\lib\src\xml\nodes\node.dart,C:\Users\Dobgima Joshua\AppData\Local\Pub\Cache\hosted\pub.dev\xml-6.6.1\lib\src\xml\nodes\processing.dart,C:\Users\Dobgima Joshua\AppData\Local\Pub\Cache\hosted\pub.dev\xml-6.6.1\lib\src\xml\nodes\text.dart,C:\Users\Dobgima Joshua\AppData\Local\Pub\Cache\hosted\pub.dev\xml-6.6.1\lib\src\xml\utils\name.dart,C:\Users\Dobgima Joshua\AppData\Local\Pub\Cache\hosted\pub.dev\xml-6.6.1\lib\src\xml\utils\token.dart,C:\Users\Dobgima Joshua\AppData\Local\Pub\Cache\hosted\pub.dev\xml-6.6.1\lib\src\xml\visitors\normalizer.dart,C:\Users\Dobgima Joshua\AppData\Local\Pub\Cache\hosted\pub.dev\xml-6.6.1\lib\src\xml\visitors\pretty_writer.dart,C:\Users\Dobgima Joshua\AppData\Local\Pub\Cache\hosted\pub.dev\xml-6.6.1\lib\src\xml\visitors\visitor.dart,C:\Users\Dobgima Joshua\AppData\Local\Pub\Cache\hosted\pub.dev\xml-6.6.1\lib\src\xml\visitors\writer.dart,C:\Users\Dobgima Joshua\AppData\Local\Pub\Cache\hosted\pub.dev\clock-1.1.2\lib\src\stopwatch.dart,C:\Users\Dobgima Joshua\AppData\Local\Pub\Cache\hosted\pub.dev\clock-1.1.2\lib\src\utils.dart,C:\Users\Dobgima Joshua\AppData\Local\Pub\Cache\hosted\pub.dev\convert-3.1.2\lib\convert.dart,C:\Users\Dobgima Joshua\AppData\Local\Pub\Cache\hosted\pub.dev\ed25519_edwards-0.3.1\lib\src\edwards25519.dart,C:\Users\Dobgima Joshua\AppData\Local\Pub\Cache\hosted\pub.dev\ed25519_edwards-0.3.1\lib\src\util.dart,C:\Users\Dobgima Joshua\AppData\Local\Pub\Cache\hosted\pub.dev\pointycastle-4.0.0\lib\api.dart,C:\Users\Dobgima Joshua\AppData\Local\Pub\Cache\hosted\pub.dev\pointycastle-4.0.0\lib\impl.dart,C:\Users\Dobgima Joshua\AppData\Local\Pub\Cache\hosted\pub.dev\pointycastle-4.0.0\lib\asn1.dart,C:\Users\Dobgima Joshua\AppData\Local\Pub\Cache\hosted\pub.dev\pointycastle-4.0.0\lib\ecc\ecc_base.dart,C:\Users\Dobgima Joshua\AppData\Local\Pub\Cache\hosted\pub.dev\pointycastle-4.0.0\lib\src\utils.dart,C:\Users\Dobgima Joshua\AppData\Local\Pub\Cache\hosted\pub.dev\pointycastle-4.0.0\lib\asn1\object_identifiers.dart,C:\Users\Dobgima Joshua\AppData\Local\Pub\Cache\hosted\pub.dev\web_socket-1.0.1\lib\io_web_socket.dart,C:\Users\Dobgima Joshua\AppData\Local\Pub\Cache\hosted\pub.dev\stream_channel-2.1.4\lib\src\close_guarantee_channel.dart,C:\Users\Dobgima Joshua\AppData\Local\Pub\Cache\hosted\pub.dev\stream_channel-2.1.4\lib\src\guarantee_channel.dart,C:\Users\Dobgima Joshua\AppData\Local\Pub\Cache\hosted\pub.dev\stream_channel-2.1.4\lib\src\stream_channel_transformer.dart,C:\Users\Dobgima Joshua\AppData\Local\Pub\Cache\hosted\pub.dev\stream_channel-2.1.4\lib\src\delegating_stream_channel.dart,C:\Users\Dobgima Joshua\AppData\Local\Pub\Cache\hosted\pub.dev\stream_channel-2.1.4\lib\src\disconnector.dart,C:\Users\Dobgima Joshua\AppData\Local\Pub\Cache\hosted\pub.dev\stream_channel-2.1.4\lib\src\json_document_transformer.dart,C:\Users\Dobgima Joshua\AppData\Local\Pub\Cache\hosted\pub.dev\stream_channel-2.1.4\lib\src\multi_channel.dart,C:\Users\Dobgima Joshua\AppData\Local\Pub\Cache\hosted\pub.dev\stream_channel-2.1.4\lib\src\stream_channel_completer.dart,C:\Users\Dobgima Joshua\AppData\Local\Pub\Cache\hosted\pub.dev\stream_channel-2.1.4\lib\src\stream_channel_controller.dart,C:\Users\Dobgima Joshua\AppData\Local\Pub\Cache\hosted\pub.dev\web_socket-1.0.1\lib\web_socket.dart,C:\Users\Dobgima Joshua\AppData\Local\Pub\Cache\hosted\pub.dev\mime-2.0.0\lib\src\default_extension_map.dart,C:\Users\Dobgima Joshua\AppData\Local\Pub\Cache\hosted\pub.dev\mime-2.0.0\lib\src\bound_multipart_stream.dart,C:\Users\Dobgima Joshua\AppData\Local\Pub\Cache\hosted\pub.dev\mime-2.0.0\lib\src\char_code.dart,C:\Users\Dobgima Joshua\AppData\Local\Pub\Cache\hosted\pub.dev\mime-2.0.0\lib\src\magic_number.dart,C:\Users\Dobgima Joshua\AppData\Local\Pub\Cache\hosted\pub.dev\string_scanner-1.4.1\lib\src\charcode.dart,C:\Users\Dobgima Joshua\AppData\Local\Pub\Cache\hosted\pub.dev\string_scanner-1.4.1\lib\src\utils.dart,C:\Users\Dobgima Joshua\AppData\Local\Pub\Cache\hosted\pub.dev\string_scanner-1.4.1\lib\src\eager_span_scanner.dart,C:\Users\Dobgima Joshua\AppData\Local\Pub\Cache\hosted\pub.dev\string_scanner-1.4.1\lib\src\relative_span_scanner.dart,C:\Users\Dobgima Joshua\AppData\Local\Pub\Cache\hosted\pub.dev\source_span-1.10.2\lib\src\file.dart,C:\Users\Dobgima Joshua\AppData\Local\Pub\Cache\hosted\pub.dev\source_span-1.10.2\lib\src\location.dart,C:\Users\Dobgima Joshua\AppData\Local\Pub\Cache\hosted\pub.dev\source_span-1.10.2\lib\src\location_mixin.dart,C:\Users\Dobgima Joshua\AppData\Local\Pub\Cache\hosted\pub.dev\source_span-1.10.2\lib\src\span.dart,C:\Users\Dobgima Joshua\AppData\Local\Pub\Cache\hosted\pub.dev\source_span-1.10.2\lib\src\span_exception.dart,C:\Users\Dobgima Joshua\AppData\Local\Pub\Cache\hosted\pub.dev\source_span-1.10.2\lib\src\span_mixin.dart,C:\Users\Dobgima Joshua\AppData\Local\Pub\Cache\hosted\pub.dev\source_span-1.10.2\lib\src\span_with_context.dart,C:\Users\Dobgima Joshua\AppData\Local\Pub\Cache\hosted\pub.dev\typed_data-1.4.0\lib\src\typed_queue.dart,C:\Users\Dobgima Joshua\AppData\Local\Pub\Cache\hosted\pub.dev\typed_data-1.4.0\lib\typed_buffers.dart,C:\Users\Dobgima Joshua\AppData\Local\Pub\Cache\hosted\pub.dev\mgrs_dart-2.0.0\lib\mgrs_dart.dart,C:\Users\Dobgima Joshua\AppData\Local\Pub\Cache\hosted\pub.dev\proj4dart-2.1.0\lib\src\classes\datum.dart,C:\Users\Dobgima Joshua\AppData\Local\Pub\Cache\hosted\pub.dev\proj4dart-2.1.0\lib\src\classes\nadgrid.dart,C:\Users\Dobgima Joshua\AppData\Local\Pub\Cache\hosted\pub.dev\proj4dart-2.1.0\lib\src\classes\proj_params.dart,C:\Users\Dobgima Joshua\AppData\Local\Pub\Cache\hosted\pub.dev\proj4dart-2.1.0\lib\src\common\datum_transform.dart,C:\Users\Dobgima Joshua\AppData\Local\Pub\Cache\hosted\pub.dev\proj4dart-2.1.0\lib\src\common\utils.dart,C:\Users\Dobgima Joshua\AppData\Local\Pub\Cache\hosted\pub.dev\proj4dart-2.1.0\lib\src\constants\values.dart,C:\Users\Dobgima Joshua\AppData\Local\Pub\Cache\hosted\pub.dev\proj4dart-2.1.0\lib\src\globals\projection_store.dart,C:\Users\Dobgima Joshua\AppData\Local\Pub\Cache\hosted\pub.dev\proj4dart-2.1.0\lib\src\constants\initializers.dart,C:\Users\Dobgima Joshua\AppData\Local\Pub\Cache\hosted\pub.dev\wkt_parser-2.0.0\lib\wkt_parser.dart,C:\Users\Dobgima Joshua\AppData\Local\Pub\Cache\hosted\pub.dev\logger-2.6.2\lib\src\log_output.dart,C:\Users\Dobgima Joshua\AppData\Local\Pub\Cache\hosted\pub.dev\logger-2.6.2\lib\src\output_event.dart,C:\Users\Dobgima Joshua\AppData\Local\Pub\Cache\hosted\pub.dev\logger-2.6.2\lib\src\log_level.dart,C:\Users\Dobgima Joshua\AppData\Local\Pub\Cache\hosted\pub.dev\logger-2.6.2\lib\src\ansi_color.dart,C:\Users\Dobgima Joshua\AppData\Local\Pub\Cache\hosted\pub.dev\logger-2.6.2\lib\src\date_time_format.dart,C:\Users\Dobgima Joshua\AppData\Local\Pub\Cache\hosted\pub.dev\logger-2.6.2\lib\src\filters\development_filter.dart,C:\Users\Dobgima Joshua\AppData\Local\Pub\Cache\hosted\pub.dev\logger-2.6.2\lib\src\filters\production_filter.dart,C:\Users\Dobgima Joshua\AppData\Local\Pub\Cache\hosted\pub.dev\logger-2.6.2\lib\src\log_event.dart,C:\Users\Dobgima Joshua\AppData\Local\Pub\Cache\hosted\pub.dev\logger-2.6.2\lib\src\log_filter.dart,C:\Users\Dobgima Joshua\AppData\Local\Pub\Cache\hosted\pub.dev\logger-2.6.2\lib\src\log_printer.dart,C:\Users\Dobgima Joshua\AppData\Local\Pub\Cache\hosted\pub.dev\logger-2.6.2\lib\src\logger.dart,C:\Users\Dobgima Joshua\AppData\Local\Pub\Cache\hosted\pub.dev\logger-2.6.2\lib\src\outputs\console_output.dart,C:\Users\Dobgima Joshua\AppData\Local\Pub\Cache\hosted\pub.dev\logger-2.6.2\lib\src\outputs\memory_output.dart,C:\Users\Dobgima Joshua\AppData\Local\Pub\Cache\hosted\pub.dev\logger-2.6.2\lib\src\outputs\multi_output.dart,C:\Users\Dobgima Joshua\AppData\Local\Pub\Cache\hosted\pub.dev\logger-2.6.2\lib\src\outputs\stream_output.dart,C:\Users\Dobgima Joshua\AppData\Local\Pub\Cache\hosted\pub.dev\logger-2.6.2\lib\src\printers\hybrid_printer.dart,C:\Users\Dobgima Joshua\AppData\Local\Pub\Cache\hosted\pub.dev\logger-2.6.2\lib\src\printers\logfmt_printer.dart,C:\Users\Dobgima Joshua\AppData\Local\Pub\Cache\hosted\pub.dev\logger-2.6.2\lib\src\printers\prefix_printer.dart,C:\Users\Dobgima Joshua\AppData\Local\Pub\Cache\hosted\pub.dev\logger-2.6.2\lib\src\printers\pretty_printer.dart,C:\Users\Dobgima Joshua\AppData\Local\Pub\Cache\hosted\pub.dev\logger-2.6.2\lib\src\printers\simple_printer.dart,C:\Users\Dobgima Joshua\AppData\Local\Pub\Cache\hosted\pub.dev\flutter_cache_manager-3.4.1\lib\src\cache_store.dart,C:\Users\Dobgima Joshua\AppData\Local\Pub\Cache\hosted\pub.dev\flutter_cache_manager-3.4.1\lib\src\cache_managers\base_cache_manager.dart,C:\Users\Dobgima Joshua\AppData\Local\Pub\Cache\hosted\pub.dev\flutter_cache_manager-3.4.1\lib\src\cache_managers\default_cache_manager.dart,C:\Users\Dobgima Joshua\AppData\Local\Pub\Cache\hosted\pub.dev\flutter_cache_manager-3.4.1\lib\src\cache_managers\image_cache_manager.dart,C:\Users\Dobgima Joshua\AppData\Local\Pub\Cache\hosted\pub.dev\flutter_cache_manager-3.4.1\lib\src\config\_config_io.dart,C:\Users\Dobgima Joshua\AppData\Local\Pub\Cache\hosted\pub.dev\flutter_cache_manager-3.4.1\lib\src\result\download_progress.dart,C:\Users\Dobgima Joshua\AppData\Local\Pub\Cache\hosted\pub.dev\flutter_cache_manager-3.4.1\lib\src\result\file_info.dart,C:\Users\Dobgima Joshua\AppData\Local\Pub\Cache\hosted\pub.dev\flutter_cache_manager-3.4.1\lib\src\result\file_response.dart,C:\Users\Dobgima Joshua\AppData\Local\Pub\Cache\hosted\pub.dev\flutter_cache_manager-3.4.1\lib\src\storage\cache_info_repositories\cache_info_repository.dart,C:\Users\Dobgima Joshua\AppData\Local\Pub\Cache\hosted\pub.dev\flutter_cache_manager-3.4.1\lib\src\storage\cache_info_repositories\cache_object_provider.dart,C:\Users\Dobgima Joshua\AppData\Local\Pub\Cache\hosted\pub.dev\flutter_cache_manager-3.4.1\lib\src\storage\cache_info_repositories\json_cache_info_repository.dart,C:\Users\Dobgima Joshua\AppData\Local\Pub\Cache\hosted\pub.dev\flutter_cache_manager-3.4.1\lib\src\storage\cache_info_repositories\non_storing_object_provider.dart,C:\Users\Dobgima Joshua\AppData\Local\Pub\Cache\hosted\pub.dev\flutter_cache_manager-3.4.1\lib\src\storage\file_system\file_system_io.dart,C:\Users\Dobgima Joshua\AppData\Local\Pub\Cache\hosted\pub.dev\flutter_cache_manager-3.4.1\lib\src\storage\file_system\file_system_web.dart,C:\Users\Dobgima Joshua\AppData\Local\Pub\Cache\hosted\pub.dev\flutter_cache_manager-3.4.1\lib\src\web\mime_converter.dart,C:\Users\Dobgima Joshua\AppData\Local\Pub\Cache\hosted\pub.dev\flutter_cache_manager-3.4.1\lib\src\web\queue_item.dart,C:\Users\Dobgima Joshua\AppData\Local\Pub\Cache\hosted\pub.dev\octo_image-2.1.0\lib\src\errors.dart,C:\Users\Dobgima Joshua\AppData\Local\Pub\Cache\hosted\pub.dev\octo_image-2.1.0\lib\src\image\image.dart,C:\Users\Dobgima Joshua\AppData\Local\Pub\Cache\hosted\pub.dev\octo_image-2.1.0\lib\src\image_transformers.dart,C:\Users\Dobgima Joshua\AppData\Local\Pub\Cache\hosted\pub.dev\octo_image-2.1.0\lib\src\octo_set.dart,C:\Users\Dobgima Joshua\AppData\Local\Pub\Cache\hosted\pub.dev\octo_image-2.1.0\lib\src\placeholders.dart,C:\Users\Dobgima Joshua\AppData\Local\Pub\Cache\hosted\pub.dev\octo_image-2.1.0\lib\src\progress_indicators.dart,C:\Users\Dobgima Joshua\AppData\Local\Pub\Cache\hosted\pub.dev\html-0.15.6\lib\dom.dart,C:\Users\Dobgima Joshua\AppData\Local\Pub\Cache\hosted\pub.dev\html-0.15.6\lib\parser.dart,C:\Users\Dobgima Joshua\AppData\Local\Pub\Cache\hosted\pub.dev\chewie-1.13.0\lib\src\helpers\adaptive_controls.dart,C:\Users\Dobgima Joshua\AppData\Local\Pub\Cache\hosted\pub.dev\mailer-7.1.0\lib\src\idna\idna.dart,C:\Users\Dobgima Joshua\AppData\Local\Pub\Cache\hosted\pub.dev\mailer-7.1.0\lib\src\smtp\validator.dart,C:\Users\Dobgima Joshua\AppData\Local\Pub\Cache\hosted\pub.dev\mailer-7.1.0\lib\src\smtp\connection.dart,C:\Users\Dobgima Joshua\AppData\Local\Pub\Cache\hosted\pub.dev\mailer-7.1.0\lib\src\smtp\smtp_client.dart,C:\Users\Dobgima Joshua\AppData\Local\Pub\Cache\hosted\pub.dev\cloud_functions_platform_interface-5.8.9\lib\src\pigeon\messages.pigeon.dart,C:\Users\Dobgima Joshua\AppData\Local\Pub\Cache\hosted\pub.dev\cloud_functions_platform_interface-5.8.9\lib\src\method_channel\method_channel_https_callable.dart,C:\Users\Dobgima Joshua\AppData\Local\Pub\Cache\hosted\pub.dev\xml-6.6.1\lib\src\xml\dtd\external_id.dart,C:\Users\Dobgima Joshua\AppData\Local\Pub\Cache\hosted\pub.dev\xml-6.6.1\lib\src\xml\nodes\data.dart,C:\Users\Dobgima Joshua\AppData\Local\Pub\Cache\hosted\pub.dev\xml-6.6.1\lib\src\xml\utils\namespace.dart,C:\Users\Dobgima Joshua\AppData\Local\Pub\Cache\hosted\pub.dev\xml-6.6.1\lib\src\xml\entities\named_entities.dart,C:\Users\Dobgima Joshua\AppData\Local\Pub\Cache\hosted\pub.dev\petitparser-7.0.2\lib\core.dart,C:\Users\Dobgima Joshua\AppData\Local\Pub\Cache\hosted\pub.dev\xml-6.6.1\lib\src\xml\utils\name_matcher.dart,C:\Users\Dobgima Joshua\AppData\Local\Pub\Cache\hosted\pub.dev\xml-6.6.1\lib\src\xml\utils\node_list.dart,C:\Users\Dobgima Joshua\AppData\Local\Pub\Cache\hosted\pub.dev\xml-6.6.1\lib\src\xml\utils\predicate.dart,C:\Users\Dobgima Joshua\AppData\Local\Pub\Cache\hosted\pub.dev\xml-6.6.1\lib\xml_events.dart,C:\Users\Dobgima Joshua\AppData\Local\Pub\Cache\hosted\pub.dev\xml-6.6.1\lib\src\xml\mixins\has_value.dart,C:\Users\Dobgima Joshua\AppData\Local\Pub\Cache\hosted\pub.dev\xml-6.6.1\lib\src\xml\utils\prefix_name.dart,C:\Users\Dobgima Joshua\AppData\Local\Pub\Cache\hosted\pub.dev\xml-6.6.1\lib\src\xml\utils\simple_name.dart,C:\Users\Dobgima Joshua\AppData\Local\Pub\Cache\hosted\pub.dev\convert-3.1.2\lib\src\accumulator_sink.dart,C:\Users\Dobgima Joshua\AppData\Local\Pub\Cache\hosted\pub.dev\convert-3.1.2\lib\src\byte_accumulator_sink.dart,C:\Users\Dobgima Joshua\AppData\Local\Pub\Cache\hosted\pub.dev\convert-3.1.2\lib\src\codepage.dart,C:\Users\Dobgima Joshua\AppData\Local\Pub\Cache\hosted\pub.dev\convert-3.1.2\lib\src\fixed_datetime_formatter.dart,C:\Users\Dobgima Joshua\AppData\Local\Pub\Cache\hosted\pub.dev\convert-3.1.2\lib\src\hex.dart,C:\Users\Dobgima Joshua\AppData\Local\Pub\Cache\hosted\pub.dev\convert-3.1.2\lib\src\identity_codec.dart,C:\Users\Dobgima Joshua\AppData\Local\Pub\Cache\hosted\pub.dev\convert-3.1.2\lib\src\percent.dart,C:\Users\Dobgima Joshua\AppData\Local\Pub\Cache\hosted\pub.dev\convert-3.1.2\lib\src\string_accumulator_sink.dart,C:\Users\Dobgima Joshua\AppData\Local\Pub\Cache\hosted\pub.dev\adaptive_number-1.0.0\lib\adaptive_number.dart,C:\Users\Dobgima Joshua\AppData\Local\Pub\Cache\hosted\pub.dev\ed25519_edwards-0.3.1\lib\src\numbers.dart,C:\Users\Dobgima Joshua\AppData\Local\Pub\Cache\hosted\pub.dev\ed25519_edwards-0.3.1\lib\src\const.dart,C:\Users\Dobgima Joshua\AppData\Local\Pub\Cache\hosted\pub.dev\pointycastle-4.0.0\lib\src\registry\registry.dart,C:\Users\Dobgima Joshua\AppData\Local\Pub\Cache\hosted\pub.dev\pointycastle-4.0.0\lib\src\api\aead_block_cipher.dart,C:\Users\Dobgima Joshua\AppData\Local\Pub\Cache\hosted\pub.dev\pointycastle-4.0.0\lib\src\api\aead_cipher.dart,C:\Users\Dobgima Joshua\AppData\Local\Pub\Cache\hosted\pub.dev\pointycastle-4.0.0\lib\src\api\aead_parameters.dart,C:\Users\Dobgima Joshua\AppData\Local\Pub\Cache\hosted\pub.dev\pointycastle-4.0.0\lib\src\api\algorithm.dart,C:\Users\Dobgima Joshua\AppData\Local\Pub\Cache\hosted\pub.dev\pointycastle-4.0.0\lib\src\api\asymmetric_block_cipher.dart,C:\Users\Dobgima Joshua\AppData\Local\Pub\Cache\hosted\pub.dev\pointycastle-4.0.0\lib\src\api\asymmetric_key.dart,C:\Users\Dobgima Joshua\AppData\Local\Pub\Cache\hosted\pub.dev\pointycastle-4.0.0\lib\src\api\asymmetric_key_pair.dart,C:\Users\Dobgima Joshua\AppData\Local\Pub\Cache\hosted\pub.dev\pointycastle-4.0.0\lib\src\api\asymmetric_key_parameter.dart,C:\Users\Dobgima Joshua\AppData\Local\Pub\Cache\hosted\pub.dev\pointycastle-4.0.0\lib\src\api\block_cipher.dart,C:\Users\Dobgima Joshua\AppData\Local\Pub\Cache\hosted\pub.dev\pointycastle-4.0.0\lib\src\api\cipher_parameters.dart,C:\Users\Dobgima Joshua\AppData\Local\Pub\Cache\hosted\pub.dev\pointycastle-4.0.0\lib\src\api\des_parameters.dart,C:\Users\Dobgima Joshua\AppData\Local\Pub\Cache\hosted\pub.dev\pointycastle-4.0.0\lib\src\api\desede_parameters.dart,C:\Users\Dobgima Joshua\AppData\Local\Pub\Cache\hosted\pub.dev\pointycastle-4.0.0\lib\src\api\digest.dart,C:\Users\Dobgima Joshua\AppData\Local\Pub\Cache\hosted\pub.dev\pointycastle-4.0.0\lib\src\api\key_derivator.dart,C:\Users\Dobgima Joshua\AppData\Local\Pub\Cache\hosted\pub.dev\pointycastle-4.0.0\lib\src\api\key_generator.dart,C:\Users\Dobgima Joshua\AppData\Local\Pub\Cache\hosted\pub.dev\pointycastle-4.0.0\lib\src\api\key_generator_parameters.dart,C:\Users\Dobgima Joshua\AppData\Local\Pub\Cache\hosted\pub.dev\pointycastle-4.0.0\lib\src\api\key_parameter.dart,C:\Users\Dobgima Joshua\AppData\Local\Pub\Cache\hosted\pub.dev\pointycastle-4.0.0\lib\src\api\mac.dart,C:\Users\Dobgima Joshua\AppData\Local\Pub\Cache\hosted\pub.dev\pointycastle-4.0.0\lib\src\api\padded_block_cipher.dart,C:\Users\Dobgima Joshua\AppData\Local\Pub\Cache\hosted\pub.dev\pointycastle-4.0.0\lib\src\api\padded_block_cipher_parameters.dart,C:\Users\Dobgima Joshua\AppData\Local\Pub\Cache\hosted\pub.dev\pointycastle-4.0.0\lib\src\api\padding.dart,C:\Users\Dobgima Joshua\AppData\Local\Pub\Cache\hosted\pub.dev\pointycastle-4.0.0\lib\src\api\parameters_with_iv.dart,C:\Users\Dobgima Joshua\AppData\Local\Pub\Cache\hosted\pub.dev\pointycastle-4.0.0\lib\src\api\parameters_with_random.dart,C:\Users\Dobgima Joshua\AppData\Local\Pub\Cache\hosted\pub.dev\pointycastle-4.0.0\lib\src\api\parameters_with_salt.dart,C:\Users\Dobgima Joshua\AppData\Local\Pub\Cache\hosted\pub.dev\pointycastle-4.0.0\lib\src\api\parameters_with_salt_configuration.dart,C:\Users\Dobgima Joshua\AppData\Local\Pub\Cache\hosted\pub.dev\pointycastle-4.0.0\lib\src\api\pbe_parameters_generator.dart,C:\Users\Dobgima Joshua\AppData\Local\Pub\Cache\hosted\pub.dev\pointycastle-4.0.0\lib\src\api\private_key.dart,C:\Users\Dobgima Joshua\AppData\Local\Pub\Cache\hosted\pub.dev\pointycastle-4.0.0\lib\src\api\private_key_parameter.dart,C:\Users\Dobgima Joshua\AppData\Local\Pub\Cache\hosted\pub.dev\pointycastle-4.0.0\lib\src\api\public_key.dart,C:\Users\Dobgima Joshua\AppData\Local\Pub\Cache\hosted\pub.dev\pointycastle-4.0.0\lib\src\api\public_key_parameter.dart,C:\Users\Dobgima Joshua\AppData\Local\Pub\Cache\hosted\pub.dev\pointycastle-4.0.0\lib\src\api\rc2_parameters.dart,C:\Users\Dobgima Joshua\AppData\Local\Pub\Cache\hosted\pub.dev\pointycastle-4.0.0\lib\src\api\registry_factory_exception.dart,C:\Users\Dobgima Joshua\AppData\Local\Pub\Cache\hosted\pub.dev\pointycastle-4.0.0\lib\src\api\secure_random.dart,C:\Users\Dobgima Joshua\AppData\Local\Pub\Cache\hosted\pub.dev\pointycastle-4.0.0\lib\src\api\signature.dart,C:\Users\Dobgima Joshua\AppData\Local\Pub\Cache\hosted\pub.dev\pointycastle-4.0.0\lib\src\api\signer.dart,C:\Users\Dobgima Joshua\AppData\Local\Pub\Cache\hosted\pub.dev\pointycastle-4.0.0\lib\src\api\srp_client.dart,C:\Users\Dobgima Joshua\AppData\Local\Pub\Cache\hosted\pub.dev\pointycastle-4.0.0\lib\src\api\srp_server.dart,C:\Users\Dobgima Joshua\AppData\Local\Pub\Cache\hosted\pub.dev\pointycastle-4.0.0\lib\src\api\stream_cipher.dart,C:\Users\Dobgima Joshua\AppData\Local\Pub\Cache\hosted\pub.dev\pointycastle-4.0.0\lib\src\api\xof.dart,C:\Users\Dobgima Joshua\AppData\Local\Pub\Cache\hosted\pub.dev\pointycastle-4.0.0\lib\asymmetric\api.dart,C:\Users\Dobgima Joshua\AppData\Local\Pub\Cache\hosted\pub.dev\pointycastle-4.0.0\lib\ecc\api.dart,C:\Users\Dobgima Joshua\AppData\Local\Pub\Cache\hosted\pub.dev\pointycastle-4.0.0\lib\key_derivators\api.dart,C:\Users\Dobgima Joshua\AppData\Local\Pub\Cache\hosted\pub.dev\pointycastle-4.0.0\lib\key_generators\api.dart,C:\Users\Dobgima Joshua\AppData\Local\Pub\Cache\hosted\pub.dev\pointycastle-4.0.0\lib\asn1\asn1_encoding_rule.dart,C:\Users\Dobgima Joshua\AppData\Local\Pub\Cache\hosted\pub.dev\pointycastle-4.0.0\lib\asn1\asn1_object.dart,C:\Users\Dobgima Joshua\AppData\Local\Pub\Cache\hosted\pub.dev\pointycastle-4.0.0\lib\asn1\asn1_parser.dart,C:\Users\Dobgima Joshua\AppData\Local\Pub\Cache\hosted\pub.dev\pointycastle-4.0.0\lib\asn1\asn1_tags.dart,C:\Users\Dobgima Joshua\AppData\Local\Pub\Cache\hosted\pub.dev\pointycastle-4.0.0\lib\asn1\asn1_utils.dart,C:\Users\Dobgima Joshua\AppData\Local\Pub\Cache\hosted\pub.dev\pointycastle-4.0.0\lib\asn1\primitives\asn1_bit_string.dart,C:\Users\Dobgima Joshua\AppData\Local\Pub\Cache\hosted\pub.dev\pointycastle-4.0.0\lib\asn1\primitives\asn1_boolean.dart,C:\Users\Dobgima Joshua\AppData\Local\Pub\Cache\hosted\pub.dev\pointycastle-4.0.0\lib\asn1\primitives\asn1_enumerated.dart,C:\Users\Dobgima Joshua\AppData\Local\Pub\Cache\hosted\pub.dev\pointycastle-4.0.0\lib\asn1\primitives\asn1_generalized_time.dart,C:\Users\Dobgima Joshua\AppData\Local\Pub\Cache\hosted\pub.dev\pointycastle-4.0.0\lib\asn1\primitives\asn1_ia5_string.dart,C:\Users\Dobgima Joshua\AppData\Local\Pub\Cache\hosted\pub.dev\pointycastle-4.0.0\lib\asn1\primitives\asn1_integer.dart,C:\Users\Dobgima Joshua\AppData\Local\Pub\Cache\hosted\pub.dev\pointycastle-4.0.0\lib\asn1\primitives\asn1_null.dart,C:\Users\Dobgima Joshua\AppData\Local\Pub\Cache\hosted\pub.dev\pointycastle-4.0.0\lib\asn1\primitives\asn1_object_identifier.dart,C:\Users\Dobgima Joshua\AppData\Local\Pub\Cache\hosted\pub.dev\pointycastle-4.0.0\lib\asn1\primitives\asn1_octet_string.dart,C:\Users\Dobgima Joshua\AppData\Local\Pub\Cache\hosted\pub.dev\pointycastle-4.0.0\lib\asn1\primitives\asn1_printable_string.dart,C:\Users\Dobgima Joshua\AppData\Local\Pub\Cache\hosted\pub.dev\pointycastle-4.0.0\lib\asn1\primitives\asn1_sequence.dart,C:\Users\Dobgima Joshua\AppData\Local\Pub\Cache\hosted\pub.dev\pointycastle-4.0.0\lib\asn1\primitives\asn1_set.dart,C:\Users\Dobgima Joshua\AppData\Local\Pub\Cache\hosted\pub.dev\pointycastle-4.0.0\lib\asn1\primitives\asn1_teletext_string.dart,C:\Users\Dobgima Joshua\AppData\Local\Pub\Cache\hosted\pub.dev\pointycastle-4.0.0\lib\asn1\primitives\asn1_bmp_string.dart,C:\Users\Dobgima Joshua\AppData\Local\Pub\Cache\hosted\pub.dev\pointycastle-4.0.0\lib\asn1\primitives\asn1_utc_time.dart,C:\Users\Dobgima Joshua\AppData\Local\Pub\Cache\hosted\pub.dev\pointycastle-4.0.0\lib\asn1\primitives\asn1_utf8_string.dart,C:\Users\Dobgima Joshua\AppData\Local\Pub\Cache\hosted\pub.dev\pointycastle-4.0.0\lib\asn1\unsupported_asn1_encoding_rule_exception.dart,C:\Users\Dobgima Joshua\AppData\Local\Pub\Cache\hosted\pub.dev\pointycastle-4.0.0\lib\asn1\unsupported_asn1_tag_exception.dart,C:\Users\Dobgima Joshua\AppData\Local\Pub\Cache\hosted\pub.dev\pointycastle-4.0.0\lib\asn1\x501\asn1_attribute_type_and_value.dart,C:\Users\Dobgima Joshua\AppData\Local\Pub\Cache\hosted\pub.dev\pointycastle-4.0.0\lib\asn1\x501\asn1_name.dart,C:\Users\Dobgima Joshua\AppData\Local\Pub\Cache\hosted\pub.dev\pointycastle-4.0.0\lib\asn1\x501\asn1_rdn.dart,C:\Users\Dobgima Joshua\AppData\Local\Pub\Cache\hosted\pub.dev\pointycastle-4.0.0\lib\asn1\x509\asn1_algorithm_identifier.dart,C:\Users\Dobgima Joshua\AppData\Local\Pub\Cache\hosted\pub.dev\pointycastle-4.0.0\lib\asn1\pkcs\pkcs1\asn1_digest_info.dart,C:\Users\Dobgima Joshua\AppData\Local\Pub\Cache\hosted\pub.dev\pointycastle-4.0.0\lib\asn1\pkcs\pkcs7\asn1_content_info.dart,C:\Users\Dobgima Joshua\AppData\Local\Pub\Cache\hosted\pub.dev\pointycastle-4.0.0\lib\asn1\pkcs\pkcs7\asn1_encrypted_content_info.dart,C:\Users\Dobgima Joshua\AppData\Local\Pub\Cache\hosted\pub.dev\pointycastle-4.0.0\lib\asn1\pkcs\pkcs8\asn1_encrypted_data.dart,C:\Users\Dobgima Joshua\AppData\Local\Pub\Cache\hosted\pub.dev\pointycastle-4.0.0\lib\asn1\pkcs\pkcs8\asn1_encrypted_private_key_info.dart,C:\Users\Dobgima Joshua\AppData\Local\Pub\Cache\hosted\pub.dev\pointycastle-4.0.0\lib\asn1\pkcs\pkcs8\asn1_private_key_info.dart,C:\Users\Dobgima Joshua\AppData\Local\Pub\Cache\hosted\pub.dev\pointycastle-4.0.0\lib\asn1\pkcs\pkcs10\asn1_certification_request.dart,C:\Users\Dobgima Joshua\AppData\Local\Pub\Cache\hosted\pub.dev\pointycastle-4.0.0\lib\asn1\pkcs\pkcs10\asn1_subject_public_key_info.dart,C:\Users\Dobgima Joshua\AppData\Local\Pub\Cache\hosted\pub.dev\pointycastle-4.0.0\lib\asn1\pkcs\pkcs10\asn1_certification_request_info.dart,C:\Users\Dobgima Joshua\AppData\Local\Pub\Cache\hosted\pub.dev\pointycastle-4.0.0\lib\asn1\pkcs\pkcs12\asn1_authenticated_safe.dart,C:\Users\Dobgima Joshua\AppData\Local\Pub\Cache\hosted\pub.dev\pointycastle-4.0.0\lib\asn1\pkcs\pkcs12\asn1_cert_bag.dart,C:\Users\Dobgima Joshua\AppData\Local\Pub\Cache\hosted\pub.dev\pointycastle-4.0.0\lib\asn1\pkcs\pkcs12\asn1_key_bag.dart,C:\Users\Dobgima Joshua\AppData\Local\Pub\Cache\hosted\pub.dev\pointycastle-4.0.0\lib\asn1\pkcs\pkcs12\asn1_mac_data.dart,C:\Users\Dobgima Joshua\AppData\Local\Pub\Cache\hosted\pub.dev\pointycastle-4.0.0\lib\asn1\pkcs\pkcs12\asn1_pfx.dart,C:\Users\Dobgima Joshua\AppData\Local\Pub\Cache\hosted\pub.dev\pointycastle-4.0.0\lib\asn1\pkcs\pkcs12\asn1_pkcs12_attribute.dart,C:\Users\Dobgima Joshua\AppData\Local\Pub\Cache\hosted\pub.dev\pointycastle-4.0.0\lib\asn1\pkcs\pkcs12\asn1_safe_bag.dart,C:\Users\Dobgima Joshua\AppData\Local\Pub\Cache\hosted\pub.dev\pointycastle-4.0.0\lib\asn1\pkcs\pkcs12\asn1_safe_contents.dart,C:\Users\Dobgima Joshua\AppData\Local\Pub\Cache\hosted\pub.dev\pointycastle-4.0.0\lib\src\platform_check\platform_check.dart,C:\Users\Dobgima Joshua\AppData\Local\Pub\Cache\hosted\pub.dev\pointycastle-4.0.0\lib\asn1\object_identifiers_database.dart,C:\Users\Dobgima Joshua\AppData\Local\Pub\Cache\hosted\pub.dev\web_socket-1.0.1\lib\src\io_web_socket.dart,C:\Users\Dobgima Joshua\AppData\Local\Pub\Cache\hosted\pub.dev\web_socket-1.0.1\lib\src\web_socket.dart,C:\Users\Dobgima Joshua\AppData\Local\Pub\Cache\hosted\pub.dev\term_glyph-1.2.2\lib\term_glyph.dart,C:\Users\Dobgima Joshua\AppData\Local\Pub\Cache\hosted\pub.dev\source_span-1.10.2\lib\src\highlighter.dart,C:\Users\Dobgima Joshua\AppData\Local\Pub\Cache\hosted\pub.dev\source_span-1.10.2\lib\src\utils.dart,C:\Users\Dobgima Joshua\AppData\Local\Pub\Cache\hosted\pub.dev\typed_data-1.4.0\lib\src\typed_buffer.dart,C:\Users\Dobgima Joshua\AppData\Local\Pub\Cache\hosted\pub.dev\mgrs_dart-2.0.0\lib\src\classes\bbox.dart,C:\Users\Dobgima Joshua\AppData\Local\Pub\Cache\hosted\pub.dev\mgrs_dart-2.0.0\lib\src\classes\lonlat.dart,C:\Users\Dobgima Joshua\AppData\Local\Pub\Cache\hosted\pub.dev\mgrs_dart-2.0.0\lib\src\classes\utm.dart,C:\Users\Dobgima Joshua\AppData\Local\Pub\Cache\hosted\pub.dev\mgrs_dart-2.0.0\lib\src\mgrs.dart,C:\Users\Dobgima Joshua\AppData\Local\Pub\Cache\hosted\pub.dev\proj4dart-2.1.0\lib\src\globals\nadgrid_store.dart,C:\Users\Dobgima Joshua\AppData\Local\Pub\Cache\hosted\pub.dev\proj4dart-2.1.0\lib\src\common\derive_constants.dart,C:\Users\Dobgima Joshua\AppData\Local\Pub\Cache\hosted\pub.dev\proj4dart-2.1.0\lib\src\constants\datums.dart,C:\Users\Dobgima Joshua\AppData\Local\Pub\Cache\hosted\pub.dev\proj4dart-2.1.0\lib\src\constants\prime_meridians.dart,C:\Users\Dobgima Joshua\AppData\Local\Pub\Cache\hosted\pub.dev\proj4dart-2.1.0\lib\src\constants\units.dart,C:\Users\Dobgima Joshua\AppData\Local\Pub\Cache\hosted\pub.dev\proj4dart-2.1.0\lib\src\common\datum_utils.dart,C:\Users\Dobgima Joshua\AppData\Local\Pub\Cache\hosted\pub.dev\proj4dart-2.1.0\lib\src\projections\aea.dart,C:\Users\Dobgima Joshua\AppData\Local\Pub\Cache\hosted\pub.dev\proj4dart-2.1.0\lib\src\projections\aeqd.dart,C:\Users\Dobgima Joshua\AppData\Local\Pub\Cache\hosted\pub.dev\proj4dart-2.1.0\lib\src\projections\cass.dart,C:\Users\Dobgima Joshua\AppData\Local\Pub\Cache\hosted\pub.dev\proj4dart-2.1.0\lib\src\projections\cea.dart,C:\Users\Dobgima Joshua\AppData\Local\Pub\Cache\hosted\pub.dev\proj4dart-2.1.0\lib\src\projections\eqc.dart,C:\Users\Dobgima Joshua\AppData\Local\Pub\Cache\hosted\pub.dev\proj4dart-2.1.0\lib\src\projections\eqdc.dart,C:\Users\Dobgima Joshua\AppData\Local\Pub\Cache\hosted\pub.dev\proj4dart-2.1.0\lib\src\projections\etmerc.dart,C:\Users\Dobgima Joshua\AppData\Local\Pub\Cache\hosted\pub.dev\proj4dart-2.1.0\lib\src\projections\gauss.dart,C:\Users\Dobgima Joshua\AppData\Local\Pub\Cache\hosted\pub.dev\proj4dart-2.1.0\lib\src\projections\geocent.dart,C:\Users\Dobgima Joshua\AppData\Local\Pub\Cache\hosted\pub.dev\proj4dart-2.1.0\lib\src\projections\gnom.dart,C:\Users\Dobgima Joshua\AppData\Local\Pub\Cache\hosted\pub.dev\proj4dart-2.1.0\lib\src\projections\gstmerc.dart,C:\Users\Dobgima Joshua\AppData\Local\Pub\Cache\hosted\pub.dev\proj4dart-2.1.0\lib\src\projections\krovak.dart,C:\Users\Dobgima Joshua\AppData\Local\Pub\Cache\hosted\pub.dev\proj4dart-2.1.0\lib\src\projections\laea.dart,C:\Users\Dobgima Joshua\AppData\Local\Pub\Cache\hosted\pub.dev\proj4dart-2.1.0\lib\src\projections\lcc.dart,C:\Users\Dobgima Joshua\AppData\Local\Pub\Cache\hosted\pub.dev\proj4dart-2.1.0\lib\src\projections\longlat.dart,C:\Users\Dobgima Joshua\AppData\Local\Pub\Cache\hosted\pub.dev\proj4dart-2.1.0\lib\src\projections\merc.dart,C:\Users\Dobgima Joshua\AppData\Local\Pub\Cache\hosted\pub.dev\proj4dart-2.1.0\lib\src\projections\mill.dart,C:\Users\Dobgima Joshua\AppData\Local\Pub\Cache\hosted\pub.dev\proj4dart-2.1.0\lib\src\projections\moll.dart,C:\Users\Dobgima Joshua\AppData\Local\Pub\Cache\hosted\pub.dev\proj4dart-2.1.0\lib\src\projections\nzmg.dart,C:\Users\Dobgima Joshua\AppData\Local\Pub\Cache\hosted\pub.dev\proj4dart-2.1.0\lib\src\projections\omerc.dart,C:\Users\Dobgima Joshua\AppData\Local\Pub\Cache\hosted\pub.dev\proj4dart-2.1.0\lib\src\projections\ortho.dart,C:\Users\Dobgima Joshua\AppData\Local\Pub\Cache\hosted\pub.dev\proj4dart-2.1.0\lib\src\projections\poly.dart,C:\Users\Dobgima Joshua\AppData\Local\Pub\Cache\hosted\pub.dev\proj4dart-2.1.0\lib\src\projections\qsc.dart,C:\Users\Dobgima Joshua\AppData\Local\Pub\Cache\hosted\pub.dev\proj4dart-2.1.0\lib\src\projections\robin.dart,C:\Users\Dobgima Joshua\AppData\Local\Pub\Cache\hosted\pub.dev\proj4dart-2.1.0\lib\src\projections\sinu.dart,C:\Users\Dobgima Joshua\AppData\Local\Pub\Cache\hosted\pub.dev\proj4dart-2.1.0\lib\src\projections\somerc.dart,C:\Users\Dobgima Joshua\AppData\Local\Pub\Cache\hosted\pub.dev\proj4dart-2.1.0\lib\src\projections\stere.dart,C:\Users\Dobgima Joshua\AppData\Local\Pub\Cache\hosted\pub.dev\proj4dart-2.1.0\lib\src\projections\sterea.dart,C:\Users\Dobgima Joshua\AppData\Local\Pub\Cache\hosted\pub.dev\proj4dart-2.1.0\lib\src\projections\tmerc.dart,C:\Users\Dobgima Joshua\AppData\Local\Pub\Cache\hosted\pub.dev\proj4dart-2.1.0\lib\src\projections\utm.dart,C:\Users\Dobgima Joshua\AppData\Local\Pub\Cache\hosted\pub.dev\proj4dart-2.1.0\lib\src\projections\vandg.dart,C:\Users\Dobgima Joshua\AppData\Local\Pub\Cache\hosted\pub.dev\wkt_parser-2.0.0\lib\src\clean_wkt.dart,C:\Users\Dobgima Joshua\AppData\Local\Pub\Cache\hosted\pub.dev\wkt_parser-2.0.0\lib\src\parser.dart,C:\Users\Dobgima Joshua\AppData\Local\Pub\Cache\hosted\pub.dev\wkt_parser-2.0.0\lib\src\process.dart,C:\Users\Dobgima Joshua\AppData\Local\Pub\Cache\hosted\pub.dev\wkt_parser-2.0.0\lib\src\proj_wkt.dart,C:\Users\Dobgima Joshua\AppData\Local\Pub\Cache\hosted\pub.dev\flutter_cache_manager-3.4.1\lib\src\storage\cache_info_repositories\helper_methods.dart,C:\Users\Dobgima Joshua\AppData\Local\Pub\Cache\hosted\pub.dev\path_provider-2.1.5\lib\path_provider.dart,C:\Users\Dobgima Joshua\AppData\Local\Pub\Cache\hosted\pub.dev\sqflite-2.4.2\lib\sqflite.dart,C:\Users\Dobgima Joshua\AppData\Local\Pub\Cache\hosted\pub.dev\file-7.0.1\lib\memory.dart,C:\Users\Dobgima Joshua\AppData\Local\Pub\Cache\hosted\pub.dev\octo_image-2.1.0\lib\src\image\image_handler.dart,C:\Users\Dobgima Joshua\AppData\Local\Pub\Cache\hosted\pub.dev\html-0.15.6\lib\dom_parsing.dart,C:\Users\Dobgima Joshua\AppData\Local\Pub\Cache\hosted\pub.dev\html-0.15.6\lib\src\constants.dart,C:\Users\Dobgima Joshua\AppData\Local\Pub\Cache\hosted\pub.dev\html-0.15.6\lib\src\css_class_set.dart,C:\Users\Dobgima Joshua\AppData\Local\Pub\Cache\hosted\pub.dev\html-0.15.6\lib\src\list_proxy.dart,C:\Users\Dobgima Joshua\AppData\Local\Pub\Cache\hosted\pub.dev\html-0.15.6\lib\src\query_selector.dart,C:\Users\Dobgima Joshua\AppData\Local\Pub\Cache\hosted\pub.dev\html-0.15.6\lib\src\token.dart,C:\Users\Dobgima Joshua\AppData\Local\Pub\Cache\hosted\pub.dev\html-0.15.6\lib\src\tokenizer.dart,C:\Users\Dobgima Joshua\AppData\Local\Pub\Cache\hosted\pub.dev\html-0.15.6\lib\src\encoding_parser.dart,C:\Users\Dobgima Joshua\AppData\Local\Pub\Cache\hosted\pub.dev\html-0.15.6\lib\src\treebuilder.dart,C:\Users\Dobgima Joshua\AppData\Local\Pub\Cache\hosted\pub.dev\html-0.15.6\lib\src\utils.dart,C:\Users\Dobgima Joshua\AppData\Local\Pub\Cache\hosted\pub.dev\punycoder-0.2.2\lib\punycoder.dart,C:\Users\Dobgima Joshua\AppData\Local\Pub\Cache\hosted\pub.dev\unorm_dart-0.3.2\lib\unorm_dart.dart,C:\Users\Dobgima Joshua\AppData\Local\Pub\Cache\hosted\pub.dev\mailer-7.1.0\lib\src\mime\mime.dart,C:\Users\Dobgima Joshua\AppData\Local\Pub\Cache\hosted\pub.dev\mailer-7.1.0\lib\src\utils.dart,C:\Users\Dobgima Joshua\AppData\Local\Pub\Cache\hosted\pub.dev\mailer-7.1.0\lib\src\smtp\capabilities.dart,C:\Users\Dobgima Joshua\AppData\Local\Pub\Cache\hosted\pub.dev\mailer-7.1.0\lib\src\smtp\buffering_stream_transformer.dart,C:\Users\Dobgima Joshua\AppData\Local\Pub\Cache\hosted\pub.dev\cloud_functions_platform_interface-5.8.9\lib\src\method_channel\utils\exception.dart,C:\Users\Dobgima Joshua\AppData\Local\Pub\Cache\hosted\pub.dev\petitparser-7.0.2\lib\src\core\context.dart,C:\Users\Dobgima Joshua\AppData\Local\Pub\Cache\hosted\pub.dev\petitparser-7.0.2\lib\src\core\exception.dart,C:\Users\Dobgima Joshua\AppData\Local\Pub\Cache\hosted\pub.dev\petitparser-7.0.2\lib\src\core\parser.dart,C:\Users\Dobgima Joshua\AppData\Local\Pub\Cache\hosted\pub.dev\petitparser-7.0.2\lib\src\core\result.dart,C:\Users\Dobgima Joshua\AppData\Local\Pub\Cache\hosted\pub.dev\petitparser-7.0.2\lib\src\core\token.dart,C:\Users\Dobgima Joshua\AppData\Local\Pub\Cache\hosted\pub.dev\xml-6.6.1\lib\src\xml_events\event.dart,C:\Users\Dobgima Joshua\AppData\Local\Pub\Cache\hosted\pub.dev\xml-6.6.1\lib\src\xml_events\iterable.dart,C:\Users\Dobgima Joshua\AppData\Local\Pub\Cache\hosted\pub.dev\xml-6.6.1\lib\src\xml_events\codec\event_codec.dart,C:\Users\Dobgima Joshua\AppData\Local\Pub\Cache\hosted\pub.dev\xml-6.6.1\lib\src\xml_events\codec\node_codec.dart,C:\Users\Dobgima Joshua\AppData\Local\Pub\Cache\hosted\pub.dev\xml-6.6.1\lib\src\xml_events\converters\event_decoder.dart,C:\Users\Dobgima Joshua\AppData\Local\Pub\Cache\hosted\pub.dev\xml-6.6.1\lib\src\xml_events\converters\event_encoder.dart,C:\Users\Dobgima Joshua\AppData\Local\Pub\Cache\hosted\pub.dev\xml-6.6.1\lib\src\xml_events\converters\node_decoder.dart,C:\Users\Dobgima Joshua\AppData\Local\Pub\Cache\hosted\pub.dev\xml-6.6.1\lib\src\xml_events\converters\node_encoder.dart,C:\Users\Dobgima Joshua\AppData\Local\Pub\Cache\hosted\pub.dev\xml-6.6.1\lib\src\xml_events\events\cdata.dart,C:\Users\Dobgima Joshua\AppData\Local\Pub\Cache\hosted\pub.dev\xml-6.6.1\lib\src\xml_events\events\comment.dart,C:\Users\Dobgima Joshua\AppData\Local\Pub\Cache\hosted\pub.dev\xml-6.6.1\lib\src\xml_events\events\declaration.dart,C:\Users\Dobgima Joshua\AppData\Local\Pub\Cache\hosted\pub.dev\xml-6.6.1\lib\src\xml_events\events\doctype.dart,C:\Users\Dobgima Joshua\AppData\Local\Pub\Cache\hosted\pub.dev\xml-6.6.1\lib\src\xml_events\events\end_element.dart,C:\Users\Dobgima Joshua\AppData\Local\Pub\Cache\hosted\pub.dev\xml-6.6.1\lib\src\xml_events\events\processing.dart,C:\Users\Dobgima Joshua\AppData\Local\Pub\Cache\hosted\pub.dev\xml-6.6.1\lib\src\xml_events\events\start_element.dart,C:\Users\Dobgima Joshua\AppData\Local\Pub\Cache\hosted\pub.dev\xml-6.6.1\lib\src\xml_events\events\text.dart,C:\Users\Dobgima Joshua\AppData\Local\Pub\Cache\hosted\pub.dev\xml-6.6.1\lib\src\xml_events\streams\each_event.dart,C:\Users\Dobgima Joshua\AppData\Local\Pub\Cache\hosted\pub.dev\xml-6.6.1\lib\src\xml_events\streams\flatten.dart,C:\Users\Dobgima Joshua\AppData\Local\Pub\Cache\hosted\pub.dev\xml-6.6.1\lib\src\xml_events\streams\normalizer.dart,C:\Users\Dobgima Joshua\AppData\Local\Pub\Cache\hosted\pub.dev\xml-6.6.1\lib\src\xml_events\streams\subtree_selector.dart,C:\Users\Dobgima Joshua\AppData\Local\Pub\Cache\hosted\pub.dev\xml-6.6.1\lib\src\xml_events\streams\with_parent.dart,C:\Users\Dobgima Joshua\AppData\Local\Pub\Cache\hosted\pub.dev\xml-6.6.1\lib\src\xml_events\utils\event_attribute.dart,C:\Users\Dobgima Joshua\AppData\Local\Pub\Cache\hosted\pub.dev\xml-6.6.1\lib\src\xml_events\visitor.dart,C:\Users\Dobgima Joshua\AppData\Local\Pub\Cache\hosted\pub.dev\convert-3.1.2\lib\src\hex\decoder.dart,C:\Users\Dobgima Joshua\AppData\Local\Pub\Cache\hosted\pub.dev\convert-3.1.2\lib\src\hex\encoder.dart,C:\Users\Dobgima Joshua\AppData\Local\Pub\Cache\hosted\pub.dev\convert-3.1.2\lib\src\percent\decoder.dart,C:\Users\Dobgima Joshua\AppData\Local\Pub\Cache\hosted\pub.dev\convert-3.1.2\lib\src\percent\encoder.dart,C:\Users\Dobgima Joshua\AppData\Local\Pub\Cache\hosted\pub.dev\adaptive_number-1.0.0\lib\src\number.dart,C:\Users\Dobgima Joshua\AppData\Local\Pub\Cache\hosted\pub.dev\pointycastle-4.0.0\lib\src\registry\registration.dart,C:\Users\Dobgima Joshua\AppData\Local\Pub\Cache\hosted\pub.dev\pointycastle-4.0.0\lib\ecc\ecdh.dart,C:\Users\Dobgima Joshua\AppData\Local\Pub\Cache\hosted\pub.dev\pointycastle-4.0.0\lib\asn1\unsupported_object_identifier_exception.dart,C:\Users\Dobgima Joshua\AppData\Local\Pub\Cache\hosted\pub.dev\pointycastle-4.0.0\lib\src\impl\entropy.dart,C:\Users\Dobgima Joshua\AppData\Local\Pub\Cache\hosted\pub.dev\pointycastle-4.0.0\lib\src\platform_check\native.dart,C:\Users\Dobgima Joshua\AppData\Local\Pub\Cache\hosted\pub.dev\web_socket-1.0.1\lib\src\utils.dart,C:\Users\Dobgima Joshua\AppData\Local\Pub\Cache\hosted\pub.dev\term_glyph-1.2.2\lib\src\generated\ascii_glyph_set.dart,C:\Users\Dobgima Joshua\AppData\Local\Pub\Cache\hosted\pub.dev\term_glyph-1.2.2\lib\src\generated\glyph_set.dart,C:\Users\Dobgima Joshua\AppData\Local\Pub\Cache\hosted\pub.dev\term_glyph-1.2.2\lib\src\generated\unicode_glyph_set.dart,C:\Users\Dobgima Joshua\AppData\Local\Pub\Cache\hosted\pub.dev\term_glyph-1.2.2\lib\src\generated\top_level.dart,C:\Users\Dobgima Joshua\AppData\Local\Pub\Cache\hosted\pub.dev\source_span-1.10.2\lib\src\charcode.dart,C:\Users\Dobgima Joshua\AppData\Local\Pub\Cache\hosted\pub.dev\source_span-1.10.2\lib\src\colors.dart,C:\Users\Dobgima Joshua\AppData\Local\Pub\Cache\hosted\pub.dev\unicode-0.3.1\lib\unicode.dart,C:\Users\Dobgima Joshua\AppData\Local\Pub\Cache\hosted\pub.dev\proj4dart-2.1.0\lib\src\constants\ellipsoids.dart,C:\Users\Dobgima Joshua\AppData\Local\Pub\Cache\hosted\pub.dev\proj4dart-2.1.0\lib\src\classes\constant_datum.dart,C:\Users\Dobgima Joshua\AppData\Local\Pub\Cache\hosted\pub.dev\proj4dart-2.1.0\lib\src\classes\unit.dart,C:\Users\Dobgima Joshua\AppData\Local\Pub\Cache\hosted\pub.dev\proj4dart-2.1.0\lib\src\constants\areas.dart,C:\Users\Dobgima Joshua\AppData\Local\Pub\Cache\hosted\pub.dev\proj4dart-2.1.0\lib\src\constants\faces.dart,C:\Users\Dobgima Joshua\AppData\Local\Pub\Cache\hosted\pub.dev\sqflite-2.4.2\lib\src\compat.dart,C:\Users\Dobgima Joshua\AppData\Local\Pub\Cache\hosted\pub.dev\sqflite-2.4.2\lib\src\constant.dart,C:\Users\Dobgima Joshua\AppData\Local\Pub\Cache\hosted\pub.dev\sqflite-2.4.2\lib\src\sqflite_android.dart,C:\Users\Dobgima Joshua\AppData\Local\Pub\Cache\hosted\pub.dev\sqflite-2.4.2\lib\src\sqflite_impl.dart,C:\Users\Dobgima Joshua\AppData\Local\Pub\Cache\hosted\pub.dev\sqflite-2.4.2\lib\src\utils.dart,C:\Users\Dobgima Joshua\AppData\Local\Pub\Cache\hosted\pub.dev\sqflite-2.4.2\lib\utils\utils.dart,C:\Users\Dobgima Joshua\AppData\Local\Pub\Cache\hosted\pub.dev\sqflite-2.4.2\lib\sqlite_api.dart,C:\Users\Dobgima Joshua\AppData\Local\Pub\Cache\hosted\pub.dev\sqflite-2.4.2\lib\sql.dart,C:\Users\Dobgima Joshua\AppData\Local\Pub\Cache\hosted\pub.dev\sqflite-2.4.2\lib\src\factory_impl.dart,C:\Users\Dobgima Joshua\AppData\Local\Pub\Cache\hosted\pub.dev\sqflite-2.4.2\lib\src\sqflite_darwin.dart,C:\Users\Dobgima Joshua\AppData\Local\Pub\Cache\hosted\pub.dev\sqflite-2.4.2\lib\src\sqflite_plugin.dart,C:\Users\Dobgima Joshua\AppData\Local\Pub\Cache\hosted\pub.dev\file-7.0.1\lib\src\backends\memory.dart,C:\Users\Dobgima Joshua\AppData\Local\Pub\Cache\hosted\pub.dev\file-7.0.1\lib\src\backends\memory\operations.dart,C:\Users\Dobgima Joshua\AppData\Local\Pub\Cache\hosted\pub.dev\octo_image-2.1.0\lib\src\image\fade_widget.dart,C:\Users\Dobgima Joshua\AppData\Local\Pub\Cache\hosted\pub.dev\html-0.15.6\lib\html_escape.dart,C:\Users\Dobgima Joshua\AppData\Local\Pub\Cache\hosted\pub.dev\csslib-1.0.2\lib\parser.dart,C:\Users\Dobgima Joshua\AppData\Local\Pub\Cache\hosted\pub.dev\csslib-1.0.2\lib\visitor.dart,C:\Users\Dobgima Joshua\AppData\Local\Pub\Cache\hosted\pub.dev\html-0.15.6\lib\src\html_input_stream.dart,C:\Users\Dobgima Joshua\AppData\Local\Pub\Cache\hosted\pub.dev\html-0.15.6\lib\src\trie.dart,C:\Users\Dobgima Joshua\AppData\Local\Pub\Cache\hosted\pub.dev\punycoder-0.2.2\lib\src\codec.dart,C:\Users\Dobgima Joshua\AppData\Local\Pub\Cache\hosted\pub.dev\unorm_dart-0.3.2\lib\src\unorm_dart_base.dart,C:\Users\Dobgima Joshua\AppData\Local\Pub\Cache\hosted\pub.dev\mailer-7.1.0\lib\src\mime\encoder.dart,C:\Users\Dobgima Joshua\AppData\Local\Pub\Cache\hosted\pub.dev\mailer-7.1.0\lib\src\mime\stream_splitter.dart,C:\Users\Dobgima Joshua\AppData\Local\Pub\Cache\hosted\pub.dev\mailer-7.1.0\lib\src\mime\mime_header.dart,C:\Users\Dobgima Joshua\AppData\Local\Pub\Cache\hosted\pub.dev\mailer-7.1.0\lib\src\mime\mime_message.dart,C:\Users\Dobgima Joshua\AppData\Local\Pub\Cache\hosted\pub.dev\mailer-7.1.0\lib\src\mime\mime_part.dart,C:\Users\Dobgima Joshua\AppData\Local\Pub\Cache\hosted\pub.dev\petitparser-7.0.2\lib\src\shared\pragma.dart,C:\Users\Dobgima Joshua\AppData\Local\Pub\Cache\hosted\pub.dev\petitparser-7.0.2\lib\src\matcher\matches.dart,C:\Users\Dobgima Joshua\AppData\Local\Pub\Cache\hosted\pub.dev\petitparser-7.0.2\lib\src\parser\action\token.dart,C:\Users\Dobgima Joshua\AppData\Local\Pub\Cache\hosted\pub.dev\petitparser-7.0.2\lib\src\parser\misc\newline.dart,C:\Users\Dobgima Joshua\AppData\Local\Pub\Cache\hosted\pub.dev\xml-6.6.1\lib\src\xml_events\annotations\has_buffer.dart,C:\Users\Dobgima Joshua\AppData\Local\Pub\Cache\hosted\pub.dev\xml-6.6.1\lib\src\xml_events\annotations\has_location.dart,C:\Users\Dobgima Joshua\AppData\Local\Pub\Cache\hosted\pub.dev\xml-6.6.1\lib\src\xml_events\annotations\has_parent.dart,C:\Users\Dobgima Joshua\AppData\Local\Pub\Cache\hosted\pub.dev\xml-6.6.1\lib\src\xml_events\annotations\annotator.dart,C:\Users\Dobgima Joshua\AppData\Local\Pub\Cache\hosted\pub.dev\xml-6.6.1\lib\src\xml_events\iterator.dart,C:\Users\Dobgima Joshua\AppData\Local\Pub\Cache\hosted\pub.dev\petitparser-7.0.2\lib\petitparser.dart,C:\Users\Dobgima Joshua\AppData\Local\Pub\Cache\hosted\pub.dev\xml-6.6.1\lib\src\xml_events\parser.dart,C:\Users\Dobgima Joshua\AppData\Local\Pub\Cache\hosted\pub.dev\xml-6.6.1\lib\src\xml_events\utils\conversion_sink.dart,C:\Users\Dobgima Joshua\AppData\Local\Pub\Cache\hosted\pub.dev\xml-6.6.1\lib\src\xml_events\utils\list_converter.dart,C:\Users\Dobgima Joshua\AppData\Local\Pub\Cache\hosted\pub.dev\xml-6.6.1\lib\src\xml_events\utils\named.dart,C:\Users\Dobgima Joshua\AppData\Local\Pub\Cache\hosted\pub.dev\convert-3.1.2\lib\src\utils.dart,C:\Users\Dobgima Joshua\AppData\Local\Pub\Cache\hosted\pub.dev\convert-3.1.2\lib\src\charcodes.dart,C:\Users\Dobgima Joshua\AppData\Local\Pub\Cache\hosted\pub.dev\adaptive_number-1.0.0\lib\src\int.dart,C:\Users\Dobgima Joshua\AppData\Local\Pub\Cache\hosted\pub.dev\pointycastle-4.0.0\lib\export.dart,C:\Users\Dobgima Joshua\AppData\Local\Pub\Cache\hosted\pub.dev\pointycastle-4.0.0\lib\key_derivators\concat_kdf.dart,C:\Users\Dobgima Joshua\AppData\Local\Pub\Cache\hosted\pub.dev\pointycastle-4.0.0\lib\key_derivators\ecdh_kdf.dart,C:\Users\Dobgima Joshua\AppData\Local\Pub\Cache\hosted\pub.dev\lists-1.0.1\lib\lists.dart,C:\Users\Dobgima Joshua\AppData\Local\Pub\Cache\hosted\pub.dev\proj4dart-2.1.0\lib\src\classes\ellipsoid.dart,C:\Users\Dobgima Joshua\AppData\Local\Pub\Cache\hosted\pub.dev\sqflite-2.4.2\lib\src\sqflite_import.dart,C:\Users\Dobgima Joshua\AppData\Local\Pub\Cache\hosted\pub.dev\sqflite-2.4.2\lib\src\services_impl.dart,C:\Users\Dobgima Joshua\AppData\Local\Pub\Cache\hosted\pub.dev\sqflite-2.4.2\lib\src\sql_builder.dart,C:\Users\Dobgima Joshua\AppData\Local\Pub\Cache\hosted\pub.dev\sqflite-2.4.2\lib\src\exception_impl.dart,C:\Users\Dobgima Joshua\AppData\Local\Pub\Cache\hosted\pub.dev\sqflite-2.4.2\lib\src\dev_utils.dart,C:\Users\Dobgima Joshua\AppData\Local\Pub\Cache\hosted\pub.dev\file-7.0.1\lib\src\backends\memory\memory_file_system.dart,C:\Users\Dobgima Joshua\AppData\Local\Pub\Cache\hosted\pub.dev\file-7.0.1\lib\src\backends\memory\style.dart,C:\Users\Dobgima Joshua\AppData\Local\Pub\Cache\hosted\pub.dev\csslib-1.0.2\lib\src\messages.dart,C:\Users\Dobgima Joshua\AppData\Local\Pub\Cache\hosted\pub.dev\csslib-1.0.2\lib\src\preprocessor_options.dart,C:\Users\Dobgima Joshua\AppData\Local\Pub\Cache\hosted\pub.dev\csslib-1.0.2\lib\src\analyzer.dart,C:\Users\Dobgima Joshua\AppData\Local\Pub\Cache\hosted\pub.dev\csslib-1.0.2\lib\src\polyfill.dart,C:\Users\Dobgima Joshua\AppData\Local\Pub\Cache\hosted\pub.dev\csslib-1.0.2\lib\src\property.dart,C:\Users\Dobgima Joshua\AppData\Local\Pub\Cache\hosted\pub.dev\csslib-1.0.2\lib\src\token.dart,C:\Users\Dobgima Joshua\AppData\Local\Pub\Cache\hosted\pub.dev\csslib-1.0.2\lib\src\token_kind.dart,C:\Users\Dobgima Joshua\AppData\Local\Pub\Cache\hosted\pub.dev\csslib-1.0.2\lib\src\tokenizer.dart,C:\Users\Dobgima Joshua\AppData\Local\Pub\Cache\hosted\pub.dev\csslib-1.0.2\lib\src\tokenizer_base.dart,C:\Users\Dobgima Joshua\AppData\Local\Pub\Cache\hosted\pub.dev\csslib-1.0.2\lib\src\css_printer.dart,C:\Users\Dobgima Joshua\AppData\Local\Pub\Cache\hosted\pub.dev\csslib-1.0.2\lib\src\tree.dart,C:\Users\Dobgima Joshua\AppData\Local\Pub\Cache\hosted\pub.dev\csslib-1.0.2\lib\src\tree_base.dart,C:\Users\Dobgima Joshua\AppData\Local\Pub\Cache\hosted\pub.dev\csslib-1.0.2\lib\src\tree_printer.dart,C:\Users\Dobgima Joshua\AppData\Local\Pub\Cache\hosted\pub.dev\punycoder-0.2.2\lib\src\decoder.dart,C:\Users\Dobgima Joshua\AppData\Local\Pub\Cache\hosted\pub.dev\punycoder-0.2.2\lib\src\encoder.dart,C:\Users\Dobgima Joshua\AppData\Local\Pub\Cache\hosted\pub.dev\unorm_dart-0.3.2\lib\src\composite_iterator.dart,C:\Users\Dobgima Joshua\AppData\Local\Pub\Cache\hosted\pub.dev\unorm_dart-0.3.2\lib\src\decomposite_iterator.dart,C:\Users\Dobgima Joshua\AppData\Local\Pub\Cache\hosted\pub.dev\unorm_dart-0.3.2\lib\src\iterator.dart,C:\Users\Dobgima Joshua\AppData\Local\Pub\Cache\hosted\pub.dev\unorm_dart-0.3.2\lib\src\recursive_decomposite_iterator.dart,C:\Users\Dobgima Joshua\AppData\Local\Pub\Cache\hosted\pub.dev\unorm_dart-0.3.2\lib\src\uchar.dart,C:\Users\Dobgima Joshua\AppData\Local\Pub\Cache\hosted\pub.dev\unorm_dart-0.3.2\lib\src\uchar_iterator.dart,C:\Users\Dobgima Joshua\AppData\Local\Pub\Cache\hosted\pub.dev\petitparser-7.0.2\lib\src\matcher\matches\matches_iterable.dart,C:\Users\Dobgima Joshua\AppData\Local\Pub\Cache\hosted\pub.dev\petitparser-7.0.2\lib\src\parser\combinator\delegate.dart,C:\Users\Dobgima Joshua\AppData\Local\Pub\Cache\hosted\pub.dev\petitparser-7.0.2\lib\definition.dart,C:\Users\Dobgima Joshua\AppData\Local\Pub\Cache\hosted\pub.dev\petitparser-7.0.2\lib\expression.dart,C:\Users\Dobgima Joshua\AppData\Local\Pub\Cache\hosted\pub.dev\petitparser-7.0.2\lib\matcher.dart,C:\Users\Dobgima Joshua\AppData\Local\Pub\Cache\hosted\pub.dev\petitparser-7.0.2\lib\parser.dart,C:\Users\Dobgima Joshua\AppData\Local\Pub\Cache\hosted\pub.dev\xml-6.6.1\lib\src\xml\utils\cache.dart,C:\Users\Dobgima Joshua\AppData\Local\Pub\Cache\hosted\pub.dev\xml-6.6.1\lib\src\xml\utils\character_data_parser.dart,C:\Users\Dobgima Joshua\AppData\Local\Pub\Cache\hosted\pub.dev\pointycastle-4.0.0\lib\adapters\stream_cipher_as_block_cipher.dart,C:\Users\Dobgima Joshua\AppData\Local\Pub\Cache\hosted\pub.dev\pointycastle-4.0.0\lib\asymmetric\pkcs1.dart,C:\Users\Dobgima Joshua\AppData\Local\Pub\Cache\hosted\pub.dev\pointycastle-4.0.0\lib\asymmetric\rsa.dart,C:\Users\Dobgima Joshua\AppData\Local\Pub\Cache\hosted\pub.dev\pointycastle-4.0.0\lib\asymmetric\oaep.dart,C:\Users\Dobgima Joshua\AppData\Local\Pub\Cache\hosted\pub.dev\pointycastle-4.0.0\lib\block\aes_fast.dart,C:\Users\Dobgima Joshua\AppData\Local\Pub\Cache\hosted\pub.dev\pointycastle-4.0.0\lib\block\aes.dart,C:\Users\Dobgima Joshua\AppData\Local\Pub\Cache\hosted\pub.dev\pointycastle-4.0.0\lib\block\desede_engine.dart,C:\Users\Dobgima Joshua\AppData\Local\Pub\Cache\hosted\pub.dev\pointycastle-4.0.0\lib\block\rc2_engine.dart,C:\Users\Dobgima Joshua\AppData\Local\Pub\Cache\hosted\pub.dev\pointycastle-4.0.0\lib\block\blowfish.dart,C:\Users\Dobgima Joshua\AppData\Local\Pub\Cache\hosted\pub.dev\pointycastle-4.0.0\lib\block\camellia.dart,C:\Users\Dobgima Joshua\AppData\Local\Pub\Cache\hosted\pub.dev\pointycastle-4.0.0\lib\block\twofish.dart,C:\Users\Dobgima Joshua\AppData\Local\Pub\Cache\hosted\pub.dev\pointycastle-4.0.0\lib\block\modes\cbc.dart,C:\Users\Dobgima Joshua\AppData\Local\Pub\Cache\hosted\pub.dev\pointycastle-4.0.0\lib\block\modes\cfb.dart,C:\Users\Dobgima Joshua\AppData\Local\Pub\Cache\hosted\pub.dev\pointycastle-4.0.0\lib\block\modes\ctr.dart,C:\Users\Dobgima Joshua\AppData\Local\Pub\Cache\hosted\pub.dev\pointycastle-4.0.0\lib\block\modes\ecb.dart,C:\Users\Dobgima Joshua\AppData\Local\Pub\Cache\hosted\pub.dev\pointycastle-4.0.0\lib\block\modes\gctr.dart,C:\Users\Dobgima Joshua\AppData\Local\Pub\Cache\hosted\pub.dev\pointycastle-4.0.0\lib\block\modes\ofb.dart,C:\Users\Dobgima Joshua\AppData\Local\Pub\Cache\hosted\pub.dev\pointycastle-4.0.0\lib\block\modes\gcm.dart,C:\Users\Dobgima Joshua\AppData\Local\Pub\Cache\hosted\pub.dev\pointycastle-4.0.0\lib\block\modes\ccm.dart,C:\Users\Dobgima Joshua\AppData\Local\Pub\Cache\hosted\pub.dev\pointycastle-4.0.0\lib\block\modes\sic.dart,C:\Users\Dobgima Joshua\AppData\Local\Pub\Cache\hosted\pub.dev\pointycastle-4.0.0\lib\block\modes\ige.dart,C:\Users\Dobgima Joshua\AppData\Local\Pub\Cache\hosted\pub.dev\pointycastle-4.0.0\lib\digests\blake2b.dart,C:\Users\Dobgima Joshua\AppData\Local\Pub\Cache\hosted\pub.dev\pointycastle-4.0.0\lib\digests\keccak.dart,C:\Users\Dobgima Joshua\AppData\Local\Pub\Cache\hosted\pub.dev\pointycastle-4.0.0\lib\digests\sha3.dart,C:\Users\Dobgima Joshua\AppData\Local\Pub\Cache\hosted\pub.dev\pointycastle-4.0.0\lib\digests\shake.dart,C:\Users\Dobgima Joshua\AppData\Local\Pub\Cache\hosted\pub.dev\pointycastle-4.0.0\lib\digests\cshake.dart,C:\Users\Dobgima Joshua\AppData\Local\Pub\Cache\hosted\pub.dev\pointycastle-4.0.0\lib\digests\md2.dart,C:\Users\Dobgima Joshua\AppData\Local\Pub\Cache\hosted\pub.dev\pointycastle-4.0.0\lib\digests\md4.dart,C:\Users\Dobgima Joshua\AppData\Local\Pub\Cache\hosted\pub.dev\pointycastle-4.0.0\lib\digests\md5.dart,C:\Users\Dobgima Joshua\AppData\Local\Pub\Cache\hosted\pub.dev\pointycastle-4.0.0\lib\digests\ripemd128.dart,C:\Users\Dobgima Joshua\AppData\Local\Pub\Cache\hosted\pub.dev\pointycastle-4.0.0\lib\digests\ripemd160.dart,C:\Users\Dobgima Joshua\AppData\Local\Pub\Cache\hosted\pub.dev\pointycastle-4.0.0\lib\digests\ripemd256.dart,C:\Users\Dobgima Joshua\AppData\Local\Pub\Cache\hosted\pub.dev\pointycastle-4.0.0\lib\digests\ripemd320.dart,C:\Users\Dobgima Joshua\AppData\Local\Pub\Cache\hosted\pub.dev\pointycastle-4.0.0\lib\digests\sha1.dart,C:\Users\Dobgima Joshua\AppData\Local\Pub\Cache\hosted\pub.dev\pointycastle-4.0.0\lib\digests\sha224.dart,C:\Users\Dobgima Joshua\AppData\Local\Pub\Cache\hosted\pub.dev\pointycastle-4.0.0\lib\digests\sha256.dart,C:\Users\Dobgima Joshua\AppData\Local\Pub\Cache\hosted\pub.dev\pointycastle-4.0.0\lib\digests\sha384.dart,C:\Users\Dobgima Joshua\AppData\Local\Pub\Cache\hosted\pub.dev\pointycastle-4.0.0\lib\digests\sha512.dart,C:\Users\Dobgima Joshua\AppData\Local\Pub\Cache\hosted\pub.dev\pointycastle-4.0.0\lib\digests\sha512t.dart,C:\Users\Dobgima Joshua\AppData\Local\Pub\Cache\hosted\pub.dev\pointycastle-4.0.0\lib\digests\tiger.dart,C:\Users\Dobgima Joshua\AppData\Local\Pub\Cache\hosted\pub.dev\pointycastle-4.0.0\lib\digests\whirlpool.dart,C:\Users\Dobgima Joshua\AppData\Local\Pub\Cache\hosted\pub.dev\pointycastle-4.0.0\lib\digests\sm3.dart,C:\Users\Dobgima Joshua\AppData\Local\Pub\Cache\hosted\pub.dev\pointycastle-4.0.0\lib\key_derivators\hkdf.dart,C:\Users\Dobgima Joshua\AppData\Local\Pub\Cache\hosted\pub.dev\pointycastle-4.0.0\lib\key_derivators\pbkdf2.dart,C:\Users\Dobgima Joshua\AppData\Local\Pub\Cache\hosted\pub.dev\pointycastle-4.0.0\lib\key_derivators\scrypt.dart,C:\Users\Dobgima Joshua\AppData\Local\Pub\Cache\hosted\pub.dev\pointycastle-4.0.0\lib\key_derivators\argon2.dart,C:\Users\Dobgima Joshua\AppData\Local\Pub\Cache\hosted\pub.dev\pointycastle-4.0.0\lib\key_derivators\pkcs12_parameter_generator.dart,C:\Users\Dobgima Joshua\AppData\Local\Pub\Cache\hosted\pub.dev\pointycastle-4.0.0\lib\key_derivators\pkcs5s1_parameter_generator.dart,C:\Users\Dobgima Joshua\AppData\Local\Pub\Cache\hosted\pub.dev\pointycastle-4.0.0\lib\key_generators\ec_key_generator.dart,C:\Users\Dobgima Joshua\AppData\Local\Pub\Cache\hosted\pub.dev\pointycastle-4.0.0\lib\key_generators\rsa_key_generator.dart,C:\Users\Dobgima Joshua\AppData\Local\Pub\Cache\hosted\pub.dev\pointycastle-4.0.0\lib\macs\hmac.dart,C:\Users\Dobgima Joshua\AppData\Local\Pub\Cache\hosted\pub.dev\pointycastle-4.0.0\lib\macs\cmac.dart,C:\Users\Dobgima Joshua\AppData\Local\Pub\Cache\hosted\pub.dev\pointycastle-4.0.0\lib\macs\poly1305.dart,C:\Users\Dobgima Joshua\AppData\Local\Pub\Cache\hosted\pub.dev\pointycastle-4.0.0\lib\macs\cbc_block_cipher_mac.dart,C:\Users\Dobgima Joshua\AppData\Local\Pub\Cache\hosted\pub.dev\pointycastle-4.0.0\lib\padded_block_cipher\padded_block_cipher_impl.dart,C:\Users\Dobgima Joshua\AppData\Local\Pub\Cache\hosted\pub.dev\pointycastle-4.0.0\lib\paddings\pkcs7.dart,C:\Users\Dobgima Joshua\AppData\Local\Pub\Cache\hosted\pub.dev\pointycastle-4.0.0\lib\paddings\iso7816d4.dart,C:\Users\Dobgima Joshua\AppData\Local\Pub\Cache\hosted\pub.dev\pointycastle-4.0.0\lib\random\auto_seed_block_ctr_random.dart,C:\Users\Dobgima Joshua\AppData\Local\Pub\Cache\hosted\pub.dev\pointycastle-4.0.0\lib\random\block_ctr_random.dart,C:\Users\Dobgima Joshua\AppData\Local\Pub\Cache\hosted\pub.dev\pointycastle-4.0.0\lib\random\fortuna_random.dart,C:\Users\Dobgima Joshua\AppData\Local\Pub\Cache\hosted\pub.dev\pointycastle-4.0.0\lib\signers\ecdsa_signer.dart,C:\Users\Dobgima Joshua\AppData\Local\Pub\Cache\hosted\pub.dev\pointycastle-4.0.0\lib\signers\rsa_signer.dart,C:\Users\Dobgima Joshua\AppData\Local\Pub\Cache\hosted\pub.dev\pointycastle-4.0.0\lib\signers\pss_signer.dart,C:\Users\Dobgima Joshua\AppData\Local\Pub\Cache\hosted\pub.dev\pointycastle-4.0.0\lib\stream\ctr.dart,C:\Users\Dobgima Joshua\AppData\Local\Pub\Cache\hosted\pub.dev\pointycastle-4.0.0\lib\stream\salsa20.dart,C:\Users\Dobgima Joshua\AppData\Local\Pub\Cache\hosted\pub.dev\pointycastle-4.0.0\lib\stream\chacha20.dart,C:\Users\Dobgima Joshua\AppData\Local\Pub\Cache\hosted\pub.dev\pointycastle-4.0.0\lib\stream\chacha7539.dart,C:\Users\Dobgima Joshua\AppData\Local\Pub\Cache\hosted\pub.dev\pointycastle-4.0.0\lib\stream\chacha20poly1305.dart,C:\Users\Dobgima Joshua\AppData\Local\Pub\Cache\hosted\pub.dev\pointycastle-4.0.0\lib\stream\sic.dart,C:\Users\Dobgima Joshua\AppData\Local\Pub\Cache\hosted\pub.dev\pointycastle-4.0.0\lib\stream\eax.dart,C:\Users\Dobgima Joshua\AppData\Local\Pub\Cache\hosted\pub.dev\pointycastle-4.0.0\lib\stream\rc4_engine.dart,C:\Users\Dobgima Joshua\AppData\Local\Pub\Cache\hosted\pub.dev\pointycastle-4.0.0\lib\ecc\curves\brainpoolp160r1.dart,C:\Users\Dobgima Joshua\AppData\Local\Pub\Cache\hosted\pub.dev\pointycastle-4.0.0\lib\ecc\curves\brainpoolp160t1.dart,C:\Users\Dobgima Joshua\AppData\Local\Pub\Cache\hosted\pub.dev\pointycastle-4.0.0\lib\ecc\curves\brainpoolp192r1.dart,C:\Users\Dobgima Joshua\AppData\Local\Pub\Cache\hosted\pub.dev\pointycastle-4.0.0\lib\ecc\curves\brainpoolp192t1.dart,C:\Users\Dobgima Joshua\AppData\Local\Pub\Cache\hosted\pub.dev\pointycastle-4.0.0\lib\ecc\curves\brainpoolp224r1.dart,C:\Users\Dobgima Joshua\AppData\Local\Pub\Cache\hosted\pub.dev\pointycastle-4.0.0\lib\ecc\curves\brainpoolp224t1.dart,C:\Users\Dobgima Joshua\AppData\Local\Pub\Cache\hosted\pub.dev\pointycastle-4.0.0\lib\ecc\curves\brainpoolp256r1.dart,C:\Users\Dobgima Joshua\AppData\Local\Pub\Cache\hosted\pub.dev\pointycastle-4.0.0\lib\ecc\curves\brainpoolp256t1.dart,C:\Users\Dobgima Joshua\AppData\Local\Pub\Cache\hosted\pub.dev\pointycastle-4.0.0\lib\ecc\curves\brainpoolp320r1.dart,C:\Users\Dobgima Joshua\AppData\Local\Pub\Cache\hosted\pub.dev\pointycastle-4.0.0\lib\ecc\curves\brainpoolp320t1.dart,C:\Users\Dobgima Joshua\AppData\Local\Pub\Cache\hosted\pub.dev\pointycastle-4.0.0\lib\ecc\curves\brainpoolp384r1.dart,C:\Users\Dobgima Joshua\AppData\Local\Pub\Cache\hosted\pub.dev\pointycastle-4.0.0\lib\ecc\curves\brainpoolp384t1.dart,C:\Users\Dobgima Joshua\AppData\Local\Pub\Cache\hosted\pub.dev\pointycastle-4.0.0\lib\ecc\curves\brainpoolp512r1.dart,C:\Users\Dobgima Joshua\AppData\Local\Pub\Cache\hosted\pub.dev\pointycastle-4.0.0\lib\ecc\curves\brainpoolp512t1.dart,C:\Users\Dobgima Joshua\AppData\Local\Pub\Cache\hosted\pub.dev\pointycastle-4.0.0\lib\ecc\curves\gostr3410_2001_cryptopro_a.dart,C:\Users\Dobgima Joshua\AppData\Local\Pub\Cache\hosted\pub.dev\pointycastle-4.0.0\lib\ecc\curves\gostr3410_2001_cryptopro_b.dart,C:\Users\Dobgima Joshua\AppData\Local\Pub\Cache\hosted\pub.dev\pointycastle-4.0.0\lib\ecc\curves\gostr3410_2001_cryptopro_c.dart,C:\Users\Dobgima Joshua\AppData\Local\Pub\Cache\hosted\pub.dev\pointycastle-4.0.0\lib\ecc\curves\gostr3410_2001_cryptopro_xcha.dart,C:\Users\Dobgima Joshua\AppData\Local\Pub\Cache\hosted\pub.dev\pointycastle-4.0.0\lib\ecc\curves\gostr3410_2001_cryptopro_xchb.dart,C:\Users\Dobgima Joshua\AppData\Local\Pub\Cache\hosted\pub.dev\pointycastle-4.0.0\lib\ecc\curves\prime192v1.dart,C:\Users\Dobgima Joshua\AppData\Local\Pub\Cache\hosted\pub.dev\pointycastle-4.0.0\lib\ecc\curves\prime192v2.dart,C:\Users\Dobgima Joshua\AppData\Local\Pub\Cache\hosted\pub.dev\pointycastle-4.0.0\lib\ecc\curves\prime192v3.dart,C:\Users\Dobgima Joshua\AppData\Local\Pub\Cache\hosted\pub.dev\pointycastle-4.0.0\lib\ecc\curves\prime239v1.dart,C:\Users\Dobgima Joshua\AppData\Local\Pub\Cache\hosted\pub.dev\pointycastle-4.0.0\lib\ecc\curves\prime239v2.dart,C:\Users\Dobgima Joshua\AppData\Local\Pub\Cache\hosted\pub.dev\pointycastle-4.0.0\lib\ecc\curves\prime239v3.dart,C:\Users\Dobgima Joshua\AppData\Local\Pub\Cache\hosted\pub.dev\pointycastle-4.0.0\lib\ecc\curves\prime256v1.dart,C:\Users\Dobgima Joshua\AppData\Local\Pub\Cache\hosted\pub.dev\pointycastle-4.0.0\lib\ecc\curves\secp112r1.dart,C:\Users\Dobgima Joshua\AppData\Local\Pub\Cache\hosted\pub.dev\pointycastle-4.0.0\lib\ecc\curves\secp112r2.dart,C:\Users\Dobgima Joshua\AppData\Local\Pub\Cache\hosted\pub.dev\pointycastle-4.0.0\lib\ecc\curves\secp128r1.dart,C:\Users\Dobgima Joshua\AppData\Local\Pub\Cache\hosted\pub.dev\pointycastle-4.0.0\lib\ecc\curves\secp128r2.dart,C:\Users\Dobgima Joshua\AppData\Local\Pub\Cache\hosted\pub.dev\pointycastle-4.0.0\lib\ecc\curves\secp160k1.dart,C:\Users\Dobgima Joshua\AppData\Local\Pub\Cache\hosted\pub.dev\pointycastle-4.0.0\lib\ecc\curves\secp160r1.dart,C:\Users\Dobgima Joshua\AppData\Local\Pub\Cache\hosted\pub.dev\pointycastle-4.0.0\lib\ecc\curves\secp160r2.dart,C:\Users\Dobgima Joshua\AppData\Local\Pub\Cache\hosted\pub.dev\pointycastle-4.0.0\lib\ecc\curves\secp192k1.dart,C:\Users\Dobgima Joshua\AppData\Local\Pub\Cache\hosted\pub.dev\pointycastle-4.0.0\lib\ecc\curves\secp192r1.dart,C:\Users\Dobgima Joshua\AppData\Local\Pub\Cache\hosted\pub.dev\pointycastle-4.0.0\lib\ecc\curves\secp224k1.dart,C:\Users\Dobgima Joshua\AppData\Local\Pub\Cache\hosted\pub.dev\pointycastle-4.0.0\lib\ecc\curves\secp224r1.dart,C:\Users\Dobgima Joshua\AppData\Local\Pub\Cache\hosted\pub.dev\pointycastle-4.0.0\lib\ecc\curves\secp256k1.dart,C:\Users\Dobgima Joshua\AppData\Local\Pub\Cache\hosted\pub.dev\pointycastle-4.0.0\lib\ecc\curves\secp256r1.dart,C:\Users\Dobgima Joshua\AppData\Local\Pub\Cache\hosted\pub.dev\pointycastle-4.0.0\lib\ecc\curves\secp384r1.dart,C:\Users\Dobgima Joshua\AppData\Local\Pub\Cache\hosted\pub.dev\pointycastle-4.0.0\lib\ecc\curves\secp521r1.dart,C:\Users\Dobgima Joshua\AppData\Local\Pub\Cache\hosted\pub.dev\pointycastle-4.0.0\lib\src\impl\base_key_derivator.dart,C:\Users\Dobgima Joshua\AppData\Local\Pub\Cache\hosted\pub.dev\lists-1.0.1\lib\src\bit_list.dart,C:\Users\Dobgima Joshua\AppData\Local\Pub\Cache\hosted\pub.dev\lists-1.0.1\lib\src\filled_list.dart,C:\Users\Dobgima Joshua\AppData\Local\Pub\Cache\hosted\pub.dev\lists-1.0.1\lib\src\grouped_range_list.dart,C:\Users\Dobgima Joshua\AppData\Local\Pub\Cache\hosted\pub.dev\lists-1.0.1\lib\src\list_pointer.dart,C:\Users\Dobgima Joshua\AppData\Local\Pub\Cache\hosted\pub.dev\lists-1.0.1\lib\src\range_list.dart,C:\Users\Dobgima Joshua\AppData\Local\Pub\Cache\hosted\pub.dev\lists-1.0.1\lib\src\sparse_bool_list.dart,C:\Users\Dobgima Joshua\AppData\Local\Pub\Cache\hosted\pub.dev\lists-1.0.1\lib\src\sparse_list.dart,C:\Users\Dobgima Joshua\AppData\Local\Pub\Cache\hosted\pub.dev\lists-1.0.1\lib\src\step_list.dart,C:\Users\Dobgima Joshua\AppData\Local\Pub\Cache\hosted\pub.dev\lists-1.0.1\lib\src\wrapped_list.dart,C:\Users\Dobgima Joshua\AppData\Local\Pub\Cache\hosted\pub.dev\sqflite_common-2.5.6\lib\src\dev_utils.dart,C:\Users\Dobgima Joshua\AppData\Local\Pub\Cache\hosted\pub.dev\file-7.0.1\lib\src\backends\memory\clock.dart,C:\Users\Dobgima Joshua\AppData\Local\Pub\Cache\hosted\pub.dev\file-7.0.1\lib\src\backends\memory\common.dart,C:\Users\Dobgima Joshua\AppData\Local\Pub\Cache\hosted\pub.dev\file-7.0.1\lib\src\backends\memory\memory_directory.dart,C:\Users\Dobgima Joshua\AppData\Local\Pub\Cache\hosted\pub.dev\file-7.0.1\lib\src\backends\memory\memory_file.dart,C:\Users\Dobgima Joshua\AppData\Local\Pub\Cache\hosted\pub.dev\file-7.0.1\lib\src\backends\memory\memory_file_stat.dart,C:\Users\Dobgima Joshua\AppData\Local\Pub\Cache\hosted\pub.dev\file-7.0.1\lib\src\backends\memory\memory_link.dart,C:\Users\Dobgima Joshua\AppData\Local\Pub\Cache\hosted\pub.dev\file-7.0.1\lib\src\backends\memory\node.dart,C:\Users\Dobgima Joshua\AppData\Local\Pub\Cache\hosted\pub.dev\file-7.0.1\lib\src\backends\memory\utils.dart,C:\Users\Dobgima Joshua\AppData\Local\Pub\Cache\hosted\pub.dev\punycoder-0.2.2\lib\src\punycode_helper.dart,C:\Users\Dobgima Joshua\AppData\Local\Pub\Cache\hosted\pub.dev\unorm_dart-0.3.2\lib\src\utils.dart,C:\Users\Dobgima Joshua\AppData\Local\Pub\Cache\hosted\pub.dev\unorm_dart-0.3.2\lib\src\unormdata.dart,C:\Users\Dobgima Joshua\AppData\Local\Pub\Cache\hosted\pub.dev\petitparser-7.0.2\lib\src\matcher\matches\matches_iterator.dart,C:\Users\Dobgima Joshua\AppData\Local\Pub\Cache\hosted\pub.dev\petitparser-7.0.2\lib\src\definition\grammar.dart,C:\Users\Dobgima Joshua\AppData\Local\Pub\Cache\hosted\pub.dev\petitparser-7.0.2\lib\src\definition\reference.dart,C:\Users\Dobgima Joshua\AppData\Local\Pub\Cache\hosted\pub.dev\petitparser-7.0.2\lib\src\definition\resolve.dart,C:\Users\Dobgima Joshua\AppData\Local\Pub\Cache\hosted\pub.dev\petitparser-7.0.2\lib\src\expression\builder.dart,C:\Users\Dobgima Joshua\AppData\Local\Pub\Cache\hosted\pub.dev\petitparser-7.0.2\lib\src\expression\group.dart,C:\Users\Dobgima Joshua\AppData\Local\Pub\Cache\hosted\pub.dev\petitparser-7.0.2\lib\src\matcher\accept.dart,C:\Users\Dobgima Joshua\AppData\Local\Pub\Cache\hosted\pub.dev\petitparser-7.0.2\lib\src\matcher\pattern.dart,C:\Users\Dobgima Joshua\AppData\Local\Pub\Cache\hosted\pub.dev\petitparser-7.0.2\lib\src\parser\action\cast.dart,C:\Users\Dobgima Joshua\AppData\Local\Pub\Cache\hosted\pub.dev\petitparser-7.0.2\lib\src\parser\action\cast_list.dart,C:\Users\Dobgima Joshua\AppData\Local\Pub\Cache\hosted\pub.dev\petitparser-7.0.2\lib\src\parser\action\constant.dart,C:\Users\Dobgima Joshua\AppData\Local\Pub\Cache\hosted\pub.dev\petitparser-7.0.2\lib\src\parser\action\continuation.dart,C:\Users\Dobgima Joshua\AppData\Local\Pub\Cache\hosted\pub.dev\petitparser-7.0.2\lib\src\parser\action\flatten.dart,C:\Users\Dobgima Joshua\AppData\Local\Pub\Cache\hosted\pub.dev\petitparser-7.0.2\lib\src\parser\action\map.dart,C:\Users\Dobgima Joshua\AppData\Local\Pub\Cache\hosted\pub.dev\petitparser-7.0.2\lib\src\parser\action\permute.dart,C:\Users\Dobgima Joshua\AppData\Local\Pub\Cache\hosted\pub.dev\petitparser-7.0.2\lib\src\parser\action\pick.dart,C:\Users\Dobgima Joshua\AppData\Local\Pub\Cache\hosted\pub.dev\petitparser-7.0.2\lib\src\parser\action\trim.dart,C:\Users\Dobgima Joshua\AppData\Local\Pub\Cache\hosted\pub.dev\petitparser-7.0.2\lib\src\parser\action\where.dart,C:\Users\Dobgima Joshua\AppData\Local\Pub\Cache\hosted\pub.dev\petitparser-7.0.2\lib\src\parser\character\any.dart,C:\Users\Dobgima Joshua\AppData\Local\Pub\Cache\hosted\pub.dev\petitparser-7.0.2\lib\src\parser\character\any_of.dart,C:\Users\Dobgima Joshua\AppData\Local\Pub\Cache\hosted\pub.dev\petitparser-7.0.2\lib\src\parser\character\char.dart,C:\Users\Dobgima Joshua\AppData\Local\Pub\Cache\hosted\pub.dev\petitparser-7.0.2\lib\src\parser\character\digit.dart,C:\Users\Dobgima Joshua\AppData\Local\Pub\Cache\hosted\pub.dev\petitparser-7.0.2\lib\src\parser\character\letter.dart,C:\Users\Dobgima Joshua\AppData\Local\Pub\Cache\hosted\pub.dev\petitparser-7.0.2\lib\src\parser\character\lowercase.dart,C:\Users\Dobgima Joshua\AppData\Local\Pub\Cache\hosted\pub.dev\petitparser-7.0.2\lib\src\parser\character\none_of.dart,C:\Users\Dobgima Joshua\AppData\Local\Pub\Cache\hosted\pub.dev\petitparser-7.0.2\lib\src\parser\character\pattern.dart,C:\Users\Dobgima Joshua\AppData\Local\Pub\Cache\hosted\pub.dev\petitparser-7.0.2\lib\src\parser\character\predicate.dart,C:\Users\Dobgima Joshua\AppData\Local\Pub\Cache\hosted\pub.dev\petitparser-7.0.2\lib\src\parser\character\range.dart,C:\Users\Dobgima Joshua\AppData\Local\Pub\Cache\hosted\pub.dev\petitparser-7.0.2\lib\src\parser\character\uppercase.dart,C:\Users\Dobgima Joshua\AppData\Local\Pub\Cache\hosted\pub.dev\petitparser-7.0.2\lib\src\parser\character\whitespace.dart,C:\Users\Dobgima Joshua\AppData\Local\Pub\Cache\hosted\pub.dev\petitparser-7.0.2\lib\src\parser\character\word.dart,C:\Users\Dobgima Joshua\AppData\Local\Pub\Cache\hosted\pub.dev\petitparser-7.0.2\lib\src\parser\combinator\and.dart,C:\Users\Dobgima Joshua\AppData\Local\Pub\Cache\hosted\pub.dev\petitparser-7.0.2\lib\src\parser\combinator\choice.dart,C:\Users\Dobgima Joshua\AppData\Local\Pub\Cache\hosted\pub.dev\petitparser-7.0.2\lib\src\parser\combinator\list.dart,C:\Users\Dobgima Joshua\AppData\Local\Pub\Cache\hosted\pub.dev\petitparser-7.0.2\lib\src\parser\combinator\not.dart,C:\Users\Dobgima Joshua\AppData\Local\Pub\Cache\hosted\pub.dev\petitparser-7.0.2\lib\src\parser\combinator\optional.dart,C:\Users\Dobgima Joshua\AppData\Local\Pub\Cache\hosted\pub.dev\petitparser-7.0.2\lib\src\parser\combinator\sequence.dart,C:\Users\Dobgima Joshua\AppData\Local\Pub\Cache\hosted\pub.dev\petitparser-7.0.2\lib\src\parser\combinator\settable.dart,C:\Users\Dobgima Joshua\AppData\Local\Pub\Cache\hosted\pub.dev\petitparser-7.0.2\lib\src\parser\combinator\skip.dart,C:\Users\Dobgima Joshua\AppData\Local\Pub\Cache\hosted\pub.dev\petitparser-7.0.2\lib\src\parser\misc\end.dart,C:\Users\Dobgima Joshua\AppData\Local\Pub\Cache\hosted\pub.dev\petitparser-7.0.2\lib\src\parser\misc\epsilon.dart,C:\Users\Dobgima Joshua\AppData\Local\Pub\Cache\hosted\pub.dev\petitparser-7.0.2\lib\src\parser\misc\failure.dart,C:\Users\Dobgima Joshua\AppData\Local\Pub\Cache\hosted\pub.dev\petitparser-7.0.2\lib\src\parser\misc\label.dart,C:\Users\Dobgima Joshua\AppData\Local\Pub\Cache\hosted\pub.dev\petitparser-7.0.2\lib\src\parser\misc\position.dart,C:\Users\Dobgima Joshua\AppData\Local\Pub\Cache\hosted\pub.dev\petitparser-7.0.2\lib\src\parser\predicate\character.dart,C:\Users\Dobgima Joshua\AppData\Local\Pub\Cache\hosted\pub.dev\petitparser-7.0.2\lib\src\parser\predicate\converter.dart,C:\Users\Dobgima Joshua\AppData\Local\Pub\Cache\hosted\pub.dev\petitparser-7.0.2\lib\src\parser\predicate\pattern.dart,C:\Users\Dobgima Joshua\AppData\Local\Pub\Cache\hosted\pub.dev\petitparser-7.0.2\lib\src\parser\predicate\predicate.dart,C:\Users\Dobgima Joshua\AppData\Local\Pub\Cache\hosted\pub.dev\petitparser-7.0.2\lib\src\parser\predicate\single_character.dart,C:\Users\Dobgima Joshua\AppData\Local\Pub\Cache\hosted\pub.dev\petitparser-7.0.2\lib\src\parser\predicate\string.dart,C:\Users\Dobgima Joshua\AppData\Local\Pub\Cache\hosted\pub.dev\petitparser-7.0.2\lib\src\parser\predicate\unicode_character.dart,C:\Users\Dobgima Joshua\AppData\Local\Pub\Cache\hosted\pub.dev\petitparser-7.0.2\lib\src\parser\repeater\character.dart,C:\Users\Dobgima Joshua\AppData\Local\Pub\Cache\hosted\pub.dev\petitparser-7.0.2\lib\src\parser\repeater\greedy.dart,C:\Users\Dobgima Joshua\AppData\Local\Pub\Cache\hosted\pub.dev\petitparser-7.0.2\lib\src\parser\repeater\lazy.dart,C:\Users\Dobgima Joshua\AppData\Local\Pub\Cache\hosted\pub.dev\petitparser-7.0.2\lib\src\parser\repeater\limited.dart,C:\Users\Dobgima Joshua\AppData\Local\Pub\Cache\hosted\pub.dev\petitparser-7.0.2\lib\src\parser\repeater\possessive.dart,C:\Users\Dobgima Joshua\AppData\Local\Pub\Cache\hosted\pub.dev\petitparser-7.0.2\lib\src\parser\repeater\repeating.dart,C:\Users\Dobgima Joshua\AppData\Local\Pub\Cache\hosted\pub.dev\petitparser-7.0.2\lib\src\parser\repeater\separated.dart,C:\Users\Dobgima Joshua\AppData\Local\Pub\Cache\hosted\pub.dev\petitparser-7.0.2\lib\src\parser\repeater\unbounded.dart,C:\Users\Dobgima Joshua\AppData\Local\Pub\Cache\hosted\pub.dev\petitparser-7.0.2\lib\src\parser\utils\failure_joiner.dart,C:\Users\Dobgima Joshua\AppData\Local\Pub\Cache\hosted\pub.dev\petitparser-7.0.2\lib\src\parser\utils\labeled.dart,C:\Users\Dobgima Joshua\AppData\Local\Pub\Cache\hosted\pub.dev\petitparser-7.0.2\lib\src\parser\utils\resolvable.dart,C:\Users\Dobgima Joshua\AppData\Local\Pub\Cache\hosted\pub.dev\petitparser-7.0.2\lib\src\parser\utils\separated_list.dart,C:\Users\Dobgima Joshua\AppData\Local\Pub\Cache\hosted\pub.dev\pointycastle-4.0.0\lib\src\impl\base_block_cipher.dart,C:\Users\Dobgima Joshua\AppData\Local\Pub\Cache\hosted\pub.dev\pointycastle-4.0.0\lib\src\impl\base_asymmetric_block_cipher.dart,C:\Users\Dobgima Joshua\AppData\Local\Pub\Cache\hosted\pub.dev\pointycastle-4.0.0\lib\src\ufixnum.dart,C:\Users\Dobgima Joshua\AppData\Local\Pub\Cache\hosted\pub.dev\pointycastle-4.0.0\lib\block\des_base.dart,C:\Users\Dobgima Joshua\AppData\Local\Pub\Cache\hosted\pub.dev\pointycastle-4.0.0\lib\src\ct.dart,C:\Users\Dobgima Joshua\AppData\Local\Pub\Cache\hosted\pub.dev\pointycastle-4.0.0\lib\src\impl\base_aead_block_cipher.dart,C:\Users\Dobgima Joshua\AppData\Local\Pub\Cache\hosted\pub.dev\pointycastle-4.0.0\lib\src\impl\base_digest.dart,C:\Users\Dobgima Joshua\AppData\Local\Pub\Cache\hosted\pub.dev\pointycastle-4.0.0\lib\src\impl\keccak_engine.dart,C:\Users\Dobgima Joshua\AppData\Local\Pub\Cache\hosted\pub.dev\pointycastle-4.0.0\lib\digests\xof_utils.dart,C:\Users\Dobgima Joshua\AppData\Local\Pub\Cache\hosted\pub.dev\pointycastle-4.0.0\lib\src\impl\md4_family_digest.dart,C:\Users\Dobgima Joshua\AppData\Local\Pub\Cache\hosted\pub.dev\pointycastle-4.0.0\lib\src\impl\long_sha2_family_digest.dart,C:\Users\Dobgima Joshua\AppData\Local\Pub\Cache\hosted\pub.dev\pointycastle-4.0.0\lib\key_derivators\argon2_native_int_impl.dart,C:\Users\Dobgima Joshua\AppData\Local\Pub\Cache\hosted\pub.dev\pointycastle-4.0.0\lib\src\impl\base_mac.dart,C:\Users\Dobgima Joshua\AppData\Local\Pub\Cache\hosted\pub.dev\pointycastle-4.0.0\lib\src\impl\base_padding.dart,C:\Users\Dobgima Joshua\AppData\Local\Pub\Cache\hosted\pub.dev\pointycastle-4.0.0\lib\src\impl\secure_random_base.dart,C:\Users\Dobgima Joshua\AppData\Local\Pub\Cache\hosted\pub.dev\pointycastle-4.0.0\lib\src\impl\base_stream_cipher.dart,C:\Users\Dobgima Joshua\AppData\Local\Pub\Cache\hosted\pub.dev\pointycastle-4.0.0\lib\src\impl\base_aead_cipher.dart,C:\Users\Dobgima Joshua\AppData\Local\Pub\Cache\hosted\pub.dev\pointycastle-4.0.0\lib\src\ec_standard_curve_constructor.dart,C:\Users\Dobgima Joshua\AppData\Local\Pub\Cache\hosted\pub.dev\file-7.0.1\lib\src\backends\memory\memory_file_system_entity.dart,C:\Users\Dobgima Joshua\AppData\Local\Pub\Cache\hosted\pub.dev\file-7.0.1\lib\src\backends\memory\memory_random_access_file.dart,C:\Users\Dobgima Joshua\AppData\Local\Pub\Cache\hosted\pub.dev\petitparser-7.0.2\lib\src\definition\internal\reference.dart,C:\Users\Dobgima Joshua\AppData\Local\Pub\Cache\hosted\pub.dev\petitparser-7.0.2\lib\src\definition\internal\undefined.dart,C:\Users\Dobgima Joshua\AppData\Local\Pub\Cache\hosted\pub.dev\petitparser-7.0.2\lib\src\reflection\iterable.dart,C:\Users\Dobgima Joshua\AppData\Local\Pub\Cache\hosted\pub.dev\petitparser-7.0.2\lib\src\expression\utils.dart,C:\Users\Dobgima Joshua\AppData\Local\Pub\Cache\hosted\pub.dev\petitparser-7.0.2\lib\src\expression\result.dart,C:\Users\Dobgima Joshua\AppData\Local\Pub\Cache\hosted\pub.dev\petitparser-7.0.2\lib\src\matcher\pattern\parser_pattern.dart,C:\Users\Dobgima Joshua\AppData\Local\Pub\Cache\hosted\pub.dev\petitparser-7.0.2\lib\src\shared\types.dart,C:\Users\Dobgima Joshua\AppData\Local\Pub\Cache\hosted\pub.dev\petitparser-7.0.2\lib\src\parser\utils\sequential.dart,C:\Users\Dobgima Joshua\AppData\Local\Pub\Cache\hosted\pub.dev\petitparser-7.0.2\lib\src\parser\character\predicate\constant.dart,C:\Users\Dobgima Joshua\AppData\Local\Pub\Cache\hosted\pub.dev\petitparser-7.0.2\lib\src\parser\character\utils\code.dart,C:\Users\Dobgima Joshua\AppData\Local\Pub\Cache\hosted\pub.dev\petitparser-7.0.2\lib\src\parser\character\utils\optimize.dart,C:\Users\Dobgima Joshua\AppData\Local\Pub\Cache\hosted\pub.dev\petitparser-7.0.2\lib\src\parser\character\predicate\char.dart,C:\Users\Dobgima Joshua\AppData\Local\Pub\Cache\hosted\pub.dev\petitparser-7.0.2\lib\src\parser\character\predicate\digit.dart,C:\Users\Dobgima Joshua\AppData\Local\Pub\Cache\hosted\pub.dev\petitparser-7.0.2\lib\src\parser\character\predicate\letter.dart,C:\Users\Dobgima Joshua\AppData\Local\Pub\Cache\hosted\pub.dev\petitparser-7.0.2\lib\src\parser\character\predicate\lowercase.dart,C:\Users\Dobgima Joshua\AppData\Local\Pub\Cache\hosted\pub.dev\petitparser-7.0.2\lib\src\parser\character\predicate\not.dart,C:\Users\Dobgima Joshua\AppData\Local\Pub\Cache\hosted\pub.dev\petitparser-7.0.2\lib\src\parser\character\predicate\range.dart,C:\Users\Dobgima Joshua\AppData\Local\Pub\Cache\hosted\pub.dev\petitparser-7.0.2\lib\src\parser\character\predicate\uppercase.dart,C:\Users\Dobgima Joshua\AppData\Local\Pub\Cache\hosted\pub.dev\petitparser-7.0.2\lib\src\parser\character\predicate\whitespace.dart,C:\Users\Dobgima Joshua\AppData\Local\Pub\Cache\hosted\pub.dev\petitparser-7.0.2\lib\src\parser\character\predicate\word.dart,C:\Users\Dobgima Joshua\AppData\Local\Pub\Cache\hosted\pub.dev\petitparser-7.0.2\lib\src\parser\combinator\generated\sequence_2.dart,C:\Users\Dobgima Joshua\AppData\Local\Pub\Cache\hosted\pub.dev\petitparser-7.0.2\lib\src\parser\combinator\generated\sequence_3.dart,C:\Users\Dobgima Joshua\AppData\Local\Pub\Cache\hosted\pub.dev\petitparser-7.0.2\lib\src\parser\combinator\generated\sequence_4.dart,C:\Users\Dobgima Joshua\AppData\Local\Pub\Cache\hosted\pub.dev\petitparser-7.0.2\lib\src\parser\combinator\generated\sequence_5.dart,C:\Users\Dobgima Joshua\AppData\Local\Pub\Cache\hosted\pub.dev\petitparser-7.0.2\lib\src\parser\combinator\generated\sequence_6.dart,C:\Users\Dobgima Joshua\AppData\Local\Pub\Cache\hosted\pub.dev\petitparser-7.0.2\lib\src\parser\combinator\generated\sequence_7.dart,C:\Users\Dobgima Joshua\AppData\Local\Pub\Cache\hosted\pub.dev\petitparser-7.0.2\lib\src\parser\combinator\generated\sequence_8.dart,C:\Users\Dobgima Joshua\AppData\Local\Pub\Cache\hosted\pub.dev\petitparser-7.0.2\lib\src\parser\combinator\generated\sequence_9.dart,C:\Users\Dobgima Joshua\AppData\Local\Pub\Cache\hosted\pub.dev\petitparser-7.0.2\lib\src\matcher\pattern\parser_match.dart,C:\Users\Dobgima Joshua\AppData\Local\Pub\Cache\hosted\pub.dev\petitparser-7.0.2\lib\src\matcher\pattern\pattern_iterable.dart,C:\Users\Dobgima Joshua\AppData\Local\Pub\Cache\hosted\pub.dev\petitparser-7.0.2\lib\src\parser\character\predicate\lookup.dart,C:\Users\Dobgima Joshua\AppData\Local\Pub\Cache\hosted\pub.dev\petitparser-7.0.2\lib\src\matcher\pattern\pattern_iterator.dart}
[  +20 ms] [  +57 ms] C:\flutter\bin\cache\dart-sdk\bin\dartaotruntime.exe C:\flutter\bin\cache\dart-sdk\bin\snapshots\frontend_server_aot.dart.snapshot --sdk-root C:\flutter\bin\cache\artifacts\engine\common\flutter_patched_sdk/ --target=flutter --no-print-incremental-dependencies -DFLUTTER_VERSION=3.38.9 -DFLUTTER_CHANNEL=stable -DFLUTTER_GIT_URL=https://github.com/flutter/flutter.git -DFLUTTER_FRAMEWORK_REVISION=67323de285 -DFLUTTER_ENGINE_REVISION=587c18f873 -DFLUTTER_DART_VERSION=3.10.8 -DFLUTTER_APP_FLAVOR= -Ddart.vm.profile=false -Ddart.vm.product=false --enable-asserts --track-widget-creation --no-link-platform --packages C:\Users\Dobgima Joshua\Desktop\Home237\.dart_tool\package_config.json --output-dill C:\Users\Dobgima Joshua\Desktop\Home237\.dart_tool\flutter_build\580750e7bbfd65e2886c0a4319f35c09\app.dill --depfile C:\Users\Dobgima Joshua\Desktop\Home237\.dart_tool\flutter_build\580750e7bbfd65e2886c0a4319f35c09\kernel_snapshot_program.d --incremental --initialize-from-dill C:\Users\Dobgima Joshua\Desktop\Home237\.dart_tool\flutter_build\580750e7bbfd65e2886c0a4319f35c09\app.dill --source file:///C:/Users/Dobgima%20Joshua/Desktop/Home237/.dart_tool/flutter_build/dart_plugin_registrant.dart --source package:flutter/src/dart_plugin_registrant.dart -Dflutter.dart_plugin_registrant=file:///C:/Users/Dobgima%20Joshua/Desktop/Home237/.dart_tool/flutter_build/dart_plugin_registrant.dart --verbosity=error package:home237/main.dart
[ +736 ms] lib/premium_subscription_screen.dart:110:27: Error: Cannot invoke a non-'const' constructor where a const expression is expected.
[        ] Try using a constructor or factory that is 'const'.
[        ]                           Container(height: 24, width: 1, color: Colors.grey),
[        ]                           ^^^^^^^^^
[+5791 ms] [+5854 ms] Persisting file store
[  +94 ms] [  +49 ms] Done persisting file store
[        ] [  +24 ms] "flutter assemble" took 10,626ms.
[        ] [        ] Running 1 shutdown hook
[        ] [   +2 ms] Shutdown hooks complete
[ +192 ms] [ +269 ms] exiting with code 1
[  +93 ms] > Task :app:compileFlutterBuildDebug FAILED
[ +108 ms] Build fcbc1e35-cfab-4b25-afb4-93c29fb1a115 is closed
[  +96 ms] [Incubating] Problems report is available at: file:///C:/Users/Dobgima%20Joshua/Desktop/Home237/build/reports/problems/problems-report.html
[   +1 ms] Deprecated Gradle features were used in this build, making it incompatible with Gradle 9.0.
[        ] You can use '--warning-mode all' to show the individual deprecation warnings and determine if they come from your own scripts or plugins.
[        ] For more on this, please refer to https://docs.gradle.org/8.14/userguide/command_line_interface.html#sec:command_line_warnings in the Gradle documentation.
[        ] 6 actionable tasks: 2 executed, 4 up-to-date
[        ] Watched directory hierarchies: [C:\flutter\packages\flutter_tools\gradle, C:\Users\Dobgima Joshua\Desktop\Home237\android]
[ +215 ms] Running Gradle task 'assembleDebug'... (completed in 19.3s)
[   +2 ms] "flutter run" took 23,842ms.
[   +1 ms] Running 3 shutdown hooks
[  +21 ms] Shutdown hooks complete
[ +183 ms] exiting with code 1
